07-22 18:08:43.417  5091  5143 I TestRunner: started: clicking_grid_list_button_displays_grid_list(com.example.dogglers.ButtonTests)
07-22 18:08:43.433  5091  5143 W Settings: Setting always_finish_activities has moved from android.provider.Settings.System to android.provider.Settings.Global, returning read-only value.
07-22 18:08:43.445  1817  1883 D EventSequenceValidator: Transition from INTENT_FAILED to INTENT_STARTED
07-22 18:08:43.446  1817  4780 D MiuiMultiWindowAdapter: MiuiMultiWindowAdapter::getFreeformBlackList::sSmallWindowBlackList = [com.miui.securitycenter, com.miui.miservice, com.xiaomi.calendar, com.miui.mishare.connectivity, com.android.settings, com.android.printspooler, com.miui.backup, com.miui.huanji, com.android.thememanager, com.mfashiongallery.emag, com.miui.virtualsim, com.miui.smarttravel, com.mi.health, com.android.camera, com.lbe.security.miui, com.miui.cleanmaster, com.miui.newhome, com.miui.voiceassist, com.android.phone, com.miui.yellowpage, com.android.updater, com.miui.tsmclient, com.miui.securitycore, com.xiaomi.account, com.xiaomi.hm.health, com.miui.bugreport, com.xiaomi.mibrain.speech, com.xiaomi.mimoji, com.xiaomi.scanner, com.duokan.phone.remotecontroller, com.miui.hybrid, com.miui.video, com.miui.videoplayer, com.miui.fm, com.miui.packageinstaller, com.mi.android.globallauncher, com.mi.android.globallauncher-poco, com.google.android.dialer, com.google.android.apps.magazines, com.miui.compass, com.miui.greenguard, com.kiteguard, com.google.android.apps.prodcasts, com.google.ar.lens, com.xiangkan.android, com.android.bankabc, com.sohu.inputmethod.sogou, com.tencent.mtt, com.shyz.toutiao, com.netease.mc.mi, com.outfit7.talkingtomgoldrun.mi, com.doudz.mi, com.wepie.snake.new.mi, cn.jj, com.standddz002.mi, com.miHoYo.bh3.mi, com.qqgame.hlddz, com.happyelements.AndroidAnimal, com.minitech.miniworld.TMobile.mi, com.mfp.jelly.xiaomi, com.lilithgames.afk.mi, com.tencent.peng, com.teenpatti.hd.gold, blockpuzzle.jewelgames.jewelslegend, com.playgendary.tanks, com.chillingo.robberybobfree.android.row, com.episodeinteractive.android.catalog, com.playrix.township, com.ansangha.drdriving, com.google.android.youtube, com.gbits.atm.mi, com.tencent.tetris, com.sukhavati.gotoplaying.bubble.BubbleShooter.mint, com.block.puzzle.game.hippo.mi, com.youzu.bs.mi, com.baidu.BaiduMap, com.google.android.googlequicksearchbox, com.appsomniacs.da2, com.android.stk, com.feiyu.carrot3.mi, com.popcap.pvz2cthdxm, com.mxtech.videoplayer.ad, cn.cisc, com.kiloo.subwaysurf, com.cncyj.mostbrain, pdf.tap.scanner, com.og.ttddz.mi, com.ximalaya.ting.lite, com.google.android.apps.podcasts, com.google.android.apps.googleassistant, com.netease.onmyoji.mi, com.netease.onmyoji.bili, com.netease.mrzh.mi, com.netease.mrzh.bili, com.tencent.tmgp.yys.zqb, com.google.android.gm, com.google.android.calendar, com.android.chrome, com.google.android.apps.youtube.music, com.netease.pes.huawei, com.netease.pes.mi, com.netease.pes.bili, com.flyfish.supermario, com.picsart.studio, com.netease.dwrg.mi, com.netease.dwrg.bili, com.netease.dwrg.nearme.gamecenter, com.netease.dwrg, com.netease.dwrg.huawei, com.tencent.tmgp.dwrg, com.netease.dwrg.m4399, com.netease.dwrg.mz, com.netease.dwrg.aligames, com.netease.dwrg.baidu, com.netease.dwrg.qihoo, com.moji.mjweather, com.tencent.tmgp.kof98, com.netease.onmyoji, com.taobao.idlefish, com.ledou.mhhy.mi, com.hzfy.ddzbs.mi, com.qsmy.walkmonkey, com.fy.bzzbc.mi, com.dw.xprqj.mi, com.miui.accessibility, com.ymt.nbaftx.mi, com.amazon.kindlefc, com.sinyee.babybus.recommendapp, com.mcdonalds.gma.cn, com.midea.ai.appliances, com.eco.global.app, com.inspur.icity.tianjin, com.zy.game.thief.mi, com.alimama.moon, com.xinhu.steward, com.rytong.ceair, com.nxy.mobilebank.gx, com.xplaygame.mfbwz.mi, cn.gov.lottery, com.zy.game.bubbletea.mi, com.zy.game.psdc.mi, com.microsoft.office.powerpoint]
07-22 18:08:43.446  1817  1883 D EventSequenceValidator: Transition from INTENT_STARTED to INTENT_FAILED
07-22 18:08:45.203  2659  2659 D KeyguardUpdateMonitor: received broadcast android.intent.action.BATTERY_CHANGED
07-22 18:08:45.203  2659  2659 D BatteryController: onReceive: Intent = Intent { act=android.intent.action.BATTERY_CHANGED flg=0x60000010 (has extras) } action = android.intent.action.BATTERY_CHANGED
07-22 18:08:45.204  2789  2789 D QtiCarrierConfigHelper: WARNING, no carrier configs on phone Id: 0
07-22 18:08:45.206  4996  4996 I BatteryInfoReceiver: ACTION_BATTERY_CHANGED
07-22 18:08:45.210  5646  5787 D PowerCheckerService: onBatteryChanged, mBatteryLevel = 68, status = 2, level = 68, plug = 1, scale = 100
07-22 18:08:45.212  2852  2852 D DeviceStatisticsService: chargerType=1 batteryLevel=68 totalBatteryCapacity=4743200
07-22 18:08:45.212  2852  2852 D DeviceInfoHidlClient: isPowerInfoNeverSent()=true
07-22 18:08:45.212  2852  2852 D DeviceInfoHidlClient: getPowerInfoSupportStatus()=-1
07-22 18:08:45.405   974  2754 I vendor.qti.hardware.servicetracker@1.2-service: unbindService is called for service : com.google.android.gms/.chimera.PersistentBoundBrokerService and for client com.google.android.gms
07-22 18:08:45.405   974  2754 I vendor.qti.hardware.servicetracker@1.2-service: size of client connections for client: com.google.android.gmsafter removal is 6
07-22 18:08:47.454   974  2754 I vendor.qti.hardware.servicetracker@1.2-service: unbindService is called for service : com.miui.securitycenter/com.miui.superpower.notification.SuperPowerTileService and for client com.android.systemui
07-22 18:08:47.454   974  2754 I vendor.qti.hardware.servicetracker@1.2-service: size of service connections for service: com.miui.securitycenter/com.miui.superpower.notification.SuperPowerTileServiceafter removal is 0
07-22 18:08:47.454   974  2754 I vendor.qti.hardware.servicetracker@1.2-service: size of client connections for client: com.android.systemuiafter removal is 3
07-22 18:08:47.457   974  2754 I vendor.qti.hardware.servicetracker@1.2-service: destroyService is called for service : com.miui.securitycenter/com.miui.superpower.notification.SuperPowerTileService
07-22 18:08:47.465   953  2506 E android.hardware.usb@1.0-service: uevent received SUBSYSTEM=dual_role_usb
07-22 18:08:47.465   953  2506 I android.hardware.usb@1.0-service: otg_default
07-22 18:08:47.466   953  2506 I android.hardware.usb@1.0-service: canChangeMode: 1 canChagedata: 0 canChangePower:0
07-22 18:08:47.494  2789  2789 D QtiCarrierConfigHelper: WARNING, no carrier configs on phone Id: 0
07-22 18:08:47.494  2659  2659 D KeyguardUpdateMonitor: received broadcast android.intent.action.BATTERY_CHANGED
07-22 18:08:47.495  2659  2659 D BatteryController: onReceive: Intent = Intent { act=android.intent.action.BATTERY_CHANGED flg=0x60000010 (has extras) } action = android.intent.action.BATTERY_CHANGED
07-22 18:08:47.496  4996  4996 I BatteryInfoReceiver: ACTION_BATTERY_CHANGED
07-22 18:08:47.498  5646  5787 D PowerCheckerService: onBatteryChanged, mBatteryLevel = 68, status = 2, level = 68, plug = 1, scale = 100
07-22 18:08:47.509  2852  2852 D DeviceStatisticsService: chargerType=1 batteryLevel=68 totalBatteryCapacity=4743200
07-22 18:08:47.509  2852  2852 D DeviceInfoHidlClient: isPowerInfoNeverSent()=true
07-22 18:08:47.509  2852  2852 D DeviceInfoHidlClient: getPowerInfoSupportStatus()=-1
07-22 18:08:48.361   974  2754 I vendor.qti.hardware.servicetracker@1.2-service: unbindService is called for service : com.google.android.gms/.chimera.PersistentApiService and for client com.google.android.gms.persistent
07-22 18:08:48.538   974  2754 I vendor.qti.hardware.servicetracker@1.2-service: unbindService is called for service : com.google.android.gms/.chimera.GmsBoundBrokerService and for client com.google.android.gms
07-22 18:08:48.543   974  2754 I vendor.qti.hardware.servicetracker@1.2-service: unbindService is called for service : com.google.android.gms/.chimera.PersistentDirectBootAwareApiService and for client com.google.android.gms
07-22 18:08:48.553   974  2754 I vendor.qti.hardware.servicetracker@1.2-service: unbindService is called for service : com.google.android.gms/.chimera.CastPersistentBoundBrokerService and for client com.google.android.gms.persistent
07-22 18:08:48.553   974  2754 I vendor.qti.hardware.servicetracker@1.2-service: size of service connections for service: com.google.android.gms/.chimera.CastPersistentBoundBrokerServiceafter removal is 0
07-22 18:08:48.553   974  2754 I vendor.qti.hardware.servicetracker@1.2-service: size of client connections for client: com.google.android.gms.persistentafter removal is 5
07-22 18:08:48.554   974  2754 I vendor.qti.hardware.servicetracker@1.2-service: destroyService is called for service : com.google.android.gms/.chimera.CastPersistentBoundBrokerService
07-22 18:08:48.561   974  2754 I vendor.qti.hardware.servicetracker@1.2-service: unbindService is called for service : com.google.android.gms/.chimera.PersistentBoundBrokerService and for client com.google.android.gms.persistent
07-22 18:08:48.565  3675  3675 D BoundBrokerSvc: onUnbind: Intent { act=com.google.android.gms.cast.firstparty.START dat=chimera-action:com.google.android.gms.cast.firstparty.START cmp=com.google.android.gms/.chimera.CastPersistentBoundBrokerService }
07-22 18:08:48.640   974  2754 I vendor.qti.hardware.servicetracker@1.2-service: unbindService is called for service : com.google.android.gms/.chimera.PersistentBoundBrokerService and for client com.google.android.gms.persistent
07-22 18:08:48.646  3675  3675 D BoundBrokerSvc: onUnbind: Intent { act=com.google.android.gms.clearcut.bootcount.service.START dat=chimera-action:com.google.android.gms.clearcut.bootcount.service.START cmp=com.google.android.gms/.chimera.PersistentBoundBrokerService }
07-22 18:08:48.650   974  2754 I vendor.qti.hardware.servicetracker@1.2-service: unbindService is called for service : com.google.android.gms/.chimera.PersistentDirectBootAwareApiService and for client com.google.android.gms.persistent
07-22 18:08:49.465  2947  2947 W Choreographer: Frame time is 0.184347 ms in the future!  Check that graphics HAL is generating vsync timestamps using the correct timebase.
07-22 18:08:49.465  4767  4767 W Choreographer: Frame time is 0.054504 ms in the future!  Check that graphics HAL is generating vsync timestamps using the correct timebase.
07-22 18:08:49.776   974  2754 I vendor.qti.hardware.servicetracker@1.2-service: unbindService is called for service : com.google.android.gms/.chimera.PersistentDirectBootAwareApiService and for client com.google.android.googlequicksearchbox:search
07-22 18:08:49.777   974  2754 I vendor.qti.hardware.servicetracker@1.2-service: size of service connections for service: com.google.android.gms/.chimera.PersistentDirectBootAwareApiServiceafter removal is 10
07-22 18:08:49.777   974  2754 I vendor.qti.hardware.servicetracker@1.2-service: size of client connections for client: com.google.android.googlequicksearchbox:searchafter removal is 5
07-22 18:08:53.404  2789  2789 D QtiCarrierConfigHelper: WARNING, no carrier configs on phone Id: 0
07-22 18:08:53.407  2659  2659 D KeyguardUpdateMonitor: received broadcast android.intent.action.BATTERY_CHANGED
07-22 18:08:53.407  2659  2659 D BatteryController: onReceive: Intent = Intent { act=android.intent.action.BATTERY_CHANGED flg=0x60000010 (has extras) } action = android.intent.action.BATTERY_CHANGED
07-22 18:08:53.408  5646  5787 D PowerCheckerService: onBatteryChanged, mBatteryLevel = 68, status = 2, level = 68, plug = 1, scale = 100
07-22 18:08:53.409  4996  4996 I BatteryInfoReceiver: ACTION_BATTERY_CHANGED
07-22 18:08:53.411  2852  2852 D DeviceStatisticsService: chargerType=1 batteryLevel=68 totalBatteryCapacity=4743200
07-22 18:08:53.411  2852  2852 D DeviceInfoHidlClient: isPowerInfoNeverSent()=true
07-22 18:08:53.411  2852  2852 D DeviceInfoHidlClient: getPowerInfoSupportStatus()=-1
07-22 18:08:53.535  1817  2274 D CompatibilityInfo: mCompatibilityFlags - 0
07-22 18:08:53.535  1817  2274 D CompatibilityInfo: applicationDensity - 440
07-22 18:08:53.535  1817  2274 D CompatibilityInfo: applicationScale - 1.0
07-22 18:08:53.537   974  2754 I vendor.qti.hardware.servicetracker@1.2-service: startService() is called for servicecom.google.android.gms/.chimera.GmsIntentOperationService
07-22 18:08:53.545  1817  2395 I MiuiNetworkPolicy: updateUidState uid = 99167, uidState = 10
07-22 18:08:53.565  5134  5405 I Authzen : [DeviceStateSyncManager] The server is in sync with current state. Nothing to do
07-22 18:08:54.105   948   948 E qdlights: set backlight level :path = /sys/class/backlight/panel0-backlight/brightness, value = 465
07-22 18:08:54.115   948   948 E qdlights: set backlight level :path = /sys/class/backlight/panel0-backlight/brightness, value = 441
07-22 18:08:54.124   948   948 E qdlights: set backlight level :path = /sys/class/backlight/panel0-backlight/brightness, value = 417
07-22 18:08:54.130   948   948 E qdlights: set backlight level :path = /sys/class/backlight/panel0-backlight/brightness, value = 393
07-22 18:08:54.137   948   948 E qdlights: set backlight level :path = /sys/class/backlight/panel0-backlight/brightness, value = 369
07-22 18:08:54.145   948   948 E qdlights: set backlight level :path = /sys/class/backlight/panel0-backlight/brightness, value = 345
07-22 18:08:54.151   948   948 E qdlights: set backlight level :path = /sys/class/backlight/panel0-backlight/brightness, value = 321
07-22 18:08:54.159   948   948 E qdlights: set backlight level :path = /sys/class/backlight/panel0-backlight/brightness, value = 297
07-22 18:08:54.169   948   948 E qdlights: set backlight level :path = /sys/class/backlight/panel0-backlight/brightness, value = 273
07-22 18:08:54.177   948   948 E qdlights: set backlight level :path = /sys/class/backlight/panel0-backlight/brightness, value = 249
07-22 18:08:54.185   948   948 E qdlights: set backlight level :path = /sys/class/backlight/panel0-backlight/brightness, value = 225
07-22 18:08:54.194   948   948 E qdlights: set backlight level :path = /sys/class/backlight/panel0-backlight/brightness, value = 206
07-22 18:08:55.553  1817  2326 D MIUIInput: [MotionEvent] publisher action=0x4, 102714982, channel 'c532af NavigationBar0 (server)'
07-22 18:08:55.553  1817  2326 D MIUIInput: [MotionEvent] publisher action=0x4, 102714982, channel '1e1bdda com.mi.android.globallauncher/com.miui.home.launcher.Launcher (server)'
07-22 18:08:55.554  1817  2326 D MIUIInput: [MotionEvent] publisher action=0x0, 102714982, channel '68ec8f7 com.mi.android.globallauncher/com.miui.home.launcher.Launcher (server)'
07-22 18:08:55.554  1817  2326 D MIUIInput: [MotionEvent] publisher action=0x0, 102714982, channel 'fa606f1 com.miui.miwallpaper.wallpaperservice.MiuiKeyguardPictorialWallpaper (server)'
07-22 18:08:55.554  1817  2326 D MIUIInput: [MotionEvent] publisher action=0x0, 102714982, channel '1efad35 com.miui.miwallpaper.wallpaperservice.ImageWallpaper (server)'
07-22 18:08:55.565   948   948 E qdlights: set backlight level :path = /sys/class/backlight/panel0-backlight/brightness, value = 208
07-22 18:08:55.569   948   948 E qdlights: set backlight level :path = /sys/class/backlight/panel0-backlight/brightness, value = 232
07-22 18:08:55.577   948   948 E qdlights: set backlight level :path = /sys/class/backlight/panel0-backlight/brightness, value = 256
07-22 18:08:55.589   948   948 E qdlights: set backlight level :path = /sys/class/backlight/panel0-backlight/brightness, value = 280
07-22 18:08:55.594   948   948 E qdlights: set backlight level :path = /sys/class/backlight/panel0-backlight/brightness, value = 304
07-22 18:08:55.602   948   948 E qdlights: set backlight level :path = /sys/class/backlight/panel0-backlight/brightness, value = 328
07-22 18:08:55.610   948   948 E qdlights: set backlight level :path = /sys/class/backlight/panel0-backlight/brightness, value = 352
07-22 18:08:55.618   948   948 E qdlights: set backlight level :path = /sys/class/backlight/panel0-backlight/brightness, value = 376
07-22 18:08:55.626  1817  2326 D MIUIInput: [MotionEvent] publisher action=0x1, 102715056, channel '68ec8f7 com.mi.android.globallauncher/com.miui.home.launcher.Launcher (server)'
07-22 18:08:55.626  1817  2326 D MIUIInput: [MotionEvent] publisher action=0x1, 102715056, channel 'fa606f1 com.miui.miwallpaper.wallpaperservice.MiuiKeyguardPictorialWallpaper (server)'
07-22 18:08:55.626  1817  2326 D MIUIInput: [MotionEvent] publisher action=0x1, 102715056, channel '1efad35 com.miui.miwallpaper.wallpaperservice.ImageWallpaper (server)'
07-22 18:08:55.627   948   948 E qdlights: set backlight level :path = /sys/class/backlight/panel0-backlight/brightness, value = 401
07-22 18:08:55.627  2947  3377 I RenderThread: RenderThread resumed
07-22 18:08:55.627  2947  3377 I RenderThread: All controllers paused.
07-22 18:08:55.627  2947  3377 I RenderThread: RenderThread paused, waiting for signal
07-22 18:08:55.635   948   948 E qdlights: set backlight level :path = /sys/class/backlight/panel0-backlight/brightness, value = 425
07-22 18:08:55.642   948   948 E qdlights: set backlight level :path = /sys/class/backlight/panel0-backlight/brightness, value = 449
07-22 18:08:55.651   948   948 E qdlights: set backlight level :path = /sys/class/backlight/panel0-backlight/brightness, value = 467
07-22 18:08:57.337  1817  2395 D MiuiNetworkPolicy: updateLimit mLimitEnabled=true,enabled=false,mNetworkPriorityMode=0
07-22 18:08:57.556  1817  2518 D SchedBoost: thread tid=2947, priority is set to -10
07-22 18:08:57.557  1817  2518 D SchedBoost: thread tid=3169, priority is set to -10
07-22 18:09:00.011  2659  2659 D KeyguardUpdateMonitor: received broadcast android.intent.action.TIME_TICK
07-22 18:09:00.020  2659  2659 D KeyguardUpdateMonitor: handleTimeUpdate
07-22 18:09:00.574   974  2754 I vendor.qti.hardware.servicetracker@1.2-service: destroyService is called for service : com.google.android.gms/.chimera.GmsIntentOperationService
07-22 18:09:00.592  1817  2395 I MiuiNetworkPolicy: updateUidState uid = 99167, uidState = 13
07-22 18:09:00.775  1817  2483 D SlaveWifiManager: getWifiSlaveConnectionInfo
07-22 18:09:00.777  1817  2483 D SlaveWifiManager: getWifiSlaveConnectionInfo
07-22 18:09:00.780  2866  3945 D QCNEJ/WlanStaInfoRelay: Received action: android.net.wifi.RSSI_CHANGED
07-22 18:09:00.786  2659  2802 D NetworkController: onReceive: intent=Intent { act=android.net.wifi.RSSI_CHANGED flg=0x4000010 (has extras) }
07-22 18:09:01.590  2659  2659 D KeyguardUpdateMonitor: received broadcast android.intent.action.BATTERY_CHANGED
07-22 18:09:01.590  2659  2659 D BatteryController: onReceive: Intent = Intent { act=android.intent.action.BATTERY_CHANGED flg=0x60000010 (has extras) } action = android.intent.action.BATTERY_CHANGED
07-22 18:09:01.593  4996  4996 I BatteryInfoReceiver: ACTION_BATTERY_CHANGED
07-22 18:09:01.596  5646  5787 D PowerCheckerService: onBatteryChanged, mBatteryLevel = 68, status = 2, level = 68, plug = 1, scale = 100
07-22 18:09:01.599  2852  2852 D DeviceStatisticsService: chargerType=1 batteryLevel=68 totalBatteryCapacity=4743200
07-22 18:09:01.599  2789  2789 D QtiCarrierConfigHelper: WARNING, no carrier configs on phone Id: 0
07-22 18:09:01.600  2852  2852 D DeviceInfoHidlClient: isPowerInfoNeverSent()=true
07-22 18:09:01.600  2852  2852 D DeviceInfoHidlClient: getPowerInfoSupportStatus()=-1
07-22 18:09:02.341  1817  2395 D MiuiNetworkPolicy: updateLimit mLimitEnabled=false,enabled=true,mNetworkPriorityMode=0
07-22 18:09:03.813  1817  2483 D SlaveWifiManager: getWifiSlaveConnectionInfo
07-22 18:09:03.814  1817  2483 D SlaveWifiManager: getWifiSlaveConnectionInfo
07-22 18:09:03.817  2866  3945 D QCNEJ/WlanStaInfoRelay: Received action: android.net.wifi.RSSI_CHANGED
07-22 18:09:03.826  2659  2802 D NetworkController: onReceive: intent=Intent { act=android.net.wifi.RSSI_CHANGED flg=0x4000010 (has extras) }
07-22 18:09:04.719   948   948 E qdlights: set backlight level :path = /sys/class/backlight/panel0-backlight/brightness, value = 468
07-22 18:09:04.734   948   948 E qdlights: set backlight level :path = /sys/class/backlight/panel0-backlight/brightness, value = 469
07-22 18:09:04.744   948   948 E qdlights: set backlight level :path = /sys/class/backlight/panel0-backlight/brightness, value = 470
07-22 18:09:04.759   948   948 E qdlights: set backlight level :path = /sys/class/backlight/panel0-backlight/brightness, value = 471
07-22 18:09:04.776   948   948 E qdlights: set backlight level :path = /sys/class/backlight/panel0-backlight/brightness, value = 472
07-22 18:09:04.793   948   948 E qdlights: set backlight level :path = /sys/class/backlight/panel0-backlight/brightness, value = 473
07-22 18:09:04.801   948   948 E qdlights: set backlight level :path = /sys/class/backlight/panel0-backlight/brightness, value = 474
07-22 18:09:04.817   948   948 E qdlights: set backlight level :path = /sys/class/backlight/panel0-backlight/brightness, value = 475
07-22 18:09:04.835   948   948 E qdlights: set backlight level :path = /sys/class/backlight/panel0-backlight/brightness, value = 476
07-22 18:09:04.851   948   948 E qdlights: set backlight level :path = /sys/class/backlight/panel0-backlight/brightness, value = 477
07-22 18:09:04.867   948   948 E qdlights: set backlight level :path = /sys/class/backlight/panel0-backlight/brightness, value = 478
07-22 18:09:04.877   948   948 E qdlights: set backlight level :path = /sys/class/backlight/panel0-backlight/brightness, value = 479
07-22 18:09:04.893   948   948 E qdlights: set backlight level :path = /sys/class/backlight/panel0-backlight/brightness, value = 480
07-22 18:09:04.910   948   948 E qdlights: set backlight level :path = /sys/class/backlight/panel0-backlight/brightness, value = 481
07-22 18:09:04.927   948   948 E qdlights: set backlight level :path = /sys/class/backlight/panel0-backlight/brightness, value = 482
07-22 18:09:04.936   948   948 E qdlights: set backlight level :path = /sys/class/backlight/panel0-backlight/brightness, value = 483
07-22 18:09:04.956   948   948 E qdlights: set backlight level :path = /sys/class/backlight/panel0-backlight/brightness, value = 484
07-22 18:09:04.969   948   948 E qdlights: set backlight level :path = /sys/class/backlight/panel0-backlight/brightness, value = 485
07-22 18:09:04.985   948   948 E qdlights: set backlight level :path = /sys/class/backlight/panel0-backlight/brightness, value = 486
07-22 18:09:04.996   948   948 E qdlights: set backlight level :path = /sys/class/backlight/panel0-backlight/brightness, value = 487
07-22 18:09:05.011   948   948 E qdlights: set backlight level :path = /sys/class/backlight/panel0-backlight/brightness, value = 488
07-22 18:09:05.026   948   948 E qdlights: set backlight level :path = /sys/class/backlight/panel0-backlight/brightness, value = 489
07-22 18:09:05.042   948   948 E qdlights: set backlight level :path = /sys/class/backlight/panel0-backlight/brightness, value = 490
07-22 18:09:05.051   948   948 E qdlights: set backlight level :path = /sys/class/backlight/panel0-backlight/brightness, value = 491
07-22 18:09:05.068   948   948 E qdlights: set backlight level :path = /sys/class/backlight/panel0-backlight/brightness, value = 492
07-22 18:09:05.085   948   948 E qdlights: set backlight level :path = /sys/class/backlight/panel0-backlight/brightness, value = 493
07-22 18:09:05.101   948   948 E qdlights: set backlight level :path = /sys/class/backlight/panel0-backlight/brightness, value = 494
07-22 18:09:05.111   948   948 E qdlights: set backlight level :path = /sys/class/backlight/panel0-backlight/brightness, value = 495
07-22 18:09:05.127   948   948 E qdlights: set backlight level :path = /sys/class/backlight/panel0-backlight/brightness, value = 496
07-22 18:09:05.143   948   948 E qdlights: set backlight level :path = /sys/class/backlight/panel0-backlight/brightness, value = 497
07-22 18:09:05.153   948   948 E qdlights: set backlight level :path = /sys/class/backlight/panel0-backlight/brightness, value = 498
07-22 18:09:05.169   948   948 E qdlights: set backlight level :path = /sys/class/backlight/panel0-backlight/brightness, value = 499
07-22 18:09:05.190   948   948 E qdlights: set backlight level :path = /sys/class/backlight/panel0-backlight/brightness, value = 500
07-22 18:09:05.207   948   948 E qdlights: set backlight level :path = /sys/class/backlight/panel0-backlight/brightness, value = 501
07-22 18:09:05.214   948   948 E qdlights: set backlight level :path = /sys/class/backlight/panel0-backlight/brightness, value = 502
07-22 18:09:05.228   948   948 E qdlights: set backlight level :path = /sys/class/backlight/panel0-backlight/brightness, value = 503
07-22 18:09:05.244   948   948 E qdlights: set backlight level :path = /sys/class/backlight/panel0-backlight/brightness, value = 504
07-22 18:09:05.254   948   948 E qdlights: set backlight level :path = /sys/class/backlight/panel0-backlight/brightness, value = 505
07-22 18:09:05.269   948   948 E qdlights: set backlight level :path = /sys/class/backlight/panel0-backlight/brightness, value = 506
07-22 18:09:05.285   948   948 E qdlights: set backlight level :path = /sys/class/backlight/panel0-backlight/brightness, value = 507
07-22 18:09:05.293   948   948 E qdlights: set backlight level :path = /sys/class/backlight/panel0-backlight/brightness, value = 508
07-22 18:09:05.309   948   948 E qdlights: set backlight level :path = /sys/class/backlight/panel0-backlight/brightness, value = 509
07-22 18:09:05.325   948   948 E qdlights: set backlight level :path = /sys/class/backlight/panel0-backlight/brightness, value = 510
07-22 18:09:05.338   948   948 E qdlights: set backlight level :path = /sys/class/backlight/panel0-backlight/brightness, value = 511
07-22 18:09:05.352   948   948 E qdlights: set backlight level :path = /sys/class/backlight/panel0-backlight/brightness, value = 512
07-22 18:09:05.367   948   948 E qdlights: set backlight level :path = /sys/class/backlight/panel0-backlight/brightness, value = 513
07-22 18:09:05.377   948   948 E qdlights: set backlight level :path = /sys/class/backlight/panel0-backlight/brightness, value = 514
07-22 18:09:05.393   948   948 E qdlights: set backlight level :path = /sys/class/backlight/panel0-backlight/brightness, value = 515
07-22 18:09:05.412   948   948 E qdlights: set backlight level :path = /sys/class/backlight/panel0-backlight/brightness, value = 516
07-22 18:09:05.421   948   948 E qdlights: set backlight level :path = /sys/class/backlight/panel0-backlight/brightness, value = 517
07-22 18:09:05.436   948   948 E qdlights: set backlight level :path = /sys/class/backlight/panel0-backlight/brightness, value = 518
07-22 18:09:05.456   948   948 E qdlights: set backlight level :path = /sys/class/backlight/panel0-backlight/brightness, value = 519
07-22 18:09:05.461   948   948 E qdlights: set backlight level :path = /sys/class/backlight/panel0-backlight/brightness, value = 520
07-22 18:09:05.477   948   948 E qdlights: set backlight level :path = /sys/class/backlight/panel0-backlight/brightness, value = 521
07-22 18:09:05.494   948   948 E qdlights: set backlight level :path = /sys/class/backlight/panel0-backlight/brightness, value = 522
07-22 18:09:05.503   948   948 E qdlights: set backlight level :path = /sys/class/backlight/panel0-backlight/brightness, value = 523
07-22 18:09:05.517   948   948 E qdlights: set backlight level :path = /sys/class/backlight/panel0-backlight/brightness, value = 524
07-22 18:09:05.528   948   948 E qdlights: set backlight level :path = /sys/class/backlight/panel0-backlight/brightness, value = 525
07-22 18:09:05.542   948   948 E qdlights: set backlight level :path = /sys/class/backlight/panel0-backlight/brightness, value = 526
07-22 18:09:05.559   948   948 E qdlights: set backlight level :path = /sys/class/backlight/panel0-backlight/brightness, value = 527
07-22 18:09:05.570   948   948 E qdlights: set backlight level :path = /sys/class/backlight/panel0-backlight/brightness, value = 528
07-22 18:09:05.584   948   948 E qdlights: set backlight level :path = /sys/class/backlight/panel0-backlight/brightness, value = 529
07-22 18:09:05.595   948   948 E qdlights: set backlight level :path = /sys/class/backlight/panel0-backlight/brightness, value = 530
07-22 18:09:05.609   948   948 E qdlights: set backlight level :path = /sys/class/backlight/panel0-backlight/brightness, value = 531
07-22 18:09:05.626   948   948 E qdlights: set backlight level :path = /sys/class/backlight/panel0-backlight/brightness, value = 532
07-22 18:09:05.636   948   948 E qdlights: set backlight level :path = /sys/class/backlight/panel0-backlight/brightness, value = 533
07-22 18:09:05.651   948   948 E qdlights: set backlight level :path = /sys/class/backlight/panel0-backlight/brightness, value = 534
07-22 18:09:05.661   948   948 E qdlights: set backlight level :path = /sys/class/backlight/panel0-backlight/brightness, value = 535
07-22 18:09:05.676   948   948 E qdlights: set backlight level :path = /sys/class/backlight/panel0-backlight/brightness, value = 536
07-22 18:09:05.693   948   948 E qdlights: set backlight level :path = /sys/class/backlight/panel0-backlight/brightness, value = 537
07-22 18:09:05.703   948   948 E qdlights: set backlight level :path = /sys/class/backlight/panel0-backlight/brightness, value = 538
07-22 18:09:05.718   948   948 E qdlights: set backlight level :path = /sys/class/backlight/panel0-backlight/brightness, value = 539
07-22 18:09:05.727   948   948 E qdlights: set backlight level :path = /sys/class/backlight/panel0-backlight/brightness, value = 540
07-22 18:09:05.744   948   948 E qdlights: set backlight level :path = /sys/class/backlight/panel0-backlight/brightness, value = 541
07-22 18:09:05.753   948   948 E qdlights: set backlight level :path = /sys/class/backlight/panel0-backlight/brightness, value = 542
07-22 18:09:05.768   948   948 E qdlights: set backlight level :path = /sys/class/backlight/panel0-backlight/brightness, value = 543
07-22 18:09:05.784   948   948 E qdlights: set backlight level :path = /sys/class/backlight/panel0-backlight/brightness, value = 544
07-22 18:09:05.793   948   948 E qdlights: set backlight level :path = /sys/class/backlight/panel0-backlight/brightness, value = 545
07-22 18:09:05.809   948   948 E qdlights: set backlight level :path = /sys/class/backlight/panel0-backlight/brightness, value = 546
07-22 18:09:05.820   948   948 E qdlights: set backlight level :path = /sys/class/backlight/panel0-backlight/brightness, value = 547
07-22 18:09:05.835   948   948 E qdlights: set backlight level :path = /sys/class/backlight/panel0-backlight/brightness, value = 548
07-22 18:09:05.845   948   948 E qdlights: set backlight level :path = /sys/class/backlight/panel0-backlight/brightness, value = 549
07-22 18:09:05.862   948   948 E qdlights: set backlight level :path = /sys/class/backlight/panel0-backlight/brightness, value = 550
07-22 18:09:05.869   948   948 E qdlights: set backlight level :path = /sys/class/backlight/panel0-backlight/brightness, value = 551
07-22 18:09:05.890   948   948 E qdlights: set backlight level :path = /sys/class/backlight/panel0-backlight/brightness, value = 552
07-22 18:09:05.901   948   948 E qdlights: set backlight level :path = /sys/class/backlight/panel0-backlight/brightness, value = 553
07-22 18:09:05.910   948   948 E qdlights: set backlight level :path = /sys/class/backlight/panel0-backlight/brightness, value = 554
07-22 18:09:05.926   948   948 E qdlights: set backlight level :path = /sys/class/backlight/panel0-backlight/brightness, value = 555
07-22 18:09:05.936   948   948 E qdlights: set backlight level :path = /sys/class/backlight/panel0-backlight/brightness, value = 556
07-22 18:09:05.951   948   948 E qdlights: set backlight level :path = /sys/class/backlight/panel0-backlight/brightness, value = 557
07-22 18:09:05.961   948   948 E qdlights: set backlight level :path = /sys/class/backlight/panel0-backlight/brightness, value = 558
07-22 18:09:05.976   948   948 E qdlights: set backlight level :path = /sys/class/backlight/panel0-backlight/brightness, value = 559
07-22 18:09:05.984   948   948 E qdlights: set backlight level :path = /sys/class/backlight/panel0-backlight/brightness, value = 560
07-22 18:09:06.003   948   948 E qdlights: set backlight level :path = /sys/class/backlight/panel0-backlight/brightness, value = 561
07-22 18:09:06.015   948   948 E qdlights: set backlight level :path = /sys/class/backlight/panel0-backlight/brightness, value = 562
07-22 18:09:06.027   948   948 E qdlights: set backlight level :path = /sys/class/backlight/panel0-backlight/brightness, value = 563
07-22 18:09:06.036   948   948 E qdlights: set backlight level :path = /sys/class/backlight/panel0-backlight/brightness, value = 564
07-22 18:09:06.052   948   948 E qdlights: set backlight level :path = /sys/class/backlight/panel0-backlight/brightness, value = 565
07-22 18:09:06.062   948   948 E qdlights: set backlight level :path = /sys/class/backlight/panel0-backlight/brightness, value = 566
07-22 18:09:06.077   948   948 E qdlights: set backlight level :path = /sys/class/backlight/panel0-backlight/brightness, value = 567
07-22 18:09:06.086   948   948 E qdlights: set backlight level :path = /sys/class/backlight/panel0-backlight/brightness, value = 568
07-22 18:09:06.104   948   948 E qdlights: set backlight level :path = /sys/class/backlight/panel0-backlight/brightness, value = 569
07-22 18:09:06.112   948   948 E qdlights: set backlight level :path = /sys/class/backlight/panel0-backlight/brightness, value = 570
07-22 18:09:06.128   948   948 E qdlights: set backlight level :path = /sys/class/backlight/panel0-backlight/brightness, value = 571
07-22 18:09:06.135   948   948 E qdlights: set backlight level :path = /sys/class/backlight/panel0-backlight/brightness, value = 572
07-22 18:09:06.151   948   948 E qdlights: set backlight level :path = /sys/class/backlight/panel0-backlight/brightness, value = 573
07-22 18:09:06.159   948   948 E qdlights: set backlight level :path = /sys/class/backlight/panel0-backlight/brightness, value = 574
07-22 18:09:06.176   948   948 E qdlights: set backlight level :path = /sys/class/backlight/panel0-backlight/brightness, value = 575
07-22 18:09:06.188   948   948 E qdlights: set backlight level :path = /sys/class/backlight/panel0-backlight/brightness, value = 576
07-22 18:09:06.205   948   948 E qdlights: set backlight level :path = /sys/class/backlight/panel0-backlight/brightness, value = 577
07-22 18:09:06.209   948   948 E qdlights: set backlight level :path = /sys/class/backlight/panel0-backlight/brightness, value = 578
07-22 18:09:06.220   948   948 E qdlights: set backlight level :path = /sys/class/backlight/panel0-backlight/brightness, value = 579
07-22 18:09:06.235   948   948 E qdlights: set backlight level :path = /sys/class/backlight/panel0-backlight/brightness, value = 580
07-22 18:09:06.244   948   948 E qdlights: set backlight level :path = /sys/class/backlight/panel0-backlight/brightness, value = 581
07-22 18:09:06.260   948   948 E qdlights: set backlight level :path = /sys/class/backlight/panel0-backlight/brightness, value = 582
07-22 18:09:06.270   948   948 E qdlights: set backlight level :path = /sys/class/backlight/panel0-backlight/brightness, value = 583
07-22 18:09:06.285   948   948 E qdlights: set backlight level :path = /sys/class/backlight/panel0-backlight/brightness, value = 584
07-22 18:09:06.293   948   948 E qdlights: set backlight level :path = /sys/class/backlight/panel0-backlight/brightness, value = 585
07-22 18:09:06.310   948   948 E qdlights: set backlight level :path = /sys/class/backlight/panel0-backlight/brightness, value = 586
07-22 18:09:06.317   948   948 E qdlights: set backlight level :path = /sys/class/backlight/panel0-backlight/brightness, value = 587
07-22 18:09:06.334   948   948 E qdlights: set backlight level :path = /sys/class/backlight/panel0-backlight/brightness, value = 588
07-22 18:09:06.343   948   948 E qdlights: set backlight level :path = /sys/class/backlight/panel0-backlight/brightness, value = 589
07-22 18:09:06.355   948   948 E qdlights: set backlight level :path = /sys/class/backlight/panel0-backlight/brightness, value = 590
07-22 18:09:06.368   948   948 E qdlights: set backlight level :path = /sys/class/backlight/panel0-backlight/brightness, value = 591
07-22 18:09:06.377   948   948 E qdlights: set backlight level :path = /sys/class/backlight/panel0-backlight/brightness, value = 592
07-22 18:09:06.392   948   948 E qdlights: set backlight level :path = /sys/class/backlight/panel0-backlight/brightness, value = 593
07-22 18:09:06.403   948   948 E qdlights: set backlight level :path = /sys/class/backlight/panel0-backlight/brightness, value = 594
07-22 18:09:06.418   948   948 E qdlights: set backlight level :path = /sys/class/backlight/panel0-backlight/brightness, value = 595
07-22 18:09:06.427   948   948 E qdlights: set backlight level :path = /sys/class/backlight/panel0-backlight/brightness, value = 596
07-22 18:09:06.435   948   948 E qdlights: set backlight level :path = /sys/class/backlight/panel0-backlight/brightness, value = 597
07-22 18:09:06.451   948   948 E qdlights: set backlight level :path = /sys/class/backlight/panel0-backlight/brightness, value = 598
07-22 18:09:06.459   948   948 E qdlights: set backlight level :path = /sys/class/backlight/panel0-backlight/brightness, value = 599
07-22 18:09:06.476   948   948 E qdlights: set backlight level :path = /sys/class/backlight/panel0-backlight/brightness, value = 600
07-22 18:09:06.484   948   948 E qdlights: set backlight level :path = /sys/class/backlight/panel0-backlight/brightness, value = 601
07-22 18:09:06.494   948   948 E qdlights: set backlight level :path = /sys/class/backlight/panel0-backlight/brightness, value = 602
07-22 18:09:06.509   948   948 E qdlights: set backlight level :path = /sys/class/backlight/panel0-backlight/brightness, value = 603
07-22 18:09:06.519   948   948 E qdlights: set backlight level :path = /sys/class/backlight/panel0-backlight/brightness, value = 604
07-22 18:09:06.534   948   948 E qdlights: set backlight level :path = /sys/class/backlight/panel0-backlight/brightness, value = 605
07-22 18:09:06.543   948   948 E qdlights: set backlight level :path = /sys/class/backlight/panel0-backlight/brightness, value = 606
07-22 18:09:06.560   948   948 E qdlights: set backlight level :path = /sys/class/backlight/panel0-backlight/brightness, value = 607
07-22 18:09:06.570   948   948 E qdlights: set backlight level :path = /sys/class/backlight/panel0-backlight/brightness, value = 608
07-22 18:09:06.578   948   948 E qdlights: set backlight level :path = /sys/class/backlight/panel0-backlight/brightness, value = 609
07-22 18:09:06.593   948   948 E qdlights: set backlight level :path = /sys/class/backlight/panel0-backlight/brightness, value = 610
07-22 18:09:06.601   948   948 E qdlights: set backlight level :path = /sys/class/backlight/panel0-backlight/brightness, value = 611
07-22 18:09:06.611   948   948 E qdlights: set backlight level :path = /sys/class/backlight/panel0-backlight/brightness, value = 612
07-22 18:09:06.626   948   948 E qdlights: set backlight level :path = /sys/class/backlight/panel0-backlight/brightness, value = 613
07-22 18:09:06.634   948   948 E qdlights: set backlight level :path = /sys/class/backlight/panel0-backlight/brightness, value = 614
07-22 18:09:06.652   948   948 E qdlights: set backlight level :path = /sys/class/backlight/panel0-backlight/brightness, value = 615
07-22 18:09:06.660   948   948 E qdlights: set backlight level :path = /sys/class/backlight/panel0-backlight/brightness, value = 616
07-22 18:09:06.667   948   948 E qdlights: set backlight level :path = /sys/class/backlight/panel0-backlight/brightness, value = 617
07-22 18:09:06.685   948   948 E qdlights: set backlight level :path = /sys/class/backlight/panel0-backlight/brightness, value = 618
07-22 18:09:06.692   948   948 E qdlights: set backlight level :path = /sys/class/backlight/panel0-backlight/brightness, value = 619
07-22 18:09:06.703   948   948 E qdlights: set backlight level :path = /sys/class/backlight/panel0-backlight/brightness, value = 620
07-22 18:09:06.720   948   948 E qdlights: set backlight level :path = /sys/class/backlight/panel0-backlight/brightness, value = 621
07-22 18:09:06.731   948   948 E qdlights: set backlight level :path = /sys/class/backlight/panel0-backlight/brightness, value = 622
07-22 18:09:06.747   948   948 E qdlights: set backlight level :path = /sys/class/backlight/panel0-backlight/brightness, value = 623
07-22 18:09:06.755   948   948 E qdlights: set backlight level :path = /sys/class/backlight/panel0-backlight/brightness, value = 624
07-22 18:09:06.759   948   948 E qdlights: set backlight level :path = /sys/class/backlight/panel0-backlight/brightness, value = 625
07-22 18:09:06.775   948   948 E qdlights: set backlight level :path = /sys/class/backlight/panel0-backlight/brightness, value = 626
07-22 18:09:06.784   948   948 E qdlights: set backlight level :path = /sys/class/backlight/panel0-backlight/brightness, value = 627
07-22 18:09:06.793   948   948 E qdlights: set backlight level :path = /sys/class/backlight/panel0-backlight/brightness, value = 628
07-22 18:09:06.812   948   948 E qdlights: set backlight level :path = /sys/class/backlight/panel0-backlight/brightness, value = 629
07-22 18:09:06.819   948   948 E qdlights: set backlight level :path = /sys/class/backlight/panel0-backlight/brightness, value = 630
07-22 18:09:06.828   948   948 E qdlights: set backlight level :path = /sys/class/backlight/panel0-backlight/brightness, value = 631
07-22 18:09:06.843   948   948 E qdlights: set backlight level :path = /sys/class/backlight/panel0-backlight/brightness, value = 632
07-22 18:09:06.853   948   948 E qdlights: set backlight level :path = /sys/class/backlight/panel0-backlight/brightness, value = 633
07-22 18:09:06.859   948   948 E qdlights: set backlight level :path = /sys/class/backlight/panel0-backlight/brightness, value = 634
07-22 18:09:06.877   948   948 E qdlights: set backlight level :path = /sys/class/backlight/panel0-backlight/brightness, value = 635
07-22 18:09:06.886   948   948 E qdlights: set backlight level :path = /sys/class/backlight/panel0-backlight/brightness, value = 636
07-22 18:09:06.899   948   948 E qdlights: set backlight level :path = /sys/class/backlight/panel0-backlight/brightness, value = 637
07-22 18:09:06.910   948   948 E qdlights: set backlight level :path = /sys/class/backlight/panel0-backlight/brightness, value = 638
07-22 18:09:06.917   948   948 E qdlights: set backlight level :path = /sys/class/backlight/panel0-backlight/brightness, value = 639
07-22 18:09:06.928   948   948 E qdlights: set backlight level :path = /sys/class/backlight/panel0-backlight/brightness, value = 640
07-22 18:09:06.944   948   948 E qdlights: set backlight level :path = /sys/class/backlight/panel0-backlight/brightness, value = 641
07-22 18:09:06.955   948   948 E qdlights: set backlight level :path = /sys/class/backlight/panel0-backlight/brightness, value = 642
07-22 18:09:06.962   948   948 E qdlights: set backlight level :path = /sys/class/backlight/panel0-backlight/brightness, value = 643
07-22 18:09:06.980   948   948 E qdlights: set backlight level :path = /sys/class/backlight/panel0-backlight/brightness, value = 644
07-22 18:09:06.986   948   948 E qdlights: set backlight level :path = /sys/class/backlight/panel0-backlight/brightness, value = 645
07-22 18:09:06.994   948   948 E qdlights: set backlight level :path = /sys/class/backlight/panel0-backlight/brightness, value = 646
07-22 18:09:07.010   948   948 E qdlights: set backlight level :path = /sys/class/backlight/panel0-backlight/brightness, value = 647
07-22 18:09:07.020   948   948 E qdlights: set backlight level :path = /sys/class/backlight/panel0-backlight/brightness, value = 648
07-22 18:09:07.027   948   948 E qdlights: set backlight level :path = /sys/class/backlight/panel0-backlight/brightness, value = 649
07-22 18:09:07.036   948   948 E qdlights: set backlight level :path = /sys/class/backlight/panel0-backlight/brightness, value = 650
07-22 18:09:07.054   948   948 E qdlights: set backlight level :path = /sys/class/backlight/panel0-backlight/brightness, value = 651
07-22 18:09:07.062   948   948 E qdlights: set backlight level :path = /sys/class/backlight/panel0-backlight/brightness, value = 652
07-22 18:09:07.072   948   948 E qdlights: set backlight level :path = /sys/class/backlight/panel0-backlight/brightness, value = 653
07-22 18:09:07.085   948   948 E qdlights: set backlight level :path = /sys/class/backlight/panel0-backlight/brightness, value = 654
07-22 18:09:07.094   948   948 E qdlights: set backlight level :path = /sys/class/backlight/panel0-backlight/brightness, value = 655
07-22 18:09:07.106   948   948 E qdlights: set backlight level :path = /sys/class/backlight/panel0-backlight/brightness, value = 656
07-22 18:09:07.110   948   948 E qdlights: set backlight level :path = /sys/class/backlight/panel0-backlight/brightness, value = 657
07-22 18:09:07.127   948   948 E qdlights: set backlight level :path = /sys/class/backlight/panel0-backlight/brightness, value = 658
07-22 18:09:07.139   948   948 E qdlights: set backlight level :path = /sys/class/backlight/panel0-backlight/brightness, value = 659
07-22 18:09:07.145   948   948 E qdlights: set backlight level :path = /sys/class/backlight/panel0-backlight/brightness, value = 660
07-22 18:09:07.160   948   948 E qdlights: set backlight level :path = /sys/class/backlight/panel0-backlight/brightness, value = 661
07-22 18:09:07.169   948   948 E qdlights: set backlight level :path = /sys/class/backlight/panel0-backlight/brightness, value = 662
07-22 18:09:07.177   948   948 E qdlights: set backlight level :path = /sys/class/backlight/panel0-backlight/brightness, value = 663
07-22 18:09:07.185   948   948 E qdlights: set backlight level :path = /sys/class/backlight/panel0-backlight/brightness, value = 664
07-22 18:09:07.203   948   948 E qdlights: set backlight level :path = /sys/class/backlight/panel0-backlight/brightness, value = 665
07-22 18:09:07.212   948   948 E qdlights: set backlight level :path = /sys/class/backlight/panel0-backlight/brightness, value = 666
07-22 18:09:07.219   948   948 E qdlights: set backlight level :path = /sys/class/backlight/panel0-backlight/brightness, value = 667
07-22 18:09:07.228   948   948 E qdlights: set backlight level :path = /sys/class/backlight/panel0-backlight/brightness, value = 668
07-22 18:09:07.243   948   948 E qdlights: set backlight level :path = /sys/class/backlight/panel0-backlight/brightness, value = 669
07-22 18:09:07.251   948   948 E qdlights: set backlight level :path = /sys/class/backlight/panel0-backlight/brightness, value = 670
07-22 18:09:07.259   948   948 E qdlights: set backlight level :path = /sys/class/backlight/panel0-backlight/brightness, value = 671
07-22 18:09:07.276   948   948 E qdlights: set backlight level :path = /sys/class/backlight/panel0-backlight/brightness, value = 672
07-22 18:09:07.284   948   948 E qdlights: set backlight level :path = /sys/class/backlight/panel0-backlight/brightness, value = 673
07-22 18:09:07.294   948   948 E qdlights: set backlight level :path = /sys/class/backlight/panel0-backlight/brightness, value = 674
07-22 18:09:07.303   948   948 E qdlights: set backlight level :path = /sys/class/backlight/panel0-backlight/brightness, value = 675
07-22 18:09:07.318   948   948 E qdlights: set backlight level :path = /sys/class/backlight/panel0-backlight/brightness, value = 676
07-22 18:09:07.327   948   948 E qdlights: set backlight level :path = /sys/class/backlight/panel0-backlight/brightness, value = 677
07-22 18:09:07.335   948   948 E qdlights: set backlight level :path = /sys/class/backlight/panel0-backlight/brightness, value = 678
07-22 18:09:07.343   948   948 E qdlights: set backlight level :path = /sys/class/backlight/panel0-backlight/brightness, value = 679
07-22 18:09:07.361   948   948 E qdlights: set backlight level :path = /sys/class/backlight/panel0-backlight/brightness, value = 680
07-22 18:09:07.369   948   948 E qdlights: set backlight level :path = /sys/class/backlight/panel0-backlight/brightness, value = 681
07-22 18:09:07.381   948   948 E qdlights: set backlight level :path = /sys/class/backlight/panel0-backlight/brightness, value = 682
07-22 18:09:07.386   948   948 E qdlights: set backlight level :path = /sys/class/backlight/panel0-backlight/brightness, value = 683
07-22 18:09:07.402   948   948 E qdlights: set backlight level :path = /sys/class/backlight/panel0-backlight/brightness, value = 684
07-22 18:09:07.410   948   948 E qdlights: set backlight level :path = /sys/class/backlight/panel0-backlight/brightness, value = 685
07-22 18:09:07.418   948   948 E qdlights: set backlight level :path = /sys/class/backlight/panel0-backlight/brightness, value = 686
07-22 18:09:07.427   948   948 E qdlights: set backlight level :path = /sys/class/backlight/panel0-backlight/brightness, value = 687
07-22 18:09:07.436   948   948 E qdlights: set backlight level :path = /sys/class/backlight/panel0-backlight/brightness, value = 688
07-22 18:09:07.454   948   948 E qdlights: set backlight level :path = /sys/class/backlight/panel0-backlight/brightness, value = 689
07-22 18:09:07.462   948   948 E qdlights: set backlight level :path = /sys/class/backlight/panel0-backlight/brightness, value = 690
07-22 18:09:07.469   948   948 E qdlights: set backlight level :path = /sys/class/backlight/panel0-backlight/brightness, value = 691
07-22 18:09:07.478   948   948 E qdlights: set backlight level :path = /sys/class/backlight/panel0-backlight/brightness, value = 692
07-22 18:09:07.494   948   948 E qdlights: set backlight level :path = /sys/class/backlight/panel0-backlight/brightness, value = 693
