07-22 18:08:33.153   935  2481 E voice   : voice_is_in_call_rec_stream: input stream is NULL
07-22 18:08:33.153   935  2481 D msm8974_platform: platform_split_snd_device: snd_device(245) num devices(0) new_snd_devices(0)
07-22 18:08:33.141   935   935 W writer  : type=1400 audit(0.0:490357): avc: denied { read } for name="u:object_r:default_prop:s0" dev="tmpfs" ino=9947 scontext=u:r:hal_audio_default:s0 tcontext=u:object_r:default_prop:s0 tclass=file permissive=0
07-22 18:08:33.153   935  2481 E audio_hw_utils: send_app_type_cfg_for_device: Could not get ctl for mixer cmd - Audio Stream Capture 37 App Type Cfg
07-22 18:08:33.153   935  2481 D msm8974_platform: platform_split_snd_device: snd_device(245) num devices(1) new_snd_devices(0)
07-22 18:08:33.153   935  2481 D ACDB-LOADER: ACDB -> send_audio_cal, acdb_id = 102, path = 1, app id = 0x11132, sample rate = 48000, afe_sample_rate = 48000
07-22 18:08:33.153   935  2481 D ACDB-LOADER: ACDB -> send_asm_topology
07-22 18:08:33.153   935  2481 D ACDB-LOADER: ACDB -> ACDB_CMD_GET_AUDPROC_STREAM_TOPOLOGY_ID
07-22 18:08:33.153   935  2481 D ACDB-LOADER: ACDB -> send_adm_topology
07-22 18:08:33.153   935  2481 D ACDB-LOADER: ACDB -> ACDB_CMD_GET_AUDPROC_COMMON_TOPOLOGY_ID
07-22 18:08:33.153   935  2481 D ACDB-LOADER: ACDB -> send_audtable
07-22 18:08:33.153   935  2481 D ACDB-LOADER: ACDB -> ACDB_CMD_GET_AUDPROC_INSTANCE_COMMON_TABLE_SIZE
07-22 18:08:33.153   935  2481 D ACDB-LOADER: ACDB -> ACDB_CMD_GET_AUDPROC_INSTANCE_COMMON_TABLE
07-22 18:08:33.153   935  2481 D ACDB-LOADER: ACDB -> AUDIO_SET_AUDPROC_CAL cal_type[11] acdb_id[102] app_type[69938]
07-22 18:08:33.153   935  2481 D ACDB-LOADER: ACDB -> ACDB_CMD_GET_AUDPROC_INSTANCE_STREAM_TABLE_SIZE
07-22 18:08:33.153   935  2481 D ACDB-LOADER: ACDB -> send_audstrmtable
07-22 18:08:33.153   935  2481 D ACDB-LOADER: ACDB -> ACDB_CMD_GET_AUDPROC_INSTANCE_STREAM_TABLE
07-22 18:08:33.153   935  2481 D ACDB-LOADER: ACDB -> audstrm_cal->cal_type.cal_data.cal_size = 20
07-22 18:08:33.153   935  2481 D ACDB-LOADER: ACDB -> send_afe_topology
07-22 18:08:33.153   935  2481 D ACDB-LOADER: ACDB -> ACDB_CMD_GET_AFE_TOPOLOGY_ID
07-22 18:08:33.153   935  2481 D ACDB-LOADER: ACDB -> GET_AFE_TOPOLOGY_ID for adcd_id 102, Topology Id 1001025c
07-22 18:08:33.153   935  2481 D ACDB-LOADER: ACDB -> send_afe_cal
07-22 18:08:33.153   935  2481 D ACDB-LOADER: ACDB -> ACDB_CMD_GET_AFE_INSTANCE_COMMON_TABLE_SIZE
07-22 18:08:33.153   935  2481 D ACDB-LOADER: ACDB -> ACDB_CMD_GET_AFE_INSTANCE_COMMON_TABLE
07-22 18:08:33.153   935  2481 D ACDB-LOADER: ACDB -> AUDIO_SET_AFE_CAL cal_type[17] acdb_id[102]
07-22 18:08:33.153   935  2481 D ACDB-LOADER: ACDB -> send_hw_delay : acdb_id = 102 path = 1
07-22 18:08:33.153   935  2481 D ACDB-LOADER: ACDB -> ACDB_AVSYNC_INFO: ACDB_CMD_GET_DEVICE_PROPERTY
07-22 18:08:33.153   935  2481 D audio_hw_primary: enable_audio_route: apply mixer and update path: tas-iv-capture
07-22 18:08:33.153   935  2481 D audio_route: Apply path: tas-iv-capture
07-22 18:08:33.154  5832  5950 I BtGatt.ScanManager: msg.what = 8
07-22 18:08:33.155  2659  2659 D KeyguardUpdateMonitor: onKeyguardVisibilityChanged(false)
07-22 18:08:33.155  2659  2659 D MiuiFaceManager: inernational:true supportR:[ALL] nowR:BR
07-22 18:08:33.155  2659  2659 I chatty  : uid=1000(system) com.android.systemui identical 2 lines
07-22 18:08:33.155  2659  2659 D MiuiFaceManager: inernational:true supportR:[ALL] nowR:BR
07-22 18:08:33.157  2659  2659 D KeyguardViewMediator: keyguardGone
07-22 18:08:33.157  2659  2659 V KeyguardDisplayManager: hide
07-22 18:08:33.158  2659  3342 D ScreenDecorations: updateOrientation: false
07-22 18:08:33.158  2659  2659 D KeyguardViewMediator: adjustStatusBarLocked: mShowing=false mOccluded=false isSecure=true force=false --> flags=0x0
07-22 18:08:33.158  2573  3406 D MiuiKeyguardWallpaperRemoteService: onKeyguardShowingChanged  showing = false
07-22 18:08:33.158  2573  2573 D MiuiKeyguardPictorialWallpaper: onKeyguardShowingChanged:
07-22 18:08:33.159  5832  5950 I BtGatt.ScanManager: msg.what = 4
07-22 18:08:33.159  1489  1536 E adsprpcd: vendor/qcom/proprietary/commonsys-intf/adsprpc/src/apps_std_imp.c:596:Error 0xffffffff: apps_std getenv failed: ADSP_LIBRARY_PATH Unknown error -1
07-22 18:08:33.159  1489  1536 I adsprpcd: vendor/qcom/proprietary/commonsys-intf/adsprpc/src/apps_std_imp.c:796: Successfully opened file /vendor/lib/rfsa/adsp/tas25xx_TI_0.bin
07-22 18:08:33.161   952   952 I sensors-hal: batch:242, android.sensor.accelerometer/11, period=200000000, max_latency=0
07-22 18:08:33.161   952   952 I sensors-hal: set_config:63, sample_period_ns is adjusted to 200000000 based on min/max delay_ns
07-22 18:08:33.161   952   952 I sensors-hal: batch:251, android.sensor.accelerometer/11, period=200000000, max_latency=0 request completed
07-22 18:08:33.161   952   952 I sensors-hal: activate:209, android.sensor.accelerometer/11 en=1
07-22 18:08:33.161   952   952 I sensors-hal: get_qmi_debug_flag:241, support_qmi_debug : false
07-22 18:08:33.162  2659  3008 D KeyguardViewMediator: updateActivityLockScreenState(false, false)
07-22 18:08:33.163  2659  2659 D MiuiFaceManager: inernational:true supportR:[ALL] nowR:BR
07-22 18:08:33.163  2659  2659 D MiuiFaceManager: inernational:true supportR:[ALL] nowR:BR
07-22 18:08:33.165  2659  2659 D KeyguardUpdateMonitor: fingerprintRunningState: 0
07-22 18:08:33.165  2659  2659 D KeyguardViewMediator: handleNotifyWakingUp
07-22 18:08:33.165  2659  2659 D MiuiFaceManager: inernational:true supportR:[ALL] nowR:BR
07-22 18:08:33.165  2659  2659 D MiuiFaceManager: inernational:true supportR:[ALL] nowR:BR
07-22 18:08:33.165  2659  2659 V KeyguardStatusView: Schedule setEnableMarquee: Enable
07-22 18:08:33.165  2659  2659 D MiuiBleUnlockHelper: verifyBLEDeviceRssi  isShowing = false isOccluded = false isMXtelcel = false isHiding = false isDeviceInteractive = true
07-22 18:08:33.165   952   952 I sensors-hal: activate:220, android.sensor.accelerometer/11 en=1 completed
07-22 18:08:33.166  1817  5484 D MIUIInput: [FoucsChange]: Display  0 FocusedWindow From Window{35ae2e6 mode=1 rootTaskId=1 u0 NotificationShade}(1,0)  to null(0,0)
07-22 18:08:33.167  2659  2659 D KeyguardHorizontalMoveLeftViewContainer: bindLockScreenMagazineService false false false false false true false
07-22 18:08:33.168   952  5324 I sensors-hal: ssc_conn_resp_cb:651, resp_value = 0
07-22 18:08:33.168   951   951 I QTI PowerHAL: Power setMode: 7 to: 1
07-22 18:08:33.168  1051  1051 D SurfaceFlinger: Setting power mode 2 on display 19260669959609473
07-22 18:08:33.168   969   969 I ANDR-PERF-LM: LMPerfGlue: perfmodule_submit_request() 132: perfmodule_submit_request()
07-22 18:08:33.168   969   969 I ANDR-PERF-LM: Core: getInstance() 84: LM getInstance
07-22 18:08:33.168   969   969 I ANDR-PERF-LM: WQ: push() 59: LMTriggerQ push() size=0
07-22 18:08:33.168   969   969 I ANDR-PERF-LM: WQ: push() 61: LMTriggerQ push() done size=1
07-22 18:08:33.169   951   951 I QTI PowerHAL: Got set_interactive hint
07-22 18:08:33.169   969  1000 I ANDR-PERF-LM: WQ: pop() 42: LMTriggerQ pop() done size=0
07-22 18:08:33.169   969  1000 I ANDR-PERF-LM: Core: lmMain() 412: trigger is VENDOR_HINT_DISPLAY_ON, sending algo interrupt
07-22 18:08:33.169   969  1000 I ANDR-PERF-LM: Core: lmMain() 373: Waiting on trigger Queue
07-22 18:08:33.169   969  1000 I ANDR-PERF-LM: WQ: pop() 31: LMTriggerQ pop() size=0
07-22 18:08:33.169   952  5324 I sensors-hal: handle_indication_realtime:466,  SCHED_FIFO(10) for qmi_cbk
07-22 18:08:33.170   969   999 E ANDR-PERF-OPTSHANDLER: Perflock resource /sys/class/devfreq/soc:qcom,cpubw/min_freq not supported
07-22 18:08:33.170   945  1150 I SDM     : DisplayBase::SetDisplayState: Set state = 1, display 28-0, teardown = 0
07-22 18:08:33.171  1029  1159 I mi_thermald: special_target_modify: set generic device battery to 0
07-22 18:08:33.172  1029  1159 I mi_thermald: generic_set_level: set generic device battery to 0
07-22 18:08:33.172   945  1150 I SDM     : StrategyImpl::SetIdleTimeoutMs: Idle timeout: active = 1100, inactive = 520
07-22 18:08:33.172   990  1169 D DisplayFeatureHal: HandleDisplayState enter state 1, last state 0
07-22 18:08:33.172   990  1169 D DisplayFeatureHal: onResume enter
07-22 18:08:33.172   990  1169 D DisplayFeatureHal: Query DisplayPostproc service
07-22 18:08:33.174   969   999 E ANDR-PERF-OPTSHANDLER: Perflock resource /sys/class/devfreq/soc:qcom,llccbw/min_freq not supported
07-22 18:08:33.174  1051  1051 D SurfaceFlinger: Finished setting power mode 2 on display 19260669959609473
07-22 18:08:33.175   974  2755 I vendor.qti.hardware.servicetracker@1.2-service: bindService is called for service : com.xiaomi.discover/com.xiaomi.market.data.AppDownloadService and for client com.mi.android.globallauncher
07-22 18:08:33.175   974  2755 I vendor.qti.hardware.servicetracker@1.2-service: total connections for service : com.xiaomi.discover/com.xiaomi.market.data.AppDownloadServiceare :1
07-22 18:08:33.175   974  2755 I vendor.qti.hardware.servicetracker@1.2-service: total connections for client : com.mi.android.globallauncherare :3
07-22 18:08:33.175   990   990 D DisplayFeatureHal: setFeatureEnable: FeatureId=AUTOMATIC_CONTRAST_STATE modeId=0 cookie=255, hdrstatus=0
07-22 18:08:33.175   990   990 D DisplayFeatureHal: setFeatureEnable: FeatureId=COLOR_TEMP_STATE modeId=2 cookie=255, hdrstatus=0
07-22 18:08:33.175   990   990 D DisplayFeatureHal: setFeatureEnable: FeatureId=EYECARE_STATE modeId=155 cookie=255, hdrstatus=0
07-22 18:08:33.175   990   990 D DisplayFeatureHal: setFeatureEnable: FeatureId=PAPER_MODE_STATE modeId=0 cookie=255, hdrstatus=0
07-22 18:08:33.176  1817  2211 D CompatibilityInfo: mCompatibilityFlags - 0
07-22 18:08:33.176  1817  2211 D CompatibilityInfo: applicationDensity - 440
07-22 18:08:33.176  1817  2211 D CompatibilityInfo: applicationScale - 1.0
07-22 18:08:33.176   974  2755 I vendor.qti.hardware.servicetracker@1.2-service: startService() is called for servicecom.xiaomi.discover/com.xiaomi.market.data.AppDownloadService
07-22 18:08:33.176   945  2292 I Dpps    : AddNewDppsClient():431 New DPPS client accepted, client fd = 21, poll idx 2
07-22 18:08:33.176   945  2292 I Dpps    : HandleDppsClientEvent():921 Incoming message on client fd 21: 'ad:on;1'
07-22 18:08:33.176   945  2337 I SDM     : DisplayBuiltIn::ControlPartialUpdate: partial update is not applicable for display id = 28
07-22 18:08:33.178   945  2337 I Dpps    : ParseFile():82 Loading AD calib file /vendor/etc/sdr_config.cfg
07-22 18:08:33.178   945  2337 I Dpps    : ParseFile():92 Config File Version: 1.0
07-22 18:08:33.179   945  2337 I Dpps    : ParseFile():131 Parsing Init parameters
07-22 18:08:33.179  2947  2947 D ScreenElementRoot: resume
07-22 18:08:33.181  5832  5950 I BtGatt.ScanManager: msg.what = 6
07-22 18:08:33.181  1817  2395 I MiuiNetworkPolicy: updateUidState uid = 10077, uidState = 2
07-22 18:08:33.181  1817  2395 I MiuiNetworkPolicy: updateUidState uid = 99167, uidState = 3
07-22 18:08:33.181  1817  2395 I MiuiNetworkPolicy: updateUidState uid = 10195, uidState = 3
07-22 18:08:33.181  1817  2395 I MiuiNetworkPolicy: updateUidState uid = 10116, uidState = 3
07-22 18:08:33.183  2573  3406 D MiuiKeyguardWallpaperRemoteService: onStartedWakingUp
07-22 18:08:33.183  2573  3504 D ImageGLWallpaper:  scissor: Rect(0, 0 - 1080, 2400) displayPoint: Point(1080, 2400) isScrollWithScreen: false
07-22 18:08:33.183  2573  3504 D ImageGLWallpaper:  heightDiffRatio 0.0
07-22 18:08:33.183  2573  3504 D ImageGLWallpaper:  widthDiffRatio 0.0
07-22 18:08:33.183  2573  3504 D ImageGLWallpaper:  mCurrentTexCoordinate [0.0, 1.0, 1.0, 1.0, 1.0, 0.0, 1.0, 0.0, 0.0, 0.0, 0.0, 1.0]
07-22 18:08:33.183   945  2337 I Dpps    : ParseFile():205 Parsing Cfg parameters
07-22 18:08:33.184  2573  3504 D KeyguardWallpaperRenderer: onDrawFrame
07-22 18:08:33.185  2659  2659 D KeyguardViewMediator: handleStartKeyguardExitAnimation startTime=102692594 fadeoutDuration=0
07-22 18:08:33.186   945  2337 I Dpps    : ParseFile():82 Loading AD calib file /vendor/etc/hdr_config.cfg
07-22 18:08:33.186   945  2337 I Dpps    : ParseFile():92 Config File Version: 1.0
07-22 18:08:33.186   945  2337 I Dpps    : ParseFile():131 Parsing Init parameters
07-22 18:08:33.187  2947  3377 I RenderThread: RenderThread resumed
07-22 18:08:33.187  2947  3377 I RenderThread: All controllers paused.
07-22 18:08:33.187  2947  3377 I RenderThread: RenderThread paused, waiting for signal
07-22 18:08:33.188  1817  1883 I InputManager-JNI: Viewport [0] to add: local:19260669959609473, isActive: true
07-22 18:08:33.189  1817  2328 I InputReader: Reconfiguring input devices, changes=DISPLAY_INFO |
07-22 18:08:33.189  1817  2328 I InputReader: Device reconfigured: id=4, name='NVTCapacitiveTouchScreen', size 1080x2400, orientation 0, mode 1, display id 0
07-22 18:08:33.192  3675  3675 I NearbyDiscovery: FastPairDisplayObserver: STATE_OFF -> STATE_ON [CONTEXT service_id=49 ]
07-22 18:08:33.193  5832  5950 I BtGatt.ScanManager: msg.what = 8
07-22 18:08:33.193  2659  3342 D ScreenDecorations: updateOrientation: false
07-22 18:08:33.193  5832  5950 I BtGatt.ScanManager: msg.what = 5
07-22 18:08:33.194  2573  2650 D HomeWallpaperRenderer: OFFSET  x: 0.0  y: 0.0
07-22 18:08:33.195  2573  3504 D ImageGLWallpaper:  scissor: Rect(0, 0 - 1080, 2400) displayPoint: Point(1080, 2400) isScrollWithScreen: false
07-22 18:08:33.195  2573  3504 D ImageGLWallpaper:  heightDiffRatio 0.0
07-22 18:08:33.195  2573  3504 D ImageGLWallpaper:  widthDiffRatio 0.0
07-22 18:08:33.195  2573  3504 D ImageGLWallpaper:  mCurrentTexCoordinate [0.0, 1.0, 1.0, 1.0, 1.0, 0.0, 1.0, 0.0, 0.0, 0.0, 0.0, 1.0]
07-22 18:08:33.195  2573  3504 D KeyguardWallpaperRenderer: onDrawFrame
07-22 18:08:33.201   945  2337 I Dpps    : ParseFile():205 Parsing Cfg parameters
07-22 18:08:33.203   945  2292 I Dpps    : HandleDppsClientEvent():903 Client connection 21 has closed
07-22 18:08:33.203   945  2292 I Dpps    : RemoveServerClient():297 closed fd 21 poll_idx 2
07-22 18:08:33.204   990  1169 D DisplayFeatureHal: HandleDisplayState exit
07-22 18:08:33.204   990  1169 D DisplayFeatureHal: HandleACNormal enter
07-22 18:08:33.204   990  1169 I DisplayFeatureHal: successfully write 0x100 into /sys/class/drm/card0-DSI-1/disp_param
07-22 18:08:33.210  2573  3504 D MiuiKeyguardPictorialWallpaper: scheduleFinishRendering
07-22 18:08:33.210  3675  3862 I NearbyDiscovery: FastPairScanner: isScreenOn=true, scanWithScreenOff=false, isLocationEnabled=true, disableLocationRequirement=false, isDiscoveryScanningEnabled=true, during24GhzWifiWarmingUpPeriod=false [CONTEXT service_id=49 ]
07-22 18:08:33.211  3189  3228 I QcrilOemhookMsgTunnel: [1]processOemHookIndication length=22
07-22 18:08:33.214  2573  3504 D KeyguardWallpaperRenderer: OFFSET  x: 0.0  y: 0.0
07-22 18:08:33.221  2659  3008 D MiuiPhoneStatusBarPolicy: updateManagedProfile: secondSpace = false
07-22 18:08:33.228  1489  1536 E adsprpcd: vendor/qcom/proprietary/commonsys-intf/adsprpc/src/apps_std_imp.c:596:Error 0xffffffff: apps_std getenv failed: ADSP_LIBRARY_PATH Unknown error -1
07-22 18:08:33.228  1489  1536 W adsprpcd: vendor/qcom/proprietary/commonsys-intf/adsprpc/src/apps_std_imp.c:805: Warning: apps_std_fopen_with_env failed with 0x2 for __tisa3p0_modules_control.conf (No such file or directory)
07-22 18:08:33.231   935  2481 V TI-SmartPA: TAS25XX_SMARTPA_ENABLE:  1
07-22 18:08:33.232  3675  3862 D BluetoothAdapter: isLeEnabled(): BLE_ON
07-22 18:08:33.233  3675  3862 I NearbyDiscovery: FastPairScanner: eventType=SCREEN_ON_FROM_DISPLAY_OBSERVER, intReq=false, scanning=false, scanAllowed=true, bleEnabled=true, bleScanAvailable=true, lockScanRate=false [CONTEXT service_id=49 ]
07-22 18:08:33.235   935  2481 V TI-SmartPA: TAS25XX_ALGO_PROFILE:  1
07-22 18:08:33.235   935  2481 I TI-SmartPA: tas_spk_prot_process: enable_sa_path done!!
07-22 18:08:33.235   935  2481 E libc    : Access denied finding property "tas.smartpa.debug.txdevice"
07-22 18:08:33.235   935  2481 I TI-SmartPA: tas_spk_prot_process: Using PCM device 37
07-22 18:08:33.235   935  2481 E libc    : Access denied finding property "tas.smartpa.debug.txformat24"
07-22 18:08:33.221   935   935 W writer  : type=1400 audit(0.0:490358): avc: denied { read } for name="u:object_r:default_prop:s0" dev="tmpfs" ino=9947 scontext=u:r:hal_audio_default:s0 tcontext=u:object_r:default_prop:s0 tclass=file permissive=0
07-22 18:08:33.221   935   935 W writer  : type=1400 audit(0.0:490359): avc: denied { read } for name="u:object_r:default_prop:s0" dev="tmpfs" ino=9947 scontext=u:r:hal_audio_default:s0 tcontext=u:object_r:default_prop:s0 tclass=file permissive=0
07-22 18:08:33.237   935  2481 V TI-SmartPA: TERT_MI2S_TX Format: S24_LE 0
07-22 18:08:33.237   935  2481 E TI-SmartPA: Using 24 bit playback
07-22 18:08:33.237   935  2481 I TI-SmartPA: tas_spk_prot_process: Tx format = 24 bit
07-22 18:08:33.242  3675  3862 I NearbyDiscovery: FastPairScanner: isScreenOn=true, scanWithScreenOff=false, isLocationEnabled=true, disableLocationRequirement=false, isDiscoveryScanningEnabled=true, during24GhzWifiWarmingUpPeriod=false [CONTEXT service_id=49 ]
07-22 18:08:33.243  2573  2650 D HomeWallpaperRenderer: OFFSET  x: 0.0  y: 0.0
07-22 18:08:33.244  2910  3030 D QtiRadioIndication: onNrIconTypeChange: slotId = 0
07-22 18:08:33.245  2910  3030 D QtiRadioIndication: onNrIconTypeChange:  NrIconType = NrIconType: 0
07-22 18:08:33.245  2910  3030 D MainServiceImpl: onNrIconType slotId = 0 NrIconType = NrIconType: 0
07-22 18:08:33.245  2910  3030 D QtiRadioIndication: onNrIconTypeChange: slotId = 1
07-22 18:08:33.245  2910  3294 D MainServiceImplHandler: : handleMessage msg.what = 7
07-22 18:08:33.245  2910  3294 D MainServiceImplHandler: : EVENT_ON_NR_ICON_TYPE
07-22 18:08:33.245  2910  3294 D MainServiceImpl: onNrIconType: Responding back for transaction = null
07-22 18:08:33.245  2659  4043 D FiveGServiceClient: onNrIconType: slotId = 0 token = Token: -1 statusStatus: 1 NrIconType = NrIconType: 0
07-22 18:08:33.246   969   999 E ANDR-PERF-OPTSHANDLER: Perflock resource /sys/class/devfreq/soc:qcom,llccbw/min_freq not supported
07-22 18:08:33.246   969   999 E ANDR-PERF-RESOURCEQS: Failed to reset optimization [12, 0]
07-22 18:08:33.246   969   999 E ANDR-PERF-OPTSHANDLER: Perflock resource /sys/class/devfreq/soc:qcom,cpubw/min_freq not supported
07-22 18:08:33.246   969   999 E ANDR-PERF-RESOURCEQS: Failed to reset optimization [6, 0]
07-22 18:08:33.247  2910  3030 D QtiRadioIndication: onNrIconTypeChange:  NrIconType = NrIconType: 0
07-22 18:08:33.247  2910  3030 D MainServiceImpl: onNrIconType slotId = 1 NrIconType = NrIconType: 0
07-22 18:08:33.255   945   965 I SDM     : HWCDisplay::SetColorModeById: Applying mode: 40
07-22 18:08:33.255  2930  2930 I QCC:QccNasService: phoneListener onServiceStateChanged : {mVoiceRegState=0(IN_SERVICE), mDataRegState=0(IN_SERVICE), mChannelNumber=3200, duplexMode()=1, mCellBandwidths=[2147483647], mOperatorAlphaLong=Oi, mOperatorAlphaShort=Oi, isManualNetworkSelection=false(automatic), getRilVoiceRadioTechnology=14(LTE), getRilDataRadioTechnology=14(LTE), mCssIndicator=unsupported, mNetworkId=-1, mSystemId=-1, mCdmaRoamingIndicator=-1, mCdmaDefaultRoamingIndicator=-1, mIsEmergencyOnly=false, isUsingCarrierAggregation=false, mLteEarfcnRsrpBoost=0, mNetworkRegistrationInfos=[NetworkRegistrationInfo{ domain=CS transportType=WWAN registrationState=HOME roamingType=NOT_ROAMING accessNetworkTechnology=LTE rejectCause=0 emergencyEnabled=false availableServices=[VOICE,SMS,VIDEO] cellIdentity=CellIdentityLte:{ mBandwidth=2147483647 mMcc=724 mMnc=31 mAlphaLong=Oi mAlphaShort=Oi mAdditionalPlmns={} mCsgInfo=null} voiceSpecificInfo=VoiceSpecificRegistrationInfo { mCssSupported=false mRoamingIndicator=1 mSystemIsInPrl=-1 mDefaultRoamingIndicator=-1} dataSpecificInfo=null nrState=NONE rRplmn=72431}, NetworkRegistrationInfo{ domain=PS transportType=WWAN registrationState=HOME roamingType=NOT_ROAMING accessNetworkTechnology=LTE rejectCause=0 emergencyEnabled=false availableServices=[DATA] cellIdentity=CellIdentityLte:{ mBandwidth=2147483647 mMcc=724 mMnc=31 mAlphaLong=Oi mAlphaShort=Oi mAdditionalPlmns={} mCsgInfo=null} voiceSpecificInfo=null dataSpecificInfo=android.telephony.DataSpecificRegistrationInfo :{ maxDataCalls = 20 isDcNrRestricted = false isNrAvailable = false isEnDcAvailable = false LteVopsSupportInfo :  mVopsSupport = 2 mEmcBearerSupport = 3 mIsUsingCarrierAggregation = false } nrState=NONE rRplmn=72431}], mNrFrequencyRange=0, mOperatorAlphaLongRaw=Oi, mOperatorAlphaShortRaw=Oi, mIsDataRoamingFromRegistration=false, mIsIwlanPreferred=false}
07-22 18:08:33.256  2930  2930 I QCC:QccNasService: phoneListener STATE_IN_SERVICE
07-22 18:08:33.257  1051  1051 E SurfaceFlinger: [ScreenOnProximitySensorGuide#0] rejecting buffer: bufWidth=1080, bufHeight=2400, front.active_legacy.{w=1080, h=2270}
07-22 18:08:33.259   990  1169 D DisplayFeatureHal: set mode:42 ppMode:40 over done.... status:0 ret 0
07-22 18:08:33.259   990  1169 D DisplayFeatureHal: HandleACNormal exit ret 0
07-22 18:08:33.259   990  1169 D DisplayFeatureHal: HandleEyeCare enter modeId 155
07-22 18:08:33.259  3858  3931 D RilInfoMonitor: onServiceStateChanged () called, serviceState: {mVoiceRegState=0(IN_SERVICE), mDataRegState=0(IN_SERVICE), mChannelNumber=3200, duplexMode()=1, mCellBandwidths=[2147483647], mOperatorAlphaLong=Oi, mOperatorAlphaShort=Oi, isManualNetworkSelection=false(automatic), getRilVoiceRadioTechnology=14(LTE), getRilDataRadioTechnology=14(LTE), mCssIndicator=unsupported, mNetworkId=-1, mSystemId=-1, mCdmaRoamingIndicator=-1, mCdmaDefaultRoamingIndicator=-1, mIsEmergencyOnly=false, isUsingCarrierAggregation=false, mLteEarfcnRsrpBoost=0, mNetworkRegistrationInfos=[NetworkRegistrationInfo{ domain=CS transportType=WWAN registrationState=HOME roamingType=NOT_ROAMING accessNetworkTechnology=LTE rejectCause=0 emergencyEnabled=false availableServices=[VOICE,SMS,VIDEO] cellIdentity=CellIdentityLte:{ mBandwidth=2147483647 mMcc=724 mMnc=31 mAlphaLong=Oi mAlphaShort=Oi mAdditionalPlmns={} mCsgInfo=null} voiceSpecificInfo=VoiceSpecificRegistrationInfo { mCssSupported=false mRoamingIndicator=1 mSystemIsInPrl=-1 mDefaultRoamingIndicator=-1} dataSpecificInfo=null nrState=NONE rRplmn=72431}, NetworkRegistrationInfo{ domain=PS transportType=WWAN registrationState=HOME roamingType=NOT_ROAMING accessNetworkTechnology=LTE rejectCause=0 emergencyEnabled=false availableServices=[DATA] cellIdentity=CellIdentityLte:{ mBandwidth=2147483647 mMcc=724 mMnc=31 mAlphaLong=Oi mAlphaShort=Oi mAdditionalPlmns={} mCsgInfo=null} voiceSpecificInfo=null dataSpecificInfo=android.telephony.DataSpecificRegistrationInfo :{ maxDataCalls = 20 isDcNrRestricted = false isNrAvailable = false isEnDcAvailable = false LteVopsSupportInfo :  mVopsSupport = 2 mEmcBearerSupport = 3 mIsUsingCarrierAggregation = false } nrState=NONE rRplmn=72431}], mNrFrequencyRange=0, mOperatorAlphaLongRaw=Oi, mOperatorAlphaShortRaw=Oi, mIsDataRoamingFromRegistration=false, mIsIwlanPreferred=false}
07-22 18:08:33.261  2659  2802 D NetworkController.MobileSignalController(1): onServiceStateChanged voiceState={mVoiceRegState=0(IN_SERVICE), mDataRegState=0(IN_SERVICE), mChannelNumber=3200, duplexMode()=1, mCellBandwidths=[2147483647], mOperatorAlphaLong=Oi, mOperatorAlphaShort=Oi, isManualNetworkSelection=false(automatic), getRilVoiceRadioTechnology=14(LTE), getRilDataRadioTechnology=14(LTE), mCssIndicator=unsupported, mNetworkId=-1, mSystemId=-1, mCdmaRoamingIndicator=-1, mCdmaDefaultRoamingIndicator=-1, mIsEmergencyOnly=false, isUsingCarrierAggregation=false, mLteEarfcnRsrpBoost=0, mNetworkRegistrationInfos=[NetworkRegistrationInfo{ domain=CS transportType=WWAN registrationState=HOME roamingType=NOT_ROAMING accessNetworkTechnology=LTE rejectCause=0 emergencyEnabled=false availableServices=[VOICE,SMS,VIDEO] cellIdentity=CellIdentityLte:{ mBandwidth=2147483647 mMcc=724 mMnc=31 mAlphaLong=Oi mAlphaShort=Oi mAdditionalPlmns={} mCsgInfo=null} voiceSpecificInfo=VoiceSpecificRegistrationInfo { mCssSupported=false mRoamingIndicator=1 mSystemIsInPrl=-1 mDefaultRoamingIndicator=-1} dataSpecificInfo=null nrState=NONE rRplmn=72431}, NetworkRegistrationInfo{ domain=PS transportType=WWAN registrationState=HOME roamingType=NOT_ROAMING accessNetworkTechnology=LTE rejectCause=0 emergencyEnabled=false availableServices=[DATA] cellIdentity=CellIdentityLte:{ mBandwidth=2147483647 mMcc=724 mMnc=31 mAlphaLong=Oi mAlphaShort=Oi mAdditionalPlmns={} mCsgInfo=null} voiceSpecificInfo=null dataSpecificInfo=android.telephony.DataSpecificRegistrationInfo :{ maxDataCalls = 20 isDcNrRestricted = false isNrAvailable = false isEnDcAvailable = false LteVopsSupportInfo :  mVopsSupport = 2 mEmcBearerSupport = 3 mIsUsingCarrierAggregation = false } nrState=NONE rRplmn=72431}], mNrFrequencyRange=0, mOperatorAlphaLongRaw=Oi, mOperatorAlphaShortRaw=Oi, mIsDataRoamingFromRegistration=false, mIsIwlanPreferred=false}
07-22 18:08:33.261  2659  2802 D NetworkController.MobileSignalController(1): update5GConnectState: false
07-22 18:08:33.262  2573  3504 D KeyguardWallpaperRenderer: OFFSET  x: 0.0  y: 0.0
07-22 18:08:33.262  2659  2802 D NetworkController.MobileSignalController(1): updateTelephonySignalStrength: hasService=true ss=SignalStrength:{mCdma=CellSignalStrengthCdma: cdmaDbm=2147483647 cdmaEcio=2147483647 evdoDbm=2147483647 evdoEcio=2147483647 evdoSnr=2147483647 miuiLevel=0 level=0,mGsm=CellSignalStrengthGsm: rssi=2147483647 ber=2147483647 mTa=2147483647 miuiLevel=0 mLevel=0,mWcdma=CellSignalStrengthWcdma: ss=2147483647 ber=2147483647 rscp=2147483647 ecno=2147483647 miuiLevel=0 level=0,mTdscdma=CellSignalStrengthTdscdma: rssi=2147483647 ber=2147483647 rscp=2147483647 miuiLevel=0 level=0,mLte=CellSignalStrengthLte: rssi=-75 rsrp=-102 rsrq=-11 rssnr=8 cqi=2147483647 ta=2147483647 miuiLevel=4 level=3 parametersUseForLevel=0,mNr=CellSignalStrengthNr:{ csiRsrp = 2147483647 csiRsrq = 2147483647 csiSinr = 2147483647 ssRsrp = 2147483647 ssRsrq = 2147483647 ssSinr = 2147483647 miuiLevel = 0 level = 0 parametersUseForLevel = 0 },primary=CellSignalStrengthLte} displayInfo=TelephonyDisplayInfo {network=LTE, override=NONE}
07-22 18:08:33.262  2659  2802 D NetworkController.MobileSignalController(1): NotQcom5G, signal level = 4
07-22 18:08:33.263  2866  3945 D QCNEJ/WwanInfoRelay: onServiceStateChanged: dataState: 0 DDS:1 Notify service state update
07-22 18:08:33.264  1051  1201 E SurfaceFlinger: Permission Denial: SurfaceFlinger did not recognize request code: 1101
07-22 18:08:33.266   990  1169 D DisplayFeatureHal: HandleEyeCare exit ret -1
07-22 18:08:33.266   935  2481 I TI-SmartPA: tas_spk_prot_process: Feedback Enabled Successfully
07-22 18:08:33.266   935  2481 D msm8974_platform: platform_split_snd_device: snd_device(2) num devices(0) new_snd_devices(0)
07-22 18:08:33.266   935  2481 D audio_hw_primary: enable_snd_device: snd_device(2: speaker)
07-22 18:08:33.266   990  1169 D DisplayFeatureHal: HandleACNormal enter
07-22 18:08:33.266   935  2481 D msm8974_platform: platform_get_island_cfg_on_device:island cfg status on snd_device = (speaker 0)
07-22 18:08:33.266   935  2481 I soundtrigger: audio_extn_sound_trigger_update_device_status: device 0x2 of type 0 for Event 1, with Raise=0
07-22 18:08:33.266  2659  2659 D StatusBar: disable<e i a s b!h!r c s > disable2<q i n >
07-22 18:08:33.266   935  2481 D audio_route: Apply path: speaker
07-22 18:08:33.266   990  1169 I DisplayFeatureHal: successfully write 0x100 into /sys/class/drm/card0-DSI-1/disp_param
07-22 18:08:33.267  2659  4043 D FiveGServiceClient: update5GIcon FiveGServiceState: mBearerAllocationStatus=0, mPlmn=0, mUpperLayerInd=0, mDcnr=-1, mLevel=0, mNrConfigType=0, mIconGroup=IconGroup(Unknown), mNrIconType=0, mIsUserFiveGEnabled=true, mIsDualNrEnabled=false, cmccSim=false
07-22 18:08:33.267  2910  3294 D MainServiceImplHandler: : handleMessage msg.what = 7
07-22 18:08:33.267  2910  3294 D MainServiceImplHandler: : EVENT_ON_NR_ICON_TYPE
07-22 18:08:33.267  2910  3294 D MainServiceImpl: onNrIconType: Responding back for transaction = null
07-22 18:08:33.267  2659  4043 D FiveGServiceClient: onNrIconType: slotId = 1 token = Token: -1 statusStatus: 1 NrIconType = NrIconType: 0
07-22 18:08:33.268  3675  3862 D BluetoothAdapter: isLeEnabled(): BLE_ON
07-22 18:08:33.274  1817  2479 D MIUIInput: [FoucsChange]: Display  0 FocusedWindow From null(0,0)  to Window{153c916 mode=1 rootTaskId=1 u0 ScreenOnProximitySensorGuide}(1,1)
07-22 18:08:33.276  2659  4043 D FiveGServiceClient: update5GIcon FiveGServiceState: mBearerAllocationStatus=0, mPlmn=0, mUpperLayerInd=0, mDcnr=-1, mLevel=0, mNrConfigType=0, mIconGroup=IconGroup(Unknown), mNrIconType=0, mIsUserFiveGEnabled=true, mIsDualNrEnabled=false, cmccSim=false
07-22 18:08:33.282   935  2481 I audio_hw_utils: audio_extn_utils_update_stream_output_app_type_cfg Allowing 24 and above bits playback on speaker ONLY at default sampling rate
07-22 18:08:33.282   935  2481 E soundtrigger: audio_extn_sound_trigger_update_stream_status: invalid input device 0x0, for event 3
07-22 18:08:33.282   935  2481 D soundtrigger: audio_extn_sound_trigger_update_stream_status: uc_info->id 1 of type 0 for Event 3, with Raise=0
07-22 18:08:33.282   935  2481 D audio_hw_utils: audio_extn_utils_send_app_type_cfg: usecase->out_snd_device speaker
07-22 18:08:33.282   935  2481 D msm8974_platform: platform_split_snd_device: snd_device(2) num devices(0) new_snd_devices(0)
07-22 18:08:33.282   935  2481 D audio_hw_utils: audio_extn_btsco_get_sample_rate:Not a BT SCO device, need not update sampling rate
07-22 18:08:33.282   935  2481 I audio_hw_utils: send_app_type_cfg_for_device PLAYBACK app_type 69937, acdb_dev_id 10011, sample_rate 48000, snd_device_be_idx 45
07-22 18:08:33.284   935  2481 D msm8974_platform: platform_split_snd_device: snd_device(2) num devices(1) new_snd_devices(0)
07-22 18:08:33.284   935  2481 D audio_hw_utils: audio_extn_btsco_get_sample_rate:Not a BT SCO device, need not update sampling rate
07-22 18:08:33.284   935  2481 D ACDB-LOADER: ACDB -> send_audio_cal, acdb_id = 10011, path = 0, app id = 0x11131, sample rate = 48000, afe_sample_rate = 48000
07-22 18:08:33.284   935  2481 D ACDB-LOADER: ACDB -> send_asm_topology
07-22 18:08:33.284   935  2481 D ACDB-LOADER: ACDB -> ACDB_CMD_GET_AUDPROC_STREAM_TOPOLOGY_ID
07-22 18:08:33.284   935  2481 D ACDB-LOADER: ACDB -> send_adm_topology
07-22 18:08:33.284   935  2481 D ACDB-LOADER: ACDB -> ACDB_CMD_GET_AUDPROC_COMMON_TOPOLOGY_ID
07-22 18:08:33.284   935  2481 D ACDB-LOADER: ACDB -> send_audtable
07-22 18:08:33.284   935  2481 D ACDB-LOADER: ACDB -> ACDB_CMD_GET_AUDPROC_INSTANCE_COMMON_TABLE_SIZE
07-22 18:08:33.284   935  2481 D ACDB-LOADER: ACDB -> ACDB_CMD_GET_AUDPROC_INSTANCE_COMMON_TABLE
07-22 18:08:33.284   935  2481 D ACDB-LOADER: ACDB -> AUDIO_SET_AUDPROC_CAL cal_type[11] acdb_id[10011] app_type[69937]
07-22 18:08:33.284   935  2481 D ACDB-LOADER: ACDB -> send_audvoltable
07-22 18:08:33.284   935  2481 D ACDB-LOADER: ACDB -> ACDB_CMD_GET_AUDPROC_INSTANCE_GAIN_DEP_STEP_TABLE_SIZE
07-22 18:08:33.284   935  2481 D android.hardware.audio.service: Failed to fetch the lookup information of the device 0000271B
07-22 18:08:33.284   935  2481 D ACDB-LOADER: Error: ACDB_CMD_GET_AUDPROC_INSTANCE_GAIN_DEP_STEP_TABLE_SIZE Returned = -19
07-22 18:08:33.284   935  2481 D ACDB-LOADER: ACDB -> ACDB_CMD_GET_AUDPROC_INSTANCE_GAIN_DEP_STEP_TABLE, vol index 0
07-22 18:08:33.284   935  2481 D android.hardware.audio.service: Failed to fetch the lookup information of the device 0000271B
07-22 18:08:33.284   935  2481 D ACDB-LOADER: Error: ACDB AudProc vol returned = -19
07-22 18:08:33.284   935  2481 D ACDB-LOADER: ACDB -> AUDIO_SET_VOL_CAL cal type = 12
07-22 18:08:33.284   935  2481 D ACDB-LOADER: ACDB -> ACDB_CMD_GET_AUDPROC_INSTANCE_STREAM_TABLE_SIZE
07-22 18:08:33.284   935  2481 D ACDB-LOADER: ACDB -> send_audstrmtable
07-22 18:08:33.284   935  2481 D ACDB-LOADER: ACDB -> ACDB_CMD_GET_AUDPROC_INSTANCE_STREAM_TABLE
07-22 18:08:33.284   935  2481 D ACDB-LOADER: ACDB -> audstrm_cal->cal_type.cal_data.cal_size = 20
07-22 18:08:33.284   935  2481 D ACDB-LOADER: ACDB -> send_afe_topology
07-22 18:08:33.284   935  2481 D ACDB-LOADER: ACDB -> ACDB_CMD_GET_AFE_TOPOLOGY_ID
07-22 18:08:33.284   935  2481 D ACDB-LOADER: ACDB -> GET_AFE_TOPOLOGY_ID for adcd_id 10011, Topology Id 112fc
07-22 18:08:33.284   935  2481 D ACDB-LOADER: ACDB -> send_afe_cal
07-22 18:08:33.284   935  2481 D ACDB-LOADER: ACDB -> ACDB_CMD_GET_AFE_INSTANCE_COMMON_TABLE_SIZE
07-22 18:08:33.284   935  2481 D android.hardware.audio.service: Failed to fetch the lookup information of the device 0000271B
07-22 18:08:33.284   935  2481 D ACDB-LOADER: Error: ACDB_CMD_GET_AFE_INSTANCE_COMMON_TABLE_SIZE Returned = -19
07-22 18:08:33.284   935  2481 D ACDB-LOADER: ACDB -> ACDB_CMD_GET_AFE_INSTANCE_COMMON_TABLE
07-22 18:08:33.284   935  2481 D android.hardware.audio.service: Failed to fetch the lookup information of the device 0000271B
07-22 18:08:33.284   935  2481 D ACDB-LOADER: Error: ACDB AFE returned = -19
07-22 18:08:33.284   935  2481 D ACDB-LOADER: ACDB -> AUDIO_SET_AFE_CAL cal_type[16] acdb_id[10011]
07-22 18:08:33.284   935  2481 D ACDB-LOADER: ACDB -> send_hw_delay : acdb_id = 10011 path = 0
07-22 18:08:33.284   935  2481 D ACDB-LOADER: ACDB -> ACDB_AVSYNC_INFO: ACDB_CMD_GET_DEVICE_PROPERTY
07-22 18:08:33.284   935  2481 D msm8974_platform: platform_split_snd_device: snd_device(2) num devices(0) new_snd_devices(0)
07-22 18:08:33.284   935  2481 I msm8974_platform: platform_get_custom_mtmx_params: no matching param with id 0 ip_ch 2 op_ch 2 uc_id 1 snd_dev 2
07-22 18:08:33.284   935  2481 D audio_hw_primary: enable_audio_route: apply mixer and update path: low-latency-playback speaker
07-22 18:08:33.284   935  2481 D audio_route: Apply path: low-latency-playback speaker
07-22 18:08:33.286   935  2481 D audio_hw_primary: select_devices: done
07-22 18:08:33.286  2659  2659 V KeyguardUpdateMonitor: *** unregister callback for com.android.keyguard.faceunlock.MiuiKeyguardFaceUnlockView$2@f1d9471
07-22 18:08:33.286  2659  2659 V KeyguardUpdateMonitor: *** unregister callback for com.android.keyguard.EmergencyButton$1@338d256
07-22 18:08:33.289   974  2755 I vendor.qti.hardware.servicetracker@1.2-service: bindService is called for service : com.xiaomi.discover/com.xiaomi.market.data.AppDownloadService and for client com.mi.android.globallauncher
07-22 18:08:33.289   974  2755 I vendor.qti.hardware.servicetracker@1.2-service: total connections for service : com.xiaomi.discover/com.xiaomi.market.data.AppDownloadServiceare :1
07-22 18:08:33.289   974  2755 I vendor.qti.hardware.servicetracker@1.2-service: total connections for client : com.mi.android.globallauncherare :3
07-22 18:08:33.290  5832 14949 D BtGatt.GattService: registerScanner() - UUID=0aa63478-73d4-4baa-a17a-556af39911a5
07-22 18:08:33.291  2947  2947 D ScreenElementRoot: resume
07-22 18:08:33.293  2947  3377 I RenderThread: RenderThread resumed
07-22 18:08:33.293  2947  3377 I RenderThread: All controllers paused.
07-22 18:08:33.293  2947  3377 I RenderThread: RenderThread paused, waiting for signal
07-22 18:08:33.294  2659  2659 D KeyguardUpdateMonitor: received broadcast android.intent.action.TIME_TICK
07-22 18:08:33.300  4996  4996 D home_receiver: receive broadcast
07-22 18:08:33.301  4380  4380 D SYS_EVENT: send event 64 notification to client
07-22 18:08:33.302  4268  4268 I GsaVoiceInteractionSrv: (REDACTED) O received %s
07-22 18:08:33.302  4531  4531 E SUI_svcsock: svc_sock_send_message(suisvc): invalid remote socket suilst
07-22 18:08:33.303   974  2755 I vendor.qti.hardware.servicetracker@1.2-service: bindService is called for service : com.google.android.googlequicksearchbox/com.google.android.apps.gsa.sidekick.main.remoteservice.NowService and for client com.google.android.googlequicksearchbox:search
07-22 18:08:33.303   974  2755 I vendor.qti.hardware.servicetracker@1.2-service: total connections for service : com.google.android.googlequicksearchbox/com.google.android.apps.gsa.sidekick.main.remoteservice.NowServiceare :1
07-22 18:08:33.303   974  2755 I vendor.qti.hardware.servicetracker@1.2-service: total connections for client : com.google.android.googlequicksearchbox:searchare :4
07-22 18:08:33.304  4996  3290 E PackageUtils: package not install, pkg=com.xiaomi.smarthome
07-22 18:08:33.305  4350  4350 D NfcService: MSG_APPLY_SCREEN_STATE 8
07-22 18:08:33.305  4350  4350 D NfcService: applyRouting enter
07-22 18:08:33.305  4268  5051 I A       : Disconnecting from SysUi, flag disabled [IVR]
07-22 18:08:33.305  4268  5051 I A       : Disconnecting from SysUi, eligibilityNotifier absent [IVR]
07-22 18:08:33.305  4268  5051 I A       : Disconnecting from SysUi, VM not enabled [IVR]
07-22 18:08:33.306  4268  5051 I A       : No binding to unbind [IVR]
07-22 18:08:33.306  4268  5051 I A       : Disconnected from SysUi [IVR]
07-22 18:08:33.307  3307  3307 W AD-PLUGIN-PushAdManager: Receive notification preload cache null
07-22 18:08:33.307  4996  5338 I b       :  cm need send notification = true
07-22 18:08:33.307  1817  4582 D systemui_boost: notification panel visible=true
07-22 18:08:33.307  1817  4582 D systemui_boost: ui thread tid=2659
07-22 18:08:33.307  1817  4582 D systemui_boost: render thread tid=3325
07-22 18:08:33.308  1817  4582 D systemui_boost: ui thread old priority=-10
07-22 18:08:33.308  1817  4582 D systemui_boost: render thread old priority=-10
07-22 18:08:33.308  1817  4582 D systemui_boost: thread tid=2659, priority is set to -10
07-22 18:08:33.308  1817  4582 D systemui_boost: thread tid=3325, priority is set to -10
07-22 18:08:33.308  1817  4582 D systemui_boost: ui thread and render thread are boosted
07-22 18:08:33.308  3675 29667 I NearbySharing: Screen is unlocked [CONTEXT service_id=194 ]
07-22 18:08:33.308  3675 29667 I NearbyMediums: FEATURE_UWB exists: false [CONTEXT service_id=54 ]
07-22 18:08:33.309  3675 29667 I NearbyMediums: FEATURE_SAMSUNG_UWB  exists: false [CONTEXT service_id=54 ]
07-22 18:08:33.309  4350  5004 D NfcService: applyRouting enter
07-22 18:08:33.309  3675 29667 I NearbyMediums: FEATURE_UWB exists: false [CONTEXT service_id=54 ]
07-22 18:08:33.310  5832  6219 V bt_stack: [VERBOSE1:bta_gattc_act.cc(200)] bta_gattc_register: state:2
07-22 18:08:33.310  3675 29667 I NearbyMediums: FEATURE_SAMSUNG_UWB  exists: false [CONTEXT service_id=54 ]
07-22 18:08:33.310  5832  6219 I bt_stack: [INFO:gatt_api.cc(956)] GATT_Register b15092ec-f924-ef25-c996-a154a9018a0c
07-22 18:08:33.310  5832  6219 I bt_stack: [INFO:gatt_api.cc(976)] allocated gatt_if=5
07-22 18:08:33.310  3675 29667 I NearbyMediums: FEATURE_UWB exists: false [CONTEXT service_id=54 ]
07-22 18:08:33.310  3675 29667 I NearbyMediums: FEATURE_SAMSUNG_UWB  exists: false [CONTEXT service_id=54 ]
07-22 18:08:33.310  3675 29667 I NearbyMediums: FEATURE_UWB exists: false [CONTEXT service_id=54 ]
07-22 18:08:33.310  5832  6219 V bt_stack: [VERBOSE1:gatt_api.cc(1086)] GATT_StartIf gatt_if=5
07-22 18:08:33.310  3675 29667 I NearbyMediums: FEATURE_SAMSUNG_UWB  exists: false [CONTEXT service_id=54 ]
07-22 18:08:33.310  5832  6219 V bt_stack: [VERBOSE1:gatt_utils.cc(254)] gatt_find_the_connected_bda start_idx=0
07-22 18:08:33.310  5832  5894 D BtGatt.GattService: onScannerRegistered() - UUID=0aa63478-73d4-4baa-a17a-556af39911a5, scannerId=5, status=0
07-22 18:08:33.310  3675 29667 I NearbySharing: Failed to stop scanning because weren't scanning. [CONTEXT service_id=194 ]
07-22 18:08:33.310  5832  6219 V bt_stack: [VERBOSE1:gatt_utils.cc(266)]  found=0 found_idx=10
07-22 18:08:33.310  3675 29667 I NearbySharing: Stopping discovery because Bluetooth is disabled. [CONTEXT service_id=194 ]
07-22 18:08:33.310  3675 29667 I NearbySharing: Can't stop advertising FastInitiation. Not advertising. [CONTEXT service_id=194 ]
07-22 18:08:33.310  3675 29667 I NearbySharing: Stopping Fast Init advertisement because Bluetooth is off. [CONTEXT service_id=194 ]
07-22 18:08:33.310  3675 29667 I NearbySharing: Stopping advertising because Bluetooth is disabled. [CONTEXT service_id=194 ]
07-22 18:08:33.310  3675  3693 D BluetoothLeScanner: onScannerRegistered() - status=0 scannerId=5 mScannerId=0
07-22 18:08:33.311  4996  5338 I NotificationHelper: onReceive: 	 wechatNeed = false	 wechatSize = 0
07-22 18:08:33.312  4996  5338 I NotificationHelper: onReceive: 	 generalNeed = true	 generalSize = 181174761
07-22 18:08:33.312  4996  5338 I NotificationHelper: isFrequencyValid: 	 lastTimeKey = general_last_time	 lastTime = 1658489303287	 current = 1658524113312
07-22 18:08:33.312  4996  5338 I NotificationHelper: isFrequencyValid: 	 showCntKey = general_show_cnt	 cloudCnt = 5	 showdCnt = 4
07-22 18:08:33.312  4996  5338 I NotificationHelper: checkAndSendGeneralNotification: alreadyHas false
07-22 18:08:33.313  4996  5338 I NotificationHelper: onReceive: 	 whatsappNeed = false	 whatsAppSize = 0
07-22 18:08:33.313  2659  3008 D MiuiPhoneStatusBarPolicy: updateManagedProfile: secondSpace = false
07-22 18:08:33.315  2947  2947 D ForceTouchLayer: fitSystemWindows mInsets: Rect(0, 91 - 0, 130),insets: Rect(0, 91 - 0, 130)
07-22 18:08:33.318  2659  3008 D MiuiPhoneStatusBarPolicy: updateManagedProfile: secondSpace = false
07-22 18:08:33.319   945   965 I SDM     : HWCDisplay::SetColorModeById: Applying mode: 40
07-22 18:08:33.319  1817  3255 D CompatibilityInfo: mCompatibilityFlags - 0
07-22 18:08:33.319  1817  3255 D CompatibilityInfo: applicationDensity - 440
07-22 18:08:33.319  1817  3255 D CompatibilityInfo: applicationScale - 1.0
07-22 18:08:33.320   974  2755 I vendor.qti.hardware.servicetracker@1.2-service: startService() is called for servicecom.google.android.googlequicksearchbox/com.google.android.apps.gsa.sidekick.main.remoteservice.NowService
07-22 18:08:33.320   935  2481 D msm8974_platform: platform_set_channel_map mixer_ctl_name:Playback Channel Map13
07-22 18:08:33.321   935  2481 D msm8974_platform: platform_set_channel_map: set mapping(1 2 0 0 0 0 0 0) for channel:2
07-22 18:08:33.321  1051  1051 W HwcComposer: command 0x2040000 generated error 7
07-22 18:08:33.321  1051  1051 E HWComposer: presentAndGetReleaseFences: present failed for display 19260669959609473: NotValidated (7)
07-22 18:08:33.322   990  1169 D DisplayFeatureHal: set mode:42 ppMode:40 over done.... status:0 ret 0
07-22 18:08:33.322   990  1169 D DisplayFeatureHal: HandleACNormal exit ret 0
07-22 18:08:33.322   990  1169 D DisplayFeatureHal: HandleColorTemp enter
07-22 18:08:33.323   935  2481 D audio_hw_primary: start_output_stream: exit
07-22 18:08:33.323   935  2481 D msm8974_platform: Setting audio calibration for snd_device(2) acdb_id(10011)
07-22 18:08:33.323   935  2481 E ACDB-LOADER: [acdb_loader_adsp_set_audio_cal] active device/stream not found (result=-100) for topology 0x1000a100 and apptype 0x11134
07-22 18:08:33.323   935  2481 E ACDB-LOADER: [acdb_loader_adsp_set_audio_cal] set parameters failed with status -100
07-22 18:08:33.323   935  2481 D audio_hw_hfp: hfp_set_parameters: enter
07-22 18:08:33.323   935  2481 D msm8974_platform: Setting audio calibration for snd_device(2) acdb_id(10011)
07-22 18:08:33.323   935  2481 E ACDB-LOADER: [acdb_loader_adsp_set_audio_cal] active device/stream not found (result=-100) for topology 0x1000a106 and apptype 0x11134
07-22 18:08:33.323   935  2481 E ACDB-LOADER: [acdb_loader_adsp_set_audio_cal] set parameters failed with status -100
07-22 18:08:33.323   935  2481 D audio_hw_hfp: hfp_set_parameters: enter
07-22 18:08:33.323   935  2481 D msm8974_platform: Setting audio calibration for snd_device(2) acdb_id(10011)
07-22 18:08:33.323   935  2481 E ACDB-LOADER: [acdb_loader_adsp_set_audio_cal] active device/stream not found (result=-100) for topology 0x1000a106 and apptype 0x11131
07-22 18:08:33.323   935  2481 E ACDB-LOADER: [acdb_loader_adsp_set_audio_cal] set parameters failed with status -100
07-22 18:08:33.323   935  2481 D audio_hw_hfp: hfp_set_parameters: enter
07-22 18:08:33.323   935  2481 D msm8974_platform: platform_split_snd_device: snd_device(2) num devices(0) new_snd_devices(0)
07-22 18:08:33.324   935  2481 I msm8974_platform: platform_get_custom_mtmx_params: no matching param with id 0 ip_ch 2 op_ch 2 uc_id 1 snd_dev 2
07-22 18:08:33.324  1817  4793 D systemui_boost: notification panel visible=false
07-22 18:08:33.324  1817  4793 D systemui_boost: ui thread tid=2659
07-22 18:08:33.324  1817  4793 D systemui_boost: render thread tid=3325
07-22 18:08:33.324  1817  4793 D systemui_boost: thread tid=2659, priority is set to -10
07-22 18:08:33.324  1817  4793 D systemui_boost: thread tid=3325, priority is set to -10
07-22 18:08:33.324  1817  4793 D systemui_boost: ui thread and render thread are reset
07-22 18:08:33.324  2659  4043 D KeyguardViewMediator: notifyScreenTurnedOn
07-22 18:08:33.325  2659  3008 D MiuiPhoneStatusBarPolicy: updateManagedProfile: secondSpace = false
07-22 18:08:33.326  5832 14949 D BtGatt.GattService: start scan with filters. callingPackage: com.google.android.gms
07-22 18:08:33.326  1051  2093 E SurfaceFlinger: Permission Denial: SurfaceFlinger did not recognize request code: 1101
07-22 18:08:33.326  1817  2211 D CompatibilityInfo: mCompatibilityFlags - 0
07-22 18:08:33.326  1817  2211 D CompatibilityInfo: applicationDensity - 440
07-22 18:08:33.326  1817  2211 D CompatibilityInfo: applicationScale - 1.0
07-22 18:08:33.330   974  2755 I vendor.qti.hardware.servicetracker@1.2-service: startService() is called for servicecom.google.android.gms/.chimera.PersistentIntentOperationService
07-22 18:08:33.330   990  1169 D DisplayFeatureHal: HandleEyeCare enter modeId 155
07-22 18:08:33.331  5832 14949 E BtGatt.GattService:  [Landroid.content.pm.ServiceInfo;@6acbdc7
07-22 18:08:33.336   948   948 E qdlights: set backlight level :path = /sys/class/backlight/panel0-backlight/brightness, value = 467
07-22 18:08:33.337   990  1170 I DisplayFeatureHal: threadFuncBacklight: set brightness to 467
07-22 18:08:33.337  1051  1198 E SurfaceFlinger: Permission Denial: SurfaceFlinger did not recognize request code: 1101
07-22 18:08:33.339   990  1169 D DisplayFeatureHal: HandleEyeCare exit ret -1
07-22 18:08:33.339   990  1169 D DisplayFeatureHal: HandlePaperMode enter mode 0
07-22 18:08:33.339   990  1169 E DisplayFeatureHal: setPCCConfigPaperMode Enter
07-22 18:08:33.340   974  2755 I vendor.qti.hardware.servicetracker@1.2-service: bindService is called for service : com.google.android.googlequicksearchbox/com.google.android.apps.gsa.search.core.service.SearchService and for client com.google.android.googlequicksearchbox:interactor
07-22 18:08:33.340   974  2755 I vendor.qti.hardware.servicetracker@1.2-service: total connections for service : com.google.android.googlequicksearchbox/com.google.android.apps.gsa.search.core.service.SearchServiceare :1
07-22 18:08:33.340   974  2755 I vendor.qti.hardware.servicetracker@1.2-service: total connections for client : com.google.android.googlequicksearchbox:interactorare :3
07-22 18:08:33.343  5832  5950 I BtGatt.ScanManager: msg.what = 0
07-22 18:08:33.344  5832  5950 D BtGatt.ScanManager: handling starting scan
07-22 18:08:33.344  1051  1198 E SurfaceFlinger: Permission Denial: SurfaceFlinger did not recognize request code: 1101
07-22 18:08:33.345  5832  5950 D BtGatt.ScanManager: isAptXLowLatencyModeEnabled: false
07-22 18:08:33.346   938   938 D vendor.qti.bluetooth@1.0-ibs_handler: SerialClockVote: vote for UART CLK ON
07-22 18:08:33.346   938   938 D vendor.qti.bluetooth@1.0-wake_lock: Acquire wakelock is acquired
07-22 18:08:33.346   938   938 I vendor.qti.bluetooth@1.0-ibs_handler: DeviceWakeUp: Writing IBS_WAKE_IND
07-22 18:08:33.348  3675  3862 I NearbyDiscovery: FastPairScanner: Starting LOW_LATENCY_SCANNING scan for 6 seconds [CONTEXT service_id=49 ]
07-22 18:08:33.350   938  6215 I vendor.qti.bluetooth@1.0-ibs_handler: ProcessIbsCmd: Received IBS_WAKE_ACK: 0xFC
07-22 18:08:33.350   938  6215 I vendor.qti.bluetooth@1.0-ibs_handler: ProcessIbsCmd: Received IBS_WAKE_IND: 0xFD
07-22 18:08:33.350   938  6215 I vendor.qti.bluetooth@1.0-ibs_handler: ProcessIbsCmd: Writing IBS_WAKE_ACK
07-22 18:08:33.352  5832  5894 D BtGatt.GattService: onScanFilterEnableDisabled() - clientIf=5, status=0, action=1
07-22 18:08:33.352  5832  5894 D BtGatt.ScanManager: callback done for scannerId - 5 status - 0
07-22 18:08:33.353  5832  5950 D BtGatt.ScanManager: Available Filter size: 13
07-22 18:08:33.353  3675 29667 D BluetoothAdapter: isLeEnabled(): BLE_ON
07-22 18:08:33.353  5832  5894 D BtGatt.GattService: onScanFilterConfig() - clientIf=5, action = 0 status = 0, filterType=0, availableSpace=0
07-22 18:08:33.353  5832  5894 D BtGatt.ScanManager: callback done for scannerId - 5 status - 0
07-22 18:08:33.353  5832  5950 D BtGatt.ScanManager: configureFilterParamter 500 10000 1 0, deliveryMode=0
07-22 18:08:33.356  5832  5894 D BtGatt.GattService: onScanFilterParamsConfigured() - clientIf=5, status=0, action=0, availableSpace=15
07-22 18:08:33.356  5832  5894 D BtGatt.ScanManager: callback done for scannerId - 5 status - 0
07-22 18:08:33.357  5832  5950 D BtGatt.ScanManager: configureRegularScanParams() - queue=2
07-22 18:08:33.357  5832  5950 D BtGatt.ScanManager: configureRegularScanParams() - ScanSetting LE 1M Scan mode=2ScanSetting LE Coded Scan mode=2 mLastConfiguredScanSettingLE1M=-1 mLastConfiguredScanSettingLECoded=-1scanPhy=255
07-22 18:08:33.357  3675 29667 D BluetoothAdapter: isLeEnabled(): BLE_ON
07-22 18:08:33.357  5832  5950 D BtGatt.ScanManager: configureRegularScanParams - scanInterval LE 1M = 4096configureRegularScanParams - scanWindow LE 1M= 4096configureRegularScanParams - scanInterval LE Coded= 4096configureRegularScanParams - scanWindow LE Coded= 4096
07-22 18:08:33.357  5832  5894 D BtGatt.GattService: onScanParamSetupCompleted : 0
