07-22 18:07:47.365   974  2754 I vendor.qti.hardware.servicetracker@1.2-service: total connections for service : com.google.android.gms/.auth.account.authenticator.GoogleAccountAuthenticatorServiceare :1
07-22 18:07:47.365   974  2754 I vendor.qti.hardware.servicetracker@1.2-service: total connections for client : systemare :19
07-22 18:07:47.366  1817  5487 D CompatibilityInfo: mCompatibilityFlags - 0
07-22 18:07:47.366  1817  5487 D CompatibilityInfo: applicationDensity - 440
07-22 18:07:47.366  1817  5487 D CompatibilityInfo: applicationScale - 1.0
07-22 18:07:47.367   974  2754 I vendor.qti.hardware.servicetracker@1.2-service: startService() is called for servicecom.google.android.gms/.auth.account.authenticator.GoogleAccountAuthenticatorService
07-22 18:07:47.392   974  2754 I vendor.qti.hardware.servicetracker@1.2-service: unbindService is called for service : com.google.android.gms/.auth.account.authenticator.GoogleAccountAuthenticatorService and for client system
07-22 18:07:47.392   974  2754 I vendor.qti.hardware.servicetracker@1.2-service: size of service connections for service: com.google.android.gms/.auth.account.authenticator.GoogleAccountAuthenticatorServiceafter removal is 0
07-22 18:07:47.392   974  2754 I vendor.qti.hardware.servicetracker@1.2-service: size of client connections for client: systemafter removal is 18
07-22 18:07:47.393   974  2754 I vendor.qti.hardware.servicetracker@1.2-service: destroyService is called for service : com.google.android.gms/.auth.account.authenticator.GoogleAccountAuthenticatorService
07-22 18:07:47.713  3675  4969 W NetworkScheduler: Error inserting flex_time=3599000 job_id=-1 period=7200000 source=16 requires_charging=0 preferred_network_type=1 target_class=com.google.android.gms.measurement.PackageMeasurementTaskService user_id=0 target_package=com.google.android.gms tag=Measurement.PackageMeasurementTaskService.UPLOAD_TASK_TAG task_type=0 required_idleness_state=0 service_kind=0 source_version=222615000 persistence_level=1 preferred_charging_state=1 required_network_type=0 runtime=1658524067698 retry_strategy={"maximum_backoff_seconds":{"3600":0},"initial_backoff_seconds":{"30":0},"retry_policy":{"0":0}} last_runtime=0 [CONTEXT service_id=218 ]
07-22 18:07:47.713  3675  4969 W NetworkScheduler: android.database.sqlite.SQLiteConstraintException: UNIQUE constraint failed: pending_ops.tag, pending_ops.target_class, pending_ops.target_package, pending_ops.user_id (code 2067 SQLITE_CONSTRAINT_UNIQUE)
07-22 18:07:47.713  3675  4969 W NetworkScheduler: 	at android.database.sqlite.SQLiteConnection.nativeExecuteForLastInsertedRowId(Native Method)
07-22 18:07:47.713  3675  4969 W NetworkScheduler: 	at android.database.sqlite.SQLiteConnection.executeForLastInsertedRowId(SQLiteConnection.java:938)
07-22 18:07:47.713  3675  4969 W NetworkScheduler: 	at android.database.sqlite.SQLiteSession.executeForLastInsertedRowId(SQLiteSession.java:790)
07-22 18:07:47.713  3675  4969 W NetworkScheduler: 	at android.database.sqlite.SQLiteStatement.executeInsert(SQLiteStatement.java:88)
07-22 18:07:47.713  3675  4969 W NetworkScheduler: 	at android.database.sqlite.SQLiteDatabase.insertWithOnConflict(SQLiteDatabase.java:1701)
07-22 18:07:47.713  3675  4969 W NetworkScheduler: 	at android.database.sqlite.SQLiteDatabase.insertOrThrow(SQLiteDatabase.java:1596)
07-22 18:07:47.713  3675  4969 W NetworkScheduler: 	at bexn.g(:com.google.android.gms@222615037@22.26.15 (150400-461192076):52)
07-22 18:07:47.713  3675  4969 W NetworkScheduler: 	at bewg.n(:com.google.android.gms@222615037@22.26.15 (150400-461192076):3)
07-22 18:07:47.713  3675  4969 W NetworkScheduler: 	at bewg.u(:com.google.android.gms@222615037@22.26.15 (150400-461192076):20)
07-22 18:07:47.713  3675  4969 W NetworkScheduler: 	at bewg.h(:com.google.android.gms@222615037@22.26.15 (150400-461192076):3)
07-22 18:07:47.713  3675  4969 W NetworkScheduler: 	at berx.run(:com.google.android.gms@222615037@22.26.15 (150400-461192076):9)
07-22 18:07:47.713  3675  4969 W NetworkScheduler: 	at xoc.c(:com.google.android.gms@222615037@22.26.15 (150400-461192076):6)
07-22 18:07:47.713  3675  4969 W NetworkScheduler: 	at xoc.run(:com.google.android.gms@222615037@22.26.15 (150400-461192076):7)
07-22 18:07:47.713  3675  4969 W NetworkScheduler: 	at java.util.concurrent.ThreadPoolExecutor.runWorker(ThreadPoolExecutor.java:1167)
07-22 18:07:47.713  3675  4969 W NetworkScheduler: 	at java.util.concurrent.ThreadPoolExecutor$Worker.run(ThreadPoolExecutor.java:641)
07-22 18:07:47.713  3675  4969 W NetworkScheduler: 	at xth.run(:com.google.android.gms@222615037@22.26.15 (150400-461192076):0)
07-22 18:07:47.713  3675  4969 W NetworkScheduler: 	at java.lang.Thread.run(Thread.java:923)
07-22 18:07:47.863  2659  2659 D KeyguardUpdateMonitor: received broadcast android.intent.action.BATTERY_CHANGED
07-22 18:07:47.863  2659  2659 D BatteryController: onReceive: Intent = Intent { act=android.intent.action.BATTERY_CHANGED flg=0x60000010 (has extras) } action = android.intent.action.BATTERY_CHANGED
07-22 18:07:47.864  4996  4996 I BatteryInfoReceiver: ACTION_BATTERY_CHANGED
07-22 18:07:47.865  2789  2789 D QtiCarrierConfigHelper: WARNING, no carrier configs on phone Id: 0
07-22 18:07:47.870  5646  5787 D PowerCheckerService: onBatteryChanged, mBatteryLevel = 68, status = 2, level = 68, plug = 1, scale = 100
07-22 18:07:47.873  2852  2852 D DeviceStatisticsService: chargerType=1 batteryLevel=68 totalBatteryCapacity=4743200
07-22 18:07:47.873  2852  2852 D DeviceInfoHidlClient: isPowerInfoNeverSent()=true
07-22 18:07:47.873  2852  2852 D DeviceInfoHidlClient: getPowerInfoSupportStatus()=-1
07-22 18:07:48.257  3675  3461 W NetworkScheduler: Error inserting flex_time=3599000 job_id=-1 period=7200000 source=16 requires_charging=0 preferred_network_type=1 target_class=com.google.android.gms.measurement.PackageMeasurementTaskService user_id=0 target_package=com.google.android.gms tag=Measurement.PackageMeasurementTaskService.UPLOAD_TASK_TAG task_type=0 required_idleness_state=0 service_kind=0 source_version=222615000 persistence_level=1 preferred_charging_state=1 required_network_type=0 runtime=1658524068251 retry_strategy={"maximum_backoff_seconds":{"3600":0},"initial_backoff_seconds":{"30":0},"retry_policy":{"0":0}} last_runtime=0 [CONTEXT service_id=218 ]
07-22 18:07:48.257  3675  3461 W NetworkScheduler: android.database.sqlite.SQLiteConstraintException: UNIQUE constraint failed: pending_ops.tag, pending_ops.target_class, pending_ops.target_package, pending_ops.user_id (code 2067 SQLITE_CONSTRAINT_UNIQUE)
07-22 18:07:48.257  3675  3461 W NetworkScheduler: 	at android.database.sqlite.SQLiteConnection.nativeExecuteForLastInsertedRowId(Native Method)
07-22 18:07:48.257  3675  3461 W NetworkScheduler: 	at android.database.sqlite.SQLiteConnection.executeForLastInsertedRowId(SQLiteConnection.java:938)
07-22 18:07:48.257  3675  3461 W NetworkScheduler: 	at android.database.sqlite.SQLiteSession.executeForLastInsertedRowId(SQLiteSession.java:790)
07-22 18:07:48.257  3675  3461 W NetworkScheduler: 	at android.database.sqlite.SQLiteStatement.executeInsert(SQLiteStatement.java:88)
07-22 18:07:48.257  3675  3461 W NetworkScheduler: 	at android.database.sqlite.SQLiteDatabase.insertWithOnConflict(SQLiteDatabase.java:1701)
07-22 18:07:48.257  3675  3461 W NetworkScheduler: 	at android.database.sqlite.SQLiteDatabase.insertOrThrow(SQLiteDatabase.java:1596)
07-22 18:07:48.257  3675  3461 W NetworkScheduler: 	at bexn.g(:com.google.android.gms@222615037@22.26.15 (150400-461192076):52)
07-22 18:07:48.257  3675  3461 W NetworkScheduler: 	at bewg.n(:com.google.android.gms@222615037@22.26.15 (150400-461192076):3)
07-22 18:07:48.257  3675  3461 W NetworkScheduler: 	at bewg.u(:com.google.android.gms@222615037@22.26.15 (150400-461192076):20)
07-22 18:07:48.257  3675  3461 W NetworkScheduler: 	at bewg.h(:com.google.android.gms@222615037@22.26.15 (150400-461192076):3)
07-22 18:07:48.257  3675  3461 W NetworkScheduler: 	at berx.run(:com.google.android.gms@222615037@22.26.15 (150400-461192076):9)
07-22 18:07:48.257  3675  3461 W NetworkScheduler: 	at xoc.c(:com.google.android.gms@222615037@22.26.15 (150400-461192076):6)
07-22 18:07:48.257  3675  3461 W NetworkScheduler: 	at xoc.run(:com.google.android.gms@222615037@22.26.15 (150400-461192076):7)
07-22 18:07:48.257  3675  3461 W NetworkScheduler: 	at java.util.concurrent.ThreadPoolExecutor.runWorker(ThreadPoolExecutor.java:1167)
07-22 18:07:48.257  3675  3461 W NetworkScheduler: 	at java.util.concurrent.ThreadPoolExecutor$Worker.run(ThreadPoolExecutor.java:641)
07-22 18:07:48.257  3675  3461 W NetworkScheduler: 	at xth.run(:com.google.android.gms@222615037@22.26.15 (150400-461192076):0)
07-22 18:07:48.257  3675  3461 W NetworkScheduler: 	at java.lang.Thread.run(Thread.java:923)
07-22 18:07:48.864  3675  4969 W NetworkScheduler: Error inserting flex_time=3599000 job_id=-1 period=7200000 source=16 requires_charging=0 preferred_network_type=1 target_class=com.google.android.gms.measurement.PackageMeasurementTaskService user_id=0 target_package=com.google.android.gms tag=Measurement.PackageMeasurementTaskService.UPLOAD_TASK_TAG task_type=0 required_idleness_state=0 service_kind=0 source_version=222615000 persistence_level=1 preferred_charging_state=1 required_network_type=0 runtime=1658524068860 retry_strategy={"maximum_backoff_seconds":{"3600":0},"initial_backoff_seconds":{"30":0},"retry_policy":{"0":0}} last_runtime=0 [CONTEXT service_id=218 ]
07-22 18:07:48.864  3675  4969 W NetworkScheduler: android.database.sqlite.SQLiteConstraintException: UNIQUE constraint failed: pending_ops.tag, pending_ops.target_class, pending_ops.target_package, pending_ops.user_id (code 2067 SQLITE_CONSTRAINT_UNIQUE)
07-22 18:07:48.864  3675  4969 W NetworkScheduler: 	at android.database.sqlite.SQLiteConnection.nativeExecuteForLastInsertedRowId(Native Method)
07-22 18:07:48.864  3675  4969 W NetworkScheduler: 	at android.database.sqlite.SQLiteConnection.executeForLastInsertedRowId(SQLiteConnection.java:938)
07-22 18:07:48.864  3675  4969 W NetworkScheduler: 	at android.database.sqlite.SQLiteSession.executeForLastInsertedRowId(SQLiteSession.java:790)
07-22 18:07:48.864  3675  4969 W NetworkScheduler: 	at android.database.sqlite.SQLiteStatement.executeInsert(SQLiteStatement.java:88)
07-22 18:07:48.864  3675  4969 W NetworkScheduler: 	at android.database.sqlite.SQLiteDatabase.insertWithOnConflict(SQLiteDatabase.java:1701)
07-22 18:07:48.864  3675  4969 W NetworkScheduler: 	at android.database.sqlite.SQLiteDatabase.insertOrThrow(SQLiteDatabase.java:1596)
07-22 18:07:48.864  3675  4969 W NetworkScheduler: 	at bexn.g(:com.google.android.gms@222615037@22.26.15 (150400-461192076):52)
07-22 18:07:48.864  3675  4969 W NetworkScheduler: 	at bewg.n(:com.google.android.gms@222615037@22.26.15 (150400-461192076):3)
07-22 18:07:48.864  3675  4969 W NetworkScheduler: 	at bewg.u(:com.google.android.gms@222615037@22.26.15 (150400-461192076):20)
07-22 18:07:48.864  3675  4969 W NetworkScheduler: 	at bewg.h(:com.google.android.gms@222615037@22.26.15 (150400-461192076):3)
07-22 18:07:48.864  3675  4969 W NetworkScheduler: 	at berx.run(:com.google.android.gms@222615037@22.26.15 (150400-461192076):9)
07-22 18:07:48.864  3675  4969 W NetworkScheduler: 	at xoc.c(:com.google.android.gms@222615037@22.26.15 (150400-461192076):6)
07-22 18:07:48.864  3675  4969 W NetworkScheduler: 	at xoc.run(:com.google.android.gms@222615037@22.26.15 (150400-461192076):7)
07-22 18:07:48.864  3675  4969 W NetworkScheduler: 	at java.util.concurrent.ThreadPoolExecutor.runWorker(ThreadPoolExecutor.java:1167)
07-22 18:07:48.864  3675  4969 W NetworkScheduler: 	at java.util.concurrent.ThreadPoolExecutor$Worker.run(ThreadPoolExecutor.java:641)
07-22 18:07:48.864  3675  4969 W NetworkScheduler: 	at xth.run(:com.google.android.gms@222615037@22.26.15 (150400-461192076):0)
07-22 18:07:48.864  3675  4969 W NetworkScheduler: 	at java.lang.Thread.run(Thread.java:923)
07-22 18:07:49.354  1817  2395 I MiuiNetworkPolicy: updateUidState uid = 10104, uidState = 10
07-22 18:07:49.355  1817  2395 I MiuiNetworkPolicy: updateUidState uid = 10100, uidState = 19
07-22 18:07:49.436   974  2754 I vendor.qti.hardware.servicetracker@1.2-service: bindService is called for service : com.android.vending/com.google.android.finsky.scheduler.process.mainimpl.PhoneskyJobServiceMain and for client system
07-22 18:07:49.436   974  2754 I vendor.qti.hardware.servicetracker@1.2-service: total connections for service : com.android.vending/com.google.android.finsky.scheduler.process.mainimpl.PhoneskyJobServiceMainare :1
07-22 18:07:49.436   974  2754 I vendor.qti.hardware.servicetracker@1.2-service: total connections for client : systemare :19
07-22 18:07:49.437  1817  1817 D CompatibilityInfo: mCompatibilityFlags - 0
07-22 18:07:49.437  1817  1817 D CompatibilityInfo: applicationDensity - 440
07-22 18:07:49.437  1817  1817 D CompatibilityInfo: applicationScale - 1.0
07-22 18:07:49.439  1817  2395 I MiuiNetworkPolicy: updateUidState uid = 10184, uidState = 8
07-22 18:07:49.440   974  2754 I vendor.qti.hardware.servicetracker@1.2-service: startService() is called for servicecom.android.vending/com.google.android.finsky.scheduler.process.mainimpl.PhoneskyJobServiceMain
07-22 18:07:49.471   974  2754 I vendor.qti.hardware.servicetracker@1.2-service: bindService is called for service : com.android.vending/com.google.android.finsky.scheduler.process.mainimpl.PhoneskyJobServiceMain and for client system
07-22 18:07:49.471   974  2754 I vendor.qti.hardware.servicetracker@1.2-service: total connections for service : com.android.vending/com.google.android.finsky.scheduler.process.mainimpl.PhoneskyJobServiceMainare :1
07-22 18:07:49.472   974  2754 I vendor.qti.hardware.servicetracker@1.2-service: total connections for client : systemare :19
07-22 18:07:49.474  4256  4256 I Finsky  : [2] rww.onStartJob(4): SCH: job service start with id 9167.
07-22 18:07:49.478  4256  4256 I Finsky  : [2] rww.onStartJob(4): SCH: job service start with id 9174.
07-22 18:07:49.488  4256  5225 I Finsky  : [22668] rva.a(45): SCH: Satisfied jobs for 9167 are: 29-29
07-22 18:07:49.493  4256  5226 I Finsky  : [22669] rew.accept(8): SCH: Job 29-29 starting
07-22 18:07:49.495  4256  5225 I Finsky  : [22668] rva.a(45): SCH: Satisfied jobs for 9174 are: 12-1
07-22 18:07:49.498  4256  5227 I Finsky  : [22670] wob.f(0): ProcessRecoveryLogsUtil: No files in recovery directory
07-22 18:07:49.499  4256  5227 I Finsky  : [22670] rve.r(4): SCH: jobFinished: 29-29. TimeElapsed: 5ms.
07-22 18:07:49.505  4256  4256 I Finsky  : [2] rew.accept(8): SCH: Job 12-1 starting
07-22 18:07:49.508  4256  4256 I Finsky  : [2] ContentSyncJob.v(3): [ContentSync] job started
07-22 18:07:49.517  4256  4377 I Finsky  : [22603] rou.accept(43): SCH: Scheduling phonesky job Id: 26-1414141414, CT: 1658506114476, Constraints: [{ L: 43200000, D: 44100000, C: 1, I: 1, N: 0 }]
07-22 18:07:49.523  4256  4376 I Finsky  : [22602] roq.apply(22): SCH: Scheduling 1 system job(s)
07-22 18:07:49.524  4256  4376 I Finsky  : [22602] roq.apply(28): SCH: Scheduling system job Id: 9222, L: 25244953, D: 26144953, C: false, I: false, N: 0
07-22 18:07:49.563  4256  5226 I Finsky  : [22669] rww.a(16): SCH: job service finished with id 9167.
07-22 18:07:49.565   974  2754 I vendor.qti.hardware.servicetracker@1.2-service: unbindService is called for service : com.android.vending/com.google.android.finsky.scheduler.process.mainimpl.PhoneskyJobServiceMain and for client system
07-22 18:07:50.618  4256  5228 W Finsky  : [22671] pjc.p(70): Package com.android.apex.cts.shim not installed
07-22 18:07:50.623  4256  5228 W Finsky  : [22671] pjc.p(70): Package com.android.art not installed
07-22 18:07:50.637  4256  5228 W Finsky  : [22671] pjc.p(70): Package com.android.runtime not installed
07-22 18:07:50.641  4256  5228 W Finsky  : [22671] pjc.p(70): Package com.android.i18n not installed
07-22 18:07:50.646  4256  5228 W Finsky  : [22671] pjc.p(70): Package com.android.vndk.v30 not installed
07-22 18:07:50.649  4256  5228 W Finsky  : [22671] pjc.p(70): Package com.android.wifi not installed
07-22 18:07:50.729  1817  1831 W System  : A resource failed to call release.
07-22 18:07:50.729  1817  1831 I chatty  : uid=1000(system) FinalizerDaemon identical 1 line
07-22 18:07:50.729  1817  1831 W System  : A resource failed to call release.
07-22 18:07:50.890  4256  5231 I Finsky  : [22674] frc.i(1): Completed 0 account content syncs with 0 successful.
07-22 18:07:50.891  4256  4256 I Finsky  : [2] ContentSyncJob.a(1): [ContentSync] Installation state replication succeeded.
07-22 18:07:50.891  4256  4256 I Finsky  : [2] rve.r(4): SCH: jobFinished: 12-1. TimeElapsed: 1383ms.
07-22 18:07:50.904  4256  4310 I Finsky  : [22590] rou.accept(43): SCH: Scheduling phonesky job Id: 1-1337, CT: 1658483534349, Constraints: [{ L: 41114768, D: 84314768, C: 1, I: 1, N: 1 }]
07-22 18:07:50.904  4256  4310 I Finsky  : [22590] rou.accept(43): SCH: Scheduling phonesky job Id: 34-51, CT: 1658501118831, Constraints: [{ L: 79199551, D: 1375199551, C: 1, I: 1, N: 1 }]
07-22 18:07:50.910  4256  4376 I Finsky  : [22602] roq.apply(22): SCH: Scheduling 1 system job(s)
07-22 18:07:50.911  4256  4376 I Finsky  : [22602] roq.apply(28): SCH: Scheduling system job Id: 9223, L: 578207, D: 43778207, C: false, I: false, N: 1
07-22 18:07:50.919  4256  5226 I Finsky  : [22669] rww.a(16): SCH: job service finished with id 9174.
07-22 18:07:50.921   974  2754 I vendor.qti.hardware.servicetracker@1.2-service: unbindService is called for service : com.android.vending/com.google.android.finsky.scheduler.process.mainimpl.PhoneskyJobServiceMain and for client system
07-22 18:07:50.921   974  2754 I vendor.qti.hardware.servicetracker@1.2-service: size of service connections for service: com.android.vending/com.google.android.finsky.scheduler.process.mainimpl.PhoneskyJobServiceMainafter removal is 0
07-22 18:07:50.921   974  2754 I vendor.qti.hardware.servicetracker@1.2-service: size of client connections for client: systemafter removal is 18
07-22 18:07:50.922   974  2754 I vendor.qti.hardware.servicetracker@1.2-service: destroyService is called for service : com.android.vending/com.google.android.finsky.scheduler.process.mainimpl.PhoneskyJobServiceMain
07-22 18:07:50.924  1817  2395 I MiuiNetworkPolicy: updateUidState uid = 10184, uidState = 10
07-22 18:07:50.947  1817  2395 I MiuiNetworkPolicy: updateUidState uid = 10184, uidState = 19
07-22 18:07:51.316  3675  3019 W NetworkScheduler: Error inserting flex_time=3599000 job_id=-1 period=7200000 source=16 requires_charging=0 preferred_network_type=1 target_class=com.google.android.gms.measurement.PackageMeasurementTaskService user_id=0 target_package=com.google.android.gms tag=Measurement.PackageMeasurementTaskService.UPLOAD_TASK_TAG task_type=0 required_idleness_state=0 service_kind=0 source_version=222615000 persistence_level=1 preferred_charging_state=1 required_network_type=0 runtime=1658524071311 retry_strategy={"maximum_backoff_seconds":{"3600":0},"initial_backoff_seconds":{"30":0},"retry_policy":{"0":0}} last_runtime=0 [CONTEXT service_id=218 ]
07-22 18:07:51.316  3675  3019 W NetworkScheduler: android.database.sqlite.SQLiteConstraintException: UNIQUE constraint failed: pending_ops.tag, pending_ops.target_class, pending_ops.target_package, pending_ops.user_id (code 2067 SQLITE_CONSTRAINT_UNIQUE)
07-22 18:07:51.316  3675  3019 W NetworkScheduler: 	at android.database.sqlite.SQLiteConnection.nativeExecuteForLastInsertedRowId(Native Method)
07-22 18:07:51.316  3675  3019 W NetworkScheduler: 	at android.database.sqlite.SQLiteConnection.executeForLastInsertedRowId(SQLiteConnection.java:938)
07-22 18:07:51.316  3675  3019 W NetworkScheduler: 	at android.database.sqlite.SQLiteSession.executeForLastInsertedRowId(SQLiteSession.java:790)
07-22 18:07:51.316  3675  3019 W NetworkScheduler: 	at android.database.sqlite.SQLiteStatement.executeInsert(SQLiteStatement.java:88)
07-22 18:07:51.316  3675  3019 W NetworkScheduler: 	at android.database.sqlite.SQLiteDatabase.insertWithOnConflict(SQLiteDatabase.java:1701)
07-22 18:07:51.316  3675  3019 W NetworkScheduler: 	at android.database.sqlite.SQLiteDatabase.insertOrThrow(SQLiteDatabase.java:1596)
07-22 18:07:51.316  3675  3019 W NetworkScheduler: 	at bexn.g(:com.google.android.gms@222615037@22.26.15 (150400-461192076):52)
07-22 18:07:51.316  3675  3019 W NetworkScheduler: 	at bewg.n(:com.google.android.gms@222615037@22.26.15 (150400-461192076):3)
07-22 18:07:51.316  3675  3019 W NetworkScheduler: 	at bewg.u(:com.google.android.gms@222615037@22.26.15 (150400-461192076):20)
07-22 18:07:51.316  3675  3019 W NetworkScheduler: 	at bewg.h(:com.google.android.gms@222615037@22.26.15 (150400-461192076):3)
07-22 18:07:51.316  3675  3019 W NetworkScheduler: 	at berx.run(:com.google.android.gms@222615037@22.26.15 (150400-461192076):9)
07-22 18:07:51.316  3675  3019 W NetworkScheduler: 	at xoc.c(:com.google.android.gms@222615037@22.26.15 (150400-461192076):6)
07-22 18:07:51.316  3675  3019 W NetworkScheduler: 	at xoc.run(:com.google.android.gms@222615037@22.26.15 (150400-461192076):8)
07-22 18:07:51.316  3675  3019 W NetworkScheduler: 	at java.util.concurrent.ThreadPoolExecutor.runWorker(ThreadPoolExecutor.java:1167)
07-22 18:07:51.316  3675  3019 W NetworkScheduler: 	at java.util.concurrent.ThreadPoolExecutor$Worker.run(ThreadPoolExecutor.java:641)
07-22 18:07:51.316  3675  3019 W NetworkScheduler: 	at xth.run(:com.google.android.gms@222615037@22.26.15 (150400-461192076):0)
07-22 18:07:51.316  3675  3019 W NetworkScheduler: 	at java.lang.Thread.run(Thread.java:923)
07-22 18:07:51.697  3675  4969 W NetworkScheduler: Error inserting flex_time=3599000 job_id=-1 period=7200000 source=16 requires_charging=0 preferred_network_type=1 target_class=com.google.android.gms.measurement.PackageMeasurementTaskService user_id=0 target_package=com.google.android.gms tag=Measurement.PackageMeasurementTaskService.UPLOAD_TASK_TAG task_type=0 required_idleness_state=0 service_kind=0 source_version=222615000 persistence_level=1 preferred_charging_state=1 required_network_type=0 runtime=1658524071692 retry_strategy={"maximum_backoff_seconds":{"3600":0},"initial_backoff_seconds":{"30":0},"retry_policy":{"0":0}} last_runtime=0 [CONTEXT service_id=218 ]
07-22 18:07:51.697  3675  4969 W NetworkScheduler: android.database.sqlite.SQLiteConstraintException: UNIQUE constraint failed: pending_ops.tag, pending_ops.target_class, pending_ops.target_package, pending_ops.user_id (code 2067 SQLITE_CONSTRAINT_UNIQUE)
07-22 18:07:51.697  3675  4969 W NetworkScheduler: 	at android.database.sqlite.SQLiteConnection.nativeExecuteForLastInsertedRowId(Native Method)
07-22 18:07:51.697  3675  4969 W NetworkScheduler: 	at android.database.sqlite.SQLiteConnection.executeForLastInsertedRowId(SQLiteConnection.java:938)
07-22 18:07:51.697  3675  4969 W NetworkScheduler: 	at android.database.sqlite.SQLiteSession.executeForLastInsertedRowId(SQLiteSession.java:790)
07-22 18:07:51.697  3675  4969 W NetworkScheduler: 	at android.database.sqlite.SQLiteStatement.executeInsert(SQLiteStatement.java:88)
07-22 18:07:51.697  3675  4969 W NetworkScheduler: 	at android.database.sqlite.SQLiteDatabase.insertWithOnConflict(SQLiteDatabase.java:1701)
07-22 18:07:51.697  3675  4969 W NetworkScheduler: 	at android.database.sqlite.SQLiteDatabase.insertOrThrow(SQLiteDatabase.java:1596)
07-22 18:07:51.697  3675  4969 W NetworkScheduler: 	at bexn.g(:com.google.android.gms@222615037@22.26.15 (150400-461192076):52)
07-22 18:07:51.697  3675  4969 W NetworkScheduler: 	at bewg.n(:com.google.android.gms@222615037@22.26.15 (150400-461192076):3)
07-22 18:07:51.697  3675  4969 W NetworkScheduler: 	at bewg.u(:com.google.android.gms@222615037@22.26.15 (150400-461192076):20)
07-22 18:07:51.697  3675  4969 W NetworkScheduler: 	at bewg.h(:com.google.android.gms@222615037@22.26.15 (150400-461192076):3)
07-22 18:07:51.697  3675  4969 W NetworkScheduler: 	at berx.run(:com.google.android.gms@222615037@22.26.15 (150400-461192076):9)
07-22 18:07:51.697  3675  4969 W NetworkScheduler: 	at xoc.c(:com.google.android.gms@222615037@22.26.15 (150400-461192076):6)
07-22 18:07:51.697  3675  4969 W NetworkScheduler: 	at xoc.run(:com.google.android.gms@222615037@22.26.15 (150400-461192076):7)
07-22 18:07:51.697  3675  4969 W NetworkScheduler: 	at java.util.concurrent.ThreadPoolExecutor.runWorker(ThreadPoolExecutor.java:1167)
07-22 18:07:51.697  3675  4969 W NetworkScheduler: 	at java.util.concurrent.ThreadPoolExecutor$Worker.run(ThreadPoolExecutor.java:641)
07-22 18:07:51.697  3675  4969 W NetworkScheduler: 	at xth.run(:com.google.android.gms@222615037@22.26.15 (150400-461192076):0)
07-22 18:07:51.697  3675  4969 W NetworkScheduler: 	at java.lang.Thread.run(Thread.java:923)
07-22 18:07:52.239  3675  3461 W NetworkScheduler: Error inserting flex_time=3599000 job_id=-1 period=7200000 source=16 requires_charging=0 preferred_network_type=1 target_class=com.google.android.gms.measurement.PackageMeasurementTaskService user_id=0 target_package=com.google.android.gms tag=Measurement.PackageMeasurementTaskService.UPLOAD_TASK_TAG task_type=0 required_idleness_state=0 service_kind=0 source_version=222615000 persistence_level=1 preferred_charging_state=1 required_network_type=0 runtime=1658524072234 retry_strategy={"maximum_backoff_seconds":{"3600":0},"initial_backoff_seconds":{"30":0},"retry_policy":{"0":0}} last_runtime=0 [CONTEXT service_id=218 ]
07-22 18:07:52.239  3675  3461 W NetworkScheduler: android.database.sqlite.SQLiteConstraintException: UNIQUE constraint failed: pending_ops.tag, pending_ops.target_class, pending_ops.target_package, pending_ops.user_id (code 2067 SQLITE_CONSTRAINT_UNIQUE)
07-22 18:07:52.239  3675  3461 W NetworkScheduler: 	at android.database.sqlite.SQLiteConnection.nativeExecuteForLastInsertedRowId(Native Method)
07-22 18:07:52.239  3675  3461 W NetworkScheduler: 	at android.database.sqlite.SQLiteConnection.executeForLastInsertedRowId(SQLiteConnection.java:938)
07-22 18:07:52.239  3675  3461 W NetworkScheduler: 	at android.database.sqlite.SQLiteSession.executeForLastInsertedRowId(SQLiteSession.java:790)
07-22 18:07:52.239  3675  3461 W NetworkScheduler: 	at android.database.sqlite.SQLiteStatement.executeInsert(SQLiteStatement.java:88)
07-22 18:07:52.239  3675  3461 W NetworkScheduler: 	at android.database.sqlite.SQLiteDatabase.insertWithOnConflict(SQLiteDatabase.java:1701)
07-22 18:07:52.239  3675  3461 W NetworkScheduler: 	at android.database.sqlite.SQLiteDatabase.insertOrThrow(SQLiteDatabase.java:1596)
07-22 18:07:52.239  3675  3461 W NetworkScheduler: 	at bexn.g(:com.google.android.gms@222615037@22.26.15 (150400-461192076):52)
07-22 18:07:52.239  3675  3461 W NetworkScheduler: 	at bewg.n(:com.google.android.gms@222615037@22.26.15 (150400-461192076):3)
07-22 18:07:52.239  3675  3461 W NetworkScheduler: 	at bewg.u(:com.google.android.gms@222615037@22.26.15 (150400-461192076):20)
07-22 18:07:52.239  3675  3461 W NetworkScheduler: 	at bewg.h(:com.google.android.gms@222615037@22.26.15 (150400-461192076):3)
07-22 18:07:52.239  3675  3461 W NetworkScheduler: 	at berx.run(:com.google.android.gms@222615037@22.26.15 (150400-461192076):9)
07-22 18:07:52.239  3675  3461 W NetworkScheduler: 	at xoc.c(:com.google.android.gms@222615037@22.26.15 (150400-461192076):6)
07-22 18:07:52.239  3675  3461 W NetworkScheduler: 	at xoc.run(:com.google.android.gms@222615037@22.26.15 (150400-461192076):7)
07-22 18:07:52.239  3675  3461 W NetworkScheduler: 	at java.util.concurrent.ThreadPoolExecutor.runWorker(ThreadPoolExecutor.java:1167)
07-22 18:07:52.239  3675  3461 W NetworkScheduler: 	at java.util.concurrent.ThreadPoolExecutor$Worker.run(ThreadPoolExecutor.java:641)
07-22 18:07:52.239  3675  3461 W NetworkScheduler: 	at xth.run(:com.google.android.gms@222615037@22.26.15 (150400-461192076):0)
07-22 18:07:52.239  3675  3461 W NetworkScheduler: 	at java.lang.Thread.run(Thread.java:923)
07-22 18:07:53.358  2659  2802 D NetworkController.MobileSignalController(1): onSignalStrengthsChanged signalStrength=SignalStrength:{mCdma=CellSignalStrengthCdma: cdmaDbm=2147483647 cdmaEcio=2147483647 evdoDbm=2147483647 evdoEcio=2147483647 evdoSnr=2147483647 miuiLevel=0 level=0,mGsm=CellSignalStrengthGsm: rssi=2147483647 ber=2147483647 mTa=2147483647 miuiLevel=0 mLevel=0,mWcdma=CellSignalStrengthWcdma: ss=2147483647 ber=2147483647 rscp=2147483647 ecno=2147483647 miuiLevel=0 level=0,mTdscdma=CellSignalStrengthTdscdma: rssi=2147483647 ber=2147483647 rscp=2147483647 miuiLevel=0 level=0,mLte=CellSignalStrengthLte: rssi=-75 rsrp=-103 rsrq=-12 rssnr=7 cqi=2147483647 ta=2147483647 miuiLevel=4 level=3 parametersUseForLevel=0,mNr=CellSignalStrengthNr:{ csiRsrp = 2147483647 csiRsrq = 2147483647 csiSinr = 2147483647 ssRsrp = 2147483647 ssRsrq = 2147483647 ssSinr = 2147483647 miuiLevel = 0 level = 0 parametersUseForLevel = 0 },primary=CellSignalStrengthLte} level=3
07-22 18:07:53.359  2659  2802 D NetworkController.MobileSignalController(1): updateTelephonySignalStrength: hasService=true ss=SignalStrength:{mCdma=CellSignalStrengthCdma: cdmaDbm=2147483647 cdmaEcio=2147483647 evdoDbm=2147483647 evdoEcio=2147483647 evdoSnr=2147483647 miuiLevel=0 level=0,mGsm=CellSignalStrengthGsm: rssi=2147483647 ber=2147483647 mTa=2147483647 miuiLevel=0 mLevel=0,mWcdma=CellSignalStrengthWcdma: ss=2147483647 ber=2147483647 rscp=2147483647 ecno=2147483647 miuiLevel=0 level=0,mTdscdma=CellSignalStrengthTdscdma: rssi=2147483647 ber=2147483647 rscp=2147483647 miuiLevel=0 level=0,mLte=CellSignalStrengthLte: rssi=-75 rsrp=-103 rsrq=-12 rssnr=7 cqi=2147483647 ta=2147483647 miuiLevel=4 level=3 parametersUseForLevel=0,mNr=CellSignalStrengthNr:{ csiRsrp = 2147483647 csiRsrq = 2147483647 csiSinr = 2147483647 ssRsrp = 2147483647 ssRsrq = 2147483647 ssSinr = 2147483647 miuiLevel = 0 level = 0 parametersUseForLevel = 0 },primary=CellSignalStrengthLte} displayInfo=TelephonyDisplayInfo {network=LTE, override=NONE}
07-22 18:07:53.359  2659  2802 D NetworkController.MobileSignalController(1): NotQcom5G, signal level = 4
07-22 18:07:55.609  2659  2802 D NetworkController.MobileSignalController(1): onSignalStrengthsChanged signalStrength=SignalStrength:{mCdma=CellSignalStrengthCdma: cdmaDbm=2147483647 cdmaEcio=2147483647 evdoDbm=2147483647 evdoEcio=2147483647 evdoSnr=2147483647 miuiLevel=0 level=0,mGsm=CellSignalStrengthGsm: rssi=2147483647 ber=2147483647 mTa=2147483647 miuiLevel=0 mLevel=0,mWcdma=CellSignalStrengthWcdma: ss=2147483647 ber=2147483647 rscp=2147483647 ecno=2147483647 miuiLevel=0 level=0,mTdscdma=CellSignalStrengthTdscdma: rssi=2147483647 ber=2147483647 rscp=2147483647 miuiLevel=0 level=0,mLte=CellSignalStrengthLte: rssi=-75 rsrp=-103 rsrq=-10 rssnr=9 cqi=2147483647 ta=2147483647 miuiLevel=4 level=3 parametersUseForLevel=0,mNr=CellSignalStrengthNr:{ csiRsrp = 2147483647 csiRsrq = 2147483647 csiSinr = 2147483647 ssRsrp = 2147483647 ssRsrq = 2147483647 ssSinr = 2147483647 miuiLevel = 0 level = 0 parametersUseForLevel = 0 },primary=CellSignalStrengthLte} level=3
07-22 18:07:55.610  2659  2802 D NetworkController.MobileSignalController(1): updateTelephonySignalStrength: hasService=true ss=SignalStrength:{mCdma=CellSignalStrengthCdma: cdmaDbm=2147483647 cdmaEcio=2147483647 evdoDbm=2147483647 evdoEcio=2147483647 evdoSnr=2147483647 miuiLevel=0 level=0,mGsm=CellSignalStrengthGsm: rssi=2147483647 ber=2147483647 mTa=2147483647 miuiLevel=0 mLevel=0,mWcdma=CellSignalStrengthWcdma: ss=2147483647 ber=2147483647 rscp=2147483647 ecno=2147483647 miuiLevel=0 level=0,mTdscdma=CellSignalStrengthTdscdma: rssi=2147483647 ber=2147483647 rscp=2147483647 miuiLevel=0 level=0,mLte=CellSignalStrengthLte: rssi=-75 rsrp=-103 rsrq=-10 rssnr=9 cqi=2147483647 ta=2147483647 miuiLevel=4 level=3 parametersUseForLevel=0,mNr=CellSignalStrengthNr:{ csiRsrp = 2147483647 csiRsrq = 2147483647 csiSinr = 2147483647 ssRsrp = 2147483647 ssRsrq = 2147483647 ssSinr = 2147483647 miuiLevel = 0 level = 0 parametersUseForLevel = 0 },primary=CellSignalStrengthLte} displayInfo=TelephonyDisplayInfo {network=LTE, override=NONE}
07-22 18:07:55.610  2659  2802 D NetworkController.MobileSignalController(1): NotQcom5G, signal level = 4
07-22 18:07:56.056  2789  2789 D QtiCarrierConfigHelper: WARNING, no carrier configs on phone Id: 0
07-22 18:07:56.059  4996  4996 I BatteryInfoReceiver: ACTION_BATTERY_CHANGED
07-22 18:07:56.062  5646  5787 D PowerCheckerService: onBatteryChanged, mBatteryLevel = 68, status = 2, level = 68, plug = 1, scale = 100
07-22 18:07:56.065  2659  2659 D KeyguardUpdateMonitor: received broadcast android.intent.action.BATTERY_CHANGED
07-22 18:07:56.068  2852  2852 D DeviceStatisticsService: chargerType=1 batteryLevel=68 totalBatteryCapacity=4743200
07-22 18:07:56.068  2852  2852 D DeviceInfoHidlClient: isPowerInfoNeverSent()=true
07-22 18:07:56.068  2852  2852 D DeviceInfoHidlClient: getPowerInfoSupportStatus()=-1
07-22 18:07:56.068  2659  2659 D BatteryController: onReceive: Intent = Intent { act=android.intent.action.BATTERY_CHANGED flg=0x60000010 (has extras) } action = android.intent.action.BATTERY_CHANGED
07-22 18:07:56.632   974  2754 I vendor.qti.hardware.servicetracker@1.2-service: unbindService is called for service : com.google.android.gms/.chimera.PersistentDirectBootAwareApiService and for client com.google.android.apps.turbo
07-22 18:07:56.633   974  2754 I vendor.qti.hardware.servicetracker@1.2-service: size of service connections for service: com.google.android.gms/.chimera.PersistentDirectBootAwareApiServiceafter removal is 10
07-22 18:07:56.633   974  2754 I vendor.qti.hardware.servicetracker@1.2-service: size of client connections for client: com.google.android.apps.turboafter removal is 1
07-22 18:07:56.641   974  2754 I vendor.qti.hardware.servicetracker@1.2-service: unbindService is called for service : com.google.android.gms/.chimera.PersistentApiService and for client com.google.android.apps.turbo
07-22 18:07:56.641   974  2754 I vendor.qti.hardware.servicetracker@1.2-service: size of service connections for service: com.google.android.gms/.chimera.PersistentApiServiceafter removal is 9
07-22 18:07:56.641   974  2754 I vendor.qti.hardware.servicetracker@1.2-service: size of client connections for client: com.google.android.apps.turboafter removal is 0
07-22 18:07:57.323  1817  2395 D MiuiNetworkPolicy: updateLimit mLimitEnabled=true,enabled=false,mNetworkPriorityMode=0
07-22 18:07:57.787   948   948 E qdlights: set backlight level :path = /sys/class/backlight/panel0-backlight/brightness, value = 1336
07-22 18:07:57.800   948   948 E qdlights: set backlight level :path = /sys/class/backlight/panel0-backlight/brightness, value = 1311
07-22 18:07:57.811   948   948 E qdlights: set backlight level :path = /sys/class/backlight/panel0-backlight/brightness, value = 1287
07-22 18:07:57.816   948   948 E qdlights: set backlight level :path = /sys/class/backlight/panel0-backlight/brightness, value = 1263
07-22 18:07:57.823   948   948 E qdlights: set backlight level :path = /sys/class/backlight/panel0-backlight/brightness, value = 1239
07-22 18:07:57.829   948   948 E qdlights: set backlight level :path = /sys/class/backlight/panel0-backlight/brightness, value = 1215
07-22 18:07:57.835   948   948 E qdlights: set backlight level :path = /sys/class/backlight/panel0-backlight/brightness, value = 1191
07-22 18:07:57.844   948   948 E qdlights: set backlight level :path = /sys/class/backlight/panel0-backlight/brightness, value = 1167
07-22 18:07:57.853   948   948 E qdlights: set backlight level :path = /sys/class/backlight/panel0-backlight/brightness, value = 1143
07-22 18:07:57.862   948   948 E qdlights: set backlight level :path = /sys/class/backlight/panel0-backlight/brightness, value = 1119
07-22 18:07:57.870   948   948 E qdlights: set backlight level :path = /sys/class/backlight/panel0-backlight/brightness, value = 1095
07-22 18:07:57.878   948   948 E qdlights: set backlight level :path = /sys/class/backlight/panel0-backlight/brightness, value = 1071
07-22 18:07:57.887   948   948 E qdlights: set backlight level :path = /sys/class/backlight/panel0-backlight/brightness, value = 1047
07-22 18:07:57.896   948   948 E qdlights: set backlight level :path = /sys/class/backlight/panel0-backlight/brightness, value = 1023
07-22 18:07:57.903   948   948 E qdlights: set backlight level :path = /sys/class/backlight/panel0-backlight/brightness, value = 999
07-22 18:07:57.912   948   948 E qdlights: set backlight level :path = /sys/class/backlight/panel0-backlight/brightness, value = 975
07-22 18:07:57.919   948   948 E qdlights: set backlight level :path = /sys/class/backlight/panel0-backlight/brightness, value = 951
07-22 18:07:57.928   948   948 E qdlights: set backlight level :path = /sys/class/backlight/panel0-backlight/brightness, value = 926
07-22 18:07:57.937   948   948 E qdlights: set backlight level :path = /sys/class/backlight/panel0-backlight/brightness, value = 903
07-22 18:07:57.946   948   948 E qdlights: set backlight level :path = /sys/class/backlight/panel0-backlight/brightness, value = 878
07-22 18:07:57.955   948   948 E qdlights: set backlight level :path = /sys/class/backlight/panel0-backlight/brightness, value = 854
07-22 18:07:57.962   948   948 E qdlights: set backlight level :path = /sys/class/backlight/panel0-backlight/brightness, value = 830
07-22 18:07:57.971   948   948 E qdlights: set backlight level :path = /sys/class/backlight/panel0-backlight/brightness, value = 806
07-22 18:07:57.977   948   948 E qdlights: set backlight level :path = /sys/class/backlight/panel0-backlight/brightness, value = 782
07-22 18:07:57.986   948   948 E qdlights: set backlight level :path = /sys/class/backlight/panel0-backlight/brightness, value = 758
07-22 18:07:57.993   948   948 E qdlights: set backlight level :path = /sys/class/backlight/panel0-backlight/brightness, value = 734
07-22 18:07:58.003   948   948 E qdlights: set backlight level :path = /sys/class/backlight/panel0-backlight/brightness, value = 710
07-22 18:07:58.013   948   948 E qdlights: set backlight level :path = /sys/class/backlight/panel0-backlight/brightness, value = 685
07-22 18:07:58.021   948   948 E qdlights: set backlight level :path = /sys/class/backlight/panel0-backlight/brightness, value = 661
07-22 18:07:58.028   948   948 E qdlights: set backlight level :path = /sys/class/backlight/panel0-backlight/brightness, value = 637
07-22 18:07:58.035   948   948 E qdlights: set backlight level :path = /sys/class/backlight/panel0-backlight/brightness, value = 613
07-22 18:07:58.045   948   948 E qdlights: set backlight level :path = /sys/class/backlight/panel0-backlight/brightness, value = 589
07-22 18:07:58.054   948   948 E qdlights: set backlight level :path = /sys/class/backlight/panel0-backlight/brightness, value = 565
07-22 18:07:58.062   948   948 E qdlights: set backlight level :path = /sys/class/backlight/panel0-backlight/brightness, value = 541
07-22 18:07:58.071   948   948 E qdlights: set backlight level :path = /sys/class/backlight/panel0-backlight/brightness, value = 517
07-22 18:07:58.079   948   948 E qdlights: set backlight level :path = /sys/class/backlight/panel0-backlight/brightness, value = 493
07-22 18:07:58.087   948   948 E qdlights: set backlight level :path = /sys/class/backlight/panel0-backlight/brightness, value = 469
07-22 18:07:58.095   948   948 E qdlights: set backlight level :path = /sys/class/backlight/panel0-backlight/brightness, value = 445
07-22 18:07:58.104   948   948 E qdlights: set backlight level :path = /sys/class/backlight/panel0-backlight/brightness, value = 421
07-22 18:07:58.116   948   948 E qdlights: set backlight level :path = /sys/class/backlight/panel0-backlight/brightness, value = 397
07-22 18:07:58.122   948   948 E qdlights: set backlight level :path = /sys/class/backlight/panel0-backlight/brightness, value = 373
07-22 18:07:58.129   948   948 E qdlights: set backlight level :path = /sys/class/backlight/panel0-backlight/brightness, value = 349
07-22 18:07:58.136   948   948 E qdlights: set backlight level :path = /sys/class/backlight/panel0-backlight/brightness, value = 325
07-22 18:07:58.144   948   948 E qdlights: set backlight level :path = /sys/class/backlight/panel0-backlight/brightness, value = 301
07-22 18:07:58.155   948   948 E qdlights: set backlight level :path = /sys/class/backlight/panel0-backlight/brightness, value = 277
07-22 18:07:58.160   948   948 E qdlights: set backlight level :path = /sys/class/backlight/panel0-backlight/brightness, value = 252
07-22 18:07:58.170   948   948 E qdlights: set backlight level :path = /sys/class/backlight/panel0-backlight/brightness, value = 228
07-22 18:07:58.176   948   948 E qdlights: set backlight level :path = /sys/class/backlight/panel0-backlight/brightness, value = 206
07-22 18:07:58.334  5091  5143 E TestRunner: failed: grid_list_button_is_displayed(com.example.dogglers.ButtonTests)
07-22 18:07:58.334  5091  5143 E TestRunner: ----- begin exception -----
07-22 18:07:58.336  5091  5143 E TestRunner: java.lang.AssertionError: Activity never becomes requested state "[DESTROYED, CREATED, RESUMED, STARTED]" (last lifecycle transition = "PRE_ON_CREATE")
07-22 18:07:58.336  5091  5143 E TestRunner: 	at androidx.test.core.app.ActivityScenario.waitForActivityToBecomeAnyOf(ActivityScenario.java:338)
07-22 18:07:58.336  5091  5143 E TestRunner: 	at androidx.test.core.app.ActivityScenario.launchInternal(ActivityScenario.java:272)
07-22 18:07:58.336  5091  5143 E TestRunner: 	at androidx.test.core.app.ActivityScenario.launch(ActivityScenario.java:195)
07-22 18:07:58.336  5091  5143 E TestRunner: 	at androidx.test.ext.junit.rules.ActivityScenarioRule.lambda$new$0$ActivityScenarioRule(ActivityScenarioRule.java:70)
07-22 18:07:58.336  5091  5143 E TestRunner: 	at androidx.test.ext.junit.rules.ActivityScenarioRule$$Lambda$0.get(ActivityScenarioRule.java:70)
07-22 18:07:58.336  5091  5143 E TestRunner: 	at androidx.test.ext.junit.rules.ActivityScenarioRule.before(ActivityScenarioRule.java:103)
07-22 18:07:58.336  5091  5143 E TestRunner: 	at org.junit.rules.ExternalResource$1.evaluate(ExternalResource.java:46)
07-22 18:07:58.336  5091  5143 E TestRunner: 	at org.junit.rules.RunRules.evaluate(RunRules.java:20)
07-22 18:07:58.336  5091  5143 E TestRunner: 	at org.junit.runners.ParentRunner.runLeaf(ParentRunner.java:325)
07-22 18:07:58.336  5091  5143 E TestRunner: 	at org.junit.runners.BlockJUnit4ClassRunner.runChild(BlockJUnit4ClassRunner.java:78)
07-22 18:07:58.336  5091  5143 E TestRunner: 	at org.junit.runners.BlockJUnit4ClassRunner.runChild(BlockJUnit4ClassRunner.java:57)
07-22 18:07:58.336  5091  5143 E TestRunner: 	at org.junit.runners.ParentRunner$3.run(ParentRunner.java:290)
07-22 18:07:58.336  5091  5143 E TestRunner: 	at org.junit.runners.ParentRunner$1.schedule(ParentRunner.java:71)
07-22 18:07:58.336  5091  5143 E TestRunner: 	at org.junit.runners.ParentRunner.runChildren(ParentRunner.java:288)
07-22 18:07:58.336  5091  5143 E TestRunner: 	at org.junit.runners.ParentRunner.access$000(ParentRunner.java:58)
07-22 18:07:58.336  5091  5143 E TestRunner: 	at org.junit.runners.ParentRunner$2.evaluate(ParentRunner.java:268)
07-22 18:07:58.336  5091  5143 E TestRunner: 	at org.junit.runners.ParentRunner.run(ParentRunner.java:363)
07-22 18:07:58.336  5091  5143 E TestRunner: 	at androidx.test.ext.junit.runners.AndroidJUnit4.run(AndroidJUnit4.java:162)
07-22 18:07:58.336  5091  5143 E TestRunner: 	at org.junit.runners.Suite.runChild(Suite.java:128)
07-22 18:07:58.336  5091  5143 E TestRunner: 	at org.junit.runners.Suite.runChild(Suite.java:27)
07-22 18:07:58.336  5091  5143 E TestRunner: 	at org.junit.runners.ParentRunner$3.run(ParentRunner.java:290)
07-22 18:07:58.336  5091  5143 E TestRunner: 	at org.junit.runners.ParentRunner$1.schedule(ParentRunner.java:71)
07-22 18:07:58.336  5091  5143 E TestRunner: 	at org.junit.runners.ParentRunner.runChildren(ParentRunner.java:288)
07-22 18:07:58.336  5091  5143 E TestRunner: 	at org.junit.runners.ParentRunner.access$000(ParentRunner.java:58)
07-22 18:07:58.336  5091  5143 E TestRunner: 	at org.junit.runners.ParentRunner$2.evaluate(ParentRunner.java:268)
07-22 18:07:58.336  5091  5143 E TestRunner: 	at org.junit.runners.ParentRunner.run(ParentRunner.java:363)
07-22 18:07:58.336  5091  5143 E TestRunner: 	at org.junit.runner.JUnitCore.run(JUnitCore.java:137)
07-22 18:07:58.336  5091  5143 E TestRunner: 	at org.junit.runner.JUnitCore.run(JUnitCore.java:115)
07-22 18:07:58.336  5091  5143 E TestRunner: 	at androidx.test.internal.runner.TestExecutor.execute(TestExecutor.java:56)
07-22 18:07:58.336  5091  5143 E TestRunner: 	at androidx.test.runner.AndroidJUnitRunner.onStart(AndroidJUnitRunner.java:444)
07-22 18:07:58.336  5091  5143 E TestRunner: 	at android.app.Instrumentation$InstrumentationThread.run(Instrumentation.java:2213)
07-22 18:07:58.336  5091  5143 E TestRunner: ----- end exception -----
07-22 18:07:58.344  5091  5143 I TestRunner: finished: grid_list_button_is_displayed(com.example.dogglers.ButtonTests)
