07-22 18:09:07.507   948   948 E qdlights: set backlight level :path = /sys/class/backlight/panel0-backlight/brightness, value = 694
07-22 18:09:07.511   948   948 E qdlights: set backlight level :path = /sys/class/backlight/panel0-backlight/brightness, value = 695
07-22 18:09:07.520   948   948 E qdlights: set backlight level :path = /sys/class/backlight/panel0-backlight/brightness, value = 696
07-22 18:09:07.530   948   948 E qdlights: set backlight level :path = /sys/class/backlight/panel0-backlight/brightness, value = 697
07-22 18:09:07.543   948   948 E qdlights: set backlight level :path = /sys/class/backlight/panel0-backlight/brightness, value = 698
07-22 18:09:07.555   948   948 E qdlights: set backlight level :path = /sys/class/backlight/panel0-backlight/brightness, value = 699
07-22 18:09:07.561   948   948 E qdlights: set backlight level :path = /sys/class/backlight/panel0-backlight/brightness, value = 700
07-22 18:09:07.570   948   948 E qdlights: set backlight level :path = /sys/class/backlight/panel0-backlight/brightness, value = 701
07-22 18:09:07.577   948   948 E qdlights: set backlight level :path = /sys/class/backlight/panel0-backlight/brightness, value = 702
07-22 18:09:07.593   948   948 E qdlights: set backlight level :path = /sys/class/backlight/panel0-backlight/brightness, value = 703
07-22 18:09:07.603   948   948 E qdlights: set backlight level :path = /sys/class/backlight/panel0-backlight/brightness, value = 704
07-22 18:09:07.614   948   948 E qdlights: set backlight level :path = /sys/class/backlight/panel0-backlight/brightness, value = 705
07-22 18:09:07.620   948   948 E qdlights: set backlight level :path = /sys/class/backlight/panel0-backlight/brightness, value = 706
07-22 18:09:07.628   948   948 E qdlights: set backlight level :path = /sys/class/backlight/panel0-backlight/brightness, value = 707
07-22 18:09:07.643   948   948 E qdlights: set backlight level :path = /sys/class/backlight/panel0-backlight/brightness, value = 708
07-22 18:09:07.651   948   948 E qdlights: set backlight level :path = /sys/class/backlight/panel0-backlight/brightness, value = 709
07-22 18:09:07.660   948   948 E qdlights: set backlight level :path = /sys/class/backlight/panel0-backlight/brightness, value = 710
07-22 18:09:07.667   948   948 E qdlights: set backlight level :path = /sys/class/backlight/panel0-backlight/brightness, value = 711
07-22 18:09:07.677   948   948 E qdlights: set backlight level :path = /sys/class/backlight/panel0-backlight/brightness, value = 712
07-22 18:09:07.694   948   948 E qdlights: set backlight level :path = /sys/class/backlight/panel0-backlight/brightness, value = 713
07-22 18:09:07.702   948   948 E qdlights: set backlight level :path = /sys/class/backlight/panel0-backlight/brightness, value = 714
07-22 18:09:07.711   948   948 E qdlights: set backlight level :path = /sys/class/backlight/panel0-backlight/brightness, value = 715
07-22 18:09:07.719   948   948 E qdlights: set backlight level :path = /sys/class/backlight/panel0-backlight/brightness, value = 716
07-22 18:09:07.727   948   948 E qdlights: set backlight level :path = /sys/class/backlight/panel0-backlight/brightness, value = 717
07-22 18:09:07.743   948   948 E qdlights: set backlight level :path = /sys/class/backlight/panel0-backlight/brightness, value = 718
07-22 18:09:07.751   948   948 E qdlights: set backlight level :path = /sys/class/backlight/panel0-backlight/brightness, value = 719
07-22 18:09:07.761   948   948 E qdlights: set backlight level :path = /sys/class/backlight/panel0-backlight/brightness, value = 720
07-22 18:09:07.771   948   948 E qdlights: set backlight level :path = /sys/class/backlight/panel0-backlight/brightness, value = 721
07-22 18:09:07.780   948   948 E qdlights: set backlight level :path = /sys/class/backlight/panel0-backlight/brightness, value = 722
07-22 18:09:07.787   948   948 E qdlights: set backlight level :path = /sys/class/backlight/panel0-backlight/brightness, value = 723
07-22 18:09:07.801   948   948 E qdlights: set backlight level :path = /sys/class/backlight/panel0-backlight/brightness, value = 724
07-22 18:09:07.808   948   948 E qdlights: set backlight level :path = /sys/class/backlight/panel0-backlight/brightness, value = 725
07-22 18:09:07.818   948   948 E qdlights: set backlight level :path = /sys/class/backlight/panel0-backlight/brightness, value = 726
07-22 18:09:07.827   948   948 E qdlights: set backlight level :path = /sys/class/backlight/panel0-backlight/brightness, value = 727
07-22 18:09:07.836   948   948 E qdlights: set backlight level :path = /sys/class/backlight/panel0-backlight/brightness, value = 728
07-22 18:09:07.844   948   948 E qdlights: set backlight level :path = /sys/class/backlight/panel0-backlight/brightness, value = 729
07-22 18:09:07.852   948   948 E qdlights: set backlight level :path = /sys/class/backlight/panel0-backlight/brightness, value = 730
07-22 18:09:07.869   948   948 E qdlights: set backlight level :path = /sys/class/backlight/panel0-backlight/brightness, value = 731
07-22 18:09:07.878   948   948 E qdlights: set backlight level :path = /sys/class/backlight/panel0-backlight/brightness, value = 732
07-22 18:09:07.884   948   948 E qdlights: set backlight level :path = /sys/class/backlight/panel0-backlight/brightness, value = 733
07-22 18:09:07.892   948   948 E qdlights: set backlight level :path = /sys/class/backlight/panel0-backlight/brightness, value = 734
07-22 18:09:07.900   948   948 E qdlights: set backlight level :path = /sys/class/backlight/panel0-backlight/brightness, value = 735
07-22 18:09:07.909   948   948 E qdlights: set backlight level :path = /sys/class/backlight/panel0-backlight/brightness, value = 736
07-22 18:09:07.926   948   948 E qdlights: set backlight level :path = /sys/class/backlight/panel0-backlight/brightness, value = 737
07-22 18:09:07.935   948   948 E qdlights: set backlight level :path = /sys/class/backlight/panel0-backlight/brightness, value = 738
07-22 18:09:07.944   948   948 E qdlights: set backlight level :path = /sys/class/backlight/panel0-backlight/brightness, value = 739
07-22 18:09:07.953   948   948 E qdlights: set backlight level :path = /sys/class/backlight/panel0-backlight/brightness, value = 740
07-22 18:09:07.961   948   948 E qdlights: set backlight level :path = /sys/class/backlight/panel0-backlight/brightness, value = 741
07-22 18:09:07.969   948   948 E qdlights: set backlight level :path = /sys/class/backlight/panel0-backlight/brightness, value = 742
07-22 18:09:07.977   948   948 E qdlights: set backlight level :path = /sys/class/backlight/panel0-backlight/brightness, value = 743
07-22 18:09:07.985   948   948 E qdlights: set backlight level :path = /sys/class/backlight/panel0-backlight/brightness, value = 744
07-22 18:09:08.002   948   948 E qdlights: set backlight level :path = /sys/class/backlight/panel0-backlight/brightness, value = 745
07-22 18:09:08.011   948   948 E qdlights: set backlight level :path = /sys/class/backlight/panel0-backlight/brightness, value = 746
07-22 18:09:08.021   948   948 E qdlights: set backlight level :path = /sys/class/backlight/panel0-backlight/brightness, value = 747
07-22 18:09:08.029   948   948 E qdlights: set backlight level :path = /sys/class/backlight/panel0-backlight/brightness, value = 748
07-22 18:09:08.032  1817  2395 I MiuiNetworkPolicy: updateUidState uid = 10195, uidState = 5
07-22 18:09:08.036  3675  4969 E WakeLock: GCM_HB_ALARM release without a matched acquire!
07-22 18:09:08.036   948   948 E qdlights: set backlight level :path = /sys/class/backlight/panel0-backlight/brightness, value = 749
07-22 18:09:08.042   948   948 E qdlights: set backlight level :path = /sys/class/backlight/panel0-backlight/brightness, value = 750
07-22 18:09:08.051   948   948 E qdlights: set backlight level :path = /sys/class/backlight/panel0-backlight/brightness, value = 751
07-22 18:09:08.067   948   948 E qdlights: set backlight level :path = /sys/class/backlight/panel0-backlight/brightness, value = 752
07-22 18:09:08.075   948   948 E qdlights: set backlight level :path = /sys/class/backlight/panel0-backlight/brightness, value = 753
07-22 18:09:08.083   948   948 E qdlights: set backlight level :path = /sys/class/backlight/panel0-backlight/brightness, value = 754
07-22 18:09:08.091   948   948 E qdlights: set backlight level :path = /sys/class/backlight/panel0-backlight/brightness, value = 755
07-22 18:09:08.095   974  2754 I vendor.qti.hardware.servicetracker@1.2-service: bindService is called for service : com.google.android.gms/.romanesco.ContactsLoggerUploadService and for client com.google.android.gms.persistent
07-22 18:09:08.095   974  2754 I vendor.qti.hardware.servicetracker@1.2-service: total connections for service : com.google.android.gms/.romanesco.ContactsLoggerUploadServiceare :1
07-22 18:09:08.095   974  2754 I vendor.qti.hardware.servicetracker@1.2-service: total connections for client : com.google.android.gms.persistentare :6
07-22 18:09:08.099  1817  4780 D CompatibilityInfo: mCompatibilityFlags - 0
07-22 18:09:08.099  1817  4780 D CompatibilityInfo: applicationDensity - 440
07-22 18:09:08.099  1817  4780 D CompatibilityInfo: applicationScale - 1.0
07-22 18:09:08.100   948   948 E qdlights: set backlight level :path = /sys/class/backlight/panel0-backlight/brightness, value = 756
07-22 18:09:08.101   974  2754 I vendor.qti.hardware.servicetracker@1.2-service: startService() is called for servicecom.google.android.gms/.romanesco.ContactsLoggerUploadService
07-22 18:09:08.102  1817  2395 I MiuiNetworkPolicy: updateUidState uid = 99167, uidState = 8
07-22 18:09:08.108  3675  4969 I NetworkScheduler.Stats: Task com.google.android.gms/com.google.android.gms.romanesco.ContactsLoggerUploadService started execution. cause:2 exec_start_elapsed_seconds: 275923 [CONTEXT service_id=218 ]
07-22 18:09:08.108   948   948 E qdlights: set backlight level :path = /sys/class/backlight/panel0-backlight/brightness, value = 757
07-22 18:09:08.117   948   948 E qdlights: set backlight level :path = /sys/class/backlight/panel0-backlight/brightness, value = 758
07-22 18:09:08.125   948   948 E qdlights: set backlight level :path = /sys/class/backlight/panel0-backlight/brightness, value = 759
07-22 18:09:08.134   948   948 E qdlights: set backlight level :path = /sys/class/backlight/panel0-backlight/brightness, value = 760
07-22 18:09:08.151   948   948 E qdlights: set backlight level :path = /sys/class/backlight/panel0-backlight/brightness, value = 761
07-22 18:09:08.159   948   948 E qdlights: set backlight level :path = /sys/class/backlight/panel0-backlight/brightness, value = 762
07-22 18:09:08.168   948   948 E qdlights: set backlight level :path = /sys/class/backlight/panel0-backlight/brightness, value = 763
07-22 18:09:08.176   948   948 E qdlights: set backlight level :path = /sys/class/backlight/panel0-backlight/brightness, value = 764
07-22 18:09:08.184   948   948 E qdlights: set backlight level :path = /sys/class/backlight/panel0-backlight/brightness, value = 765
07-22 18:09:08.192   948   948 E qdlights: set backlight level :path = /sys/class/backlight/panel0-backlight/brightness, value = 766
07-22 18:09:08.201   948   948 E qdlights: set backlight level :path = /sys/class/backlight/panel0-backlight/brightness, value = 767
07-22 18:09:08.209   948   948 E qdlights: set backlight level :path = /sys/class/backlight/panel0-backlight/brightness, value = 768
07-22 18:09:08.210   974  2754 I vendor.qti.hardware.servicetracker@1.2-service: bindService is called for service : com.google.android.gms/.lockbox.service.LockboxBrokerService and for client com.google.android.gms
07-22 18:09:08.210   974  2754 I vendor.qti.hardware.servicetracker@1.2-service: total connections for service : com.google.android.gms/.lockbox.service.LockboxBrokerServiceare :1
07-22 18:09:08.211   974  2754 I vendor.qti.hardware.servicetracker@1.2-service: total connections for client : com.google.android.gmsare :7
07-22 18:09:08.211  1817  4780 D CompatibilityInfo: mCompatibilityFlags - 0
07-22 18:09:08.211  1817  4780 D CompatibilityInfo: applicationDensity - 440
07-22 18:09:08.211  1817  4780 D CompatibilityInfo: applicationScale - 1.0
07-22 18:09:08.212   974  2754 I vendor.qti.hardware.servicetracker@1.2-service: startService() is called for servicecom.google.android.gms/.lockbox.service.LockboxBrokerService
07-22 18:09:08.217   948   948 E qdlights: set backlight level :path = /sys/class/backlight/panel0-backlight/brightness, value = 769
07-22 18:09:08.218   974  2754 I vendor.qti.hardware.servicetracker@1.2-service: bindService is called for service : com.google.android.gms/.chimera.PersistentDirectBootAwareApiService and for client com.google.android.gms
07-22 18:09:08.218   974  2754 I vendor.qti.hardware.servicetracker@1.2-service: total connections for service : com.google.android.gms/.chimera.PersistentDirectBootAwareApiServiceare :10
07-22 18:09:08.218   974  2754 I vendor.qti.hardware.servicetracker@1.2-service: total connections for client : com.google.android.gmsare :7
07-22 18:09:08.219   974  2754 I vendor.qti.hardware.servicetracker@1.2-service: bindService is called for service : com.google.android.gms/.chimera.PersistentBoundBrokerService and for client com.google.android.gms.persistent
07-22 18:09:08.219   974  2754 I vendor.qti.hardware.servicetracker@1.2-service: total connections for service : com.google.android.gms/.chimera.PersistentBoundBrokerServiceare :3
07-22 18:09:08.219   974  2754 I vendor.qti.hardware.servicetracker@1.2-service: total connections for client : com.google.android.gms.persistentare :6
07-22 18:09:08.225   974  2754 I vendor.qti.hardware.servicetracker@1.2-service: bindService is called for service : com.google.android.gms/.chimera.PersistentDirectBootAwareApiService and for client com.google.android.gms.persistent
07-22 18:09:08.225   974  2754 I vendor.qti.hardware.servicetracker@1.2-service: total connections for service : com.google.android.gms/.chimera.PersistentDirectBootAwareApiServiceare :10
07-22 18:09:08.225   974  2754 I vendor.qti.hardware.servicetracker@1.2-service: total connections for client : com.google.android.gms.persistentare :6
07-22 18:09:08.227   948   948 E qdlights: set backlight level :path = /sys/class/backlight/panel0-backlight/brightness, value = 770
07-22 18:09:08.229   974  2754 I vendor.qti.hardware.servicetracker@1.2-service: bindService is called for service : com.google.android.gms/.auth.account.authenticator.GoogleAccountAuthenticatorService and for client system
07-22 18:09:08.229   974  2754 I vendor.qti.hardware.servicetracker@1.2-service: total connections for service : com.google.android.gms/.auth.account.authenticator.GoogleAccountAuthenticatorServiceare :1
07-22 18:09:08.229   974  2754 I vendor.qti.hardware.servicetracker@1.2-service: total connections for client : systemare :19
07-22 18:09:08.230  1817  2211 D CompatibilityInfo: mCompatibilityFlags - 0
07-22 18:09:08.230  1817  2211 D CompatibilityInfo: applicationDensity - 440
07-22 18:09:08.230  1817  2211 D CompatibilityInfo: applicationScale - 1.0
07-22 18:09:08.230   974  2754 I vendor.qti.hardware.servicetracker@1.2-service: startService() is called for servicecom.google.android.gms/.auth.account.authenticator.GoogleAccountAuthenticatorService
07-22 18:09:08.242   948   948 E qdlights: set backlight level :path = /sys/class/backlight/panel0-backlight/brightness, value = 771
07-22 18:09:08.249   974  2754 I vendor.qti.hardware.servicetracker@1.2-service: unbindService is called for service : com.google.android.gms/.auth.account.authenticator.GoogleAccountAuthenticatorService and for client system
07-22 18:09:08.249   974  2754 I vendor.qti.hardware.servicetracker@1.2-service: size of service connections for service: com.google.android.gms/.auth.account.authenticator.GoogleAccountAuthenticatorServiceafter removal is 0
07-22 18:09:08.249   948   948 E qdlights: set backlight level :path = /sys/class/backlight/panel0-backlight/brightness, value = 772
07-22 18:09:08.249   974  2754 I vendor.qti.hardware.servicetracker@1.2-service: size of client connections for client: systemafter removal is 18
07-22 18:09:08.250   974  2754 I vendor.qti.hardware.servicetracker@1.2-service: destroyService is called for service : com.google.android.gms/.auth.account.authenticator.GoogleAccountAuthenticatorService
07-22 18:09:08.257   974  2754 I vendor.qti.hardware.servicetracker@1.2-service: bindService is called for service : com.google.android.gms/.chimera.GmsBoundBrokerService and for client com.google.android.gms
07-22 18:09:08.258   974  2754 I vendor.qti.hardware.servicetracker@1.2-service: total connections for service : com.google.android.gms/.chimera.GmsBoundBrokerServiceare :6
07-22 18:09:08.258   974  2754 I vendor.qti.hardware.servicetracker@1.2-service: total connections for client : com.google.android.gmsare :7
07-22 18:09:08.258   948   948 E qdlights: set backlight level :path = /sys/class/backlight/panel0-backlight/brightness, value = 773
07-22 18:09:08.261  5134  5180 I PeopleChimeraService: onService. callbacks = anrf@860b61, request = com.google.android.gms.common.internal.GetServiceRequest@e909686
07-22 18:09:08.267   948   948 E qdlights: set backlight level :path = /sys/class/backlight/panel0-backlight/brightness, value = 774
07-22 18:09:08.275   948   948 E qdlights: set backlight level :path = /sys/class/backlight/panel0-backlight/brightness, value = 775
07-22 18:09:08.283   948   948 E qdlights: set backlight level :path = /sys/class/backlight/panel0-backlight/brightness, value = 776
07-22 18:09:08.286   830   830 D Zygote  : Forked child process 5419
07-22 18:09:08.290  5419  5419 W Zygote  : Unable to open libbeluga.so: dlopen failed: library "libbeluga.so" not found.
07-22 18:09:08.291   948   948 E qdlights: set backlight level :path = /sys/class/backlight/panel0-backlight/brightness, value = 777
07-22 18:09:08.300   948   948 E qdlights: set backlight level :path = /sys/class/backlight/panel0-backlight/brightness, value = 778
07-22 18:09:08.308   948   948 E qdlights: set backlight level :path = /sys/class/backlight/panel0-backlight/brightness, value = 779
07-22 18:09:08.310  5419  5419 E d.process.acor: Not starting debugger since process cannot load the jdwp agent.
07-22 18:09:08.317   948   948 E qdlights: set backlight level :path = /sys/class/backlight/panel0-backlight/brightness, value = 780
07-22 18:09:08.323  1817  4780 D CompatibilityInfo: mCompatibilityFlags - 0
07-22 18:09:08.323  1817  4780 D CompatibilityInfo: applicationDensity - 440
07-22 18:09:08.323  1817  4780 D CompatibilityInfo: applicationScale - 1.0
07-22 18:09:08.327   948   948 E qdlights: set backlight level :path = /sys/class/backlight/panel0-backlight/brightness, value = 781
07-22 18:09:08.328  1817  2395 I MiuiNetworkPolicy: updateUidState uid = 10064, uidState = 8
07-22 18:09:08.341   948   948 E qdlights: set backlight level :path = /sys/class/backlight/panel0-backlight/brightness, value = 782
07-22 18:09:08.351   948   948 E qdlights: set backlight level :path = /sys/class/backlight/panel0-backlight/brightness, value = 783
07-22 18:09:08.359   948   948 E qdlights: set backlight level :path = /sys/class/backlight/panel0-backlight/brightness, value = 784
07-22 18:09:08.367   948   948 E qdlights: set backlight level :path = /sys/class/backlight/panel0-backlight/brightness, value = 785
07-22 18:09:08.373  5419  5419 I Perf    : Connecting to perf service.
07-22 18:09:08.376   948   948 E qdlights: set backlight level :path = /sys/class/backlight/panel0-backlight/brightness, value = 786
07-22 18:09:08.383   948   948 E qdlights: set backlight level :path = /sys/class/backlight/panel0-backlight/brightness, value = 787
07-22 18:09:08.392   948   948 E qdlights: set backlight level :path = /sys/class/backlight/panel0-backlight/brightness, value = 788
07-22 18:09:08.381  5419  5419 W d.process.acore: type=1400 audit(0.0:490362): avc: denied { read } for name="u:object_r:vendor_displayfeature_prop:s0" dev="tmpfs" ino=10098 scontext=u:r:priv_app:s0:c512,c768 tcontext=u:object_r:vendor_displayfeature_prop:s0 tclass=file permissive=0 app=com.android.calllogbackup
07-22 18:09:08.392  5419  5419 D NetworkSecurityConfig: No Network Security Config specified, using platform default
07-22 18:09:08.393  5419  5419 D NetworkSecurityConfig: No Network Security Config specified, using platform default
07-22 18:09:08.395  5419  5419 E libc    : Access denied finding property "ro.vendor.display.type"
07-22 18:09:08.399  5419  5419 E d.process.acor: Invalid ID 0x00000000.
07-22 18:09:08.401   948   948 E qdlights: set backlight level :path = /sys/class/backlight/panel0-backlight/brightness, value = 789
07-22 18:09:08.404  5419  5419 D miuisdk : current sdk level is 24
07-22 18:09:08.404  5419  5419 I miuisdk : initialize without hook
07-22 18:09:08.408   948   948 E qdlights: set backlight level :path = /sys/class/backlight/panel0-backlight/brightness, value = 790
07-22 18:09:08.417   948   948 E qdlights: set backlight level :path = /sys/class/backlight/panel0-backlight/brightness, value = 791
07-22 18:09:08.422  5419  5419 W Linkify.v16: reflect applyLink failed:
07-22 18:09:08.422  5419  5419 W Linkify.v16: miui.reflect.NoSuchMethodException: Couldn't find method android/text/util/Linkify.applyLink(Ljava/lang/String;IILandroid/text/Spannable;)V
07-22 18:09:08.422  5419  5419 W Linkify.v16: 	at com.miui.internal.os.Native.getMethod(Native Method)
07-22 18:09:08.422  5419  5419 W Linkify.v16: 	at miui.reflect.Method.of(Method.java:35)
07-22 18:09:08.422  5419  5419 W Linkify.v16: 	at com.miui.internal.variable.v16.Android_Text_Util_Linkify_class.<clinit>(Android_Text_Util_Linkify_class.java:70)
07-22 18:09:08.422  5419  5419 W Linkify.v16: 	at java.lang.Class.classForName(Native Method)
07-22 18:09:08.422  5419  5419 W Linkify.v16: 	at java.lang.Class.forName(Class.java:454)
07-22 18:09:08.422  5419  5419 W Linkify.v16: 	at java.lang.Class.forName(Class.java:379)
07-22 18:09:08.422  5419  5419 W Linkify.v16: 	at com.miui.internal.variable.AbsClassFactory.create(AbsClassFactory.java:24)
07-22 18:09:08.422  5419  5419 W Linkify.v16: 	at com.miui.internal.variable.Android_Text_Util_Linkify_class$Factory.<init>(Android_Text_Util_Linkify_class.java:40)
07-22 18:09:08.422  5419  5419 W Linkify.v16: 	at com.miui.internal.variable.Android_Text_Util_Linkify_class$Factory.<init>(Android_Text_Util_Linkify_class.java:26)
07-22 18:09:08.422  5419  5419 W Linkify.v16: 	at com.miui.internal.variable.Android_Text_Util_Linkify_class$Factory$1.createInstance(Android_Text_Util_Linkify_class.java:32)
07-22 18:09:08.422  5419  5419 W Linkify.v16: 	at com.miui.internal.variable.Android_Text_Util_Linkify_class$Factory$1.createInstance(Android_Text_Util_Linkify_class.java:29)
07-22 18:09:08.422  5419  5419 W Linkify.v16: 	at miui.util.SoftReferenceSingleton.get(SoftReferenceSingleton.java:25)
07-22 18:09:08.422  5419  5419 W Linkify.v16: 	at com.miui.internal.variable.Android_Text_Util_Linkify_class$Factory.getInstance(Android_Text_Util_Linkify_class.java:44)
07-22 18:09:08.422  5419  5419 W Linkify.v16: 	at com.miui.internal.initialization.OverrideHelper.doInitialize(OverrideHelper.java:37)
07-22 18:09:08.422  5419  5419 W Linkify.v16: 	at miui.core.SdkManager.initialize(SdkManager.java:99)
07-22 18:09:08.422  5419  5419 W Linkify.v16: 	at java.lang.reflect.Method.invoke(Native Method)
07-22 18:09:08.422  5419  5419 W Linkify.v16: 	at miui.external.Application.initializeSdk(Application.java:85)
07-22 18:09:08.422  5419  5419 W Linkify.v16: 	at miui.external.Application.<init>(Application.java:55)
07-22 18:09:08.422  5419  5419 W Linkify.v16: 	at com.miui.providers.contacts.ContactsApp.<init>(ContactsApp.java:7)
07-22 18:09:08.422  5419  5419 W Linkify.v16: 	at java.lang.Class.newInstance(Native Method)
07-22 18:09:08.422  5419  5419 W Linkify.v16: 	at android.app.AppComponentFactory.instantiateApplication(AppComponentFactory.java:76)
07-22 18:09:08.422  5419  5419 W Linkify.v16: 	at android.app.Instrumentation.newApplication(Instrumentation.java:1159)
07-22 18:09:08.422  5419  5419 W Linkify.v16: 	at android.app.LoadedApk.makeApplication(LoadedApk.java:1240)
07-22 18:09:08.422  5419  5419 W Linkify.v16: 	at android.app.ActivityThread.handleBindApplication(ActivityThread.java:6831)
07-22 18:09:08.422  5419  5419 W Linkify.v16: 	at android.app.ActivityThread.access$1400(ActivityThread.java:244)
07-22 18:09:08.422  5419  5419 W Linkify.v16: 	at android.app.ActivityThread$H.handleMessage(ActivityThread.java:1959)
07-22 18:09:08.422  5419  5419 W Linkify.v16: 	at android.os.Handler.dispatchMessage(Handler.java:106)
07-22 18:09:08.422  5419  5419 W Linkify.v16: 	at android.os.Looper.loop(Looper.java:236)
07-22 18:09:08.422  5419  5419 W Linkify.v16: 	at android.app.ActivityThread.main(ActivityThread.java:7889)
07-22 18:09:08.422  5419  5419 W Linkify.v16: 	at java.lang.reflect.Method.invoke(Native Method)
07-22 18:09:08.422  5419  5419 W Linkify.v16: 	at com.android.internal.os.RuntimeInit$MethodAndArgsCaller.run(RuntimeInit.java:600)
07-22 18:09:08.422  5419  5419 W Linkify.v16: 	at com.android.internal.os.ZygoteInit.main(ZygoteInit.java:967)
07-22 18:09:08.426   948   948 E qdlights: set backlight level :path = /sys/class/backlight/panel0-backlight/brightness, value = 792
07-22 18:09:08.434   948   948 E qdlights: set backlight level :path = /sys/class/backlight/panel0-backlight/brightness, value = 793
07-22 18:09:08.443   948   948 E qdlights: set backlight level :path = /sys/class/backlight/panel0-backlight/brightness, value = 794
07-22 18:09:08.451   948   948 E qdlights: set backlight level :path = /sys/class/backlight/panel0-backlight/brightness, value = 795
07-22 18:09:08.460  5419  5419 D loading : ContactsProvider2 onCreate uid: 10064 userId:1
07-22 18:09:08.460   948   948 E qdlights: set backlight level :path = /sys/class/backlight/panel0-backlight/brightness, value = 796
07-22 18:09:08.466  5419  5419 D CrashHandler: init
07-22 18:09:08.475   948   948 E qdlights: set backlight level :path = /sys/class/backlight/panel0-backlight/brightness, value = 797
07-22 18:09:08.484   948   948 E qdlights: set backlight level :path = /sys/class/backlight/panel0-backlight/brightness, value = 798
07-22 18:09:08.495   948   948 E qdlights: set backlight level :path = /sys/class/backlight/panel0-backlight/brightness, value = 799
07-22 18:09:08.500  5419  5419 I ContactsProvider: ContactsProvider2 is initialized: true
07-22 18:09:08.504   948   948 E qdlights: set backlight level :path = /sys/class/backlight/panel0-backlight/brightness, value = 800
07-22 18:09:08.517   948   948 E qdlights: set backlight level :path = /sys/class/backlight/panel0-backlight/brightness, value = 801
07-22 18:09:08.530   948   948 E qdlights: set backlight level :path = /sys/class/backlight/panel0-backlight/brightness, value = 802
07-22 18:09:08.532   948   948 E qdlights: set backlight level :path = /sys/class/backlight/panel0-backlight/brightness, value = 803
07-22 18:09:08.535  5419  5451 D ContactsDatabaseHelper: onOpen: WAL enabled for contacts2.db: true
07-22 18:09:08.535   948   948 E qdlights: set backlight level :path = /sys/class/backlight/panel0-backlight/brightness, value = 804
07-22 18:09:08.538  5419  5419 I ContactsPerf: VoicemailContentProvider.onCreate start
07-22 18:09:08.543  5419  5419 I ContactsPerf: VoicemailContentProvider.onCreate finish
07-22 18:09:08.545   948   948 E qdlights: set backlight level :path = /sys/class/backlight/panel0-backlight/brightness, value = 805
07-22 18:09:08.547  5419  5454 D FbeUtils: isFbeEnabled(): true
07-22 18:09:08.551  5419  5451 D T9      : onContactDatabaseOpened
07-22 18:09:08.552  5419  5451 D SyncAccountUtils: getSelectionWritableData(): readonly types: ('com.whatsapp','com.google.android.apps.tachyon','com.truecaller.account')
07-22 18:09:08.552   948   948 E qdlights: set backlight level :path = /sys/class/backlight/panel0-backlight/brightness, value = 806
07-22 18:09:08.553  5419  5419 V ExtraCallsProvider: registerAccountListener
07-22 18:09:08.553  5419  5452 D CallLogDatabaseHelper: onOpen: WAL enabled for calllog.db: true
07-22 18:09:08.553  5419  5452 D T9      : onCallsDatabaseOpened
07-22 18:09:08.560   948   948 E qdlights: set backlight level :path = /sys/class/backlight/panel0-backlight/brightness, value = 807
07-22 18:09:08.570  5419  5419 D T9Provider: onCreate: pid=5419 thread=Thread[main,5,main] calls=null
07-22 18:09:08.570   948   948 E qdlights: set backlight level :path = /sys/class/backlight/panel0-backlight/brightness, value = 808
07-22 18:09:08.572  5419  5454 D CallLogDatabaseHelper: onOpen: WAL enabled for calllog_shadow.db: true
07-22 18:09:08.576  5419  5454 D T9Provider: releaseLoadLatch: release load latch
07-22 18:09:08.578  5419  5460 D T9Provider: initialize
07-22 18:09:08.578  5419  5460 D T9Provider: initialize: wait for load from shadow...
07-22 18:09:08.578  5419  5460 D T9Provider: start load
07-22 18:09:08.579   948   948 E qdlights: set backlight level :path = /sys/class/backlight/panel0-backlight/brightness, value = 809
07-22 18:09:08.579  5419  5454 I CallLogProvider: CallLog delete: CPID=5419, CallingPackage = com.android.providers.contacts User=0
07-22 18:09:08.585   948   948 E qdlights: set backlight level :path = /sys/class/backlight/panel0-backlight/brightness, value = 810
07-22 18:09:08.587   969   969 I ANDR-PERF-LM: LMPerfGlue: perfmodule_submit_request() 132: perfmodule_submit_request()
07-22 18:09:08.587   969   969 I ANDR-PERF-LM: Core: getInstance() 84: LM getInstance
07-22 18:09:08.587   969   969 D ANDR-PERF-LM: Feature: lookup() 101: Feature Name = AppClassifier, total featuers = 3, featureFound = 1
07-22 18:09:08.587   969   969 D ANDR-PERF-LM: Feature: getData() 112: data.data = 0
07-22 18:09:08.587   969   969 I ANDR-PERF-LM: FeedbackAPI: getFeedback() 60: app:com.android.providers.contacts feature:AppClassifier feedback = 0
07-22 18:09:08.592  5419  5442 I ContactsProvider: Contacts query: CPID=5134, CallingPackage = com.google.android.gms User=0
07-22 18:09:08.594   948   948 E qdlights: set backlight level :path = /sys/class/backlight/panel0-backlight/brightness, value = 811
07-22 18:09:08.595  5419  5460 D T9      : T9Depod load() size 531
07-22 18:09:08.596  5419  5460 D T9      : setMatchInfo: begin[0] , end[12]
07-22 18:09:08.596  5419  5460 D T9      : setMatchInfo: begin[0] , end[12]
07-22 18:09:08.596  5419  5460 D T9      : setMatchInfo: begin[0] , end[13]
07-22 18:09:08.596  5419  5460 D T9      : setMatchInfo: begin[0] , end[13]
07-22 18:09:08.596  5419  5460 D T9      : setMatchInfo: begin[0] , end[8]
07-22 18:09:08.596  5419  5460 D T9      : setMatchInfo: begin[0] , end[8]
07-22 18:09:08.596  5419  5460 D T9      : setMatchInfo: begin[0] , end[36]
07-22 18:09:08.597  5419  5460 I chatty  : uid=10064(com.android.calllogbackup) Worker-1 identical 3 lines
07-22 18:09:08.597  5419  5460 D T9      : setMatchInfo: begin[0] , end[36]
07-22 18:09:08.597  5419  5460 D T9      : setMatchInfo: begin[0] , end[17]
07-22 18:09:08.597  5419  5460 I chatty  : uid=10064(com.android.calllogbackup) Worker-1 identical 1 line
07-22 18:09:08.597  5419  5460 D T9      : setMatchInfo: begin[0] , end[17]
07-22 18:09:08.597  5419  5460 D T9      : setMatchInfo: begin[0] , end[7]
07-22 18:09:08.597  5419  5460 D T9      : setMatchInfo: begin[0] , end[5]
07-22 18:09:08.597  5419  5460 D T9      : setMatchInfo: begin[0] , end[8]
07-22 18:09:08.597  5419  5460 D T9      : setMatchInfo: begin[0] , end[8]
07-22 18:09:08.597  5419  5460 D T9      : setMatchInfo: begin[0] , end[3]
07-22 18:09:08.597  5419  5460 D T9      : setMatchInfo: begin[0] , end[5]
07-22 18:09:08.597  5419  5460 D T9      : setMatchInfo: begin[0] , end[12]
07-22 18:09:08.597  5419  5460 I chatty  : uid=10064(com.android.calllogbackup) Worker-1 identical 1 line
07-22 18:09:08.597  5419  5460 D T9      : setMatchInfo: begin[0] , end[12]
07-22 18:09:08.597  5419  5460 D T9      : setMatchInfo: begin[0] , end[6]
07-22 18:09:08.597  5419  5460 D T9      : setMatchInfo: begin[0] , end[4]
07-22 18:09:08.597  5419  5460 D T9      : setMatchInfo: begin[0] , end[4]
07-22 18:09:08.597  5419  5460 D T9      : setMatchInfo: begin[0] , end[13]
07-22 18:09:08.598  5419  5460 I chatty  : uid=10064(com.android.calllogbackup) Worker-1 identical 15 lines
07-22 18:09:08.598  5419  5460 D T9      : setMatchInfo: begin[0] , end[13]
07-22 18:09:08.598  5419  5460 D T9      : setMatchInfo: begin[0] , end[7]
07-22 18:09:08.598  5419  5460 D T9      : setMatchInfo: begin[0] , end[6]
07-22 18:09:08.598  5419  5460 D T9      : setMatchInfo: begin[0] , end[4]
07-22 18:09:08.598  5419  5460 D T9      : setMatchInfo: begin[0] , end[8]
07-22 18:09:08.598  5419  5460 D T9      : setMatchInfo: begin[0] , end[6]
07-22 18:09:08.598  5419  5460 D T9      : setMatchInfo: begin[0] , end[16]
07-22 18:09:08.599  5419  5460 I chatty  : uid=10064(com.android.calllogbackup) Worker-1 identical 1 line
07-22 18:09:08.599  5419  5460 D T9      : setMatchInfo: begin[0] , end[16]
07-22 18:09:08.600  5419  5460 D T9      : setMatchInfo: begin[0] , end[4]
07-22 18:09:08.600  5419  5460 D T9      : setMatchInfo: begin[0] , end[11]
07-22 18:09:08.600  5419  5460 D T9      : setMatchInfo: begin[0] , end[13]
07-22 18:09:08.600  5419  5460 I chatty  : uid=10064(com.android.calllogbackup) Worker-1 identical 8 lines
07-22 18:09:08.600  5419  5460 D T9      : setMatchInfo: begin[0] , end[13]
07-22 18:09:08.600  5419  5460 D T9      : setMatchInfo: begin[0] , end[8]
07-22 18:09:08.600  5419  5460 I chatty  : uid=10064(com.android.calllogbackup) Worker-1 identical 1 line
07-22 18:09:08.600  5419  5460 D T9      : setMatchInfo: begin[0] , end[8]
07-22 18:09:08.600   948   948 E qdlights: set backlight level :path = /sys/class/backlight/panel0-backlight/brightness, value = 812
07-22 18:09:08.600  5419  5460 D T9      : setMatchInfo: begin[0] , end[8]
07-22 18:09:08.600  5419  5460 D T9      : setMatchInfo: begin[0] , end[5]
07-22 18:09:08.600  5419  5460 D T9      : setMatchInfo: begin[0] , end[11]
07-22 18:09:08.600  5419  5460 D T9      : setMatchInfo: begin[0] , end[11]
07-22 18:09:08.600  5419  5460 D T9      : setMatchInfo: begin[0] , end[8]
07-22 18:09:08.601  5419  5460 D T9      : setMatchInfo: begin[0] , end[8]
07-22 18:09:08.601  5419  5460 D T9      : setMatchInfo: begin[0] , end[20]
07-22 18:09:08.601  5419  5460 D T9      : setMatchInfo: begin[0] , end[20]
07-22 18:09:08.601  5419  5460 D T9      : setMatchInfo: begin[0] , end[22]
07-22 18:09:08.601  5419  5460 I chatty  : uid=10064(com.android.calllogbackup) Worker-1 identical 1 line
07-22 18:09:08.601  5419  5460 D T9      : setMatchInfo: begin[0] , end[22]
07-22 18:09:08.601  5419  5460 D T9      : setMatchInfo: begin[0] , end[13]
07-22 18:09:08.601  5419  5460 I chatty  : uid=10064(com.android.calllogbackup) Worker-1 identical 3 lines
07-22 18:09:08.601  5419  5460 D T9      : setMatchInfo: begin[0] , end[13]
07-22 18:09:08.601  5419  5460 D T9      : setMatchInfo: begin[0] , end[22]
07-22 18:09:08.601  5419  5460 I chatty  : uid=10064(com.android.calllogbackup) Worker-1 identical 1 line
07-22 18:09:08.601  5419  5460 D T9      : setMatchInfo: begin[0] , end[22]
07-22 18:09:08.601  5419  5460 D T9      : setMatchInfo: begin[0] , end[16]
07-22 18:09:08.601  5419  5460 D T9      : setMatchInfo: begin[0] , end[16]
07-22 18:09:08.601  5419  5460 D T9      : setMatchInfo: begin[0] , end[12]
07-22 18:09:08.601  5419  5460 I chatty  : uid=10064(com.android.calllogbackup) Worker-1 identical 2 lines
07-22 18:09:08.601  5419  5460 D T9      : setMatchInfo: begin[0] , end[12]
07-22 18:09:08.601  5419  5460 D T9      : setMatchInfo: begin[0] , end[16]
07-22 18:09:08.602  5419  5460 I chatty  : uid=10064(com.android.calllogbackup) Worker-1 identical 3 lines
07-22 18:09:08.602  5419  5460 D T9      : setMatchInfo: begin[0] , end[16]
07-22 18:09:08.602  5419  5460 D T9      : setMatchInfo: begin[0] , end[13]
07-22 18:09:08.602  5419  5460 I chatty  : uid=10064(com.android.calllogbackup) Worker-1 identical 6 lines
07-22 18:09:08.602  5419  5460 D T9      : setMatchInfo: begin[0] , end[13]
07-22 18:09:08.602  5419  5460 D T9      : setMatchInfo: begin[0] , end[8]
07-22 18:09:08.602  5419  5460 D T9      : setMatchInfo: begin[0] , end[8]
07-22 18:09:08.602  5419  5460 D T9      : setMatchInfo: begin[0] , end[4]
07-22 18:09:08.602  5419  5460 D T9      : setMatchInfo: begin[0] , end[19]
07-22 18:09:08.602  5419  5460 I chatty  : uid=10064(com.android.calllogbackup) Worker-1 identical 3 lines
07-22 18:09:08.602  5419  5460 D T9      : setMatchInfo: begin[0] , end[19]
07-22 18:09:08.602  5419  5460 D T9      : setMatchInfo: begin[0] , end[12]
07-22 18:09:08.603  5419  5460 D T9      : setMatchInfo: begin[0] , end[12]
07-22 18:09:08.603  5419  5460 D T9      : setMatchInfo: begin[0] , end[14]
07-22 18:09:08.603  5419  5460 I chatty  : uid=10064(com.android.calllogbackup) Worker-1 identical 6 lines
07-22 18:09:08.603  5419  5460 D T9      : setMatchInfo: begin[0] , end[14]
07-22 18:09:08.603  5419  5460 D T9      : setMatchInfo: begin[0] , end[9]
07-22 18:09:08.603  5419  5460 D T9      : setMatchInfo: begin[0] , end[9]
07-22 18:09:08.603  5419  5460 D T9      : setMatchInfo: begin[0] , end[6]
07-22 18:09:08.603  5419  5460 D T9      : setMatchInfo: begin[0] , end[14]
07-22 18:09:08.603  5419  5460 D T9      : setMatchInfo: begin[0] , end[14]
07-22 18:09:08.603  5419  5460 D T9      : setMatchInfo: begin[0] , end[21]
07-22 18:09:08.603  5419  5460 D T9      : setMatchInfo: begin[0] , end[21]
07-22 18:09:08.603  5419  5460 D T9      : setMatchInfo: begin[0] , end[9]
07-22 18:09:08.603  5419  5460 D T9      : setMatchInfo: begin[0] , end[22]
07-22 18:09:08.603  5419  5460 D T9      : setMatchInfo: begin[0] , end[22]
07-22 18:09:08.603  5419  5460 D T9      : setMatchInfo: begin[0] , end[4]
07-22 18:09:08.603  5419  5460 D T9      : setMatchInfo: begin[0] , end[5]
07-22 18:09:08.603  5419  5460 D T9      : setMatchInfo: begin[0] , end[11]
07-22 18:09:08.604  5419  5460 D T9      : setMatchInfo: begin[0] , end[11]
07-22 18:09:08.604  5419  5460 D T9      : setMatchInfo: begin[0] , end[19]
07-22 18:09:08.604  5419  5460 D T9      : setMatchInfo: begin[0] , end[19]
07-22 18:09:08.604  5419  5460 D T9      : setMatchInfo: begin[0] , end[16]
07-22 18:09:08.604  5419  5460 D T9      : setMatchInfo: begin[0] , end[16]
07-22 18:09:08.604  5419  5460 D T9      : setMatchInfo: begin[0] , end[15]
07-22 18:09:08.604  5419  5460 D T9      : setMatchInfo: begin[0] , end[15]
07-22 18:09:08.604  5419  5460 D T9      : setMatchInfo: begin[0] , end[12]
07-22 18:09:08.604  5419  5460 D T9      : setMatchInfo: begin[0] , end[12]
07-22 18:09:08.604  5419  5460 D T9      : setMatchInfo: begin[0] , end[8]
07-22 18:09:08.604  5419  5460 D T9      : setMatchInfo: begin[0] , end[18]
07-22 18:09:08.604  5419  5460 D T9      : setMatchInfo: begin[0] , end[18]
07-22 18:09:08.604  5419  5460 D T9      : setMatchInfo: begin[0] , end[12]
07-22 18:09:08.604  5419  5460 D T9      : setMatchInfo: begin[0] , end[12]
07-22 18:09:08.604  5419  5460 D T9      : setMatchInfo: begin[0] , end[41]
07-22 18:09:08.604  5419  5460 I chatty  : uid=10064(com.android.calllogbackup) Worker-1 identical 3 lines
07-22 18:09:08.604  5419  5460 D T9      : setMatchInfo: begin[0] , end[41]
07-22 18:09:08.604  5419  5460 D T9      : setMatchInfo: begin[0] , end[22]
07-22 18:09:08.605  5419  5460 I chatty  : uid=10064(com.android.calllogbackup) Worker-1 identical 5 lines
07-22 18:09:08.605  5419  5460 D T9      : setMatchInfo: begin[0] , end[22]
07-22 18:09:08.605  5419  5460 D T9      : setMatchInfo: begin[0] , end[8]
07-22 18:09:08.605  5419  5460 D T9      : setMatchInfo: begin[0] , end[4]
07-22 18:09:08.605  5419  5460 D T9      : setMatchInfo: begin[0] , end[13]
07-22 18:09:08.605  5419  5460 D T9      : setMatchInfo: begin[0] , end[13]
07-22 18:09:08.605  5419  5460 D T9      : setMatchInfo: begin[0] , end[12]
07-22 18:09:08.605  5419  5460 D T9      : setMatchInfo: begin[0] , end[12]
07-22 18:09:08.605  5419  5460 D T9      : setMatchInfo: begin[0] , end[10]
07-22 18:09:08.605  5419  5460 D T9      : setMatchInfo: begin[0] , end[9]
07-22 18:09:08.605  5419  5460 D T9      : setMatchInfo: begin[0] , end[15]
07-22 18:09:08.605  5419  5460 I chatty  : uid=10064(com.android.calllogbackup) Worker-1 identical 1 line
07-22 18:09:08.605  5419  5460 D T9      : setMatchInfo: begin[0] , end[15]
07-22 18:09:08.605  5419  5460 D T9      : setMatchInfo: begin[0] , end[13]
07-22 18:09:08.605  5419  5460 D T9      : setMatchInfo: begin[0] , end[13]
07-22 18:09:08.605  5419  5460 D T9      : setMatchInfo: begin[0] , end[12]
07-22 18:09:08.605  5419  5460 D T9      : setMatchInfo: begin[0] , end[12]
07-22 18:09:08.606  5419  5460 D T9      : setMatchInfo: begin[0] , end[6]
07-22 18:09:08.606  5419  5460 D T9      : setMatchInfo: begin[0] , end[13]
07-22 18:09:08.606  5419  5460 I chatty  : uid=10064(com.android.calllogbackup) Worker-1 identical 5 lines
07-22 18:09:08.606  5419  5460 D T9      : setMatchInfo: begin[0] , end[13]
07-22 18:09:08.606  5419  5460 D T9      : setMatchInfo: begin[0] , end[6]
07-22 18:09:08.606  5419  5460 D T9      : setMatchInfo: begin[0] , end[14]
07-22 18:09:08.606  5419  5460 D T9      : setMatchInfo: begin[0] , end[14]
07-22 18:09:08.606  5419  5460 D T9      : setMatchInfo: begin[0] , end[10]
07-22 18:09:08.606  5419  5460 D T9      : setMatchInfo: begin[0] , end[10]
07-22 18:09:08.606  5419  5460 D T9      : setMatchInfo: begin[0] , end[5]
07-22 18:09:08.606  5419  5460 D T9      : setMatchInfo: begin[0] , end[11]
07-22 18:09:08.606  5419  5460 I chatty  : uid=10064(com.android.calllogbackup) Worker-1 identical 6 lines
07-22 18:09:08.606  5419  5460 D T9      : setMatchInfo: begin[0] , end[11]
07-22 18:09:08.607  5419  5460 D T9      : setMatchInfo: begin[0] , end[13]
07-22 18:09:08.607  5419  5460 I chatty  : uid=10064(com.android.calllogbackup) Worker-1 identical 5 lines
07-22 18:09:08.607  5419  5460 D T9      : setMatchInfo: begin[0] , end[13]
07-22 18:09:08.607  5419  5460 D T9      : setMatchInfo: begin[0] , end[15]
07-22 18:09:08.607  5419  5460 D T9      : setMatchInfo: begin[0] , end[15]
07-22 18:09:08.607  5419  5460 D T9      : setMatchInfo: begin[0] , end[20]
07-22 18:09:08.607  5419  5460 I chatty  : uid=10064(com.android.calllogbackup) Worker-1 identical 1 line
07-22 18:09:08.607  5419  5460 D T9      : setMatchInfo: begin[0] , end[20]
07-22 18:09:08.607  5419  5460 D T9      : setMatchInfo: begin[0] , end[4]
07-22 18:09:08.607  5419  5460 D T9      : setMatchInfo: begin[0] , end[4]
07-22 18:09:08.607  5419  5460 D T9      : setMatchInfo: begin[0] , end[19]
07-22 18:09:08.607  5419  5460 D T9      : setMatchInfo: begin[0] , end[19]
07-22 18:09:08.607  5419  5460 D T9      : setMatchInfo: begin[0] , end[18]
07-22 18:09:08.608  5419  5460 D T9      : setMatchInfo: begin[0] , end[18]
07-22 18:09:08.608  5419  5460 D T9      : setMatchInfo: begin[0] , end[12]
07-22 18:09:08.608  5419  5460 I chatty  : uid=10064(com.android.calllogbackup) Worker-1 identical 6 lines
07-22 18:09:08.608  5419  5460 D T9      : setMatchInfo: begin[0] , end[12]
07-22 18:09:08.608  5419  5460 D T9      : setMatchInfo: begin[0] , end[10]
07-22 18:09:08.608  5419  5460 D T9      : setMatchInfo: begin[0] , end[10]
07-22 18:09:08.608  5419  5460 D T9      : setMatchInfo: begin[0] , end[24]
07-22 18:09:08.609  5419  5460 I chatty  : uid=10064(com.android.calllogbackup) Worker-1 identical 2 lines
07-22 18:09:08.609  5419  5460 D T9      : setMatchInfo: begin[0] , end[24]
07-22 18:09:08.609  5419  5460 D T9      : setMatchInfo: begin[0] , end[10]
07-22 18:09:08.609  5419  5460 D T9      : setMatchInfo: begin[0] , end[10]
07-22 18:09:08.609  5419  5460 D T9      : setMatchInfo: begin[0] , end[15]
07-22 18:09:08.609  5419  5460 D T9      : setMatchInfo: begin[0] , end[15]
07-22 18:09:08.609  5419  5460 D T9      : setMatchInfo: begin[0] , end[14]
07-22 18:09:08.609  5419  5460 D T9      : setMatchInfo: begin[0] , end[14]
07-22 18:09:08.609  5419  5460 D T9      : setMatchInfo: begin[0] , end[15]
07-22 18:09:08.609  5419  5460 I chatty  : uid=10064(com.android.calllogbackup) Worker-1 identical 1 line
07-22 18:09:08.609  5419  5460 D T9      : setMatchInfo: begin[0] , end[15]
07-22 18:09:08.609  5419  5460 D T9      : setMatchInfo: begin[0] , end[16]
07-22 18:09:08.609  5419  5460 D T9      : setMatchInfo: begin[0] , end[16]
07-22 18:09:08.610  5419  5460 D T9      : setMatchInfo: begin[0] , end[11]
07-22 18:09:08.610  5419  5460 D T9      : setMatchInfo: begin[0] , end[11]
07-22 18:09:08.610   948   948 E qdlights: set backlight level :path = /sys/class/backlight/panel0-backlight/brightness, value = 813
07-22 18:09:08.610  5419  5460 D T9      : setMatchInfo: begin[0] , end[12]
07-22 18:09:08.610  5419  5460 D T9      : setMatchInfo: begin[0] , end[12]
07-22 18:09:08.610  5419  5460 D T9      : setMatchInfo: begin[0] , end[15]
07-22 18:09:08.610  5419  5460 D T9      : setMatchInfo: begin[0] , end[15]
07-22 18:09:08.610  5419  5460 D T9      : setMatchInfo: begin[0] , end[21]
07-22 18:09:08.610  5419  5460 I chatty  : uid=10064(com.android.calllogbackup) Worker-1 identical 1 line
07-22 18:09:08.610  5419  5460 D T9      : setMatchInfo: begin[0] , end[21]
07-22 18:09:08.610  5419  5460 D T9      : setMatchInfo: begin[0] , end[8]
07-22 18:09:08.610  5419  5460 D T9      : setMatchInfo: begin[0] , end[8]
07-22 18:09:08.610  5419  5460 D T9      : setMatchInfo: begin[0] , end[16]
07-22 18:09:08.610  5419  5460 D T9      : setMatchInfo: begin[0] , end[16]
07-22 18:09:08.610  5419  5460 D T9      : setMatchInfo: begin[0] , end[11]
07-22 18:09:08.610  5419  5460 D T9      : setMatchInfo: begin[0] , end[11]
07-22 18:09:08.610  5419  5460 D T9      : setMatchInfo: begin[0] , end[12]
07-22 18:09:08.610  5419  5460 D T9      : setMatchInfo: begin[0] , end[12]
07-22 18:09:08.610  5419  5460 D T9      : setMatchInfo: begin[0] , end[9]
07-22 18:09:08.610  5419  5460 D T9      : setMatchInfo: begin[0] , end[9]
07-22 18:09:08.610  5419  5460 D T9      : setMatchInfo: begin[0] , end[6]
07-22 18:09:08.611  5419  5460 D T9      : setMatchInfo: begin[0] , end[10]
07-22 18:09:08.611  5419  5460 D T9      : setMatchInfo: begin[0] , end[25]
07-22 18:09:08.611  5419  5460 I chatty  : uid=10064(com.android.calllogbackup) Worker-1 identical 1 line
07-22 18:09:08.611  5419  5460 D T9      : setMatchInfo: begin[0] , end[25]
07-22 18:09:08.611  5419  5460 D T9      : setMatchInfo: begin[0] , end[13]
07-22 18:09:08.611  5419  5460 I chatty  : uid=10064(com.android.calllogbackup) Worker-1 identical 1 line
07-22 18:09:08.611  5419  5460 D T9      : setMatchInfo: begin[0] , end[13]
07-22 18:09:08.611  5419  5460 D T9      : setMatchInfo: begin[0] , end[20]
07-22 18:09:08.611  5419  5460 I chatty  : uid=10064(com.android.calllogbackup) Worker-1 identical 1 line
07-22 18:09:08.611  5419  5460 D T9      : setMatchInfo: begin[0] , end[20]
07-22 18:09:08.611  5419  5460 D T9      : setMatchInfo: begin[0] , end[8]
07-22 18:09:08.611  5419  5460 D T9      : setMatchInfo: begin[0] , end[12]
07-22 18:09:08.611  5419  5460 D T9      : setMatchInfo: begin[0] , end[12]
07-22 18:09:08.611  5419  5460 D T9      : setMatchInfo: begin[0] , end[15]
07-22 18:09:08.611  5419  5460 D T9      : setMatchInfo: begin[0] , end[15]
07-22 18:09:08.611  5419  5460 D T9      : setMatchInfo: begin[0] , end[10]
07-22 18:09:08.611  5419  5460 D T9      : setMatchInfo: begin[0] , end[4]
07-22 18:09:08.611  5419  5460 D T9      : setMatchInfo: begin[0] , end[17]
07-22 18:09:08.611  5419  5460 D T9      : setMatchInfo: begin[0] , end[17]
07-22 18:09:08.611  5419  5460 D T9      : setMatchInfo: begin[0] , end[16]
07-22 18:09:08.611  5419  5460 D T9      : setMatchInfo: begin[0] , end[16]
07-22 18:09:08.611  5419  5460 D T9      : setMatchInfo: begin[0] , end[15]
07-22 18:09:08.612  5419  5460 D T9      : setMatchInfo: begin[0] , end[15]
07-22 18:09:08.612  5419  5460 D T9      : setMatchInfo: begin[0] , end[27]
07-22 18:09:08.612  5419  5460 I chatty  : uid=10064(com.android.calllogbackup) Worker-1 identical 3 lines
07-22 18:09:08.612  5419  5460 D T9      : setMatchInfo: begin[0] , end[27]
07-22 18:09:08.612  5419  5460 D T9      : setMatchInfo: begin[0] , end[23]
07-22 18:09:08.612  5419  5460 D T9      : setMatchInfo: begin[0] , end[23]
07-22 18:09:08.612  5419  5460 D T9      : setMatchInfo: begin[0] , end[10]
07-22 18:09:08.612  5419  5460 I chatty  : uid=10064(com.android.calllogbackup) Worker-1 identical 2 lines
07-22 18:09:08.612  5419  5460 D T9      : setMatchInfo: begin[0] , end[10]
07-22 18:09:08.612  5419  5460 D T9      : setMatchInfo: begin[0] , end[13]
07-22 18:09:08.612  5419  5460 D T9      : setMatchInfo: begin[0] , end[13]
07-22 18:09:08.612  5419  5460 D T9      : setMatchInfo: begin[0] , end[10]
07-22 18:09:08.612  5419  5460 D T9      : setMatchInfo: begin[0] , end[5]
07-22 18:09:08.612  5419  5460 D T9      : setMatchInfo: begin[0] , end[10]
07-22 18:09:08.612  5419  5460 D T9      : setMatchInfo: begin[0] , end[10]
07-22 18:09:08.612  5419  5460 D T9      : setMatchInfo: begin[0] , end[21]
07-22 18:09:08.612  5419  5460 I chatty  : uid=10064(com.android.calllogbackup) Worker-1 identical 1 line
07-22 18:09:08.612  5419  5460 D T9      : setMatchInfo: begin[0] , end[21]
07-22 18:09:08.612  5419  5460 D T9      : setMatchInfo: begin[0] , end[7]
07-22 18:09:08.613  5419  5460 D T9      : setMatchInfo: begin[0] , end[9]
07-22 18:09:08.613  5419  5460 D T9      : setMatchInfo: begin[0] , end[9]
07-22 18:09:08.613  5419  5460 D T9      : setMatchInfo: begin[0] , end[15]
07-22 18:09:08.613  5419  5460 D T9      : setMatchInfo: begin[0] , end[15]
07-22 18:09:08.613  5419  5460 D T9      : setMatchInfo: begin[0] , end[23]
