07-22 18:09:08.613  5419  5460 I chatty  : uid=10064(com.android.calllogbackup) Worker-1 identical 2 lines
07-22 18:09:08.613  5419  5460 D T9      : setMatchInfo: begin[0] , end[23]
07-22 18:09:08.613  5419  5460 D T9      : setMatchInfo: begin[0] , end[6]
07-22 18:09:08.613  5419  5460 D T9      : setMatchInfo: begin[0] , end[13]
07-22 18:09:08.613  5419  5460 D T9      : setMatchInfo: begin[0] , end[22]
07-22 18:09:08.613  5419  5460 I chatty  : uid=10064(com.android.calllogbackup) Worker-1 identical 1 line
07-22 18:09:08.613  5419  5460 D T9      : setMatchInfo: begin[0] , end[22]
07-22 18:09:08.613  5419  5460 D T9      : setMatchInfo: begin[0] , end[15]
07-22 18:09:08.613  5419  5460 D T9      : setMatchInfo: begin[0] , end[15]
07-22 18:09:08.613  5419  5460 D T9      : setMatchInfo: begin[0] , end[4]
07-22 18:09:08.613  5419  5460 D T9      : setMatchInfo: begin[0] , end[7]
07-22 18:09:08.613  5419  5460 D T9      : setMatchInfo: begin[0] , end[8]
07-22 18:09:08.613  5419  5460 D T9      : setMatchInfo: begin[0] , end[8]
07-22 18:09:08.613  5419  5460 D T9      : setMatchInfo: begin[0] , end[11]
07-22 18:09:08.613  5419  5460 I chatty  : uid=10064(com.android.calllogbackup) Worker-1 identical 1 line
07-22 18:09:08.614  5419  5460 D T9      : setMatchInfo: begin[0] , end[11]
07-22 18:09:08.614  5419  5460 D T9      : setMatchInfo: begin[0] , end[8]
07-22 18:09:08.614  5419  5460 D T9      : setMatchInfo: begin[0] , end[13]
07-22 18:09:08.614  5419  5460 D T9      : setMatchInfo: begin[0] , end[13]
07-22 18:09:08.614  5419  5460 D T9      : setMatchInfo: begin[0] , end[7]
07-22 18:09:08.614  5419  5460 D T9      : setMatchInfo: begin[0] , end[14]
07-22 18:09:08.614  5419  5460 D T9      : setMatchInfo: begin[0] , end[14]
07-22 18:09:08.614  5419  5460 D T9      : setMatchInfo: begin[0] , end[8]
07-22 18:09:08.614  5419  5460 D T9      : setMatchInfo: begin[0] , end[13]
07-22 18:09:08.614  5419  5460 D T9      : setMatchInfo: begin[0] , end[13]
07-22 18:09:08.614  5419  5460 D T9      : setMatchInfo: begin[0] , end[15]
07-22 18:09:08.614  5419  5460 D T9      : setMatchInfo: begin[0] , end[15]
07-22 18:09:08.614  5419  5460 D T9      : setMatchInfo: begin[0] , end[4]
07-22 18:09:08.614  5419  5460 D T9      : setMatchInfo: begin[0] , end[14]
07-22 18:09:08.615  5419  5460 D T9      : setMatchInfo: begin[0] , end[14]
07-22 18:09:08.616  5419  5460 D T9      : setMatchInfo: begin[0] , end[8]
07-22 18:09:08.616  5419  5460 D T9      : setMatchInfo: begin[0] , end[12]
07-22 18:09:08.616  5419  5460 I chatty  : uid=10064(com.android.calllogbackup) Worker-1 identical 6 lines
07-22 18:09:08.616  5419  5460 D T9      : setMatchInfo: begin[0] , end[12]
07-22 18:09:08.617  5419  5460 D T9      : setMatchInfo: begin[0] , end[20]
07-22 18:09:08.617  5419  5460 D T9      : setMatchInfo: begin[0] , end[20]
07-22 18:09:08.617   974  2754 I vendor.qti.hardware.servicetracker@1.2-service: unbindService is called for service : com.google.android.gms/.chimera.PersistentApiService and for client com.google.android.googlequicksearchbox:search
07-22 18:09:08.617  5419  5460 D T9      : setMatchInfo: begin[0] , end[3]
07-22 18:09:08.617   974  2754 I vendor.qti.hardware.servicetracker@1.2-service: size of service connections for service: com.google.android.gms/.chimera.PersistentApiServiceafter removal is 9
07-22 18:09:08.617  5419  5460 D T9      : setMatchInfo: begin[0] , end[13]
07-22 18:09:08.617   974  2754 I vendor.qti.hardware.servicetracker@1.2-service: size of client connections for client: com.google.android.googlequicksearchbox:searchafter removal is 4
07-22 18:09:08.617  5419  5460 D T9      : setMatchInfo: begin[0] , end[13]
07-22 18:09:08.617  5419  5460 D T9      : setMatchInfo: begin[0] , end[13]
07-22 18:09:08.617  5419  5460 D T9      : setMatchInfo: begin[0] , end[17]
07-22 18:09:08.617  5419  5460 D T9      : setMatchInfo: begin[0] , end[10]
07-22 18:09:08.617  5419  5460 D T9      : setMatchInfo: begin[0] , end[7]
07-22 18:09:08.617  5419  5460 D T9      : setMatchInfo: begin[0] , end[6]
07-22 18:09:08.617  5419  5460 D T9      : setMatchInfo: begin[0] , end[4]
07-22 18:09:08.617  5419  5460 D T9      : setMatchInfo: begin[0] , end[7]
07-22 18:09:08.617  5419  5460 D T9      : setMatchInfo: begin[0] , end[17]
07-22 18:09:08.617  5419  5460 I chatty  : uid=10064(com.android.calllogbackup) Worker-1 identical 1 line
07-22 18:09:08.618  5419  5460 D T9      : setMatchInfo: begin[0] , end[17]
07-22 18:09:08.618   948   948 E qdlights: set backlight level :path = /sys/class/backlight/panel0-backlight/brightness, value = 814
07-22 18:09:08.618  5419  5460 D T9      : setMatchInfo: begin[0] , end[14]
07-22 18:09:08.618  5419  5460 D T9      : setMatchInfo: begin[0] , end[14]
07-22 18:09:08.618  5419  5460 D T9      : setMatchInfo: begin[0] , end[21]
07-22 18:09:08.618  5419  5460 I chatty  : uid=10064(com.android.calllogbackup) Worker-1 identical 1 line
07-22 18:09:08.618  5419  5460 D T9      : setMatchInfo: begin[0] , end[21]
07-22 18:09:08.618  5419  5460 D T9      : setMatchInfo: begin[0] , end[3]
07-22 18:09:08.618  5419  5460 D T9      : setMatchInfo: begin[0] , end[7]
07-22 18:09:08.618  5419  5460 D T9      : setMatchInfo: begin[0] , end[4]
07-22 18:09:08.618  5419  5460 D T9      : setMatchInfo: begin[0] , end[6]
07-22 18:09:08.619  5419  5460 D T9      : setMatchInfo: begin[0] , end[14]
07-22 18:09:08.619  5419  5460 I chatty  : uid=10064(com.android.calllogbackup) Worker-1 identical 2 lines
07-22 18:09:08.619  5419  5460 D T9      : setMatchInfo: begin[0] , end[14]
07-22 18:09:08.619  5419  5460 D T9      : setMatchInfo: begin[0] , end[13]
07-22 18:09:08.619  5419  5460 D T9      : setMatchInfo: begin[0] , end[13]
07-22 18:09:08.619  5419  5460 D T9      : setMatchInfo: begin[0] , end[11]
07-22 18:09:08.619  5419  5460 D T9      : setMatchInfo: begin[0] , end[11]
07-22 18:09:08.619  5419  5460 D T9      : setMatchInfo: begin[0] , end[17]
07-22 18:09:08.619  5419  5460 D T9      : setMatchInfo: begin[0] , end[17]
07-22 18:09:08.619  5419  5460 D T9      : setMatchInfo: begin[0] , end[16]
07-22 18:09:08.619  5419  5460 I chatty  : uid=10064(com.android.calllogbackup) Worker-1 identical 1 line
07-22 18:09:08.619  5419  5460 D T9      : setMatchInfo: begin[0] , end[16]
07-22 18:09:08.619  5419  5460 D T9      : setMatchInfo: begin[0] , end[10]
07-22 18:09:08.619  5419  5460 D T9      : setMatchInfo: begin[0] , end[10]
07-22 18:09:08.619  5419  5460 D T9      : setMatchInfo: begin[0] , end[7]
07-22 18:09:08.619  5419  5460 D T9      : setMatchInfo: begin[0] , end[7]
07-22 18:09:08.619  5419  5460 D T9      : setMatchInfo: begin[0] , end[5]
07-22 18:09:08.619  5419  5460 D T9      : setMatchInfo: begin[0] , end[17]
07-22 18:09:08.619  5419  5460 D T9      : setMatchInfo: begin[0] , end[17]
07-22 18:09:08.619  5419  5460 D T9      : setMatchInfo: begin[0] , end[10]
07-22 18:09:08.620  5419  5460 D T9      : setMatchInfo: begin[0] , end[10]
07-22 18:09:08.620  5419  5460 D T9      : setMatchInfo: begin[0] , end[13]
07-22 18:09:08.620  5419  5460 D T9      : setMatchInfo: begin[0] , end[13]
07-22 18:09:08.620  5419  5460 D T9      : setMatchInfo: begin[0] , end[8]
07-22 18:09:08.620  5419  5460 D T9      : setMatchInfo: begin[0] , end[20]
07-22 18:09:08.620  5419  5460 D T9      : setMatchInfo: begin[0] , end[20]
07-22 18:09:08.620  5419  5460 D T9      : setMatchInfo: begin[0] , end[8]
07-22 18:09:08.620  5419  5460 D T9      : setMatchInfo: begin[0] , end[19]
07-22 18:09:08.620  5419  5460 I chatty  : uid=10064(com.android.calllogbackup) Worker-1 identical 1 line
07-22 18:09:08.620  5419  5460 D T9      : setMatchInfo: begin[0] , end[19]
07-22 18:09:08.620  5419  5460 D T9      : setMatchInfo: begin[0] , end[15]
07-22 18:09:08.620  5419  5460 D T9      : setMatchInfo: begin[0] , end[15]
07-22 18:09:08.620  5419  5460 D T9      : setMatchInfo: begin[0] , end[14]
07-22 18:09:08.620  5419  5460 D T9      : setMatchInfo: begin[0] , end[14]
07-22 18:09:08.620  5419  5460 D T9      : setMatchInfo: begin[0] , end[16]
07-22 18:09:08.620  5419  5460 D T9      : setMatchInfo: begin[0] , end[16]
07-22 18:09:08.620  5419  5460 D T9      : setMatchInfo: begin[0] , end[9]
07-22 18:09:08.620  5419  5460 I chatty  : uid=10064(com.android.calllogbackup) Worker-1 identical 4 lines
07-22 18:09:08.620  5419  5460 D T9      : setMatchInfo: begin[0] , end[9]
07-22 18:09:08.620  5419  5460 D T9      : setMatchInfo: begin[0] , end[22]
07-22 18:09:08.621  5419  5460 D T9      : setMatchInfo: begin[0] , end[22]
07-22 18:09:08.621  5419  5460 D T9      : setMatchInfo: begin[0] , end[17]
07-22 18:09:08.621  5419  5460 D T9      : setMatchInfo: begin[0] , end[17]
07-22 18:09:08.621  5419  5460 D T9      : setMatchInfo: begin[0] , end[8]
07-22 18:09:08.621  5419  5460 D T9      : setMatchInfo: begin[0] , end[10]
07-22 18:09:08.621  5419  5460 D T9      : setMatchInfo: begin[0] , end[10]
07-22 18:09:08.621  5419  5460 D T9      : setMatchInfo: begin[0] , end[17]
07-22 18:09:08.621  5419  5460 D T9      : setMatchInfo: begin[0] , end[17]
07-22 18:09:08.621  5419  5460 D T9      : setMatchInfo: begin[0] , end[20]
07-22 18:09:08.621  5419  5460 I chatty  : uid=10064(com.android.calllogbackup) Worker-1 identical 1 line
07-22 18:09:08.621  5419  5460 D T9      : setMatchInfo: begin[0] , end[20]
07-22 18:09:08.621  5419  5460 D T9      : setMatchInfo: begin[0] , end[6]
07-22 18:09:08.621  5419  5460 D T9      : setMatchInfo: begin[0] , end[6]
07-22 18:09:08.621  5419  5460 D T9      : setMatchInfo: begin[0] , end[19]
07-22 18:09:08.621  5419  5460 I chatty  : uid=10064(com.android.calllogbackup) Worker-1 identical 1 line
07-22 18:09:08.621  5419  5460 D T9      : setMatchInfo: begin[0] , end[19]
07-22 18:09:08.621  5419  5460 D T9      : setMatchInfo: begin[0] , end[9]
07-22 18:09:08.621  5419  5460 D T9      : setMatchInfo: begin[0] , end[9]
07-22 18:09:08.621  5419  5460 D T9      : setMatchInfo: begin[0] , end[13]
07-22 18:09:08.621  5419  5460 D T9      : setMatchInfo: begin[0] , end[13]
07-22 18:09:08.621  5419  5460 D T9      : setMatchInfo: begin[0] , end[5]
07-22 18:09:08.622  5419  5460 D T9      : setMatchInfo: begin[0] , end[7]
07-22 18:09:08.622  5419  5460 D T9      : setMatchInfo: begin[0] , end[12]
07-22 18:09:08.622  5419  5460 D T9      : setMatchInfo: begin[0] , end[12]
07-22 18:09:08.622  5419  5460 D T9      : setMatchInfo: begin[0] , end[17]
07-22 18:09:08.622  5419  5460 D T9      : setMatchInfo: begin[0] , end[17]
07-22 18:09:08.622  5419  5460 D T9      : setMatchInfo: begin[0] , end[8]
07-22 18:09:08.622  5419  5460 D T9      : setMatchInfo: begin[0] , end[8]
07-22 18:09:08.622  5419  5460 D T9      : setMatchInfo: begin[0] , end[12]
07-22 18:09:08.622  5419  5460 D T9      : setMatchInfo: begin[0] , end[12]
07-22 18:09:08.622  5419  5460 D T9      : setMatchInfo: begin[0] , end[5]
07-22 18:09:08.622  5419  5460 D T9      : setMatchInfo: begin[0] , end[17]
07-22 18:09:08.622  5419  5460 D T9      : setMatchInfo: begin[0] , end[17]
07-22 18:09:08.622  5419  5460 D T9      : setMatchInfo: begin[0] , end[6]
07-22 18:09:08.622  5419  5460 D T9      : setMatchInfo: begin[0] , end[12]
07-22 18:09:08.622  5419  5460 D T9      : setMatchInfo: begin[0] , end[12]
07-22 18:09:08.622  5419  5460 D T9      : setMatchInfo: begin[0] , end[17]
07-22 18:09:08.622  5419  5460 I chatty  : uid=10064(com.android.calllogbackup) Worker-1 identical 1 line
07-22 18:09:08.622  5419  5460 D T9      : setMatchInfo: begin[0] , end[17]
07-22 18:09:08.622  5419  5460 D T9      : setMatchInfo: begin[0] , end[14]
07-22 18:09:08.622  5419  5460 D T9      : setMatchInfo: begin[0] , end[14]
07-22 18:09:08.622  5419  5460 D T9      : setMatchInfo: begin[0] , end[8]
07-22 18:09:08.623  5419  5460 D T9      : setMatchInfo: begin[0] , end[8]
07-22 18:09:08.624  5419  5460 D T9      : setMatchInfo: begin[0] , end[16]
07-22 18:09:08.624  5419  5460 D T9      : setMatchInfo: begin[0] , end[16]
07-22 18:09:08.624  5419  5460 D T9      : setMatchInfo: begin[0] , end[12]
07-22 18:09:08.624  5419  5460 D T9      : setMatchInfo: begin[0] , end[12]
07-22 18:09:08.624  5419  5460 D T9      : setMatchInfo: begin[0] , end[5]
07-22 18:09:08.624  5419  5460 D T9      : setMatchInfo: begin[0] , end[13]
07-22 18:09:08.624  5419  5460 D T9      : setMatchInfo: begin[0] , end[8]
07-22 18:09:08.624  5419  5460 D T9      : setMatchInfo: begin[0] , end[8]
07-22 18:09:08.624  5419  5460 D T9      : setMatchInfo: begin[0] , end[6]
07-22 18:09:08.624  5419  5460 D T9      : setMatchInfo: begin[0] , end[5]
07-22 18:09:08.624  5419  5460 D T9      : setMatchInfo: begin[0] , end[11]
07-22 18:09:08.624  5419  5460 D T9      : setMatchInfo: begin[0] , end[12]
07-22 18:09:08.624  5419  5460 D T9      : setMatchInfo: begin[0] , end[12]
07-22 18:09:08.624  5419  5460 D T9      : setMatchInfo: begin[0] , end[11]
07-22 18:09:08.625  5419  5460 D T9      : setMatchInfo: begin[0] , end[11]
07-22 18:09:08.625  5419  5460 D T9      : setMatchInfo: begin[0] , end[17]
07-22 18:09:08.625  5419  5460 I chatty  : uid=10064(com.android.calllogbackup) Worker-1 identical 3 lines
07-22 18:09:08.625  5419  5460 D T9      : setMatchInfo: begin[0] , end[17]
07-22 18:09:08.625  5419  5460 D T9      : setMatchInfo: begin[0] , end[14]
07-22 18:09:08.625  5419  5460 D T9      : setMatchInfo: begin[0] , end[14]
07-22 18:09:08.625  5419  5460 D T9      : setMatchInfo: begin[0] , end[16]
07-22 18:09:08.625  5419  5460 D T9      : setMatchInfo: begin[0] , end[15]
07-22 18:09:08.625  5419  5460 D T9      : setMatchInfo: begin[0] , end[15]
07-22 18:09:08.625  5419  5460 D T9      : setMatchInfo: begin[0] , end[9]
07-22 18:09:08.625   948   948 E qdlights: set backlight level :path = /sys/class/backlight/panel0-backlight/brightness, value = 815
07-22 18:09:08.625  5419  5460 D T9      : setMatchInfo: begin[0] , end[7]
07-22 18:09:08.626  5419  5460 D T9      : setMatchInfo: begin[0] , end[11]
07-22 18:09:08.626  5419  5460 D T9      : setMatchInfo: begin[0] , end[11]
07-22 18:09:08.626  5419  5460 D T9      : setMatchInfo: begin[0] , end[17]
07-22 18:09:08.626  5419  5460 D T9      : setMatchInfo: begin[0] , end[17]
07-22 18:09:08.626  5419  5460 D T9      : setMatchInfo: begin[0] , end[7]
07-22 18:09:08.626  5419  5460 D T9      : setMatchInfo: begin[0] , end[7]
07-22 18:09:08.626  5419  5460 D T9      : setMatchInfo: begin[0] , end[15]
07-22 18:09:08.626  5419  5460 D T9      : setMatchInfo: begin[0] , end[15]
07-22 18:09:08.626  5419  5460 D T9      : setMatchInfo: begin[0] , end[10]
07-22 18:09:08.626  5419  5460 D T9      : setMatchInfo: begin[0] , end[10]
07-22 18:09:08.626  5419  5460 D T9      : setMatchInfo: begin[0] , end[13]
07-22 18:09:08.626  5419  5460 D T9      : setMatchInfo: begin[0] , end[13]
07-22 18:09:08.626  5419  5460 D T9      : setMatchInfo: begin[0] , end[27]
07-22 18:09:08.626  5419  5460 I chatty  : uid=10064(com.android.calllogbackup) Worker-1 identical 1 line
07-22 18:09:08.626  5419  5460 D T9      : setMatchInfo: begin[0] , end[27]
07-22 18:09:08.626  5419  5460 D T9      : setMatchInfo: begin[0] , end[14]
07-22 18:09:08.626  5419  5460 I chatty  : uid=10064(com.android.calllogbackup) Worker-1 identical 1 line
07-22 18:09:08.626  5419  5460 D T9      : setMatchInfo: begin[0] , end[14]
07-22 18:09:08.627  5419  5460 D T9      : setMatchInfo: begin[0] , end[5]
07-22 18:09:08.627  5419  5460 D T9      : setMatchInfo: begin[0] , end[11]
07-22 18:09:08.627  5419  5460 D T9      : setMatchInfo: begin[0] , end[11]
07-22 18:09:08.627  5419  5460 D T9      : setMatchInfo: begin[0] , end[4]
07-22 18:09:08.627  5419  5460 D T9      : setMatchInfo: begin[0] , end[4]
07-22 18:09:08.627  5419  5460 D T9      : setMatchInfo: begin[0] , end[11]
07-22 18:09:08.627  5419  5460 D T9      : setMatchInfo: begin[0] , end[11]
07-22 18:09:08.627  5419  5460 D T9      : setMatchInfo: begin[0] , end[6]
07-22 18:09:08.627  5419  5460 D T9      : setMatchInfo: begin[0] , end[14]
07-22 18:09:08.627  5419  5460 D T9      : setMatchInfo: begin[0] , end[14]
07-22 18:09:08.627  5419  5460 D T9      : setMatchInfo: begin[0] , end[24]
07-22 18:09:08.627  5419  5460 I chatty  : uid=10064(com.android.calllogbackup) Worker-1 identical 7 lines
07-22 18:09:08.627  5419  5460 D T9      : setMatchInfo: begin[0] , end[24]
07-22 18:09:08.627  5419  5460 D T9      : setMatchInfo: begin[0] , end[16]
07-22 18:09:08.627  5419  5460 D T9      : setMatchInfo: begin[0] , end[16]
07-22 18:09:08.627  5419  5460 D T9      : setMatchInfo: begin[0] , end[7]
07-22 18:09:08.627  5419  5460 D T9      : setMatchInfo: begin[0] , end[7]
07-22 18:09:08.627  5419  5460 D T9      : setMatchInfo: begin[0] , end[10]
07-22 18:09:08.627  5419  5460 D T9      : setMatchInfo: begin[0] , end[11]
07-22 18:09:08.627  5419  5460 D T9      : setMatchInfo: begin[0] , end[11]
07-22 18:09:08.628  5419  5460 D T9      : setMatchInfo: begin[0] , end[10]
07-22 18:09:08.628  5419  5460 D T9      : setMatchInfo: begin[0] , end[10]
07-22 18:09:08.628  5419  5460 D T9      : setMatchInfo: begin[0] , end[5]
07-22 18:09:08.628  5419  5460 D T9      : setMatchInfo: begin[0] , end[11]
07-22 18:09:08.628  5419  5460 I chatty  : uid=10064(com.android.calllogbackup) Worker-1 identical 1 line
07-22 18:09:08.628  5419  5460 D T9      : setMatchInfo: begin[0] , end[11]
07-22 18:09:08.628  5419  5460 D T9      : setMatchInfo: begin[0] , end[18]
07-22 18:09:08.628  5419  5460 D T9      : setMatchInfo: begin[0] , end[18]
07-22 18:09:08.628  5419  5460 D T9      : setMatchInfo: begin[0] , end[14]
07-22 18:09:08.628  5419  5460 D T9      : setMatchInfo: begin[0] , end[14]
07-22 18:09:08.628  5419  5460 D T9      : setMatchInfo: begin[0] , end[5]
07-22 18:09:08.628  5419  5460 D T9      : setMatchInfo: begin[0] , end[5]
07-22 18:09:08.628  5419  5460 D T9      : setMatchInfo: begin[0] , end[13]
07-22 18:09:08.628  5419  5460 D T9      : setMatchInfo: begin[0] , end[13]
07-22 18:09:08.628  5419  5460 D T9      : setMatchInfo: begin[0] , end[5]
07-22 18:09:08.628  5419  5460 D T9      : setMatchInfo: begin[0] , end[15]
07-22 18:09:08.628  5419  5460 D T9      : setMatchInfo: begin[0] , end[15]
07-22 18:09:08.628  5419  5460 D T9      : setMatchInfo: begin[0] , end[10]
07-22 18:09:08.628  5419  5460 D T9      : setMatchInfo: begin[0] , end[10]
07-22 18:09:08.628  5419  5460 D T9      : setMatchInfo: begin[0] , end[13]
07-22 18:09:08.628  5419  5460 D T9      : setMatchInfo: begin[0] , end[6]
07-22 18:09:08.628  5419  5460 D T9      : setMatchInfo: begin[0] , end[13]
07-22 18:09:08.628  5419  5460 D T9      : setMatchInfo: begin[0] , end[10]
07-22 18:09:08.628  5419  5460 I chatty  : uid=10064(com.android.calllogbackup) Worker-1 identical 1 line
07-22 18:09:08.628  5419  5460 D T9      : setMatchInfo: begin[0] , end[10]
07-22 18:09:08.628  5419  5460 D T9      : setMatchInfo: begin[0] , end[16]
07-22 18:09:08.629  5419  5460 D T9      : setMatchInfo: begin[0] , end[16]
07-22 18:09:08.629  5419  5460 D T9      : setMatchInfo: begin[0] , end[10]
07-22 18:09:08.629  5419  5460 D T9      : setMatchInfo: begin[0] , end[10]
07-22 18:09:08.629  5419  5460 D T9      : setMatchInfo: begin[0] , end[5]
07-22 18:09:08.629  5419  5460 D T9      : setMatchInfo: begin[0] , end[4]
07-22 18:09:08.629  5419  5460 D T9      : setMatchInfo: begin[0] , end[4]
07-22 18:09:08.629  5419  5460 D T9      : setMatchInfo: begin[0] , end[8]
07-22 18:09:08.629  5419  5460 D T9      : setMatchInfo: begin[0] , end[14]
07-22 18:09:08.629  5419  5460 D T9      : setMatchInfo: begin[0] , end[14]
07-22 18:09:08.629  5419  5460 D T9      : setMatchInfo: begin[0] , end[10]
07-22 18:09:08.629  5419  5460 D T9      : setMatchInfo: begin[0] , end[4]
07-22 18:09:08.629  5419  5460 D T9      : setMatchInfo: begin[0] , end[7]
07-22 18:09:08.629  5419  5460 D T9      : setMatchInfo: begin[0] , end[7]
07-22 18:09:08.629  5419  5460 D T9      : setMatchInfo: begin[0] , end[11]
07-22 18:09:08.629  5419  5460 D T9      : setMatchInfo: begin[0] , end[11]
07-22 18:09:08.629  5419  5460 D T9      : setMatchInfo: begin[0] , end[16]
07-22 18:09:08.629  5419  5460 D T9      : setMatchInfo: begin[0] , end[14]
07-22 18:09:08.629  5419  5460 D T9      : setMatchInfo: begin[0] , end[14]
07-22 18:09:08.629  5419  5460 D T9      : setMatchInfo: begin[0] , end[7]
07-22 18:09:08.629  5419  5460 D T9      : setMatchInfo: begin[0] , end[6]
07-22 18:09:08.630  5419  5460 D T9      : setMatchInfo: begin[0] , end[14]
07-22 18:09:08.630  5419  5460 D T9      : setMatchInfo: begin[0] , end[14]
07-22 18:09:08.630  5419  5460 D T9      : setMatchInfo: begin[0] , end[18]
07-22 18:09:08.630  5419  5460 I chatty  : uid=10064(com.android.calllogbackup) Worker-1 identical 1 line
07-22 18:09:08.630  5419  5460 D T9      : setMatchInfo: begin[0] , end[18]
07-22 18:09:08.630  5419  5460 D T9      : setMatchInfo: begin[0] , end[5]
07-22 18:09:08.630  5419  5460 D T9      : setMatchInfo: begin[0] , end[16]
07-22 18:09:08.630  5419  5460 D T9      : setMatchInfo: begin[0] , end[10]
07-22 18:09:08.630  5419  5460 I chatty  : uid=10064(com.android.calllogbackup) Worker-1 identical 2 lines
07-22 18:09:08.630  5419  5460 D T9      : setMatchInfo: begin[0] , end[10]
07-22 18:09:08.630  5419  5460 D T9      : setMatchInfo: begin[0] , end[12]
07-22 18:09:08.630  5419  5460 D T9      : setMatchInfo: begin[0] , end[12]
07-22 18:09:08.630  5419  5460 D T9      : setMatchInfo: begin[0] , end[18]
07-22 18:09:08.630  5419  5460 D T9      : setMatchInfo: begin[0] , end[16]
07-22 18:09:08.630  5419  5460 D T9      : setMatchInfo: begin[0] , end[16]
07-22 18:09:08.630  5419  5460 D T9      : setMatchInfo: begin[0] , end[11]
07-22 18:09:08.630  5419  5460 D T9      : setMatchInfo: begin[0] , end[11]
07-22 18:09:08.630  5419  5460 D T9      : setMatchInfo: begin[0] , end[17]
07-22 18:09:08.630  5419  5460 I chatty  : uid=10064(com.android.calllogbackup) Worker-1 identical 1 line
07-22 18:09:08.630  5419  5460 D T9      : setMatchInfo: begin[0] , end[17]
07-22 18:09:08.630  5419  5460 D T9      : setMatchInfo: begin[0] , end[8]
07-22 18:09:08.630  5419  5460 D T9      : setMatchInfo: begin[0] , end[12]
07-22 18:09:08.630  5419  5460 D T9      : setMatchInfo: begin[0] , end[12]
07-22 18:09:08.630  5419  5460 D T9      : setMatchInfo: begin[0] , end[13]
07-22 18:09:08.630  5419  5460 D T9      : setMatchInfo: begin[0] , end[13]
07-22 18:09:08.631  5419  5460 D T9      : setMatchInfo: begin[0] , end[11]
07-22 18:09:08.631  5419  5460 D T9      : setMatchInfo: begin[0] , end[11]
07-22 18:09:08.631  5419  5460 D T9      : setMatchInfo: begin[0] , end[24]
07-22 18:09:08.631  5419  5460 D T9      : setMatchInfo: begin[0] , end[24]
07-22 18:09:08.631  5419  5460 D T9      : setMatchInfo: begin[0] , end[7]
07-22 18:09:08.631  5419  5460 D T9      : setMatchInfo: begin[0] , end[7]
07-22 18:09:08.631  5419  5460 D T9      : setMatchInfo: begin[0] , end[8]
07-22 18:09:08.631  5419  5460 D T9      : setMatchInfo: begin[0] , end[10]
07-22 18:09:08.631  5419  5460 D T9      : setMatchInfo: begin[0] , end[10]
07-22 18:09:08.631  5419  5460 D T9      : setMatchInfo: begin[0] , end[16]
07-22 18:09:08.631  5419  5460 D T9      : setMatchInfo: begin[0] , end[14]
07-22 18:09:08.631  5419  5460 D T9      : setMatchInfo: begin[0] , end[14]
07-22 18:09:08.631  5419  5460 D T9      : setMatchInfo: begin[0] , end[10]
07-22 18:09:08.631  5419  5460 I chatty  : uid=10064(com.android.calllogbackup) Worker-1 identical 2 lines
07-22 18:09:08.631  5419  5460 D T9      : setMatchInfo: begin[0] , end[10]
07-22 18:09:08.631  5419  5460 D T9      : setMatchInfo: begin[0] , end[17]
07-22 18:09:08.631  5419  5460 D T9      : setMatchInfo: begin[0] , end[17]
07-22 18:09:08.631  5419  5460 D T9      : setMatchInfo: begin[0] , end[7]
07-22 18:09:08.631  5419  5460 D T9      : setMatchInfo: begin[0] , end[5]
07-22 18:09:08.631  5419  5460 D T9      : setMatchInfo: begin[0] , end[6]
07-22 18:09:08.631  5419  5460 D T9      : setMatchInfo: begin[0] , end[17]
07-22 18:09:08.631  5419  5460 I chatty  : uid=10064(com.android.calllogbackup) Worker-1 identical 1 line
07-22 18:09:08.632  5419  5460 D T9      : setMatchInfo: begin[0] , end[17]
07-22 18:09:08.632  5419  5460 D T9      : setMatchInfo: begin[0] , end[15]
07-22 18:09:08.632  5419  5460 D T9      : setMatchInfo: begin[0] , end[15]
07-22 18:09:08.632  5419  5460 D T9      : setMatchInfo: begin[0] , end[17]
07-22 18:09:08.632  5419  5460 I chatty  : uid=10064(com.android.calllogbackup) Worker-1 identical 2 lines
07-22 18:09:08.632  5419  5460 D T9      : setMatchInfo: begin[0] , end[17]
07-22 18:09:08.632  5419  5460 D T9      : setMatchInfo: begin[0] , end[14]
07-22 18:09:08.632  5419  5460 I chatty  : uid=10064(com.android.calllogbackup) Worker-1 identical 2 lines
07-22 18:09:08.632  5419  5460 D T9      : setMatchInfo: begin[0] , end[14]
07-22 18:09:08.632  5419  5460 D T9      : setMatchInfo: begin[0] , end[7]
07-22 18:09:08.632  5419  5460 D T9      : setMatchInfo: begin[0] , end[15]
07-22 18:09:08.632  5419  5460 D T9      : setMatchInfo: begin[0] , end[15]
07-22 18:09:08.632  5419  5460 D T9      : setMatchInfo: begin[0] , end[14]
07-22 18:09:08.632  5419  5460 D T9      : setMatchInfo: begin[0] , end[14]
07-22 18:09:08.632  5419  5460 D T9      : setMatchInfo: begin[0] , end[15]
07-22 18:09:08.632  5419  5460 D T9      : setMatchInfo: begin[0] , end[13]
07-22 18:09:08.632  5419  5460 D T9      : setMatchInfo: begin[0] , end[13]
07-22 18:09:08.632  5419  5460 D T9      : setMatchInfo: begin[0] , end[8]
07-22 18:09:08.632  5419  5460 D T9      : setMatchInfo: begin[0] , end[8]
07-22 18:09:08.632  5419  5460 D T9      : setMatchInfo: begin[0] , end[21]
07-22 18:09:08.634   948   948 E qdlights: set backlight level :path = /sys/class/backlight/panel0-backlight/brightness, value = 816
07-22 18:09:08.637  5419  5460 D T9      : setMatchInfo: begin[0] , end[20]
07-22 18:09:08.638  5419  5460 I chatty  : uid=10064(com.android.calllogbackup) Worker-1 identical 1 line
07-22 18:09:08.638  5419  5460 D T9      : setMatchInfo: begin[0] , end[20]
07-22 18:09:08.638  5419  5460 D T9      : setMatchInfo: begin[0] , end[15]
07-22 18:09:08.638  5419  5460 D T9      : setMatchInfo: begin[0] , end[15]
07-22 18:09:08.638  5419  5460 D T9      : setMatchInfo: begin[0] , end[18]
07-22 18:09:08.638  5419  5460 I chatty  : uid=10064(com.android.calllogbackup) Worker-1 identical 1 line
07-22 18:09:08.638  5419  5460 D T9      : setMatchInfo: begin[0] , end[18]
07-22 18:09:08.638  5419  5460 D T9      : setMatchInfo: begin[0] , end[13]
07-22 18:09:08.638  5419  5460 I chatty  : uid=10064(com.android.calllogbackup) Worker-1 identical 1 line
07-22 18:09:08.638  5419  5460 D T9      : setMatchInfo: begin[0] , end[13]
07-22 18:09:08.638  5419  5460 D T9      : setMatchInfo: begin[0] , end[25]
07-22 18:09:08.638  5419  5460 I chatty  : uid=10064(com.android.calllogbackup) Worker-1 identical 1 line
07-22 18:09:08.638  5419  5460 D T9      : setMatchInfo: begin[0] , end[25]
07-22 18:09:08.638  5419  5460 D T9      : setMatchInfo: begin[0] , end[15]
07-22 18:09:08.638  5419  5460 D T9      : setMatchInfo: begin[0] , end[15]
07-22 18:09:08.638  5419  5460 D T9      : setMatchInfo: begin[0] , end[3]
07-22 18:09:08.638  5419  5451 I ContactLocale: AddressBook Labels [[pt_BR]]: [, A, B, C, D, E, F, G, H, I, J, K, L, M, N, O, P, Q, R, S, T, U, V, W, X, Y, Z, , , , , , , , , , , , , , , , , , , , , , , , , , , , , , , , , , , , , , , , , , , , , , , , , , , , , , , , , , , , , , , , , , , , , , , , , , , , , , , , , , , , , , , , , , , , , , , , , , , , , , , , , , , , , , , , , , , , , , , , , , , , , , , , , , , , , , , , , , , , , , , , , , , , , , , , , , , , , , , , , , , , , , , , , , , , , , , , , , , , , , , , , , , #, ]
07-22 18:09:08.638  5419  5460 D T9      : setMatchInfo: begin[0] , end[17]
07-22 18:09:08.638  5419  5460 I chatty  : uid=10064(com.android.calllogbackup) Worker-1 identical 1 line
07-22 18:09:08.638  5419  5460 D T9      : setMatchInfo: begin[0] , end[17]
07-22 18:09:08.638  5419  5460 D T9      : setMatchInfo: begin[0] , end[10]
07-22 18:09:08.638  5419  5460 D T9      : setMatchInfo: begin[0] , end[10]
07-22 18:09:08.638  5419  5460 D T9      : setMatchInfo: begin[0] , end[14]
07-22 18:09:08.638  5419  5460 D T9      : setMatchInfo: begin[0] , end[14]
07-22 18:09:08.638  5419  5460 D T9      : setMatchInfo: begin[0] , end[7]
07-22 18:09:08.638  5419  5460 D T9      : setMatchInfo: begin[0] , end[10]
07-22 18:09:08.638  5419  5460 D T9      : setMatchInfo: begin[0] , end[6]
07-22 18:09:08.638  5419  5460 D T9      : setMatchInfo: begin[0] , end[11]
07-22 18:09:08.639  5419  5460 I chatty  : uid=10064(com.android.calllogbackup) Worker-1 identical 2 lines
07-22 18:09:08.639  5419  5460 D T9      : setMatchInfo: begin[0] , end[11]
07-22 18:09:08.639  5419  5460 D T9      : setMatchInfo: begin[0] , end[6]
07-22 18:09:08.639  5419  5460 D T9      : setMatchInfo: begin[0] , end[4]
07-22 18:09:08.639  5419  5460 D T9      : setMatchInfo: begin[0] , end[6]
07-22 18:09:08.639  5419  5460 D T9      : setMatchInfo: begin[0] , end[3]
07-22 18:09:08.639  5419  5460 D T9      : setMatchInfo: begin[0] , end[3]
07-22 18:09:08.639  5419  5460 D T9      : setMatchInfo: begin[0] , end[11]
07-22 18:09:08.639  5419  5460 D T9      : setMatchInfo: begin[0] , end[11]
07-22 18:09:08.639  5419  5460 D T9      : setMatchInfo: begin[0] , end[8]
07-22 18:09:08.639  5419  5460 D T9      : setMatchInfo: begin[0] , end[8]
07-22 18:09:08.639  5419  5460 D T9      : setMatchInfo: begin[0] , end[11]
07-22 18:09:08.639  5419  5460 D T9      : setMatchInfo: begin[0] , end[4]
07-22 18:09:08.639  5419  5460 D T9      : setMatchInfo: begin[0] , end[13]
07-22 18:09:08.639  5419  5460 I chatty  : uid=10064(com.android.calllogbackup) Worker-1 identical 4 lines
07-22 18:09:08.639  5419  5460 D T9      : setMatchInfo: begin[0] , end[13]
07-22 18:09:08.639  5419  5460 D T9      : setMatchInfo: begin[0] , end[8]
07-22 18:09:08.639  5419  5460 D T9      : setMatchInfo: begin[0] , end[8]
07-22 18:09:08.639  5419  5460 D T9      : setMatchInfo: begin[0] , end[7]
07-22 18:09:08.639  5419  5460 D T9      : setMatchInfo: begin[0] , end[6]
07-22 18:09:08.639  5419  5460 D T9      : setMatchInfo: begin[0] , end[7]
07-22 18:09:08.639  5419  5460 D T9      : setMatchInfo: begin[0] , end[14]
07-22 18:09:08.639  5419  5460 D T9      : setMatchInfo: begin[0] , end[14]
07-22 18:09:08.639  5419  5460 D T9      : setMatchInfo: begin[0] , end[8]
07-22 18:09:08.639  5419  5460 D T9      : setMatchInfo: begin[0] , end[6]
07-22 18:09:08.639  5419  5460 D T9      : setMatchInfo: begin[0] , end[8]
07-22 18:09:08.639  5419  5460 D T9      : setMatchInfo: begin[0] , end[10]
07-22 18:09:08.639  5419  5460 D T9      : setMatchInfo: begin[0] , end[10]
07-22 18:09:08.639  5419  5460 D T9      : setMatchInfo: begin[0] , end[11]
07-22 18:09:08.639  5419  5460 D T9      : setMatchInfo: begin[0] , end[11]
07-22 18:09:08.639  5419  5460 D T9      : setMatchInfo: begin[0] , end[13]
07-22 18:09:08.640  5419  5460 I chatty  : uid=10064(com.android.calllogbackup) Worker-1 identical 2 lines
07-22 18:09:08.640  5419  5460 D T9      : setMatchInfo: begin[0] , end[13]
07-22 18:09:08.640  5419  5460 D T9      : setMatchInfo: begin[0] , end[4]
07-22 18:09:08.640  5419  5460 D T9      : setMatchInfo: begin[0] , end[14]
07-22 18:09:08.640  5419  5460 I chatty  : uid=10064(com.android.calllogbackup) Worker-1 identical 1 line
07-22 18:09:08.640  5419  5460 D T9      : setMatchInfo: begin[0] , end[14]
07-22 18:09:08.640  5419  5460 D T9      : setMatchInfo: begin[0] , end[8]
07-22 18:09:08.640  5419  5460 D T9      : setMatchInfo: begin[0] , end[8]
07-22 18:09:08.640  5419  5460 D T9      : setMatchInfo: begin[0] , end[4]
07-22 18:09:08.640  5419  5460 D T9      : setMatchInfo: begin[0] , end[10]
07-22 18:09:08.640  5419  5460 I chatty  : uid=10064(com.android.calllogbackup) Worker-1 identical 2 lines
07-22 18:09:08.640  5419  5460 D T9      : setMatchInfo: begin[0] , end[10]
07-22 18:09:08.640  5419  5460 D T9      : setMatchInfo: begin[0] , end[9]
07-22 18:09:08.640  5419  5460 D T9      : setMatchInfo: begin[0] , end[12]
07-22 18:09:08.640  5419  5460 D T9      : setMatchInfo: begin[0] , end[12]
07-22 18:09:08.640  5419  5460 D T9      : setMatchInfo: begin[0] , end[10]
07-22 18:09:08.640  5419  5460 D T9      : setMatchInfo: begin[0] , end[7]
07-22 18:09:08.640  5419  5460 D T9      : setMatchInfo: begin[0] , end[11]
07-22 18:09:08.640  5419  5460 D T9      : setMatchInfo: begin[0] , end[11]
07-22 18:09:08.640  5419  5460 D T9      : setMatchInfo: begin[0] , end[16]
07-22 18:09:08.640  5419  5460 D T9      : setMatchInfo: begin[0] , end[16]
07-22 18:09:08.640  5419  5460 D T9      : setMatchInfo: begin[0] , end[20]
07-22 18:09:08.640  5419  5460 I chatty  : uid=10064(com.android.calllogbackup) Worker-1 identical 1 line
07-22 18:09:08.640  5419  5460 D T9      : setMatchInfo: begin[0] , end[20]
07-22 18:09:08.640  5419  5460 D T9      : setMatchInfo: begin[0] , end[17]
07-22 18:09:08.640  5419  5460 D T9      : setMatchInfo: begin[0] , end[17]
07-22 18:09:08.640  5419  5460 D T9      : setMatchInfo: begin[0] , end[11]
07-22 18:09:08.640  5419  5460 D T9      : setMatchInfo: begin[0] , end[11]
07-22 18:09:08.640  5419  5460 D T9      : setMatchInfo: begin[0] , end[15]
07-22 18:09:08.640  5419  5460 I chatty  : uid=10064(com.android.calllogbackup) Worker-1 identical 2 lines
07-22 18:09:08.641  5419  5460 D T9      : setMatchInfo: begin[0] , end[15]
07-22 18:09:08.641  5419  5460 D T9      : setMatchInfo: begin[0] , end[12]
07-22 18:09:08.641  5419  5460 D T9      : setMatchInfo: begin[0] , end[12]
07-22 18:09:08.641  5419  5460 D T9      : setMatchInfo: begin[0] , end[22]
07-22 18:09:08.641  5419  5460 I chatty  : uid=10064(com.android.calllogbackup) Worker-1 identical 2 lines
07-22 18:09:08.641  5419  5460 D T9      : setMatchInfo: begin[0] , end[22]
07-22 18:09:08.641  5419  5460 D T9      : setMatchInfo: begin[0] , end[26]
07-22 18:09:08.641  5419  5460 D T9      : setMatchInfo: begin[0] , end[26]
07-22 18:09:08.641  5419  5460 D T9      : setMatchInfo: begin[0] , end[6]
07-22 18:09:08.641  5419  5460 D T9      : setMatchInfo: begin[0] , end[8]
07-22 18:09:08.641  5419  5460 D T9      : setMatchInfo: begin[0] , end[8]
07-22 18:09:08.641  5419  5460 D T9      : setMatchInfo: begin[0] , end[17]
07-22 18:09:08.641  5419  5460 D T9      : setMatchInfo: begin[0] , end[17]
07-22 18:09:08.641  5419  5460 D T9      : setMatchInfo: begin[0] , end[16]
07-22 18:09:08.641  5419  5460 D T9      : setMatchInfo: begin[0] , end[16]
07-22 18:09:08.641  5419  5460 D T9      : setMatchInfo: begin[0] , end[7]
07-22 18:09:08.641  5419  5460 D T9      : setMatchInfo: begin[0] , end[14]
07-22 18:09:08.641  5419  5460 D T9      : setMatchInfo: begin[0] , end[17]
07-22 18:09:08.641  5419  5460 I chatty  : uid=10064(com.android.calllogbackup) Worker-1 identical 1 line
07-22 18:09:08.641  5419  5460 D T9      : setMatchInfo: begin[0] , end[17]
07-22 18:09:08.641  5419  5460 D T9      : setMatchInfo: begin[0] , end[16]
07-22 18:09:08.641  5419  5460 D T9      : setMatchInfo: begin[0] , end[16]
07-22 18:09:08.641  5419  5460 D T9      : setMatchInfo: begin[0] , end[11]
07-22 18:09:08.641  5419  5460 D T9      : setMatchInfo: begin[0] , end[11]
07-22 18:09:08.641  5419  5460 D T9      : setMatchInfo: begin[0] , end[4]
07-22 18:09:08.641  5419  5460 D T9      : setMatchInfo: begin[0] , end[7]
07-22 18:09:08.641  5419  5460 D T9      : setMatchInfo: begin[0] , end[7]
07-22 18:09:08.641  5419  5460 D T9      : setMatchInfo: begin[0] , end[8]
07-22 18:09:08.641  5419  5460 D T9      : setMatchInfo: begin[0] , end[10]
07-22 18:09:08.641  5419  5460 D T9      : setMatchInfo: begin[0] , end[10]
07-22 18:09:08.641  5419  5460 D T9      : setMatchInfo: begin[0] , end[14]
07-22 18:09:08.641  5419  5460 I chatty  : uid=10064(com.android.calllogbackup) Worker-1 identical 2 lines
07-22 18:09:08.641  5419  5460 D T9      : setMatchInfo: begin[0] , end[14]
07-22 18:09:08.641  5419  5460 D T9      : setMatchInfo: begin[0] , end[5]
07-22 18:09:08.641  5419  5460 D T9      : setMatchInfo: begin[0] , end[20]
07-22 18:09:08.642  5419  5460 D T9      : setMatchInfo: begin[0] , end[20]
07-22 18:09:08.642  5419  5460 D T9      : setMatchInfo: begin[0] , end[4]
07-22 18:09:08.642  5419  5460 D T9      : setMatchInfo: begin[0] , end[5]
07-22 18:09:08.642  5419  5460 D T9      : setMatchInfo: begin[0] , end[9]
07-22 18:09:08.642  5419  5460 D T9      : setMatchInfo: begin[0] , end[26]
07-22 18:09:08.642  5419  5460 I chatty  : uid=10064(com.android.calllogbackup) Worker-1 identical 1 line
07-22 18:09:08.642  5419  5460 D T9      : setMatchInfo: begin[0] , end[26]
07-22 18:09:08.642  5419  5460 D T9      : setMatchInfo: begin[0] , end[12]
07-22 18:09:08.642  5419  5460 D T9      : setMatchInfo: begin[0] , end[15]
07-22 18:09:08.642   948   948 E qdlights: set backlight level :path = /sys/class/backlight/panel0-backlight/brightness, value = 817
07-22 18:09:08.642  5419  5460 D T9      : setMatchInfo: begin[0] , end[15]
07-22 18:09:08.642  5419  5460 D T9      : setMatchInfo: begin[0] , end[6]
07-22 18:09:08.642  5419  5460 D T9      : setMatchInfo: begin[0] , end[12]
07-22 18:09:08.642  5419  5460 D T9      : setMatchInfo: begin[0] , end[12]
07-22 18:09:08.642  5419  5460 D T9      : setMatchInfo: begin[0] , end[4]
07-22 18:09:08.642  5419  5460 D T9      : setMatchInfo: begin[0] , end[13]
07-22 18:09:08.642  5419  5460 D T9      : setMatchInfo: begin[0] , end[13]
07-22 18:09:08.642  5419  5460 D T9      : setMatchInfo: begin[0] , end[15]
07-22 18:09:08.642  5419  5460 D T9      : setMatchInfo: begin[0] , end[13]
07-22 18:09:08.642  5419  5460 I chatty  : uid=10064(com.android.calllogbackup) Worker-1 identical 8 lines
07-22 18:09:08.642  5419  5460 D T9      : setMatchInfo: begin[0] , end[13]
07-22 18:09:08.642  5419  5460 D T9      : setMatchInfo: begin[0] , end[14]
07-22 18:09:08.642  5419  5460 D T9      : setMatchInfo: begin[0] , end[14]
07-22 18:09:08.642  5419  5460 D T9      : setMatchInfo: begin[0] , end[7]
07-22 18:09:08.642  5419  5460 D T9      : setMatchInfo: begin[0] , end[12]
07-22 18:09:08.642  5419  5460 D T9      : setMatchInfo: begin[0] , end[10]
07-22 18:09:08.642  5419  5460 D T9      : setMatchInfo: begin[0] , end[10]
07-22 18:09:08.642  5419  5460 D T9      : setMatchInfo: begin[0] , end[12]
07-22 18:09:08.642  5419  5460 D T9      : setMatchInfo: begin[0] , end[12]
07-22 18:09:08.642  5419  5460 D T9      : setMatchInfo: begin[0] , end[7]
07-22 18:09:08.643  5419  5460 D T9      : setMatchInfo: begin[0] , end[21]
07-22 18:09:08.643  5419  5460 I chatty  : uid=10064(com.android.calllogbackup) Worker-1 identical 1 line
07-22 18:09:08.643  5419  5460 D T9      : setMatchInfo: begin[0] , end[21]
07-22 18:09:08.643  5419  5460 D T9      : setMatchInfo: begin[0] , end[20]
07-22 18:09:08.643  5419  5460 D T9      : setMatchInfo: begin[0] , end[20]
07-22 18:09:08.643  5419  5460 D T9      : setMatchInfo: begin[0] , end[18]
07-22 18:09:08.643  5419  5460 D T9      : setMatchInfo: begin[0] , end[18]
07-22 18:09:08.643  5419  5460 D T9      : setMatchInfo: begin[0] , end[14]
07-22 18:09:08.643  5419  5460 D T9      : setMatchInfo: begin[0] , end[14]
07-22 18:09:08.643  5419  5460 D T9      : setMatchInfo: begin[0] , end[20]
07-22 18:09:08.643  5419  5460 I chatty  : uid=10064(com.android.calllogbackup) Worker-1 identical 2 lines
07-22 18:09:08.643  5419  5460 D T9      : setMatchInfo: begin[0] , end[20]
07-22 18:09:08.650   948   948 E qdlights: set backlight level :path = /sys/class/backlight/panel0-backlight/brightness, value = 818
07-22 18:09:08.659   948   948 E qdlights: set backlight level :path = /sys/class/backlight/panel0-backlight/brightness, value = 819
07-22 18:09:08.676   948   948 E qdlights: set backlight level :path = /sys/class/backlight/panel0-backlight/brightness, value = 820
07-22 18:09:08.684   948   948 E qdlights: set backlight level :path = /sys/class/backlight/panel0-backlight/brightness, value = 821
07-22 18:09:08.685  5419  5451 D ContactsDatabaseHelper: onOpen: WAL enabled for profile.db: false
07-22 18:09:08.692   948   948 E qdlights: set backlight level :path = /sys/class/backlight/panel0-backlight/brightness, value = 822
07-22 18:09:08.700   948   948 E qdlights: set backlight level :path = /sys/class/backlight/panel0-backlight/brightness, value = 823
07-22 18:09:08.710   948   948 E qdlights: set backlight level :path = /sys/class/backlight/panel0-backlight/brightness, value = 824
07-22 18:09:08.714  5419  5451 D loading : addCurProviderIfNecessary return true: 1
07-22 18:09:08.717   948   948 E qdlights: set backlight level :path = /sys/class/backlight/panel0-backlight/brightness, value = 825
07-22 18:09:08.717  5419  5442 D SyncAccountUtils: getSelectionWritableAccountTypes(): readonly types: ('com.whatsapp','com.google.android.apps.tachyon','com.truecaller.account')
07-22 18:09:08.721  5419  5460 D T9CallLogDepot: updateFirewallItem()
07-22 18:09:08.727   948   948 E qdlights: set backlight level :path = /sys/class/backlight/panel0-backlight/brightness, value = 826
07-22 18:09:08.736   948   948 E qdlights: set backlight level :path = /sys/class/backlight/panel0-backlight/brightness, value = 827
07-22 18:09:08.743   948   948 E qdlights: set backlight level :path = /sys/class/backlight/panel0-backlight/brightness, value = 828
07-22 18:09:08.752   948   948 E qdlights: set backlight level :path = /sys/class/backlight/panel0-backlight/brightness, value = 829
07-22 18:09:08.760   948   948 E qdlights: set backlight level :path = /sys/class/backlight/panel0-backlight/brightness, value = 830
07-22 18:09:08.770   948   948 E qdlights: set backlight level :path = /sys/class/backlight/panel0-backlight/brightness, value = 831
07-22 18:09:08.772  5419  5460 D T9Provider: [loadT9] load 194 ms
07-22 18:09:08.780   948   948 E qdlights: set backlight level :path = /sys/class/backlight/panel0-backlight/brightness, value = 832
07-22 18:09:08.783   948   948 E qdlights: set backlight level :path = /sys/class/backlight/panel0-backlight/brightness, value = 833
07-22 18:09:08.788  5419  5451 D SyncAccountUtils: queryReadonlyAccountTypes: checking package com.google.android.gms, account type com.google, parser android.content.res.XmlBlock$Parser@267f3b
07-22 18:09:08.792   948   948 E qdlights: set backlight level :path = /sys/class/backlight/panel0-backlight/brightness, value = 834
07-22 18:09:08.794  5419  5442 I ContactsProvider: Contacts query: CPID=5134, CallingPackage = com.google.android.gms User=0
07-22 18:09:08.799  5419  5451 D SyncAccountUtils: queryReadonlyAccountTypes: checking package org.telegram.messenger, account type org.telegram.messenger, parser android.content.res.XmlBlock$Parser@585c3b1
07-22 18:09:08.817  5419  5451 D SyncAccountUtils: queryReadonlyAccountTypes: checking package com.microsoft.office.outlook, account type com.microsoft.office.outlook.USER_ACCOUNT, parser android.content.res.XmlBlock$Parser@773d417
07-22 18:09:08.828  5419  5451 D SyncAccountUtils: queryReadonlyAccountTypes: checking package com.whatsapp, account type com.whatsapp, parser android.content.res.XmlBlock$Parser@481e9ed
07-22 18:09:08.840  5419  5442 I ContactsProvider: Contacts query: CPID=5134, CallingPackage = com.google.android.gms User=0
07-22 18:09:08.842  5419  5451 D SyncAccountUtils: queryReadonlyAccountTypes: checking package us.zoom.videomeetings, account type us.zoom.videomeetings, parser android.content.res.XmlBlock$Parser@5d79ab3
07-22 18:09:08.846  5419  5451 D SyncAccountUtils: queryReadonlyAccountTypes: checking package com.google.android.gm, account type com.google.android.gm.exchange, parser null
07-22 18:09:08.847  5419  5451 D SyncAccountUtils: queryReadonlyAccountTypes: checking package com.xiaomi.account, account type com.xiaomi, parser null
07-22 18:09:08.847  5419  5451 D SyncAccountUtils: queryReadonlyAccountTypes: [ALL] com.google, org.telegram.messenger, com.whatsapp, us.zoom.videomeetings
07-22 18:09:08.847  5419  5451 D SyncAccountUtils: queryReadonlyAccountTypes: [FINAL] org.telegram.messenger, com.whatsapp, us.zoom.videomeetings
07-22 18:09:08.862  5419  5442 I ContactsProvider: Contacts query: CPID=5134, CallingPackage = com.google.android.gms User=0
07-22 18:09:09.265  5419  5442 I chatty  : uid=10064(com.android.calllogbackup) Binder:5419_3 identical 18 lines
07-22 18:09:09.291  5419  5442 I ContactsProvider: Contacts query: CPID=5134, CallingPackage = com.google.android.gms User=0
07-22 18:09:09.317  5134  5415 I ReadContactsHelper: Group ID : starting fetch of Groups [CONTEXT service_id=135 ]
07-22 18:09:09.321  5419  5442 I ContactsProvider: Contacts query: CPID=5134, CallingPackage = com.google.android.gms User=0
07-22 18:09:09.607  5419  5442 I chatty  : uid=10064(com.android.calllogbackup) Binder:5419_3 identical 6 lines
07-22 18:09:09.647  5419  5442 I ContactsProvider: Contacts query: CPID=5134, CallingPackage = com.google.android.gms User=0
07-22 18:09:09.782  2659  2659 D KeyguardUpdateMonitor: received broadcast android.intent.action.BATTERY_CHANGED
07-22 18:09:09.782  2789  2789 D QtiCarrierConfigHelper: WARNING, no carrier configs on phone Id: 0
07-22 18:09:09.784  2659  2659 D BatteryController: onReceive: Intent = Intent { act=android.intent.action.BATTERY_CHANGED flg=0x60000010 (has extras) } action = android.intent.action.BATTERY_CHANGED
07-22 18:09:09.786  4996  4996 I BatteryInfoReceiver: ACTION_BATTERY_CHANGED
07-22 18:09:09.788  2852  2852 D DeviceStatisticsService: chargerType=1 batteryLevel=68 totalBatteryCapacity=4743200
07-22 18:09:09.788  2852  2852 D DeviceInfoHidlClient: isPowerInfoNeverSent()=true
07-22 18:09:09.788  2852  2852 D DeviceInfoHidlClient: getPowerInfoSupportStatus()=-1
07-22 18:09:09.789  5646  5787 D PowerCheckerService: onBatteryChanged, mBatteryLevel = 68, status = 2, level = 68, plug = 1, scale = 100
07-22 18:09:09.852  1817  1831 W System  : A resource failed to call release.
07-22 18:09:09.852  1817  1831 I chatty  : uid=1000(system) FinalizerDaemon identical 1 line
07-22 18:09:09.852  1817  1831 W System  : A resource failed to call release.
07-22 18:09:09.852  1817  1831 W System  : A resource failed to call dispose.
07-22 18:09:09.852  1817  1831 W System  : A resource failed to call release.
07-22 18:09:09.854  1817  1831 I chatty  : uid=1000(system) FinalizerDaemon identical 14 lines
07-22 18:09:09.854  1817  1831 W System  : A resource failed to call release.
07-22 18:09:10.713  1817  2395 I MiuiNetworkPolicy: updateUidState uid = 10064, uidState = 15
07-22 18:09:12.660  1817  2395 I MiuiNetworkPolicy: updateUidState uid = 10064, uidState = 8
07-22 18:09:12.663  5419  5442 I ContactsProvider: Contacts query: CPID=5134, CallingPackage = com.google.android.gms User=0
07-22 18:09:12.664  5419  5442 D SyncAccountUtils: getSelectionWritableAccountTypes(): readonly types: ('org.telegram.messenger','com.whatsapp','us.zoom.videomeetings')
07-22 18:09:12.676  5419  5442 I ContactsProvider: Contacts query: CPID=5134, CallingPackage = com.google.android.gms User=0
07-22 18:09:12.702  5419  5442 I ContactsProvider: Contacts query: CPID=5134, CallingPackage = com.google.android.gms User=0
07-22 18:09:12.766   974  2754 I vendor.qti.hardware.servicetracker@1.2-service: bindService is called for service : com.google.android.gms/.auth.account.authenticator.GoogleAccountAuthenticatorService and for client system
07-22 18:09:12.766   974  2754 I vendor.qti.hardware.servicetracker@1.2-service: total connections for service : com.google.android.gms/.auth.account.authenticator.GoogleAccountAuthenticatorServiceare :1
07-22 18:09:12.766   974  2754 I vendor.qti.hardware.servicetracker@1.2-service: total connections for client : systemare :19
07-22 18:09:12.766  1817  4582 D CompatibilityInfo: mCompatibilityFlags - 0
07-22 18:09:12.766  1817  4582 D CompatibilityInfo: applicationDensity - 440
07-22 18:09:12.766  1817  4582 D CompatibilityInfo: applicationScale - 1.0
07-22 18:09:12.767   974  2754 I vendor.qti.hardware.servicetracker@1.2-service: startService() is called for servicecom.google.android.gms/.auth.account.authenticator.GoogleAccountAuthenticatorService
07-22 18:09:12.796   974  2754 I vendor.qti.hardware.servicetracker@1.2-service: unbindService is called for service : com.google.android.gms/.auth.account.authenticator.GoogleAccountAuthenticatorService and for client system
07-22 18:09:12.796   974  2754 I vendor.qti.hardware.servicetracker@1.2-service: size of service connections for service: com.google.android.gms/.auth.account.authenticator.GoogleAccountAuthenticatorServiceafter removal is 0
07-22 18:09:12.796   974  2754 I vendor.qti.hardware.servicetracker@1.2-service: size of client connections for client: systemafter removal is 18
07-22 18:09:12.797   974  2754 I vendor.qti.hardware.servicetracker@1.2-service: destroyService is called for service : com.google.android.gms/.auth.account.authenticator.GoogleAccountAuthenticatorService
07-22 18:09:12.806   974  2754 I vendor.qti.hardware.servicetracker@1.2-service: bindService is called for service : com.google.android.gms/.auth.account.authenticator.GoogleAccountAuthenticatorService and for client system
07-22 18:09:12.806   974  2754 I vendor.qti.hardware.servicetracker@1.2-service: total connections for service : com.google.android.gms/.auth.account.authenticator.GoogleAccountAuthenticatorServiceare :1
07-22 18:09:12.806   974  2754 I vendor.qti.hardware.servicetracker@1.2-service: total connections for client : systemare :19
07-22 18:09:12.807  1817  4796 D CompatibilityInfo: mCompatibilityFlags - 0
07-22 18:09:12.807  1817  4796 D CompatibilityInfo: applicationDensity - 440
07-22 18:09:12.807  1817  4796 D CompatibilityInfo: applicationScale - 1.0
