07-22 18:07:58.355  5091  5143 I TestRunner: started: clicking_horizontal_list_button_displays_horizontal_list(com.example.dogglers.ButtonTests)
07-22 18:07:58.370  5091  5143 W Settings: Setting always_finish_activities has moved from android.provider.Settings.System to android.provider.Settings.Global, returning read-only value.
07-22 18:07:58.381  1817  1883 D EventSequenceValidator: Transition from INTENT_FAILED to INTENT_STARTED
07-22 18:07:58.383  1817  2479 D MiuiMultiWindowAdapter: MiuiMultiWindowAdapter::getFreeformBlackList::sSmallWindowBlackList = [com.miui.securitycenter, com.miui.miservice, com.xiaomi.calendar, com.miui.mishare.connectivity, com.android.settings, com.android.printspooler, com.miui.backup, com.miui.huanji, com.android.thememanager, com.mfashiongallery.emag, com.miui.virtualsim, com.miui.smarttravel, com.mi.health, com.android.camera, com.lbe.security.miui, com.miui.cleanmaster, com.miui.newhome, com.miui.voiceassist, com.android.phone, com.miui.yellowpage, com.android.updater, com.miui.tsmclient, com.miui.securitycore, com.xiaomi.account, com.xiaomi.hm.health, com.miui.bugreport, com.xiaomi.mibrain.speech, com.xiaomi.mimoji, com.xiaomi.scanner, com.duokan.phone.remotecontroller, com.miui.hybrid, com.miui.video, com.miui.videoplayer, com.miui.fm, com.miui.packageinstaller, com.mi.android.globallauncher, com.mi.android.globallauncher-poco, com.google.android.dialer, com.google.android.apps.magazines, com.miui.compass, com.miui.greenguard, com.kiteguard, com.google.android.apps.prodcasts, com.google.ar.lens, com.xiangkan.android, com.android.bankabc, com.sohu.inputmethod.sogou, com.tencent.mtt, com.shyz.toutiao, com.netease.mc.mi, com.outfit7.talkingtomgoldrun.mi, com.doudz.mi, com.wepie.snake.new.mi, cn.jj, com.standddz002.mi, com.miHoYo.bh3.mi, com.qqgame.hlddz, com.happyelements.AndroidAnimal, com.minitech.miniworld.TMobile.mi, com.mfp.jelly.xiaomi, com.lilithgames.afk.mi, com.tencent.peng, com.teenpatti.hd.gold, blockpuzzle.jewelgames.jewelslegend, com.playgendary.tanks, com.chillingo.robberybobfree.android.row, com.episodeinteractive.android.catalog, com.playrix.township, com.ansangha.drdriving, com.google.android.youtube, com.gbits.atm.mi, com.tencent.tetris, com.sukhavati.gotoplaying.bubble.BubbleShooter.mint, com.block.puzzle.game.hippo.mi, com.youzu.bs.mi, com.baidu.BaiduMap, com.google.android.googlequicksearchbox, com.appsomniacs.da2, com.android.stk, com.feiyu.carrot3.mi, com.popcap.pvz2cthdxm, com.mxtech.videoplayer.ad, cn.cisc, com.kiloo.subwaysurf, com.cncyj.mostbrain, pdf.tap.scanner, com.og.ttddz.mi, com.ximalaya.ting.lite, com.google.android.apps.podcasts, com.google.android.apps.googleassistant, com.netease.onmyoji.mi, com.netease.onmyoji.bili, com.netease.mrzh.mi, com.netease.mrzh.bili, com.tencent.tmgp.yys.zqb, com.google.android.gm, com.google.android.calendar, com.android.chrome, com.google.android.apps.youtube.music, com.netease.pes.huawei, com.netease.pes.mi, com.netease.pes.bili, com.flyfish.supermario, com.picsart.studio, com.netease.dwrg.mi, com.netease.dwrg.bili, com.netease.dwrg.nearme.gamecenter, com.netease.dwrg, com.netease.dwrg.huawei, com.tencent.tmgp.dwrg, com.netease.dwrg.m4399, com.netease.dwrg.mz, com.netease.dwrg.aligames, com.netease.dwrg.baidu, com.netease.dwrg.qihoo, com.moji.mjweather, com.tencent.tmgp.kof98, com.netease.onmyoji, com.taobao.idlefish, com.ledou.mhhy.mi, com.hzfy.ddzbs.mi, com.qsmy.walkmonkey, com.fy.bzzbc.mi, com.dw.xprqj.mi, com.miui.accessibility, com.ymt.nbaftx.mi, com.amazon.kindlefc, com.sinyee.babybus.recommendapp, com.mcdonalds.gma.cn, com.midea.ai.appliances, com.eco.global.app, com.inspur.icity.tianjin, com.zy.game.thief.mi, com.alimama.moon, com.xinhu.steward, com.rytong.ceair, com.nxy.mobilebank.gx, com.xplaygame.mfbwz.mi, cn.gov.lottery, com.zy.game.bubbletea.mi, com.zy.game.psdc.mi, com.microsoft.office.powerpoint]
07-22 18:07:58.383  1817  1883 D EventSequenceValidator: Transition from INTENT_STARTED to INTENT_FAILED
07-22 18:07:59.691  1817  2326 D MIUIInput: [MotionEvent] publisher action=0x4, 102659121, channel 'c532af NavigationBar0 (server)'
07-22 18:07:59.691  1817  2326 D MIUIInput: [MotionEvent] publisher action=0x4, 102659121, channel '1e1bdda com.mi.android.globallauncher/com.miui.home.launcher.Launcher (server)'
07-22 18:07:59.692  1817  2326 D MIUIInput: [MotionEvent] publisher action=0x0, 102659121, channel '68ec8f7 com.mi.android.globallauncher/com.miui.home.launcher.Launcher (server)'
07-22 18:07:59.692  1817  2326 D MIUIInput: [MotionEvent] publisher action=0x0, 102659121, channel 'fa606f1 com.miui.miwallpaper.wallpaperservice.MiuiKeyguardPictorialWallpaper (server)'
07-22 18:07:59.692  1817  2326 D MIUIInput: [MotionEvent] publisher action=0x0, 102659121, channel '1efad35 com.miui.miwallpaper.wallpaperservice.ImageWallpaper (server)'
07-22 18:07:59.703   948   948 E qdlights: set backlight level :path = /sys/class/backlight/panel0-backlight/brightness, value = 214
07-22 18:07:59.713   948   948 E qdlights: set backlight level :path = /sys/class/backlight/panel0-backlight/brightness, value = 238
07-22 18:07:59.724   948   948 E qdlights: set backlight level :path = /sys/class/backlight/panel0-backlight/brightness, value = 262
07-22 18:07:59.725   969   969 I ANDR-PERF-LM: LMPerfGlue: perfmodule_submit_request() 132: perfmodule_submit_request()
07-22 18:07:59.726   969   969 I ANDR-PERF-LM: Core: getInstance() 84: LM getInstance
07-22 18:07:59.726   969   969 D ANDR-PERF-LM: Feature: lookup() 101: Feature Name = AppClassifier, total featuers = 3, featureFound = 1
07-22 18:07:59.726   969   969 D ANDR-PERF-LM: Feature: getData() 112: data.data = 1
07-22 18:07:59.726   969   969 I ANDR-PERF-LM: FeedbackAPI: getFeedback() 60: app:com.mi.android.globallauncher feature:AppClassifier feedback = 1
07-22 18:07:59.727   969   969 I ANDR-PERF-LM: LMPerfGlue: perfmodule_submit_request() 132: perfmodule_submit_request()
07-22 18:07:59.727   969   969 I ANDR-PERF-LM: Core: getInstance() 84: LM getInstance
07-22 18:07:59.727   969   969 I ANDR-PERF-LM: WQ: push() 59: LMTriggerQ push() size=0
07-22 18:07:59.727   969   969 I ANDR-PERF-LM: WQ: push() 61: LMTriggerQ push() done size=1
07-22 18:07:59.727   969  1000 I ANDR-PERF-LM: WQ: pop() 42: LMTriggerQ pop() done size=0
07-22 18:07:59.727   969  1000 I ANDR-PERF-LM: Core: lmMain() 373: Waiting on trigger Queue
07-22 18:07:59.727   969  1000 I ANDR-PERF-LM: WQ: pop() 31: LMTriggerQ pop() size=0
07-22 18:07:59.728   969   969 I ANDR-PERF-LM: LMPerfGlue: perfmodule_submit_request() 132: perfmodule_submit_request()
07-22 18:07:59.728   969   969 I ANDR-PERF-LM: Core: getInstance() 84: LM getInstance
07-22 18:07:59.728   969   969 D ANDR-PERF-LM: Feature: lookup() 101: Feature Name = AppClassifier, total featuers = 3, featureFound = 1
07-22 18:07:59.728   969   969 D ANDR-PERF-LM: Feature: getData() 112: data.data = 1
07-22 18:07:59.728   969   969 I ANDR-PERF-LM: FeedbackAPI: getFeedback() 60: app:com.mi.android.globallauncher feature:AppClassifier feedback = 1
07-22 18:07:59.731   948   948 E qdlights: set backlight level :path = /sys/class/backlight/panel0-backlight/brightness, value = 286
07-22 18:07:59.735   948   948 E qdlights: set backlight level :path = /sys/class/backlight/panel0-backlight/brightness, value = 310
07-22 18:07:59.735  2947  3377 I RenderThread: RenderThread resumed
07-22 18:07:59.735  2947  3377 I RenderThread: All controllers paused.
07-22 18:07:59.735  2947  3377 I RenderThread: RenderThread paused, waiting for signal
07-22 18:07:59.743   948   948 E qdlights: set backlight level :path = /sys/class/backlight/panel0-backlight/brightness, value = 334
07-22 18:07:59.751   948   948 E qdlights: set backlight level :path = /sys/class/backlight/panel0-backlight/brightness, value = 358
07-22 18:07:59.760   948   948 E qdlights: set backlight level :path = /sys/class/backlight/panel0-backlight/brightness, value = 383
07-22 18:07:59.767   948   948 E qdlights: set backlight level :path = /sys/class/backlight/panel0-backlight/brightness, value = 407
07-22 18:07:59.776   948   948 E qdlights: set backlight level :path = /sys/class/backlight/panel0-backlight/brightness, value = 431
07-22 18:07:59.782  2947  3169 W RenderInspector: QueueBuffer time out on com.mi.android.globallauncher/com.miui.home.launcher.Launcher, count=1, avg=9 ms, max=9 ms.
07-22 18:07:59.784   948   948 E qdlights: set backlight level :path = /sys/class/backlight/panel0-backlight/brightness, value = 455
07-22 18:07:59.792   948   948 E qdlights: set backlight level :path = /sys/class/backlight/panel0-backlight/brightness, value = 479
07-22 18:07:59.801   948   948 E qdlights: set backlight level :path = /sys/class/backlight/panel0-backlight/brightness, value = 503
07-22 18:07:59.810   948   948 E qdlights: set backlight level :path = /sys/class/backlight/panel0-backlight/brightness, value = 527
07-22 18:07:59.818   948   948 E qdlights: set backlight level :path = /sys/class/backlight/panel0-backlight/brightness, value = 551
07-22 18:07:59.827   948   948 E qdlights: set backlight level :path = /sys/class/backlight/panel0-backlight/brightness, value = 575
07-22 18:07:59.835   948   948 E qdlights: set backlight level :path = /sys/class/backlight/panel0-backlight/brightness, value = 599
07-22 18:07:59.843   948   948 E qdlights: set backlight level :path = /sys/class/backlight/panel0-backlight/brightness, value = 623
07-22 18:07:59.852   948   948 E qdlights: set backlight level :path = /sys/class/backlight/panel0-backlight/brightness, value = 647
07-22 18:07:59.860   948   948 E qdlights: set backlight level :path = /sys/class/backlight/panel0-backlight/brightness, value = 671
07-22 18:07:59.869   948   948 E qdlights: set backlight level :path = /sys/class/backlight/panel0-backlight/brightness, value = 696
07-22 18:07:59.876   948   948 E qdlights: set backlight level :path = /sys/class/backlight/panel0-backlight/brightness, value = 720
07-22 18:07:59.886   948   948 E qdlights: set backlight level :path = /sys/class/backlight/panel0-backlight/brightness, value = 744
07-22 18:07:59.893   948   948 E qdlights: set backlight level :path = /sys/class/backlight/panel0-backlight/brightness, value = 768
07-22 18:07:59.902   948   948 E qdlights: set backlight level :path = /sys/class/backlight/panel0-backlight/brightness, value = 792
07-22 18:07:59.907  1817  2326 D MIUIInput: [MotionEvent] publisher action=0x1, 102659336, channel '68ec8f7 com.mi.android.globallauncher/com.miui.home.launcher.Launcher (server)'
07-22 18:07:59.907  1817  2326 D MIUIInput: [MotionEvent] publisher action=0x1, 102659336, channel 'fa606f1 com.miui.miwallpaper.wallpaperservice.MiuiKeyguardPictorialWallpaper (server)'
07-22 18:07:59.907  1817  2326 D MIUIInput: [MotionEvent] publisher action=0x1, 102659336, channel '1efad35 com.miui.miwallpaper.wallpaperservice.ImageWallpaper (server)'
07-22 18:07:59.908   969   969 I ANDR-PERF-LM: LMPerfGlue: perfmodule_submit_request() 132: perfmodule_submit_request()
07-22 18:07:59.908   969   969 I ANDR-PERF-LM: Core: getInstance() 84: LM getInstance
07-22 18:07:59.908   969   969 D ANDR-PERF-LM: Feature: lookup() 101: Feature Name = AppClassifier, total featuers = 3, featureFound = 1
07-22 18:07:59.909   969   969 D ANDR-PERF-LM: Feature: getData() 112: data.data = 1
07-22 18:07:59.909   969   969 I ANDR-PERF-LM: FeedbackAPI: getFeedback() 60: app:com.mi.android.globallauncher feature:AppClassifier feedback = 1
07-22 18:07:59.909   948   948 E qdlights: set backlight level :path = /sys/class/backlight/panel0-backlight/brightness, value = 816
07-22 18:07:59.909   969   969 I ANDR-PERF-LM: LMPerfGlue: perfmodule_submit_request() 132: perfmodule_submit_request()
07-22 18:07:59.909   969   969 I ANDR-PERF-LM: Core: getInstance() 84: LM getInstance
07-22 18:07:59.909   969   969 I ANDR-PERF-LM: WQ: push() 59: LMTriggerQ push() size=0
07-22 18:07:59.910   969   969 I ANDR-PERF-LM: WQ: push() 61: LMTriggerQ push() done size=1
07-22 18:07:59.910   969  1000 I ANDR-PERF-LM: WQ: pop() 42: LMTriggerQ pop() done size=0
07-22 18:07:59.910   969  1000 I ANDR-PERF-LM: Core: lmMain() 373: Waiting on trigger Queue
07-22 18:07:59.910   969  1000 I ANDR-PERF-LM: WQ: pop() 31: LMTriggerQ pop() size=0
07-22 18:07:59.911   969   969 I ANDR-PERF-LM: LMPerfGlue: perfmodule_submit_request() 132: perfmodule_submit_request()
07-22 18:07:59.911   969   969 I ANDR-PERF-LM: Core: getInstance() 84: LM getInstance
07-22 18:07:59.911   969   969 D ANDR-PERF-LM: Feature: lookup() 101: Feature Name = AppClassifier, total featuers = 3, featureFound = 1
07-22 18:07:59.911   969   969 D ANDR-PERF-LM: Feature: getData() 112: data.data = 1
07-22 18:07:59.911   969   969 I ANDR-PERF-LM: FeedbackAPI: getFeedback() 60: app:com.mi.android.globallauncher feature:AppClassifier feedback = 1
07-22 18:07:59.918   948   948 E qdlights: set backlight level :path = /sys/class/backlight/panel0-backlight/brightness, value = 840
07-22 18:07:59.927   948   948 E qdlights: set backlight level :path = /sys/class/backlight/panel0-backlight/brightness, value = 864
07-22 18:07:59.934   948   948 E qdlights: set backlight level :path = /sys/class/backlight/panel0-backlight/brightness, value = 888
07-22 18:07:59.943   948   948 E qdlights: set backlight level :path = /sys/class/backlight/panel0-backlight/brightness, value = 912
07-22 18:07:59.953   948   948 E qdlights: set backlight level :path = /sys/class/backlight/panel0-backlight/brightness, value = 936
07-22 18:07:59.960   948   948 E qdlights: set backlight level :path = /sys/class/backlight/panel0-backlight/brightness, value = 960
07-22 18:07:59.962  2947  3169 W RenderInspector: QueueBuffer time out on com.mi.android.globallauncher/com.miui.home.launcher.Launcher, count=1, avg=9 ms, max=9 ms.
07-22 18:07:59.968   948   948 E qdlights: set backlight level :path = /sys/class/backlight/panel0-backlight/brightness, value = 984
07-22 18:07:59.976   948   948 E qdlights: set backlight level :path = /sys/class/backlight/panel0-backlight/brightness, value = 1009
07-22 18:07:59.985   948   948 E qdlights: set backlight level :path = /sys/class/backlight/panel0-backlight/brightness, value = 1033
07-22 18:07:59.993   948   948 E qdlights: set backlight level :path = /sys/class/backlight/panel0-backlight/brightness, value = 1057
07-22 18:08:00.001   948   948 E qdlights: set backlight level :path = /sys/class/backlight/panel0-backlight/brightness, value = 1081
07-22 18:08:00.004  2659  2659 D KeyguardUpdateMonitor: received broadcast android.intent.action.TIME_TICK
07-22 18:08:00.005  2659  2659 D KeyguardUpdateMonitor: handleTimeUpdate
07-22 18:08:00.010   948   948 E qdlights: set backlight level :path = /sys/class/backlight/panel0-backlight/brightness, value = 1105
07-22 18:08:00.018   948   948 E qdlights: set backlight level :path = /sys/class/backlight/panel0-backlight/brightness, value = 1129
07-22 18:08:00.026   948   948 E qdlights: set backlight level :path = /sys/class/backlight/panel0-backlight/brightness, value = 1153
07-22 18:08:00.035   948   948 E qdlights: set backlight level :path = /sys/class/backlight/panel0-backlight/brightness, value = 1177
07-22 18:08:00.043   948   948 E qdlights: set backlight level :path = /sys/class/backlight/panel0-backlight/brightness, value = 1201
07-22 18:08:00.051   948   948 E qdlights: set backlight level :path = /sys/class/backlight/panel0-backlight/brightness, value = 1226
07-22 18:08:00.060   948   948 E qdlights: set backlight level :path = /sys/class/backlight/panel0-backlight/brightness, value = 1250
07-22 18:08:00.068   948   948 E qdlights: set backlight level :path = /sys/class/backlight/panel0-backlight/brightness, value = 1274
07-22 18:08:00.076   948   948 E qdlights: set backlight level :path = /sys/class/backlight/panel0-backlight/brightness, value = 1298
07-22 18:08:00.085   948   948 E qdlights: set backlight level :path = /sys/class/backlight/panel0-backlight/brightness, value = 1322
07-22 18:08:00.093   948   948 E qdlights: set backlight level :path = /sys/class/backlight/panel0-backlight/brightness, value = 1346
07-22 18:08:00.101   948   948 E qdlights: set backlight level :path = /sys/class/backlight/panel0-backlight/brightness, value = 1353
07-22 18:08:02.325  1817  2395 D MiuiNetworkPolicy: updateLimit mLimitEnabled=false,enabled=true,mNetworkPriorityMode=0
07-22 18:08:02.356   974  2754 I vendor.qti.hardware.servicetracker@1.2-service: unbindService is called for service : com.google.android.gms/.chimera.PersistentDirectBootAwareApiService and for client com.google.android.gms.persistent
07-22 18:08:02.761  1644  1646 D checknv : Stop the checknv
07-22 18:08:02.764  1644  1644 I checknv : checknv end
07-22 18:08:02.813  5234  5234 I checknv : checknv started
07-22 18:08:02.814  5234  5235 D checknv : Let the uevent thread run for 5mins, 5min is long enough to check if the modem is crashed or not.
07-22 18:08:04.247  2789  2789 D QtiCarrierConfigHelper: WARNING, no carrier configs on phone Id: 0
07-22 18:08:04.248  4996  4996 I BatteryInfoReceiver: ACTION_BATTERY_CHANGED
07-22 18:08:04.252  2659  2659 D KeyguardUpdateMonitor: received broadcast android.intent.action.BATTERY_CHANGED
07-22 18:08:04.253  2659  2659 D BatteryController: onReceive: Intent = Intent { act=android.intent.action.BATTERY_CHANGED flg=0x60000010 (has extras) } action = android.intent.action.BATTERY_CHANGED
07-22 18:08:04.256  5646  5787 D PowerCheckerService: onBatteryChanged, mBatteryLevel = 68, status = 2, level = 68, plug = 1, scale = 100
07-22 18:08:04.260  2852  2852 D DeviceStatisticsService: chargerType=1 batteryLevel=68 totalBatteryCapacity=4743200
07-22 18:08:04.260  2852  2852 D DeviceInfoHidlClient: isPowerInfoNeverSent()=true
07-22 18:08:04.260  2852  2852 D DeviceInfoHidlClient: getPowerInfoSupportStatus()=-1
07-22 18:08:04.619  2659  2802 D NetworkController.MobileSignalController(1): onSignalStrengthsChanged signalStrength=SignalStrength:{mCdma=CellSignalStrengthCdma: cdmaDbm=2147483647 cdmaEcio=2147483647 evdoDbm=2147483647 evdoEcio=2147483647 evdoSnr=2147483647 miuiLevel=0 level=0,mGsm=CellSignalStrengthGsm: rssi=2147483647 ber=2147483647 mTa=2147483647 miuiLevel=0 mLevel=0,mWcdma=CellSignalStrengthWcdma: ss=2147483647 ber=2147483647 rscp=2147483647 ecno=2147483647 miuiLevel=0 level=0,mTdscdma=CellSignalStrengthTdscdma: rssi=2147483647 ber=2147483647 rscp=2147483647 miuiLevel=0 level=0,mLte=CellSignalStrengthLte: rssi=-75 rsrp=-102 rsrq=-9 rssnr=17 cqi=2147483647 ta=2147483647 miuiLevel=4 level=3 parametersUseForLevel=0,mNr=CellSignalStrengthNr:{ csiRsrp = 2147483647 csiRsrq = 2147483647 csiSinr = 2147483647 ssRsrp = 2147483647 ssRsrq = 2147483647 ssSinr = 2147483647 miuiLevel = 0 level = 0 parametersUseForLevel = 0 },primary=CellSignalStrengthLte} level=3
07-22 18:08:04.620  2659  2802 D NetworkController.MobileSignalController(1): updateTelephonySignalStrength: hasService=true ss=SignalStrength:{mCdma=CellSignalStrengthCdma: cdmaDbm=2147483647 cdmaEcio=2147483647 evdoDbm=2147483647 evdoEcio=2147483647 evdoSnr=2147483647 miuiLevel=0 level=0,mGsm=CellSignalStrengthGsm: rssi=2147483647 ber=2147483647 mTa=2147483647 miuiLevel=0 mLevel=0,mWcdma=CellSignalStrengthWcdma: ss=2147483647 ber=2147483647 rscp=2147483647 ecno=2147483647 miuiLevel=0 level=0,mTdscdma=CellSignalStrengthTdscdma: rssi=2147483647 ber=2147483647 rscp=2147483647 miuiLevel=0 level=0,mLte=CellSignalStrengthLte: rssi=-75 rsrp=-102 rsrq=-9 rssnr=17 cqi=2147483647 ta=2147483647 miuiLevel=4 level=3 parametersUseForLevel=0,mNr=CellSignalStrengthNr:{ csiRsrp = 2147483647 csiRsrq = 2147483647 csiSinr = 2147483647 ssRsrp = 2147483647 ssRsrq = 2147483647 ssSinr = 2147483647 miuiLevel = 0 level = 0 parametersUseForLevel = 0 },primary=CellSignalStrengthLte} displayInfo=TelephonyDisplayInfo {network=LTE, override=NONE}
07-22 18:08:04.620  2659  2802 D NetworkController.MobileSignalController(1): NotQcom5G, signal level = 4
07-22 18:08:04.909  1817  2518 D SchedBoost: thread tid=2947, priority is set to -10
07-22 18:08:04.909  1817  2518 D SchedBoost: thread tid=3169, priority is set to -10
07-22 18:08:06.060  4256  4290 I Finsky  : [22575] ivz.run(31): Stats for Executor: BlockingExecutor iwt@ee02c90[Running, pool size = 3, active threads = 0, queued tasks = 0, completed tasks = 30]
07-22 18:08:06.061  4256  4290 I Finsky  : [22575] ivz.run(31): Stats for Executor: LightweightExecutor iwt@a670989[Running, pool size = 4, active threads = 0, queued tasks = 0, completed tasks = 124]
07-22 18:08:06.247  4256  4290 I Finsky  : [22575] ivz.run(31): Stats for Executor: bgExecutor iwt@bbcfd8e[Running, pool size = 4, active threads = 0, queued tasks = 0, completed tasks = 388]
07-22 18:08:06.811  4485  4547 I Finsky:background: [22584] ivz.run(31): Stats for Executor: bgExecutor iwt@db9ed59[Running, pool size = 0, active threads = 0, queued tasks = 0, completed tasks = 0]
07-22 18:08:07.261   974  2754 I vendor.qti.hardware.servicetracker@1.2-service: unbindService is called for service : com.google.android.gms/.chimera.PersistentApiService and for client com.google.android.gms
07-22 18:08:07.261   974  2754 I vendor.qti.hardware.servicetracker@1.2-service: size of client connections for client: com.google.android.gmsafter removal is 6
07-22 18:08:08.214  4138  4138 I CNSS    : cnss_open_log_file: directory /data/vendor/wlan_logs/ created
07-22 18:08:09.127  2659  2802 D NetworkController.MobileSignalController(1): onSignalStrengthsChanged signalStrength=SignalStrength:{mCdma=CellSignalStrengthCdma: cdmaDbm=2147483647 cdmaEcio=2147483647 evdoDbm=2147483647 evdoEcio=2147483647 evdoSnr=2147483647 miuiLevel=0 level=0,mGsm=CellSignalStrengthGsm: rssi=2147483647 ber=2147483647 mTa=2147483647 miuiLevel=0 mLevel=0,mWcdma=CellSignalStrengthWcdma: ss=2147483647 ber=2147483647 rscp=2147483647 ecno=2147483647 miuiLevel=0 level=0,mTdscdma=CellSignalStrengthTdscdma: rssi=2147483647 ber=2147483647 rscp=2147483647 miuiLevel=0 level=0,mLte=CellSignalStrengthLte: rssi=-75 rsrp=-104 rsrq=-11 rssnr=9 cqi=2147483647 ta=2147483647 miuiLevel=4 level=3 parametersUseForLevel=0,mNr=CellSignalStrengthNr:{ csiRsrp = 2147483647 csiRsrq = 2147483647 csiSinr = 2147483647 ssRsrp = 2147483647 ssRsrq = 2147483647 ssSinr = 2147483647 miuiLevel = 0 level = 0 parametersUseForLevel = 0 },primary=CellSignalStrengthLte} level=3
07-22 18:08:09.127  2659  2802 D NetworkController.MobileSignalController(1): updateTelephonySignalStrength: hasService=true ss=SignalStrength:{mCdma=CellSignalStrengthCdma: cdmaDbm=2147483647 cdmaEcio=2147483647 evdoDbm=2147483647 evdoEcio=2147483647 evdoSnr=2147483647 miuiLevel=0 level=0,mGsm=CellSignalStrengthGsm: rssi=2147483647 ber=2147483647 mTa=2147483647 miuiLevel=0 mLevel=0,mWcdma=CellSignalStrengthWcdma: ss=2147483647 ber=2147483647 rscp=2147483647 ecno=2147483647 miuiLevel=0 level=0,mTdscdma=CellSignalStrengthTdscdma: rssi=2147483647 ber=2147483647 rscp=2147483647 miuiLevel=0 level=0,mLte=CellSignalStrengthLte: rssi=-75 rsrp=-104 rsrq=-11 rssnr=9 cqi=2147483647 ta=2147483647 miuiLevel=4 level=3 parametersUseForLevel=0,mNr=CellSignalStrengthNr:{ csiRsrp = 2147483647 csiRsrq = 2147483647 csiSinr = 2147483647 ssRsrp = 2147483647 ssRsrq = 2147483647 ssSinr = 2147483647 miuiLevel = 0 level = 0 parametersUseForLevel = 0 },primary=CellSignalStrengthLte} displayInfo=TelephonyDisplayInfo {network=LTE, override=NONE}
07-22 18:08:09.127  2659  2802 D NetworkController.MobileSignalController(1): NotQcom5G, signal level = 4
07-22 18:08:09.472  1817  2395 I MiuiNetworkPolicy: updateUidState uid = 10117, uidState = 19
07-22 18:08:09.555   974  2754 I vendor.qti.hardware.servicetracker@1.2-service: bindService is called for service : com.google.android.partnersetup/.InstalledAppJobService and for client system
07-22 18:08:09.555   974  2754 I vendor.qti.hardware.servicetracker@1.2-service: total connections for service : com.google.android.partnersetup/.InstalledAppJobServiceare :1
07-22 18:08:09.555   974  2754 I vendor.qti.hardware.servicetracker@1.2-service: total connections for client : systemare :19
07-22 18:08:09.576   830   830 D Zygote  : Forked child process 5237
07-22 18:08:09.581  5237  5237 W Zygote  : Unable to open libbeluga.so: dlopen failed: library "libbeluga.so" not found.
07-22 18:08:09.588   948   948 E qdlights: set backlight level :path = /sys/class/backlight/panel0-backlight/brightness, value = 1350
07-22 18:08:09.593   948   948 E qdlights: set backlight level :path = /sys/class/backlight/panel0-backlight/brightness, value = 1348
07-22 18:08:09.599  5237  5237 E id.partnersetu: Not starting debugger since process cannot load the jdwp agent.
07-22 18:08:09.601   948   948 E qdlights: set backlight level :path = /sys/class/backlight/panel0-backlight/brightness, value = 1346
07-22 18:08:09.610   948   948 E qdlights: set backlight level :path = /sys/class/backlight/panel0-backlight/brightness, value = 1344
07-22 18:08:09.615  1817  5487 D CompatibilityInfo: mCompatibilityFlags - 0
07-22 18:08:09.615  1817  5487 D CompatibilityInfo: applicationDensity - 440
07-22 18:08:09.615  1817  5487 D CompatibilityInfo: applicationScale - 1.0
07-22 18:08:09.617  1817  5487 D CompatibilityInfo: mCompatibilityFlags - 0
07-22 18:08:09.617  1817  5487 D CompatibilityInfo: applicationDensity - 440
07-22 18:08:09.617  1817  5487 D CompatibilityInfo: applicationScale - 1.0
07-22 18:08:09.617   974  2754 I vendor.qti.hardware.servicetracker@1.2-service: startService() is called for servicecom.google.android.partnersetup/.InstalledAppJobService
07-22 18:08:09.618   948   948 E qdlights: set backlight level :path = /sys/class/backlight/panel0-backlight/brightness, value = 1342
07-22 18:08:09.620  1817  2395 I MiuiNetworkPolicy: updateUidState uid = 10179, uidState = 8
07-22 18:08:09.626   948   948 E qdlights: set backlight level :path = /sys/class/backlight/panel0-backlight/brightness, value = 1340
07-22 18:08:09.634   948   948 E qdlights: set backlight level :path = /sys/class/backlight/panel0-backlight/brightness, value = 1338
07-22 18:08:09.641  5237  5237 D nativeloader: classloader namespace configured for unbundled product apk. library_path=/product/priv-app/GooglePartnerSetup/lib/arm64:/product/lib64:/system/product/lib64
07-22 18:08:09.644   948   948 E qdlights: set backlight level :path = /sys/class/backlight/panel0-backlight/brightness, value = 1335
07-22 18:08:09.649  5237  5237 I Perf    : Connecting to perf service.
07-22 18:08:09.651   948   948 E qdlights: set backlight level :path = /sys/class/backlight/panel0-backlight/brightness, value = 1333
07-22 18:08:09.659   948   948 E qdlights: set backlight level :path = /sys/class/backlight/panel0-backlight/brightness, value = 1331
07-22 18:08:09.667   948   948 E qdlights: set backlight level :path = /sys/class/backlight/panel0-backlight/brightness, value = 1329
07-22 18:08:09.672  5237  5237 D NetworkSecurityConfig: No Network Security Config specified, using platform default
07-22 18:08:09.672  5237  5237 D NetworkSecurityConfig: No Network Security Config specified, using platform default
07-22 18:08:09.675   948   948 E qdlights: set backlight level :path = /sys/class/backlight/panel0-backlight/brightness, value = 1327
07-22 18:08:09.678   969   969 I ANDR-PERF-LM: LMPerfGlue: perfmodule_submit_request() 132: perfmodule_submit_request()
07-22 18:08:09.678   969   969 I ANDR-PERF-LM: Core: getInstance() 84: LM getInstance
07-22 18:08:09.678   969   969 D ANDR-PERF-LM: Feature: lookup() 101: Feature Name = AppClassifier, total featuers = 3, featureFound = 1
07-22 18:08:09.678   969   969 D ANDR-PERF-LM: Feature: getData() 112: data.data = 0
07-22 18:08:09.678   969   969 I ANDR-PERF-LM: FeedbackAPI: getFeedback() 60: app:com.google.android.partnersetup feature:AppClassifier feedback = 0
07-22 18:08:09.685   948   948 E qdlights: set backlight level :path = /sys/class/backlight/panel0-backlight/brightness, value = 1325
07-22 18:08:09.693   948   948 E qdlights: set backlight level :path = /sys/class/backlight/panel0-backlight/brightness, value = 1323
07-22 18:08:09.701   948   948 E qdlights: set backlight level :path = /sys/class/backlight/panel0-backlight/brightness, value = 1321
07-22 18:08:09.709   948   948 E qdlights: set backlight level :path = /sys/class/backlight/panel0-backlight/brightness, value = 1318
07-22 18:08:09.718   948   948 E qdlights: set backlight level :path = /sys/class/backlight/panel0-backlight/brightness, value = 1316
07-22 18:08:09.727   948   948 E qdlights: set backlight level :path = /sys/class/backlight/panel0-backlight/brightness, value = 1314
07-22 18:08:09.735   948   948 E qdlights: set backlight level :path = /sys/class/backlight/panel0-backlight/brightness, value = 1312
07-22 18:08:09.736   974  2754 I vendor.qti.hardware.servicetracker@1.2-service: unbindService is called for service : com.google.android.partnersetup/.InstalledAppJobService and for client system
07-22 18:08:09.737   974  2754 I vendor.qti.hardware.servicetracker@1.2-service: size of service connections for service: com.google.android.partnersetup/.InstalledAppJobServiceafter removal is 0
07-22 18:08:09.737   974  2754 I vendor.qti.hardware.servicetracker@1.2-service: size of client connections for client: systemafter removal is 18
07-22 18:08:09.738   974  2754 I vendor.qti.hardware.servicetracker@1.2-service: destroyService is called for service : com.google.android.partnersetup/.InstalledAppJobService
07-22 18:08:09.741  1817  2395 I MiuiNetworkPolicy: updateUidState uid = 10179, uidState = 10
07-22 18:08:09.743   948   948 E qdlights: set backlight level :path = /sys/class/backlight/panel0-backlight/brightness, value = 1310
07-22 18:08:09.751   948   948 E qdlights: set backlight level :path = /sys/class/backlight/panel0-backlight/brightness, value = 1308
07-22 18:08:09.757   969   969 I ANDR-PERF-LM: LMPerfGlue: perfmodule_submit_request() 132: perfmodule_submit_request()
07-22 18:08:09.757   969   969 I ANDR-PERF-LM: Core: getInstance() 84: LM getInstance
07-22 18:08:09.757   969   969 I ANDR-PERF-LM: WQ: push() 59: LMTriggerQ push() size=0
07-22 18:08:09.757   969   969 I ANDR-PERF-LM: WQ: push() 61: LMTriggerQ push() done size=1
07-22 18:08:09.758   969  1000 I ANDR-PERF-LM: WQ: pop() 42: LMTriggerQ pop() done size=0
07-22 18:08:09.758   969  1000 I ANDR-PERF-LM: Core: lmMain() 373: Waiting on trigger Queue
07-22 18:08:09.759  1817  2395 I MiuiNetworkPolicy: updateUidState uid = 10179, uidState = 19
07-22 18:08:09.759   969  1000 I ANDR-PERF-LM: WQ: pop() 31: LMTriggerQ pop() size=0
07-22 18:08:09.759   948   948 E qdlights: set backlight level :path = /sys/class/backlight/panel0-backlight/brightness, value = 1306
07-22 18:08:09.768   948   948 E qdlights: set backlight level :path = /sys/class/backlight/panel0-backlight/brightness, value = 1304
07-22 18:08:09.775   948   948 E qdlights: set backlight level :path = /sys/class/backlight/panel0-backlight/brightness, value = 1302
07-22 18:08:09.784   948   948 E qdlights: set backlight level :path = /sys/class/backlight/panel0-backlight/brightness, value = 1300
07-22 18:08:09.793   948   948 E qdlights: set backlight level :path = /sys/class/backlight/panel0-backlight/brightness, value = 1298
07-22 18:08:09.795   969   969 I ANDR-PERF-LM: LMPerfGlue: perfmodule_submit_request() 132: perfmodule_submit_request()
07-22 18:08:09.795   969   969 I ANDR-PERF-LM: Core: getInstance() 84: LM getInstance
07-22 18:08:09.795   969   969 I ANDR-PERF-LM: WQ: push() 59: LMTriggerQ push() size=0
07-22 18:08:09.795   969   969 I ANDR-PERF-LM: WQ: push() 61: LMTriggerQ push() done size=1
07-22 18:08:09.795   969  1000 I ANDR-PERF-LM: WQ: pop() 42: LMTriggerQ pop() done size=0
07-22 18:08:09.795   969  1000 I ANDR-PERF-LM: Core: lmMain() 373: Waiting on trigger Queue
07-22 18:08:09.795   969  1000 I ANDR-PERF-LM: WQ: pop() 31: LMTriggerQ pop() size=0
07-22 18:08:09.795   830   830 I Zygote  : Process 3941 exited due to signal 9 (Killed)
07-22 18:08:09.796   974  2754 I vendor.qti.hardware.servicetracker@1.2-service: killProcess is called for pid : 3941
07-22 18:08:09.799  1817  1984 I libprocessgroup: Successfully killed process cgroup uid 10195 pid 3941 in 42ms
07-22 18:08:09.801   948   948 E qdlights: set backlight level :path = /sys/class/backlight/panel0-backlight/brightness, value = 1296
07-22 18:08:09.810   948   948 E qdlights: set backlight level :path = /sys/class/backlight/panel0-backlight/brightness, value = 1293
07-22 18:08:09.818   948   948 E qdlights: set backlight level :path = /sys/class/backlight/panel0-backlight/brightness, value = 1291
07-22 18:08:09.827   948   948 E qdlights: set backlight level :path = /sys/class/backlight/panel0-backlight/brightness, value = 1289
07-22 18:08:09.836   948   948 E qdlights: set backlight level :path = /sys/class/backlight/panel0-backlight/brightness, value = 1287
07-22 18:08:09.843   948   948 E qdlights: set backlight level :path = /sys/class/backlight/panel0-backlight/brightness, value = 1285
07-22 18:08:09.852   948   948 E qdlights: set backlight level :path = /sys/class/backlight/panel0-backlight/brightness, value = 1283
07-22 18:08:09.860   948   948 E qdlights: set backlight level :path = /sys/class/backlight/panel0-backlight/brightness, value = 1281
07-22 18:08:09.868   948   948 E qdlights: set backlight level :path = /sys/class/backlight/panel0-backlight/brightness, value = 1279
07-22 18:08:09.878   948   948 E qdlights: set backlight level :path = /sys/class/backlight/panel0-backlight/brightness, value = 1277
07-22 18:08:09.885   948   948 E qdlights: set backlight level :path = /sys/class/backlight/panel0-backlight/brightness, value = 1275
07-22 18:08:09.893   948   948 E qdlights: set backlight level :path = /sys/class/backlight/panel0-backlight/brightness, value = 1273
07-22 18:08:09.901   948   948 E qdlights: set backlight level :path = /sys/class/backlight/panel0-backlight/brightness, value = 1271
07-22 18:08:09.913   948   948 E qdlights: set backlight level :path = /sys/class/backlight/panel0-backlight/brightness, value = 1269
07-22 18:08:09.919   948   948 E qdlights: set backlight level :path = /sys/class/backlight/panel0-backlight/brightness, value = 1267
07-22 18:08:09.927   948   948 E qdlights: set backlight level :path = /sys/class/backlight/panel0-backlight/brightness, value = 1265
07-22 18:08:09.935   948   948 E qdlights: set backlight level :path = /sys/class/backlight/panel0-backlight/brightness, value = 1263
07-22 18:08:09.945   948   948 E qdlights: set backlight level :path = /sys/class/backlight/panel0-backlight/brightness, value = 1261
07-22 18:08:09.955   948   948 E qdlights: set backlight level :path = /sys/class/backlight/panel0-backlight/brightness, value = 1259
07-22 18:08:09.962   948   948 E qdlights: set backlight level :path = /sys/class/backlight/panel0-backlight/brightness, value = 1257
07-22 18:08:09.970   948   948 E qdlights: set backlight level :path = /sys/class/backlight/panel0-backlight/brightness, value = 1255
07-22 18:08:09.977   948   948 E qdlights: set backlight level :path = /sys/class/backlight/panel0-backlight/brightness, value = 1253
07-22 18:08:09.979   974  2754 I vendor.qti.hardware.servicetracker@1.2-service: bindService is called for service : com.google.android.gms/.chimera.PersistentDirectBootAwareApiService and for client com.google.android.googlequicksearchbox:search
07-22 18:08:09.979   974  2754 I vendor.qti.hardware.servicetracker@1.2-service: total connections for service : com.google.android.gms/.chimera.PersistentDirectBootAwareApiServiceare :11
07-22 18:08:09.979   974  2754 I vendor.qti.hardware.servicetracker@1.2-service: total connections for client : com.google.android.googlequicksearchbox:searchare :5
07-22 18:08:09.985   948   948 E qdlights: set backlight level :path = /sys/class/backlight/panel0-backlight/brightness, value = 1251
07-22 18:08:09.994   948   948 E qdlights: set backlight level :path = /sys/class/backlight/panel0-backlight/brightness, value = 1249
07-22 18:08:10.003   948   948 E qdlights: set backlight level :path = /sys/class/backlight/panel0-backlight/brightness, value = 1247
07-22 18:08:10.010   948   948 E qdlights: set backlight level :path = /sys/class/backlight/panel0-backlight/brightness, value = 1245
07-22 18:08:10.018   948   948 E qdlights: set backlight level :path = /sys/class/backlight/panel0-backlight/brightness, value = 1243
07-22 18:08:10.026   948   948 E qdlights: set backlight level :path = /sys/class/backlight/panel0-backlight/brightness, value = 1241
07-22 18:08:10.035   948   948 E qdlights: set backlight level :path = /sys/class/backlight/panel0-backlight/brightness, value = 1239
07-22 18:08:10.043   948   948 E qdlights: set backlight level :path = /sys/class/backlight/panel0-backlight/brightness, value = 1237
07-22 18:08:10.053   948   948 E qdlights: set backlight level :path = /sys/class/backlight/panel0-backlight/brightness, value = 1235
07-22 18:08:10.060   948   948 E qdlights: set backlight level :path = /sys/class/backlight/panel0-backlight/brightness, value = 1233
07-22 18:08:10.068   948   948 E qdlights: set backlight level :path = /sys/class/backlight/panel0-backlight/brightness, value = 1231
07-22 18:08:10.076   948   948 E qdlights: set backlight level :path = /sys/class/backlight/panel0-backlight/brightness, value = 1229
07-22 18:08:10.085   948   948 E qdlights: set backlight level :path = /sys/class/backlight/panel0-backlight/brightness, value = 1227
07-22 18:08:10.094   948   948 E qdlights: set backlight level :path = /sys/class/backlight/panel0-backlight/brightness, value = 1225
07-22 18:08:10.102   948   948 E qdlights: set backlight level :path = /sys/class/backlight/panel0-backlight/brightness, value = 1223
07-22 18:08:10.110   948   948 E qdlights: set backlight level :path = /sys/class/backlight/panel0-backlight/brightness, value = 1221
07-22 18:08:10.120   948   948 E qdlights: set backlight level :path = /sys/class/backlight/panel0-backlight/brightness, value = 1219
07-22 18:08:10.128   948   948 E qdlights: set backlight level :path = /sys/class/backlight/panel0-backlight/brightness, value = 1217
07-22 18:08:10.137   948   948 E qdlights: set backlight level :path = /sys/class/backlight/panel0-backlight/brightness, value = 1215
07-22 18:08:10.144   948   948 E qdlights: set backlight level :path = /sys/class/backlight/panel0-backlight/brightness, value = 1213
07-22 18:08:10.152   948   948 E qdlights: set backlight level :path = /sys/class/backlight/panel0-backlight/brightness, value = 1211
07-22 18:08:10.161   948   948 E qdlights: set backlight level :path = /sys/class/backlight/panel0-backlight/brightness, value = 1210
07-22 18:08:10.169   948   948 E qdlights: set backlight level :path = /sys/class/backlight/panel0-backlight/brightness, value = 1208
07-22 18:08:10.177   948   948 E qdlights: set backlight level :path = /sys/class/backlight/panel0-backlight/brightness, value = 1206
07-22 18:08:10.185   948   948 E qdlights: set backlight level :path = /sys/class/backlight/panel0-backlight/brightness, value = 1204
07-22 18:08:10.193   948   948 E qdlights: set backlight level :path = /sys/class/backlight/panel0-backlight/brightness, value = 1202
07-22 18:08:10.202   948   948 E qdlights: set backlight level :path = /sys/class/backlight/panel0-backlight/brightness, value = 1200
07-22 18:08:10.212   948   948 E qdlights: set backlight level :path = /sys/class/backlight/panel0-backlight/brightness, value = 1198
07-22 18:08:10.219   948   948 E qdlights: set backlight level :path = /sys/class/backlight/panel0-backlight/brightness, value = 1196
07-22 18:08:10.228   948   948 E qdlights: set backlight level :path = /sys/class/backlight/panel0-backlight/brightness, value = 1194
07-22 18:08:10.237   948   948 E qdlights: set backlight level :path = /sys/class/backlight/panel0-backlight/brightness, value = 1192
07-22 18:08:10.246   948   948 E qdlights: set backlight level :path = /sys/class/backlight/panel0-backlight/brightness, value = 1191
07-22 18:08:10.253   948   948 E qdlights: set backlight level :path = /sys/class/backlight/panel0-backlight/brightness, value = 1190
07-22 18:08:10.261   948   948 E qdlights: set backlight level :path = /sys/class/backlight/panel0-backlight/brightness, value = 1189
07-22 18:08:10.270   948   948 E qdlights: set backlight level :path = /sys/class/backlight/panel0-backlight/brightness, value = 1188
07-22 18:08:10.278   948   948 E qdlights: set backlight level :path = /sys/class/backlight/panel0-backlight/brightness, value = 1186
07-22 18:08:10.286   948   948 E qdlights: set backlight level :path = /sys/class/backlight/panel0-backlight/brightness, value = 1185
07-22 18:08:10.294   948   948 E qdlights: set backlight level :path = /sys/class/backlight/panel0-backlight/brightness, value = 1184
07-22 18:08:10.302   948   948 E qdlights: set backlight level :path = /sys/class/backlight/panel0-backlight/brightness, value = 1183
07-22 18:08:10.310   948   948 E qdlights: set backlight level :path = /sys/class/backlight/panel0-backlight/brightness, value = 1182
07-22 18:08:10.320   948   948 E qdlights: set backlight level :path = /sys/class/backlight/panel0-backlight/brightness, value = 1181
07-22 18:08:10.328   948   948 E qdlights: set backlight level :path = /sys/class/backlight/panel0-backlight/brightness, value = 1179
07-22 18:08:10.337   948   948 E qdlights: set backlight level :path = /sys/class/backlight/panel0-backlight/brightness, value = 1178
07-22 18:08:10.345   948   948 E qdlights: set backlight level :path = /sys/class/backlight/panel0-backlight/brightness, value = 1177
07-22 18:08:10.353   948   948 E qdlights: set backlight level :path = /sys/class/backlight/panel0-backlight/brightness, value = 1176
07-22 18:08:10.360   948   948 E qdlights: set backlight level :path = /sys/class/backlight/panel0-backlight/brightness, value = 1175
07-22 18:08:10.370   948   948 E qdlights: set backlight level :path = /sys/class/backlight/panel0-backlight/brightness, value = 1174
07-22 18:08:10.377   948   948 E qdlights: set backlight level :path = /sys/class/backlight/panel0-backlight/brightness, value = 1172
07-22 18:08:10.386   948   948 E qdlights: set backlight level :path = /sys/class/backlight/panel0-backlight/brightness, value = 1171
07-22 18:08:10.398   948   948 E qdlights: set backlight level :path = /sys/class/backlight/panel0-backlight/brightness, value = 1170
07-22 18:08:10.404   948   948 E qdlights: set backlight level :path = /sys/class/backlight/panel0-backlight/brightness, value = 1169
07-22 18:08:10.412   948   948 E qdlights: set backlight level :path = /sys/class/backlight/panel0-backlight/brightness, value = 1168
07-22 18:08:10.419   948   948 E qdlights: set backlight level :path = /sys/class/backlight/panel0-backlight/brightness, value = 1167
07-22 18:08:10.427   948   948 E qdlights: set backlight level :path = /sys/class/backlight/panel0-backlight/brightness, value = 1165
07-22 18:08:10.437   948   948 E qdlights: set backlight level :path = /sys/class/backlight/panel0-backlight/brightness, value = 1164
07-22 18:08:10.445   948   948 E qdlights: set backlight level :path = /sys/class/backlight/panel0-backlight/brightness, value = 1163
07-22 18:08:10.454   948   948 E qdlights: set backlight level :path = /sys/class/backlight/panel0-backlight/brightness, value = 1162
07-22 18:08:10.462   948   948 E qdlights: set backlight level :path = /sys/class/backlight/panel0-backlight/brightness, value = 1161
07-22 18:08:10.474   948   948 E qdlights: set backlight level :path = /sys/class/backlight/panel0-backlight/brightness, value = 1160
07-22 18:08:10.478   948   948 E qdlights: set backlight level :path = /sys/class/backlight/panel0-backlight/brightness, value = 1159
07-22 18:08:10.487   948   948 E qdlights: set backlight level :path = /sys/class/backlight/panel0-backlight/brightness, value = 1157
07-22 18:08:10.495   948   948 E qdlights: set backlight level :path = /sys/class/backlight/panel0-backlight/brightness, value = 1156
07-22 18:08:10.503   948   948 E qdlights: set backlight level :path = /sys/class/backlight/panel0-backlight/brightness, value = 1155
07-22 18:08:10.511   948   948 E qdlights: set backlight level :path = /sys/class/backlight/panel0-backlight/brightness, value = 1154
07-22 18:08:10.520   948   948 E qdlights: set backlight level :path = /sys/class/backlight/panel0-backlight/brightness, value = 1153
07-22 18:08:10.528   948   948 E qdlights: set backlight level :path = /sys/class/backlight/panel0-backlight/brightness, value = 1152
07-22 18:08:10.538   948   948 E qdlights: set backlight level :path = /sys/class/backlight/panel0-backlight/brightness, value = 1151
07-22 18:08:10.549   948   948 E qdlights: set backlight level :path = /sys/class/backlight/panel0-backlight/brightness, value = 1149
07-22 18:08:10.553   948   948 E qdlights: set backlight level :path = /sys/class/backlight/panel0-backlight/brightness, value = 1148
07-22 18:08:10.562   948   948 E qdlights: set backlight level :path = /sys/class/backlight/panel0-backlight/brightness, value = 1147
07-22 18:08:10.570   948   948 E qdlights: set backlight level :path = /sys/class/backlight/panel0-backlight/brightness, value = 1146
07-22 18:08:10.578   948   948 E qdlights: set backlight level :path = /sys/class/backlight/panel0-backlight/brightness, value = 1145
07-22 18:08:10.587   948   948 E qdlights: set backlight level :path = /sys/class/backlight/panel0-backlight/brightness, value = 1144
07-22 18:08:10.595   948   948 E qdlights: set backlight level :path = /sys/class/backlight/panel0-backlight/brightness, value = 1143
07-22 18:08:10.604   948   948 E qdlights: set backlight level :path = /sys/class/backlight/panel0-backlight/brightness, value = 1141
07-22 18:08:10.616   948   948 E qdlights: set backlight level :path = /sys/class/backlight/panel0-backlight/brightness, value = 1140
07-22 18:08:10.621   948   948 E qdlights: set backlight level :path = /sys/class/backlight/panel0-backlight/brightness, value = 1139
07-22 18:08:10.628   948   948 E qdlights: set backlight level :path = /sys/class/backlight/panel0-backlight/brightness, value = 1138
07-22 18:08:10.637   948   948 E qdlights: set backlight level :path = /sys/class/backlight/panel0-backlight/brightness, value = 1137
07-22 18:08:10.645   948   948 E qdlights: set backlight level :path = /sys/class/backlight/panel0-backlight/brightness, value = 1136
07-22 18:08:10.654   948   948 E qdlights: set backlight level :path = /sys/class/backlight/panel0-backlight/brightness, value = 1135
07-22 18:08:10.662   948   948 E qdlights: set backlight level :path = /sys/class/backlight/panel0-backlight/brightness, value = 1134
07-22 18:08:10.670   948   948 E qdlights: set backlight level :path = /sys/class/backlight/panel0-backlight/brightness, value = 1132
07-22 18:08:10.678   948   948 E qdlights: set backlight level :path = /sys/class/backlight/panel0-backlight/brightness, value = 1131
07-22 18:08:10.686   948   948 E qdlights: set backlight level :path = /sys/class/backlight/panel0-backlight/brightness, value = 1130
07-22 18:08:10.699   948   948 E qdlights: set backlight level :path = /sys/class/backlight/panel0-backlight/brightness, value = 1129
07-22 18:08:10.703   948   948 E qdlights: set backlight level :path = /sys/class/backlight/panel0-backlight/brightness, value = 1128
07-22 18:08:10.712   948   948 E qdlights: set backlight level :path = /sys/class/backlight/panel0-backlight/brightness, value = 1127
07-22 18:08:10.720   948   948 E qdlights: set backlight level :path = /sys/class/backlight/panel0-backlight/brightness, value = 1126
07-22 18:08:10.728   948   948 E qdlights: set backlight level :path = /sys/class/backlight/panel0-backlight/brightness, value = 1125
07-22 18:08:10.737   948   948 E qdlights: set backlight level :path = /sys/class/backlight/panel0-backlight/brightness, value = 1123
07-22 18:08:10.746   948   948 E qdlights: set backlight level :path = /sys/class/backlight/panel0-backlight/brightness, value = 1122
07-22 18:08:10.753   948   948 E qdlights: set backlight level :path = /sys/class/backlight/panel0-backlight/brightness, value = 1121
07-22 18:08:10.761   948   948 E qdlights: set backlight level :path = /sys/class/backlight/panel0-backlight/brightness, value = 1120
07-22 18:08:10.768   948   948 E qdlights: set backlight level :path = /sys/class/backlight/panel0-backlight/brightness, value = 1119
07-22 18:08:10.778   948   948 E qdlights: set backlight level :path = /sys/class/backlight/panel0-backlight/brightness, value = 1118
07-22 18:08:10.786   948   948 E qdlights: set backlight level :path = /sys/class/backlight/panel0-backlight/brightness, value = 1117
07-22 18:08:10.794   948   948 E qdlights: set backlight level :path = /sys/class/backlight/panel0-backlight/brightness, value = 1116
07-22 18:08:10.803   948   948 E qdlights: set backlight level :path = /sys/class/backlight/panel0-backlight/brightness, value = 1115
07-22 18:08:10.812   948   948 E qdlights: set backlight level :path = /sys/class/backlight/panel0-backlight/brightness, value = 1113
07-22 18:08:10.818   948   948 E qdlights: set backlight level :path = /sys/class/backlight/panel0-backlight/brightness, value = 1112
07-22 18:08:10.827   948   948 E qdlights: set backlight level :path = /sys/class/backlight/panel0-backlight/brightness, value = 1111
07-22 18:08:10.835   948   948 E qdlights: set backlight level :path = /sys/class/backlight/panel0-backlight/brightness, value = 1110
07-22 18:08:10.844   948   948 E qdlights: set backlight level :path = /sys/class/backlight/panel0-backlight/brightness, value = 1109
07-22 18:08:10.851   948   948 E qdlights: set backlight level :path = /sys/class/backlight/panel0-backlight/brightness, value = 1108
07-22 18:08:10.860   948   948 E qdlights: set backlight level :path = /sys/class/backlight/panel0-backlight/brightness, value = 1107
