07-22 18:07:26.140   974  2754 I vendor.qti.hardware.servicetracker@1.2-service: size of client connections for client: com.google.android.gmsafter removal is 7
07-22 18:07:26.143   974  2754 I vendor.qti.hardware.servicetracker@1.2-service: destroyService is called for service : com.google.android.gms/.icing.service.IndexService
07-22 18:07:26.145  1817  2395 I MiuiNetworkPolicy: updateUidState uid = 99167, uidState = 10
07-22 18:07:26.151  1817  2395 I MiuiNetworkPolicy: updateUidState uid = 99167, uidState = 13
07-22 18:07:26.249   974  2754 I vendor.qti.hardware.servicetracker@1.2-service: unbindService is called for service : com.google.android.gms/.icing.service.AppIndexingService and for client com.google.android.gms
07-22 18:07:26.249   974  2754 I vendor.qti.hardware.servicetracker@1.2-service: size of service connections for service: com.google.android.gms/.icing.service.AppIndexingServiceafter removal is 0
07-22 18:07:26.249   974  2754 I vendor.qti.hardware.servicetracker@1.2-service: size of client connections for client: com.google.android.gmsafter removal is 6
07-22 18:07:26.254   974  2754 I vendor.qti.hardware.servicetracker@1.2-service: destroyService is called for service : com.google.android.gms/.icing.service.AppIndexingService
07-22 18:07:26.258  1817  2395 I MiuiNetworkPolicy: updateUidState uid = 99167, uidState = 10
07-22 18:07:26.263  1817  2395 I MiuiNetworkPolicy: updateUidState uid = 99167, uidState = 13
07-22 18:07:26.628  1817  2395 I MiuiNetworkPolicy: updateUidState uid = 10184, uidState = 19
07-22 18:07:27.317  1817  2395 D MiuiNetworkPolicy: updateLimit mLimitEnabled=true,enabled=false,mNetworkPriorityMode=0
07-22 18:07:27.352  4256  4277 I android.vendin: oneway function results will be dropped but finished with status UNKNOWN_TRANSACTION and parcel size 0
07-22 18:07:27.353   974  2754 I vendor.qti.hardware.servicetracker@1.2-service: unbindService is called for service : com.android.vending/com.google.android.finsky.ipcservers.background.BackgroundGrpcServerAndroidService and for client com.android.vending
07-22 18:07:27.353   974  2754 I vendor.qti.hardware.servicetracker@1.2-service: size of service connections for service: com.android.vending/com.google.android.finsky.ipcservers.background.BackgroundGrpcServerAndroidServiceafter removal is 0
07-22 18:07:27.353   974  2754 I vendor.qti.hardware.servicetracker@1.2-service: size of client connections for client: com.android.vendingafter removal is 1
07-22 18:07:27.358   974  2754 I vendor.qti.hardware.servicetracker@1.2-service: destroyService is called for service : com.android.vending/com.google.android.finsky.ipcservers.background.BackgroundGrpcServerAndroidService
07-22 18:07:27.363  4485  4485 I Finsky:background: [2] lzz.onDestroy(8): IPC-SERVER: Stopping gRPC host service...
07-22 18:07:27.371  1817  2395 I MiuiNetworkPolicy: updateUidState uid = 10184, uidState = 10
07-22 18:07:27.373  1817  2395 I MiuiNetworkPolicy: updateUidState uid = 10184, uidState = 19
07-22 18:07:28.342   974  2754 I vendor.qti.hardware.servicetracker@1.2-service: unbindService is called for service : com.google.android.gms/.chimera.PersistentDirectBootAwareApiService and for client com.android.vending
07-22 18:07:28.342   974  2754 I vendor.qti.hardware.servicetracker@1.2-service: size of client connections for client: com.android.vendingafter removal is 0
07-22 18:07:28.357   969   969 I ANDR-PERF-LM: LMPerfGlue: perfmodule_submit_request() 132: perfmodule_submit_request()
07-22 18:07:28.357   969   969 I ANDR-PERF-LM: Core: getInstance() 84: LM getInstance
07-22 18:07:28.357   969   969 I ANDR-PERF-LM: WQ: push() 59: LMTriggerQ push() size=0
07-22 18:07:28.357   969   969 I ANDR-PERF-LM: WQ: push() 61: LMTriggerQ push() done size=1
07-22 18:07:28.357   969  1000 I ANDR-PERF-LM: WQ: pop() 42: LMTriggerQ pop() done size=0
07-22 18:07:28.357   969  1000 I ANDR-PERF-LM: Core: lmMain() 373: Waiting on trigger Queue
07-22 18:07:28.357   969  1000 I ANDR-PERF-LM: WQ: pop() 31: LMTriggerQ pop() size=0
07-22 18:07:28.402   969   969 I ANDR-PERF-LM: LMPerfGlue: perfmodule_submit_request() 132: perfmodule_submit_request()
07-22 18:07:28.402   969   969 I ANDR-PERF-LM: Core: getInstance() 84: LM getInstance
07-22 18:07:28.402   969   969 I ANDR-PERF-LM: WQ: push() 59: LMTriggerQ push() size=0
07-22 18:07:28.402   969   969 I ANDR-PERF-LM: WQ: push() 61: LMTriggerQ push() done size=1
07-22 18:07:28.403   969  1000 I ANDR-PERF-LM: WQ: pop() 42: LMTriggerQ pop() done size=0
07-22 18:07:28.403   969  1000 I ANDR-PERF-LM: Core: lmMain() 373: Waiting on trigger Queue
07-22 18:07:28.403   969  1000 I ANDR-PERF-LM: WQ: pop() 31: LMTriggerQ pop() size=0
07-22 18:07:28.403   830   830 I Zygote  : Process 3573 exited due to signal 9 (Killed)
07-22 18:07:28.404   974  2754 I vendor.qti.hardware.servicetracker@1.2-service: killProcess is called for pid : 3573
07-22 18:07:28.404   974  2754 I vendor.qti.hardware.servicetracker@1.2-service: process with pid 3573 is client
07-22 18:07:28.404   974  2754 I vendor.qti.hardware.servicetracker@1.2-service: removing client with pid 3573process namecom.google.android.projection.gearhead:car
07-22 18:07:28.406  1817  1984 I libprocessgroup: Successfully killed process cgroup uid 10196 pid 3573 in 49ms
07-22 18:07:28.410  1817  2395 I MiuiNetworkPolicy: removeUidState uid = 10196
07-22 18:07:29.495 31813 31813 D SecurityCenter: ImageLoader clear memory info
07-22 18:07:31.472  4996  4996 I BatteryInfoReceiver: ACTION_BATTERY_CHANGED
07-22 18:07:31.473  2789  2789 D QtiCarrierConfigHelper: WARNING, no carrier configs on phone Id: 0
07-22 18:07:31.474  2659  2659 D KeyguardUpdateMonitor: received broadcast android.intent.action.BATTERY_CHANGED
07-22 18:07:31.475  2659  2659 D BatteryController: onReceive: Intent = Intent { act=android.intent.action.BATTERY_CHANGED flg=0x60000010 (has extras) } action = android.intent.action.BATTERY_CHANGED
07-22 18:07:31.477  5646  5787 D PowerCheckerService: onBatteryChanged, mBatteryLevel = 68, status = 2, level = 68, plug = 1, scale = 100
07-22 18:07:31.482  2852  2852 D DeviceStatisticsService: chargerType=1 batteryLevel=68 totalBatteryCapacity=4743200
07-22 18:07:31.482  2852  2852 D DeviceInfoHidlClient: isPowerInfoNeverSent()=true
07-22 18:07:31.482  2852  2852 D DeviceInfoHidlClient: getPowerInfoSupportStatus()=-1
07-22 18:07:32.319  1817  2395 D MiuiNetworkPolicy: updateLimit mLimitEnabled=false,enabled=true,mNetworkPriorityMode=0
07-22 18:07:32.821  2659  2802 D NetworkController.MobileSignalController(1): onSignalStrengthsChanged signalStrength=SignalStrength:{mCdma=CellSignalStrengthCdma: cdmaDbm=2147483647 cdmaEcio=2147483647 evdoDbm=2147483647 evdoEcio=2147483647 evdoSnr=2147483647 miuiLevel=0 level=0,mGsm=CellSignalStrengthGsm: rssi=2147483647 ber=2147483647 mTa=2147483647 miuiLevel=0 mLevel=0,mWcdma=CellSignalStrengthWcdma: ss=2147483647 ber=2147483647 rscp=2147483647 ecno=2147483647 miuiLevel=0 level=0,mTdscdma=CellSignalStrengthTdscdma: rssi=2147483647 ber=2147483647 rscp=2147483647 miuiLevel=0 level=0,mLte=CellSignalStrengthLte: rssi=-75 rsrp=-104 rsrq=-12 rssnr=5 cqi=2147483647 ta=2147483647 miuiLevel=4 level=3 parametersUseForLevel=0,mNr=CellSignalStrengthNr:{ csiRsrp = 2147483647 csiRsrq = 2147483647 csiSinr = 2147483647 ssRsrp = 2147483647 ssRsrq = 2147483647 ssSinr = 2147483647 miuiLevel = 0 level = 0 parametersUseForLevel = 0 },primary=CellSignalStrengthLte} level=3
07-22 18:07:32.823  2659  2802 D NetworkController.MobileSignalController(1): updateTelephonySignalStrength: hasService=true ss=SignalStrength:{mCdma=CellSignalStrengthCdma: cdmaDbm=2147483647 cdmaEcio=2147483647 evdoDbm=2147483647 evdoEcio=2147483647 evdoSnr=2147483647 miuiLevel=0 level=0,mGsm=CellSignalStrengthGsm: rssi=2147483647 ber=2147483647 mTa=2147483647 miuiLevel=0 mLevel=0,mWcdma=CellSignalStrengthWcdma: ss=2147483647 ber=2147483647 rscp=2147483647 ecno=2147483647 miuiLevel=0 level=0,mTdscdma=CellSignalStrengthTdscdma: rssi=2147483647 ber=2147483647 rscp=2147483647 miuiLevel=0 level=0,mLte=CellSignalStrengthLte: rssi=-75 rsrp=-104 rsrq=-12 rssnr=5 cqi=2147483647 ta=2147483647 miuiLevel=4 level=3 parametersUseForLevel=0,mNr=CellSignalStrengthNr:{ csiRsrp = 2147483647 csiRsrq = 2147483647 csiSinr = 2147483647 ssRsrp = 2147483647 ssRsrq = 2147483647 ssSinr = 2147483647 miuiLevel = 0 level = 0 parametersUseForLevel = 0 },primary=CellSignalStrengthLte} displayInfo=TelephonyDisplayInfo {network=LTE, override=NONE}
07-22 18:07:32.823  2659  2802 D NetworkController.MobileSignalController(1): NotQcom5G, signal level = 4
07-22 18:07:34.352  3675  3019 I CastDatabase: Saving the database
07-22 18:07:34.362  3675  3019 I SQLiteCastStore: [CastNetworkInfo] saved: 0, skipped: 0, [CastDeviceInfo]: saved 0, skipped 0, [Paired Guest Mode DeviceInfo] saved: 0, skipped: 0. [ProbedNetworks]: saved 0, skipped: 0, [ProbedSocketAddress]: saved 0, skipped: 0, [Network-Device pairs]: saved: 0
07-22 18:07:34.401   830   830 D Zygote  : Forked child process 5179
07-22 18:07:34.404  5179  5179 W Zygote  : Unable to open libbeluga.so: dlopen failed: library "libbeluga.so" not found.
07-22 18:07:34.422  5179  5179 E roid.apps.turb: Not starting debugger since process cannot load the jdwp agent.
07-22 18:07:34.437  1817  5485 D CompatibilityInfo: mCompatibilityFlags - 0
07-22 18:07:34.437  1817  5485 D CompatibilityInfo: applicationDensity - 440
07-22 18:07:34.437  1817  5485 D CompatibilityInfo: applicationScale - 1.0
07-22 18:07:34.438  1817  5485 D CompatibilityInfo: mCompatibilityFlags - 0
07-22 18:07:34.438  1817  5485 D CompatibilityInfo: applicationDensity - 440
07-22 18:07:34.438  1817  5485 D CompatibilityInfo: applicationScale - 1.0
07-22 18:07:34.441  1817  2395 I MiuiNetworkPolicy: updateUidState uid = 10189, uidState = 11
07-22 18:07:34.492  5179  5179 I Perf    : Connecting to perf service.
07-22 18:07:34.507  5179  5179 D NetworkSecurityConfig: No Network Security Config specified, using platform default
07-22 18:07:34.508  5179  5179 D NetworkSecurityConfig: No Network Security Config specified, using platform default
07-22 18:07:34.553   974  2754 I vendor.qti.hardware.servicetracker@1.2-service: bindService is called for service : com.google.android.gms/.chimera.PersistentDirectBootAwareApiService and for client com.google.android.apps.turbo
07-22 18:07:34.553   974  2754 I vendor.qti.hardware.servicetracker@1.2-service: total connections for service : com.google.android.gms/.chimera.PersistentDirectBootAwareApiServiceare :11
07-22 18:07:34.553   974  2754 I vendor.qti.hardware.servicetracker@1.2-service: total connections for client : com.google.android.apps.turboare :1
07-22 18:07:34.555   969   969 I ANDR-PERF-LM: LMPerfGlue: perfmodule_submit_request() 132: perfmodule_submit_request()
07-22 18:07:34.555   969   969 I ANDR-PERF-LM: Core: getInstance() 84: LM getInstance
07-22 18:07:34.555   969   969 D ANDR-PERF-LM: Feature: lookup() 101: Feature Name = AppClassifier, total featuers = 3, featureFound = 1
07-22 18:07:34.556   969   969 D ANDR-PERF-LM: Feature: getData() 112: data.data = 0
07-22 18:07:34.556   969   969 I ANDR-PERF-LM: FeedbackAPI: getFeedback() 60: app:com.google.android.apps.turbo feature:AppClassifier feedback = 0
07-22 18:07:34.565   969   969 I ANDR-PERF-LM: LMPerfGlue: perfmodule_submit_request() 132: perfmodule_submit_request()
07-22 18:07:34.565   969   969 I ANDR-PERF-LM: Core: getInstance() 84: LM getInstance
07-22 18:07:34.565   969   969 I ANDR-PERF-LM: WQ: push() 59: LMTriggerQ push() size=0
07-22 18:07:34.565   969   969 I ANDR-PERF-LM: WQ: push() 61: LMTriggerQ push() done size=1
07-22 18:07:34.565   969  1000 I ANDR-PERF-LM: WQ: pop() 42: LMTriggerQ pop() done size=0
07-22 18:07:34.565   969  1000 I ANDR-PERF-LM: Core: lmMain() 373: Waiting on trigger Queue
07-22 18:07:34.565   969  1000 I ANDR-PERF-LM: WQ: pop() 31: LMTriggerQ pop() size=0
07-22 18:07:34.567   969   969 I ANDR-PERF-LM: LMPerfGlue: perfmodule_submit_request() 132: perfmodule_submit_request()
07-22 18:07:34.568   969   969 I ANDR-PERF-LM: Core: getInstance() 84: LM getInstance
07-22 18:07:34.568   969   969 I ANDR-PERF-LM: WQ: push() 59: LMTriggerQ push() size=0
07-22 18:07:34.568   969   969 I ANDR-PERF-LM: WQ: push() 61: LMTriggerQ push() done size=1
07-22 18:07:34.568   969  1000 I ANDR-PERF-LM: WQ: pop() 42: LMTriggerQ pop() done size=0
07-22 18:07:34.568   969  1000 I ANDR-PERF-LM: Core: lmMain() 373: Waiting on trigger Queue
07-22 18:07:34.568   969  1000 I ANDR-PERF-LM: WQ: pop() 31: LMTriggerQ pop() size=0
07-22 18:07:34.570   969   969 I ANDR-PERF-LM: LMPerfGlue: perfmodule_submit_request() 132: perfmodule_submit_request()
07-22 18:07:34.570   969   969 I ANDR-PERF-LM: Core: getInstance() 84: LM getInstance
07-22 18:07:34.570   969   969 I ANDR-PERF-LM: WQ: push() 59: LMTriggerQ push() size=0
07-22 18:07:34.570   969   969 I ANDR-PERF-LM: WQ: push() 61: LMTriggerQ push() done size=1
07-22 18:07:34.570   969  1000 I ANDR-PERF-LM: WQ: pop() 42: LMTriggerQ pop() done size=0
07-22 18:07:34.570   969  1000 I ANDR-PERF-LM: Core: lmMain() 373: Waiting on trigger Queue
07-22 18:07:34.570   969  1000 I ANDR-PERF-LM: WQ: pop() 31: LMTriggerQ pop() size=0
07-22 18:07:34.573  1817  2395 I MiuiNetworkPolicy: updateUidState uid = 10189, uidState = 19
07-22 18:07:34.573  1817  2395 I MiuiNetworkPolicy: updateUidState uid = 10109, uidState = 19
07-22 18:07:34.611   969   969 I ANDR-PERF-LM: LMPerfGlue: perfmodule_submit_request() 132: perfmodule_submit_request()
07-22 18:07:34.611   969   969 I ANDR-PERF-LM: Core: getInstance() 84: LM getInstance
07-22 18:07:34.612   969   969 I ANDR-PERF-LM: WQ: push() 59: LMTriggerQ push() size=0
07-22 18:07:34.612   969   969 I ANDR-PERF-LM: WQ: push() 61: LMTriggerQ push() done size=1
07-22 18:07:34.612   969  1000 I ANDR-PERF-LM: WQ: pop() 42: LMTriggerQ pop() done size=0
07-22 18:07:34.612   830   830 I Zygote  : Process 4011 exited due to signal 9 (Killed)
07-22 18:07:34.612   969  1000 I ANDR-PERF-LM: Core: lmMain() 373: Waiting on trigger Queue
07-22 18:07:34.612   969  1000 I ANDR-PERF-LM: WQ: pop() 31: LMTriggerQ pop() size=0
07-22 18:07:34.613   974  2754 I vendor.qti.hardware.servicetracker@1.2-service: killProcess is called for pid : 4011
07-22 18:07:34.613   974  2754 I vendor.qti.hardware.servicetracker@1.2-service: process with pid 4011 is client
07-22 18:07:34.613   974  2754 I vendor.qti.hardware.servicetracker@1.2-service: removing client with pid 4011process namecom.google.android.gms.unstable
07-22 18:07:34.619   969   969 I ANDR-PERF-LM: LMPerfGlue: perfmodule_submit_request() 132: perfmodule_submit_request()
07-22 18:07:34.619   969   969 I ANDR-PERF-LM: Core: getInstance() 84: LM getInstance
07-22 18:07:34.619   969   969 I ANDR-PERF-LM: WQ: push() 59: LMTriggerQ push() size=0
07-22 18:07:34.619   969   969 I ANDR-PERF-LM: WQ: push() 61: LMTriggerQ push() done size=1
07-22 18:07:34.620   969  1000 I ANDR-PERF-LM: WQ: pop() 42: LMTriggerQ pop() done size=0
07-22 18:07:34.620   969  1000 I ANDR-PERF-LM: Core: lmMain() 373: Waiting on trigger Queue
07-22 18:07:34.620   969  1000 I ANDR-PERF-LM: WQ: pop() 31: LMTriggerQ pop() size=0
07-22 18:07:34.621   830   830 I Zygote  : Process 15305 exited due to signal 9 (Killed)
07-22 18:07:34.621   974  2754 I vendor.qti.hardware.servicetracker@1.2-service: killProcess is called for pid : 15305
07-22 18:07:34.621   974  2754 I vendor.qti.hardware.servicetracker@1.2-service: process with pid 15305 is client
07-22 18:07:34.621   974  2754 I vendor.qti.hardware.servicetracker@1.2-service: removing client with pid 15305process namecom.android.settings
07-22 18:07:34.624  1817  1984 I libprocessgroup: Successfully killed process cgroup uid 1000 pid 15305 in 60ms
07-22 18:07:34.625  1817  1984 I libprocessgroup: Successfully killed process cgroup uid 10195 pid 4011 in 0ms
07-22 18:07:34.647  1431 15320 D NuPlayerDriver: reset(0xf5d1e2e0) at state 4
07-22 18:07:34.647   969   969 I ANDR-PERF-LM: LMPerfGlue: perfmodule_submit_request() 132: perfmodule_submit_request()
07-22 18:07:34.647   830   830 I Zygote  : Process 3539 exited due to signal 9 (Killed)
07-22 18:07:34.647   969   969 I ANDR-PERF-LM: Core: getInstance() 84: LM getInstance
07-22 18:07:34.647   969   969 I ANDR-PERF-LM: WQ: push() 59: LMTriggerQ push() size=0
07-22 18:07:34.647   969   969 I ANDR-PERF-LM: WQ: push() 61: LMTriggerQ push() done size=1
07-22 18:07:34.647   969  1000 I ANDR-PERF-LM: WQ: pop() 42: LMTriggerQ pop() done size=0
07-22 18:07:34.647   969  1000 I ANDR-PERF-LM: Core: lmMain() 373: Waiting on trigger Queue
07-22 18:07:34.647   969  1000 I ANDR-PERF-LM: WQ: pop() 31: LMTriggerQ pop() size=0
07-22 18:07:34.647  1817  1984 I libprocessgroup: Successfully killed process cgroup uid 10285 pid 3539 in 21ms
07-22 18:07:34.648   974  2754 I vendor.qti.hardware.servicetracker@1.2-service: killProcess is called for pid : 3539
07-22 18:07:34.648   974  2754 I vendor.qti.hardware.servicetracker@1.2-service: process with pid 3539 is client
07-22 18:07:34.648   974  2754 I vendor.qti.hardware.servicetracker@1.2-service: removing client with pid 3539process namecom.microsoft.office.outlook
07-22 18:07:34.648  1431  3873 D NuPlayerDriver: notifyResetComplete(0xf5d1e2e0)
07-22 18:07:34.654  1817  2395 I MiuiNetworkPolicy: removeUidState uid = 10285
07-22 18:07:35.147  2659  2802 D NetworkController.MobileSignalController(1): onSignalStrengthsChanged signalStrength=SignalStrength:{mCdma=CellSignalStrengthCdma: cdmaDbm=2147483647 cdmaEcio=2147483647 evdoDbm=2147483647 evdoEcio=2147483647 evdoSnr=2147483647 miuiLevel=0 level=0,mGsm=CellSignalStrengthGsm: rssi=2147483647 ber=2147483647 mTa=2147483647 miuiLevel=0 mLevel=0,mWcdma=CellSignalStrengthWcdma: ss=2147483647 ber=2147483647 rscp=2147483647 ecno=2147483647 miuiLevel=0 level=0,mTdscdma=CellSignalStrengthTdscdma: rssi=2147483647 ber=2147483647 rscp=2147483647 miuiLevel=0 level=0,mLte=CellSignalStrengthLte: rssi=-75 rsrp=-102 rsrq=-10 rssnr=9 cqi=2147483647 ta=2147483647 miuiLevel=4 level=3 parametersUseForLevel=0,mNr=CellSignalStrengthNr:{ csiRsrp = 2147483647 csiRsrq = 2147483647 csiSinr = 2147483647 ssRsrp = 2147483647 ssRsrq = 2147483647 ssSinr = 2147483647 miuiLevel = 0 level = 0 parametersUseForLevel = 0 },primary=CellSignalStrengthLte} level=3
07-22 18:07:35.148  2659  2802 D NetworkController.MobileSignalController(1): updateTelephonySignalStrength: hasService=true ss=SignalStrength:{mCdma=CellSignalStrengthCdma: cdmaDbm=2147483647 cdmaEcio=2147483647 evdoDbm=2147483647 evdoEcio=2147483647 evdoSnr=2147483647 miuiLevel=0 level=0,mGsm=CellSignalStrengthGsm: rssi=2147483647 ber=2147483647 mTa=2147483647 miuiLevel=0 mLevel=0,mWcdma=CellSignalStrengthWcdma: ss=2147483647 ber=2147483647 rscp=2147483647 ecno=2147483647 miuiLevel=0 level=0,mTdscdma=CellSignalStrengthTdscdma: rssi=2147483647 ber=2147483647 rscp=2147483647 miuiLevel=0 level=0,mLte=CellSignalStrengthLte: rssi=-75 rsrp=-102 rsrq=-10 rssnr=9 cqi=2147483647 ta=2147483647 miuiLevel=4 level=3 parametersUseForLevel=0,mNr=CellSignalStrengthNr:{ csiRsrp = 2147483647 csiRsrq = 2147483647 csiSinr = 2147483647 ssRsrp = 2147483647 ssRsrq = 2147483647 ssSinr = 2147483647 miuiLevel = 0 level = 0 parametersUseForLevel = 0 },primary=CellSignalStrengthLte} displayInfo=TelephonyDisplayInfo {network=LTE, override=NONE}
07-22 18:07:35.148  2659  2802 D NetworkController.MobileSignalController(1): NotQcom5G, signal level = 4
07-22 18:07:35.228   948   948 E qdlights: set backlight level :path = /sys/class/backlight/panel0-backlight/brightness, value = 1331
07-22 18:07:35.235   948   948 E qdlights: set backlight level :path = /sys/class/backlight/panel0-backlight/brightness, value = 1307
07-22 18:07:35.243   948   948 E qdlights: set backlight level :path = /sys/class/backlight/panel0-backlight/brightness, value = 1283
07-22 18:07:35.248   948   948 E qdlights: set backlight level :path = /sys/class/backlight/panel0-backlight/brightness, value = 1259
07-22 18:07:35.262   948   948 E qdlights: set backlight level :path = /sys/class/backlight/panel0-backlight/brightness, value = 1211
07-22 18:07:35.268   948   948 E qdlights: set backlight level :path = /sys/class/backlight/panel0-backlight/brightness, value = 1187
07-22 18:07:35.278   948   948 E qdlights: set backlight level :path = /sys/class/backlight/panel0-backlight/brightness, value = 1163
07-22 18:07:35.286   948   948 E qdlights: set backlight level :path = /sys/class/backlight/panel0-backlight/brightness, value = 1138
07-22 18:07:35.295   948   948 E qdlights: set backlight level :path = /sys/class/backlight/panel0-backlight/brightness, value = 1114
07-22 18:07:35.304   948   948 E qdlights: set backlight level :path = /sys/class/backlight/panel0-backlight/brightness, value = 1090
07-22 18:07:35.312   948   948 E qdlights: set backlight level :path = /sys/class/backlight/panel0-backlight/brightness, value = 1066
07-22 18:07:35.321   948   948 E qdlights: set backlight level :path = /sys/class/backlight/panel0-backlight/brightness, value = 1042
07-22 18:07:35.330   948   948 E qdlights: set backlight level :path = /sys/class/backlight/panel0-backlight/brightness, value = 1018
07-22 18:07:35.346   948   948 E qdlights: set backlight level :path = /sys/class/backlight/panel0-backlight/brightness, value = 994
07-22 18:07:35.349   948   948 E qdlights: set backlight level :path = /sys/class/backlight/panel0-backlight/brightness, value = 970
07-22 18:07:35.352   948   948 E qdlights: set backlight level :path = /sys/class/backlight/panel0-backlight/brightness, value = 946
07-22 18:07:35.364   948   948 E qdlights: set backlight level :path = /sys/class/backlight/panel0-backlight/brightness, value = 922
07-22 18:07:35.371   948   948 E qdlights: set backlight level :path = /sys/class/backlight/panel0-backlight/brightness, value = 898
07-22 18:07:35.378   948   948 E qdlights: set backlight level :path = /sys/class/backlight/panel0-backlight/brightness, value = 874
07-22 18:07:35.386   948   948 E qdlights: set backlight level :path = /sys/class/backlight/panel0-backlight/brightness, value = 850
07-22 18:07:35.395   948   948 E qdlights: set backlight level :path = /sys/class/backlight/panel0-backlight/brightness, value = 826
07-22 18:07:35.403   948   948 E qdlights: set backlight level :path = /sys/class/backlight/panel0-backlight/brightness, value = 802
07-22 18:07:35.414   948   948 E qdlights: set backlight level :path = /sys/class/backlight/panel0-backlight/brightness, value = 777
07-22 18:07:35.420   948   948 E qdlights: set backlight level :path = /sys/class/backlight/panel0-backlight/brightness, value = 753
07-22 18:07:35.428   948   948 E qdlights: set backlight level :path = /sys/class/backlight/panel0-backlight/brightness, value = 729
07-22 18:07:35.435   948   948 E qdlights: set backlight level :path = /sys/class/backlight/panel0-backlight/brightness, value = 705
07-22 18:07:35.445   948   948 E qdlights: set backlight level :path = /sys/class/backlight/panel0-backlight/brightness, value = 681
07-22 18:07:35.454   948   948 E qdlights: set backlight level :path = /sys/class/backlight/panel0-backlight/brightness, value = 657
07-22 18:07:35.461   948   948 E qdlights: set backlight level :path = /sys/class/backlight/panel0-backlight/brightness, value = 633
07-22 18:07:35.469   948   948 E qdlights: set backlight level :path = /sys/class/backlight/panel0-backlight/brightness, value = 609
07-22 18:07:35.478   948   948 E qdlights: set backlight level :path = /sys/class/backlight/panel0-backlight/brightness, value = 585
07-22 18:07:35.487   948   948 E qdlights: set backlight level :path = /sys/class/backlight/panel0-backlight/brightness, value = 561
07-22 18:07:35.498   948   948 E qdlights: set backlight level :path = /sys/class/backlight/panel0-backlight/brightness, value = 537
07-22 18:07:35.504   948   948 E qdlights: set backlight level :path = /sys/class/backlight/panel0-backlight/brightness, value = 512
07-22 18:07:35.512   948   948 E qdlights: set backlight level :path = /sys/class/backlight/panel0-backlight/brightness, value = 488
07-22 18:07:35.519   948   948 E qdlights: set backlight level :path = /sys/class/backlight/panel0-backlight/brightness, value = 464
07-22 18:07:35.528   948   948 E qdlights: set backlight level :path = /sys/class/backlight/panel0-backlight/brightness, value = 440
07-22 18:07:35.537   948   948 E qdlights: set backlight level :path = /sys/class/backlight/panel0-backlight/brightness, value = 416
07-22 18:07:35.545   948   948 E qdlights: set backlight level :path = /sys/class/backlight/panel0-backlight/brightness, value = 392
07-22 18:07:35.554   948   948 E qdlights: set backlight level :path = /sys/class/backlight/panel0-backlight/brightness, value = 368
07-22 18:07:35.562   948   948 E qdlights: set backlight level :path = /sys/class/backlight/panel0-backlight/brightness, value = 344
07-22 18:07:35.571   948   948 E qdlights: set backlight level :path = /sys/class/backlight/panel0-backlight/brightness, value = 320
07-22 18:07:35.579   948   948 E qdlights: set backlight level :path = /sys/class/backlight/panel0-backlight/brightness, value = 295
07-22 18:07:35.586   948   948 E qdlights: set backlight level :path = /sys/class/backlight/panel0-backlight/brightness, value = 271
07-22 18:07:35.595   948   948 E qdlights: set backlight level :path = /sys/class/backlight/panel0-backlight/brightness, value = 247
07-22 18:07:35.604   948   948 E qdlights: set backlight level :path = /sys/class/backlight/panel0-backlight/brightness, value = 224
07-22 18:07:35.617   948   948 E qdlights: set backlight level :path = /sys/class/backlight/panel0-backlight/brightness, value = 206
07-22 18:07:36.775  1817  2326 D MIUIInput: [MotionEvent] publisher action=0x4, 102636204, channel 'c532af NavigationBar0 (server)'
07-22 18:07:36.775  1817  2326 D MIUIInput: [MotionEvent] publisher action=0x4, 102636204, channel '1e1bdda com.mi.android.globallauncher/com.miui.home.launcher.Launcher (server)'
07-22 18:07:36.775  1817  2326 D MIUIInput: [MotionEvent] publisher action=0x0, 102636204, channel '68ec8f7 com.mi.android.globallauncher/com.miui.home.launcher.Launcher (server)'
07-22 18:07:36.775  1817  2326 D MIUIInput: [MotionEvent] publisher action=0x0, 102636204, channel 'fa606f1 com.miui.miwallpaper.wallpaperservice.MiuiKeyguardPictorialWallpaper (server)'
07-22 18:07:36.776  1817  2326 D MIUIInput: [MotionEvent] publisher action=0x0, 102636204, channel '1efad35 com.miui.miwallpaper.wallpaperservice.ImageWallpaper (server)'
07-22 18:07:36.786   948   948 E qdlights: set backlight level :path = /sys/class/backlight/panel0-backlight/brightness, value = 221
07-22 18:07:36.796   948   948 E qdlights: set backlight level :path = /sys/class/backlight/panel0-backlight/brightness, value = 245
07-22 18:07:36.805   969   969 I ANDR-PERF-LM: LMPerfGlue: perfmodule_submit_request() 132: perfmodule_submit_request()
07-22 18:07:36.805   969   969 I ANDR-PERF-LM: Core: getInstance() 84: LM getInstance
07-22 18:07:36.805   969   969 D ANDR-PERF-LM: Feature: lookup() 101: Feature Name = AppClassifier, total featuers = 3, featureFound = 1
07-22 18:07:36.805   969   969 D ANDR-PERF-LM: Feature: getData() 112: data.data = 1
07-22 18:07:36.805   969   969 I ANDR-PERF-LM: FeedbackAPI: getFeedback() 60: app:com.mi.android.globallauncher feature:AppClassifier feedback = 1
07-22 18:07:36.807   969   969 I ANDR-PERF-LM: LMPerfGlue: perfmodule_submit_request() 132: perfmodule_submit_request()
07-22 18:07:36.807   969   969 I ANDR-PERF-LM: Core: getInstance() 84: LM getInstance
07-22 18:07:36.807   969   969 I ANDR-PERF-LM: WQ: push() 59: LMTriggerQ push() size=0
07-22 18:07:36.807   969   969 I ANDR-PERF-LM: WQ: push() 61: LMTriggerQ push() done size=1
07-22 18:07:36.807   969   969 I ANDR-PERF-LM: LMPerfGlue: perfmodule_submit_request() 132: perfmodule_submit_request()
07-22 18:07:36.807   969   969 I ANDR-PERF-LM: Core: getInstance() 84: LM getInstance
07-22 18:07:36.807   969   969 D ANDR-PERF-LM: Feature: lookup() 101: Feature Name = AppClassifier, total featuers = 3, featureFound = 1
07-22 18:07:36.807   969  1000 I ANDR-PERF-LM: WQ: pop() 42: LMTriggerQ pop() done size=0
07-22 18:07:36.807   969  1000 I ANDR-PERF-LM: Core: lmMain() 373: Waiting on trigger Queue
07-22 18:07:36.807   969  1000 I ANDR-PERF-LM: WQ: pop() 31: LMTriggerQ pop() size=0
07-22 18:07:36.807   969   969 D ANDR-PERF-LM: Feature: getData() 112: data.data = 1
07-22 18:07:36.807   969   969 I ANDR-PERF-LM: FeedbackAPI: getFeedback() 60: app:com.mi.android.globallauncher feature:AppClassifier feedback = 1
07-22 18:07:36.811   948   948 E qdlights: set backlight level :path = /sys/class/backlight/panel0-backlight/brightness, value = 269
07-22 18:07:36.811  2947  3377 I RenderThread: RenderThread resumed
07-22 18:07:36.811  2947  3377 I RenderThread: All controllers paused.
07-22 18:07:36.811  2947  3377 I RenderThread: RenderThread paused, waiting for signal
07-22 18:07:36.821   948   948 E qdlights: set backlight level :path = /sys/class/backlight/panel0-backlight/brightness, value = 316
07-22 18:07:36.827   948   948 E qdlights: set backlight level :path = /sys/class/backlight/panel0-backlight/brightness, value = 341
07-22 18:07:36.834   948   948 E qdlights: set backlight level :path = /sys/class/backlight/panel0-backlight/brightness, value = 365
07-22 18:07:36.846   948   948 E qdlights: set backlight level :path = /sys/class/backlight/panel0-backlight/brightness, value = 389
07-22 18:07:36.852   948   948 E qdlights: set backlight level :path = /sys/class/backlight/panel0-backlight/brightness, value = 413
07-22 18:07:36.861   948   948 E qdlights: set backlight level :path = /sys/class/backlight/panel0-backlight/brightness, value = 437
07-22 18:07:36.868   948   948 E qdlights: set backlight level :path = /sys/class/backlight/panel0-backlight/brightness, value = 461
07-22 18:07:36.874  1817  2326 D MIUIInput: [MotionEvent] publisher action=0x1, 102636303, channel '68ec8f7 com.mi.android.globallauncher/com.miui.home.launcher.Launcher (server)'
07-22 18:07:36.874  1817  2326 D MIUIInput: [MotionEvent] publisher action=0x1, 102636303, channel 'fa606f1 com.miui.miwallpaper.wallpaperservice.MiuiKeyguardPictorialWallpaper (server)'
07-22 18:07:36.874  1817  2326 D MIUIInput: [MotionEvent] publisher action=0x1, 102636303, channel '1efad35 com.miui.miwallpaper.wallpaperservice.ImageWallpaper (server)'
07-22 18:07:36.876   948   948 E qdlights: set backlight level :path = /sys/class/backlight/panel0-backlight/brightness, value = 485
07-22 18:07:36.879   969   969 I ANDR-PERF-LM: LMPerfGlue: perfmodule_submit_request() 132: perfmodule_submit_request()
07-22 18:07:36.879   969   969 I ANDR-PERF-LM: Core: getInstance() 84: LM getInstance
07-22 18:07:36.879   969   969 D ANDR-PERF-LM: Feature: lookup() 101: Feature Name = AppClassifier, total featuers = 3, featureFound = 1
07-22 18:07:36.879   969   969 D ANDR-PERF-LM: Feature: getData() 112: data.data = 1
07-22 18:07:36.880   969   969 I ANDR-PERF-LM: FeedbackAPI: getFeedback() 60: app:com.mi.android.globallauncher feature:AppClassifier feedback = 1
07-22 18:07:36.881   969   969 I ANDR-PERF-LM: LMPerfGlue: perfmodule_submit_request() 132: perfmodule_submit_request()
07-22 18:07:36.881   969   969 I ANDR-PERF-LM: Core: getInstance() 84: LM getInstance
07-22 18:07:36.881   969   969 I ANDR-PERF-LM: WQ: push() 59: LMTriggerQ push() size=0
07-22 18:07:36.881   969   969 I ANDR-PERF-LM: WQ: push() 61: LMTriggerQ push() done size=1
07-22 18:07:36.881   969  1000 I ANDR-PERF-LM: WQ: pop() 42: LMTriggerQ pop() done size=0
07-22 18:07:36.881   969  1000 I ANDR-PERF-LM: Core: lmMain() 373: Waiting on trigger Queue
07-22 18:07:36.881   969  1000 I ANDR-PERF-LM: WQ: pop() 31: LMTriggerQ pop() size=0
07-22 18:07:36.882   969   969 I ANDR-PERF-LM: LMPerfGlue: perfmodule_submit_request() 132: perfmodule_submit_request()
07-22 18:07:36.882   969   969 I ANDR-PERF-LM: Core: getInstance() 84: LM getInstance
07-22 18:07:36.882   969   969 D ANDR-PERF-LM: Feature: lookup() 101: Feature Name = AppClassifier, total featuers = 3, featureFound = 1
07-22 18:07:36.882   969   969 D ANDR-PERF-LM: Feature: getData() 112: data.data = 1
07-22 18:07:36.882   969   969 I ANDR-PERF-LM: FeedbackAPI: getFeedback() 60: app:com.mi.android.globallauncher feature:AppClassifier feedback = 1
07-22 18:07:36.883   969   969 I ANDR-PERF-LM: LMPerfGlue: perfmodule_submit_request() 132: perfmodule_submit_request()
07-22 18:07:36.883   969   969 I ANDR-PERF-LM: Core: getInstance() 84: LM getInstance
07-22 18:07:36.883   969   969 I ANDR-PERF-LM: WQ: push() 59: LMTriggerQ push() size=0
07-22 18:07:36.883   969   969 I ANDR-PERF-LM: WQ: push() 61: LMTriggerQ push() done size=1
07-22 18:07:36.883   969  1000 I ANDR-PERF-LM: WQ: pop() 42: LMTriggerQ pop() done size=0
07-22 18:07:36.883   969  1000 I ANDR-PERF-LM: Core: lmMain() 373: Waiting on trigger Queue
07-22 18:07:36.883   969  1000 I ANDR-PERF-LM: WQ: pop() 31: LMTriggerQ pop() size=0
07-22 18:07:36.883   969   969 I ANDR-PERF-LM: LMPerfGlue: perfmodule_submit_request() 132: perfmodule_submit_request()
07-22 18:07:36.883   969   969 I ANDR-PERF-LM: Core: getInstance() 84: LM getInstance
07-22 18:07:36.883   969   969 D ANDR-PERF-LM: Feature: lookup() 101: Feature Name = AppClassifier, total featuers = 3, featureFound = 1
07-22 18:07:36.884   969   969 D ANDR-PERF-LM: Feature: getData() 112: data.data = 1
07-22 18:07:36.884   969   969 I ANDR-PERF-LM: FeedbackAPI: getFeedback() 60: app:com.mi.android.globallauncher feature:AppClassifier feedback = 1
07-22 18:07:36.885   948   948 E qdlights: set backlight level :path = /sys/class/backlight/panel0-backlight/brightness, value = 509
07-22 18:07:36.893   948   948 E qdlights: set backlight level :path = /sys/class/backlight/panel0-backlight/brightness, value = 533
07-22 18:07:36.902   948   948 E qdlights: set backlight level :path = /sys/class/backlight/panel0-backlight/brightness, value = 557
07-22 18:07:36.909   948   948 E qdlights: set backlight level :path = /sys/class/backlight/panel0-backlight/brightness, value = 581
07-22 18:07:36.918   948   948 E qdlights: set backlight level :path = /sys/class/backlight/panel0-backlight/brightness, value = 605
07-22 18:07:36.921  2947  3169 W RenderInspector: QueueBuffer time out on com.mi.android.globallauncher/com.miui.home.launcher.Launcher, count=1, avg=10 ms, max=10 ms.
07-22 18:07:36.926   948   948 E qdlights: set backlight level :path = /sys/class/backlight/panel0-backlight/brightness, value = 629
07-22 18:07:36.935   948   948 E qdlights: set backlight level :path = /sys/class/backlight/panel0-backlight/brightness, value = 653
07-22 18:07:36.943   948   948 E qdlights: set backlight level :path = /sys/class/backlight/panel0-backlight/brightness, value = 677
07-22 18:07:36.951   948   948 E qdlights: set backlight level :path = /sys/class/backlight/panel0-backlight/brightness, value = 701
07-22 18:07:36.960   948   948 E qdlights: set backlight level :path = /sys/class/backlight/panel0-backlight/brightness, value = 725
07-22 18:07:36.970   948   948 E qdlights: set backlight level :path = /sys/class/backlight/panel0-backlight/brightness, value = 750
07-22 18:07:36.977   948   948 E qdlights: set backlight level :path = /sys/class/backlight/panel0-backlight/brightness, value = 774
07-22 18:07:36.985   948   948 E qdlights: set backlight level :path = /sys/class/backlight/panel0-backlight/brightness, value = 798
07-22 18:07:36.993   948   948 E qdlights: set backlight level :path = /sys/class/backlight/panel0-backlight/brightness, value = 822
07-22 18:07:37.001   948   948 E qdlights: set backlight level :path = /sys/class/backlight/panel0-backlight/brightness, value = 846
07-22 18:07:37.009   948   948 E qdlights: set backlight level :path = /sys/class/backlight/panel0-backlight/brightness, value = 870
07-22 18:07:37.018   948   948 E qdlights: set backlight level :path = /sys/class/backlight/panel0-backlight/brightness, value = 894
07-22 18:07:37.027   948   948 E qdlights: set backlight level :path = /sys/class/backlight/panel0-backlight/brightness, value = 918
07-22 18:07:37.035   948   948 E qdlights: set backlight level :path = /sys/class/backlight/panel0-backlight/brightness, value = 942
07-22 18:07:37.043   948   948 E qdlights: set backlight level :path = /sys/class/backlight/panel0-backlight/brightness, value = 966
07-22 18:07:37.053   948   948 E qdlights: set backlight level :path = /sys/class/backlight/panel0-backlight/brightness, value = 990
07-22 18:07:37.060   948   948 E qdlights: set backlight level :path = /sys/class/backlight/panel0-backlight/brightness, value = 1014
07-22 18:07:37.068   948   948 E qdlights: set backlight level :path = /sys/class/backlight/panel0-backlight/brightness, value = 1038
07-22 18:07:37.077   948   948 E qdlights: set backlight level :path = /sys/class/backlight/panel0-backlight/brightness, value = 1062
07-22 18:07:37.085   948   948 E qdlights: set backlight level :path = /sys/class/backlight/panel0-backlight/brightness, value = 1087
07-22 18:07:37.093   948   948 E qdlights: set backlight level :path = /sys/class/backlight/panel0-backlight/brightness, value = 1111
07-22 18:07:37.101   948   948 E qdlights: set backlight level :path = /sys/class/backlight/panel0-backlight/brightness, value = 1135
07-22 18:07:37.110   948   948 E qdlights: set backlight level :path = /sys/class/backlight/panel0-backlight/brightness, value = 1159
07-22 18:07:37.118   948   948 E qdlights: set backlight level :path = /sys/class/backlight/panel0-backlight/brightness, value = 1183
07-22 18:07:37.127   948   948 E qdlights: set backlight level :path = /sys/class/backlight/panel0-backlight/brightness, value = 1207
07-22 18:07:37.135   948   948 E qdlights: set backlight level :path = /sys/class/backlight/panel0-backlight/brightness, value = 1231
07-22 18:07:37.143   948   948 E qdlights: set backlight level :path = /sys/class/backlight/panel0-backlight/brightness, value = 1256
07-22 18:07:37.152   948   948 E qdlights: set backlight level :path = /sys/class/backlight/panel0-backlight/brightness, value = 1280
07-22 18:07:37.160   948   948 E qdlights: set backlight level :path = /sys/class/backlight/panel0-backlight/brightness, value = 1304
07-22 18:07:37.168   948   948 E qdlights: set backlight level :path = /sys/class/backlight/panel0-backlight/brightness, value = 1328
07-22 18:07:37.177   948   948 E qdlights: set backlight level :path = /sys/class/backlight/panel0-backlight/brightness, value = 1352
07-22 18:07:37.185   948   948 E qdlights: set backlight level :path = /sys/class/backlight/panel0-backlight/brightness, value = 1353
07-22 18:07:37.898  1817  2483 D SlaveWifiManager: getWifiSlaveConnectionInfo
07-22 18:07:37.901  2659  2802 D NetworkController: onReceive: intent=Intent { act=android.net.wifi.RSSI_CHANGED flg=0x4000010 (has extras) }
07-22 18:07:37.902  2866  3945 D QCNEJ/WlanStaInfoRelay: Received action: android.net.wifi.RSSI_CHANGED
07-22 18:07:37.905  1817  2483 D SlaveWifiManager: getWifiSlaveConnectionInfo
07-22 18:07:39.483  5179  5209 I roid.apps.turb: Waiting for a blocking GC ProfileSaver
07-22 18:07:39.492  5179  5209 I roid.apps.turb: WaitForGcToComplete blocked ProfileSaver on AddRemoveAppImageSpace for 9.291ms
07-22 18:07:39.501  5179  5202 I roid.apps.turb: WaitForGcToComplete blocked RunEmptyCheckpoint on ProfileSaver for 8.445ms
07-22 18:07:39.664  2659  2659 D KeyguardUpdateMonitor: received broadcast android.intent.action.BATTERY_CHANGED
07-22 18:07:39.665  2659  2659 D BatteryController: onReceive: Intent = Intent { act=android.intent.action.BATTERY_CHANGED flg=0x60000010 (has extras) } action = android.intent.action.BATTERY_CHANGED
07-22 18:07:39.665  2789  2789 D QtiCarrierConfigHelper: WARNING, no carrier configs on phone Id: 0
07-22 18:07:39.666  4996  4996 I BatteryInfoReceiver: ACTION_BATTERY_CHANGED
07-22 18:07:39.668  5646  5787 D PowerCheckerService: onBatteryChanged, mBatteryLevel = 68, status = 2, level = 68, plug = 1, scale = 100
07-22 18:07:39.673  2852  2852 D DeviceStatisticsService: chargerType=1 batteryLevel=68 totalBatteryCapacity=4743200
07-22 18:07:39.673  2852  2852 D DeviceInfoHidlClient: isPowerInfoNeverSent()=true
07-22 18:07:39.673  2852  2852 D DeviceInfoHidlClient: getPowerInfoSupportStatus()=-1
07-22 18:07:40.719  1817  2395 I MiuiNetworkPolicy: updateUidState uid = 1000, uidState = 0
07-22 18:07:40.928  1817  2483 D SlaveWifiManager: getWifiSlaveConnectionInfo
07-22 18:07:40.929  1817  2483 D SlaveWifiManager: getWifiSlaveConnectionInfo
07-22 18:07:40.932  2866  3945 D QCNEJ/WlanStaInfoRelay: Received action: android.net.wifi.RSSI_CHANGED
07-22 18:07:40.936  2659  2802 D NetworkController: onReceive: intent=Intent { act=android.net.wifi.RSSI_CHANGED flg=0x4000010 (has extras) }
07-22 18:07:41.537   974  2754 I vendor.qti.hardware.servicetracker@1.2-service: bindService is called for service : com.google.android.gms/.chimera.PersistentApiService and for client com.google.android.apps.turbo
07-22 18:07:41.538   974  2754 I vendor.qti.hardware.servicetracker@1.2-service: total connections for service : com.google.android.gms/.chimera.PersistentApiServiceare :10
07-22 18:07:41.538   974  2754 I vendor.qti.hardware.servicetracker@1.2-service: total connections for client : com.google.android.apps.turboare :2
07-22 18:07:41.600   974  2754 I vendor.qti.hardware.servicetracker@1.2-service: bindService is called for service : com.google.android.gms/.chimera.PersistentDirectBootAwareApiService and for client com.google.android.gms.persistent
07-22 18:07:41.600   974  2754 I vendor.qti.hardware.servicetracker@1.2-service: total connections for service : com.google.android.gms/.chimera.PersistentDirectBootAwareApiServiceare :11
07-22 18:07:41.600   974  2754 I vendor.qti.hardware.servicetracker@1.2-service: total connections for client : com.google.android.gms.persistentare :5
07-22 18:07:41.884  1817  2518 D SchedBoost: thread tid=2947, priority is set to -10
07-22 18:07:41.884  1817  2518 D SchedBoost: thread tid=3169, priority is set to -10
07-22 18:07:42.904  2789  2789 D QtiCarrierConfigHelper: WARNING, no carrier configs on phone Id: 0
07-22 18:07:42.904  2659  2659 D KeyguardUpdateMonitor: received broadcast android.intent.action.BATTERY_CHANGED
07-22 18:07:42.904  2659  2659 D BatteryController: onReceive: Intent = Intent { act=android.intent.action.BATTERY_CHANGED flg=0x60000010 (has extras) } action = android.intent.action.BATTERY_CHANGED
07-22 18:07:42.904  4996  4996 I BatteryInfoReceiver: ACTION_BATTERY_CHANGED
07-22 18:07:42.909  5646  5787 D PowerCheckerService: onBatteryChanged, mBatteryLevel = 68, status = 2, level = 68, plug = 1, scale = 100
07-22 18:07:42.910  4996  4996 I PowerUtils: getChargerType: USB
07-22 18:07:42.910  4996  4996 I PowerOffUI: charger type = USB
07-22 18:07:42.926  2852  2852 D DeviceStatisticsService: chargerType=1 batteryLevel=68 totalBatteryCapacity=4743200
07-22 18:07:42.926  2852  2852 D DeviceInfoHidlClient: isPowerInfoNeverSent()=true
07-22 18:07:42.926  2852  2852 D DeviceInfoHidlClient: getPowerInfoSupportStatus()=-1
07-22 18:07:44.346  2659  2802 D NetworkController.MobileSignalController(1): onSignalStrengthsChanged signalStrength=SignalStrength:{mCdma=CellSignalStrengthCdma: cdmaDbm=2147483647 cdmaEcio=2147483647 evdoDbm=2147483647 evdoEcio=2147483647 evdoSnr=2147483647 miuiLevel=0 level=0,mGsm=CellSignalStrengthGsm: rssi=2147483647 ber=2147483647 mTa=2147483647 miuiLevel=0 mLevel=0,mWcdma=CellSignalStrengthWcdma: ss=2147483647 ber=2147483647 rscp=2147483647 ecno=2147483647 miuiLevel=0 level=0,mTdscdma=CellSignalStrengthTdscdma: rssi=2147483647 ber=2147483647 rscp=2147483647 miuiLevel=0 level=0,mLte=CellSignalStrengthLte: rssi=-73 rsrp=-103 rsrq=-12 rssnr=5 cqi=2147483647 ta=2147483647 miuiLevel=4 level=3 parametersUseForLevel=0,mNr=CellSignalStrengthNr:{ csiRsrp = 2147483647 csiRsrq = 2147483647 csiSinr = 2147483647 ssRsrp = 2147483647 ssRsrq = 2147483647 ssSinr = 2147483647 miuiLevel = 0 level = 0 parametersUseForLevel = 0 },primary=CellSignalStrengthLte} level=3
07-22 18:07:44.347  2659  2802 D NetworkController.MobileSignalController(1): updateTelephonySignalStrength: hasService=true ss=SignalStrength:{mCdma=CellSignalStrengthCdma: cdmaDbm=2147483647 cdmaEcio=2147483647 evdoDbm=2147483647 evdoEcio=2147483647 evdoSnr=2147483647 miuiLevel=0 level=0,mGsm=CellSignalStrengthGsm: rssi=2147483647 ber=2147483647 mTa=2147483647 miuiLevel=0 mLevel=0,mWcdma=CellSignalStrengthWcdma: ss=2147483647 ber=2147483647 rscp=2147483647 ecno=2147483647 miuiLevel=0 level=0,mTdscdma=CellSignalStrengthTdscdma: rssi=2147483647 ber=2147483647 rscp=2147483647 miuiLevel=0 level=0,mLte=CellSignalStrengthLte: rssi=-73 rsrp=-103 rsrq=-12 rssnr=5 cqi=2147483647 ta=2147483647 miuiLevel=4 level=3 parametersUseForLevel=0,mNr=CellSignalStrengthNr:{ csiRsrp = 2147483647 csiRsrq = 2147483647 csiSinr = 2147483647 ssRsrp = 2147483647 ssRsrq = 2147483647 ssSinr = 2147483647 miuiLevel = 0 level = 0 parametersUseForLevel = 0 },primary=CellSignalStrengthLte} displayInfo=TelephonyDisplayInfo {network=LTE, override=NONE}
07-22 18:07:44.347  2659  2802 D NetworkController.MobileSignalController(1): NotQcom5G, signal level = 4
07-22 18:07:46.597  2659  2802 D NetworkController.MobileSignalController(1): onSignalStrengthsChanged signalStrength=SignalStrength:{mCdma=CellSignalStrengthCdma: cdmaDbm=2147483647 cdmaEcio=2147483647 evdoDbm=2147483647 evdoEcio=2147483647 evdoSnr=2147483647 miuiLevel=0 level=0,mGsm=CellSignalStrengthGsm: rssi=2147483647 ber=2147483647 mTa=2147483647 miuiLevel=0 mLevel=0,mWcdma=CellSignalStrengthWcdma: ss=2147483647 ber=2147483647 rscp=2147483647 ecno=2147483647 miuiLevel=0 level=0,mTdscdma=CellSignalStrengthTdscdma: rssi=2147483647 ber=2147483647 rscp=2147483647 miuiLevel=0 level=0,mLte=CellSignalStrengthLte: rssi=-75 rsrp=-103 rsrq=-10 rssnr=9 cqi=2147483647 ta=2147483647 miuiLevel=4 level=3 parametersUseForLevel=0,mNr=CellSignalStrengthNr:{ csiRsrp = 2147483647 csiRsrq = 2147483647 csiSinr = 2147483647 ssRsrp = 2147483647 ssRsrq = 2147483647 ssSinr = 2147483647 miuiLevel = 0 level = 0 parametersUseForLevel = 0 },primary=CellSignalStrengthLte} level=3
07-22 18:07:46.598  2659  2802 D NetworkController.MobileSignalController(1): updateTelephonySignalStrength: hasService=true ss=SignalStrength:{mCdma=CellSignalStrengthCdma: cdmaDbm=2147483647 cdmaEcio=2147483647 evdoDbm=2147483647 evdoEcio=2147483647 evdoSnr=2147483647 miuiLevel=0 level=0,mGsm=CellSignalStrengthGsm: rssi=2147483647 ber=2147483647 mTa=2147483647 miuiLevel=0 mLevel=0,mWcdma=CellSignalStrengthWcdma: ss=2147483647 ber=2147483647 rscp=2147483647 ecno=2147483647 miuiLevel=0 level=0,mTdscdma=CellSignalStrengthTdscdma: rssi=2147483647 ber=2147483647 rscp=2147483647 miuiLevel=0 level=0,mLte=CellSignalStrengthLte: rssi=-75 rsrp=-103 rsrq=-10 rssnr=9 cqi=2147483647 ta=2147483647 miuiLevel=4 level=3 parametersUseForLevel=0,mNr=CellSignalStrengthNr:{ csiRsrp = 2147483647 csiRsrq = 2147483647 csiSinr = 2147483647 ssRsrp = 2147483647 ssRsrq = 2147483647 ssSinr = 2147483647 miuiLevel = 0 level = 0 parametersUseForLevel = 0 },primary=CellSignalStrengthLte} displayInfo=TelephonyDisplayInfo {network=LTE, override=NONE}
07-22 18:07:46.598  2659  2802 D NetworkController.MobileSignalController(1): NotQcom5G, signal level = 4
07-22 18:07:46.756   974  2754 I vendor.qti.hardware.servicetracker@1.2-service: bindService is called for service : com.google.android.gms/.chimera.PersistentApiService and for client com.google.android.gms
07-22 18:07:46.756   974  2754 I vendor.qti.hardware.servicetracker@1.2-service: total connections for service : com.google.android.gms/.chimera.PersistentApiServiceare :10
07-22 18:07:46.756   974  2754 I vendor.qti.hardware.servicetracker@1.2-service: total connections for client : com.google.android.gmsare :7
07-22 18:07:47.326   974  2754 I vendor.qti.hardware.servicetracker@1.2-service: bindService is called for service : com.google.android.gms/.auth.account.authenticator.GoogleAccountAuthenticatorService and for client system
07-22 18:07:47.326   974  2754 I vendor.qti.hardware.servicetracker@1.2-service: total connections for service : com.google.android.gms/.auth.account.authenticator.GoogleAccountAuthenticatorServiceare :1
07-22 18:07:47.326   974  2754 I vendor.qti.hardware.servicetracker@1.2-service: total connections for client : systemare :19
07-22 18:07:47.327  1817  5487 D CompatibilityInfo: mCompatibilityFlags - 0
07-22 18:07:47.327  1817  5487 D CompatibilityInfo: applicationDensity - 440
07-22 18:07:47.327  1817  5487 D CompatibilityInfo: applicationScale - 1.0
07-22 18:07:47.329   974  2754 I vendor.qti.hardware.servicetracker@1.2-service: startService() is called for servicecom.google.android.gms/.auth.account.authenticator.GoogleAccountAuthenticatorService
07-22 18:07:47.358   974  2754 I vendor.qti.hardware.servicetracker@1.2-service: unbindService is called for service : com.google.android.gms/.auth.account.authenticator.GoogleAccountAuthenticatorService and for client system
07-22 18:07:47.358   974  2754 I vendor.qti.hardware.servicetracker@1.2-service: size of service connections for service: com.google.android.gms/.auth.account.authenticator.GoogleAccountAuthenticatorServiceafter removal is 0
07-22 18:07:47.358   974  2754 I vendor.qti.hardware.servicetracker@1.2-service: size of client connections for client: systemafter removal is 18
07-22 18:07:47.359   974  2754 I vendor.qti.hardware.servicetracker@1.2-service: destroyService is called for service : com.google.android.gms/.auth.account.authenticator.GoogleAccountAuthenticatorService
07-22 18:07:47.365   974  2754 I vendor.qti.hardware.servicetracker@1.2-service: bindService is called for service : com.google.android.gms/.auth.account.authenticator.GoogleAccountAuthenticatorService and for client system
