07-22 18:09:12.809   974  2754 I vendor.qti.hardware.servicetracker@1.2-service: startService() is called for servicecom.google.android.gms/.auth.account.authenticator.GoogleAccountAuthenticatorService
07-22 18:09:12.829   974  2754 I vendor.qti.hardware.servicetracker@1.2-service: unbindService is called for service : com.google.android.gms/.auth.account.authenticator.GoogleAccountAuthenticatorService and for client system
07-22 18:09:12.829   974  2754 I vendor.qti.hardware.servicetracker@1.2-service: size of service connections for service: com.google.android.gms/.auth.account.authenticator.GoogleAccountAuthenticatorServiceafter removal is 0
07-22 18:09:12.829   974  2754 I vendor.qti.hardware.servicetracker@1.2-service: size of client connections for client: systemafter removal is 18
07-22 18:09:12.830   974  2754 I vendor.qti.hardware.servicetracker@1.2-service: destroyService is called for service : com.google.android.gms/.auth.account.authenticator.GoogleAccountAuthenticatorService
07-22 18:09:12.839   974  2754 I vendor.qti.hardware.servicetracker@1.2-service: bindService is called for service : com.google.android.gms/.auth.account.authenticator.GoogleAccountAuthenticatorService and for client system
07-22 18:09:12.840   974  2754 I vendor.qti.hardware.servicetracker@1.2-service: total connections for service : com.google.android.gms/.auth.account.authenticator.GoogleAccountAuthenticatorServiceare :1
07-22 18:09:12.840   974  2754 I vendor.qti.hardware.servicetracker@1.2-service: total connections for client : systemare :19
07-22 18:09:12.840  1817  4796 D CompatibilityInfo: mCompatibilityFlags - 0
07-22 18:09:12.840  1817  4796 D CompatibilityInfo: applicationDensity - 440
07-22 18:09:12.840  1817  4796 D CompatibilityInfo: applicationScale - 1.0
07-22 18:09:12.842   974  2754 I vendor.qti.hardware.servicetracker@1.2-service: startService() is called for servicecom.google.android.gms/.auth.account.authenticator.GoogleAccountAuthenticatorService
07-22 18:09:12.866   974  2754 I vendor.qti.hardware.servicetracker@1.2-service: unbindService is called for service : com.google.android.gms/.auth.account.authenticator.GoogleAccountAuthenticatorService and for client system
07-22 18:09:12.866   974  2754 I vendor.qti.hardware.servicetracker@1.2-service: size of service connections for service: com.google.android.gms/.auth.account.authenticator.GoogleAccountAuthenticatorServiceafter removal is 0
07-22 18:09:12.866   974  2754 I vendor.qti.hardware.servicetracker@1.2-service: size of client connections for client: systemafter removal is 18
07-22 18:09:12.866   974  2754 I vendor.qti.hardware.servicetracker@1.2-service: destroyService is called for service : com.google.android.gms/.auth.account.authenticator.GoogleAccountAuthenticatorService
07-22 18:09:12.874   974  2754 I vendor.qti.hardware.servicetracker@1.2-service: bindService is called for service : com.google.android.gms/.auth.account.authenticator.GoogleAccountAuthenticatorService and for client system
07-22 18:09:12.874   974  2754 I vendor.qti.hardware.servicetracker@1.2-service: total connections for service : com.google.android.gms/.auth.account.authenticator.GoogleAccountAuthenticatorServiceare :1
07-22 18:09:12.874   974  2754 I vendor.qti.hardware.servicetracker@1.2-service: total connections for client : systemare :19
07-22 18:09:12.875  1817  4582 D CompatibilityInfo: mCompatibilityFlags - 0
07-22 18:09:12.875  1817  4582 D CompatibilityInfo: applicationDensity - 440
07-22 18:09:12.875  1817  4582 D CompatibilityInfo: applicationScale - 1.0
07-22 18:09:12.876   974  2754 I vendor.qti.hardware.servicetracker@1.2-service: startService() is called for servicecom.google.android.gms/.auth.account.authenticator.GoogleAccountAuthenticatorService
07-22 18:09:12.902   974  2754 I vendor.qti.hardware.servicetracker@1.2-service: unbindService is called for service : com.google.android.gms/.auth.account.authenticator.GoogleAccountAuthenticatorService and for client system
07-22 18:09:12.903   974  2754 I vendor.qti.hardware.servicetracker@1.2-service: size of service connections for service: com.google.android.gms/.auth.account.authenticator.GoogleAccountAuthenticatorServiceafter removal is 0
07-22 18:09:12.903   974  2754 I vendor.qti.hardware.servicetracker@1.2-service: size of client connections for client: systemafter removal is 18
07-22 18:09:12.904   974  2754 I vendor.qti.hardware.servicetracker@1.2-service: destroyService is called for service : com.google.android.gms/.auth.account.authenticator.GoogleAccountAuthenticatorService
07-22 18:09:12.913   974  2754 I vendor.qti.hardware.servicetracker@1.2-service: bindService is called for service : com.google.android.gms/.auth.account.authenticator.GoogleAccountAuthenticatorService and for client system
07-22 18:09:12.913   974  2754 I vendor.qti.hardware.servicetracker@1.2-service: total connections for service : com.google.android.gms/.auth.account.authenticator.GoogleAccountAuthenticatorServiceare :1
07-22 18:09:12.913   974  2754 I vendor.qti.hardware.servicetracker@1.2-service: total connections for client : systemare :19
07-22 18:09:12.914  1817  4793 D CompatibilityInfo: mCompatibilityFlags - 0
07-22 18:09:12.914  1817  4793 D CompatibilityInfo: applicationDensity - 440
07-22 18:09:12.914  1817  4793 D CompatibilityInfo: applicationScale - 1.0
07-22 18:09:12.915   974  2754 I vendor.qti.hardware.servicetracker@1.2-service: startService() is called for servicecom.google.android.gms/.auth.account.authenticator.GoogleAccountAuthenticatorService
07-22 18:09:12.941   974  2754 I vendor.qti.hardware.servicetracker@1.2-service: unbindService is called for service : com.google.android.gms/.auth.account.authenticator.GoogleAccountAuthenticatorService and for client system
07-22 18:09:12.941   974  2754 I vendor.qti.hardware.servicetracker@1.2-service: size of service connections for service: com.google.android.gms/.auth.account.authenticator.GoogleAccountAuthenticatorServiceafter removal is 0
07-22 18:09:12.941   974  2754 I vendor.qti.hardware.servicetracker@1.2-service: size of client connections for client: systemafter removal is 18
07-22 18:09:12.942   974  2754 I vendor.qti.hardware.servicetracker@1.2-service: destroyService is called for service : com.google.android.gms/.auth.account.authenticator.GoogleAccountAuthenticatorService
07-22 18:09:12.963  5419  5442 I ContactsProvider: Contacts query: CPID=5134, CallingPackage = com.google.android.gms User=0
07-22 18:09:13.015  5419  5442 I chatty  : uid=10064(com.android.calllogbackup) Binder:5419_3 identical 2 lines
07-22 18:09:13.035  5419  5442 I ContactsProvider: Contacts query: CPID=5134, CallingPackage = com.google.android.gms User=0
07-22 18:09:13.037  5419  5442 W SQLiteLog: (28) double-quoted string literal: "com.google"
07-22 18:09:13.038  5419  5442 W SQLiteLog: (28) double-quoted string literal: "com.google"
07-22 18:09:13.113   974  2754 I vendor.qti.hardware.servicetracker@1.2-service: bindService is called for service : com.google.android.gms/.gcm.http.GoogleHttpService and for client com.google.android.gms
07-22 18:09:13.113   974  2754 I vendor.qti.hardware.servicetracker@1.2-service: total connections for service : com.google.android.gms/.gcm.http.GoogleHttpServiceare :1
07-22 18:09:13.113   974  2754 I vendor.qti.hardware.servicetracker@1.2-service: total connections for client : com.google.android.gmsare :8
07-22 18:09:13.113  1817  2211 D CompatibilityInfo: mCompatibilityFlags - 0
07-22 18:09:13.113  1817  2211 D CompatibilityInfo: applicationDensity - 440
07-22 18:09:13.113  1817  2211 D CompatibilityInfo: applicationScale - 1.0
07-22 18:09:13.114   974  2754 I vendor.qti.hardware.servicetracker@1.2-service: startService() is called for servicecom.google.android.gms/.gcm.http.GoogleHttpService
07-22 18:09:13.125  5134  5415 E dhvo    : *~*~*~ Channel {0} was not shutdown properly!!! ~*~*~*
07-22 18:09:13.125  5134  5415 E dhvo    :     Make sure to call shutdown()/shutdownNow() and wait until awaitTermination() returns true.
07-22 18:09:13.125  5134  5415 E dhvo    : java.lang.RuntimeException: ManagedChannel allocation site
07-22 18:09:13.125  5134  5415 E dhvo    : 	at dhvn.<init>(:com.google.android.gms@222615037@22.26.15 (150400-461192076):3)
07-22 18:09:13.125  5134  5415 E dhvo    : 	at dhvo.<init>(:com.google.android.gms@222615037@22.26.15 (150400-461192076):2)
07-22 18:09:13.125  5134  5415 E dhvo    : 	at dhnz.a(:com.google.android.gms@222615037@22.26.15 (150400-461192076):22)
07-22 18:09:13.125  5134  5415 E dhvo    : 	at xhq.c(:com.google.android.gms@222615037@22.26.15 (150400-461192076):22)
07-22 18:09:13.125  5134  5415 E dhvo    : 	at xhq.e(:com.google.android.gms@222615037@22.26.15 (150400-461192076):1)
07-22 18:09:13.125  5134  5415 E dhvo    : 	at bdrc.a(:com.google.android.gms@222615037@22.26.15 (150400-461192076):7)
07-22 18:09:13.125  5134  5415 E dhvo    : 	at com.google.android.gms.reachability.ReachabilityDataSyncIntentOperation.onHandleIntent(:com.google.android.gms@222615037@22.26.15 (150400-461192076):47)
07-22 18:09:13.125  5134  5415 E dhvo    : 	at com.google.android.chimera.IntentOperation.onHandleIntent(:com.google.android.gms@222615037@22.26.15 (150400-461192076):2)
07-22 18:09:13.125  5134  5415 E dhvo    : 	at uzc.onHandleIntent(:com.google.android.gms@222615037@22.26.15 (150400-461192076):4)
07-22 18:09:13.125  5134  5415 E dhvo    : 	at ffs.run(:com.google.android.gms@222615037@22.26.15 (150400-461192076):3)
07-22 18:09:13.125  5134  5415 E dhvo    : 	at ffr.run(:com.google.android.gms@222615037@22.26.15 (150400-461192076):11)
07-22 18:09:13.125  5134  5415 E dhvo    : 	at cfnu.run(:com.google.android.gms@222615037@22.26.15 (150400-461192076):2)
07-22 18:09:13.125  5134  5415 E dhvo    : 	at java.util.concurrent.ThreadPoolExecutor.runWorker(ThreadPoolExecutor.java:1167)
07-22 18:09:13.125  5134  5415 E dhvo    : 	at java.util.concurrent.ThreadPoolExecutor$Worker.run(ThreadPoolExecutor.java:641)
07-22 18:09:13.125  5134  5415 E dhvo    : 	at java.lang.Thread.run(Thread.java:923)
07-22 18:09:13.128   974  2754 I vendor.qti.hardware.servicetracker@1.2-service: bindService is called for service : com.google.android.gms/.auth.GetToken and for client com.google.android.gms
07-22 18:09:13.128   974  2754 I vendor.qti.hardware.servicetracker@1.2-service: total connections for service : com.google.android.gms/.auth.GetTokenare :1
07-22 18:09:13.128   974  2754 I vendor.qti.hardware.servicetracker@1.2-service: total connections for client : com.google.android.gmsare :9
07-22 18:09:13.129  1817  2211 D CompatibilityInfo: mCompatibilityFlags - 0
07-22 18:09:13.129  1817  2211 D CompatibilityInfo: applicationDensity - 440
07-22 18:09:13.129  1817  2211 D CompatibilityInfo: applicationScale - 1.0
07-22 18:09:13.130   974  2754 I vendor.qti.hardware.servicetracker@1.2-service: startService() is called for servicecom.google.android.gms/.auth.GetToken
07-22 18:09:13.143   974  2754 I vendor.qti.hardware.servicetracker@1.2-service: bindService is called for service : com.google.android.gms/.chimera.PersistentApiService and for client com.google.android.gms.persistent
07-22 18:09:13.143   974  2754 I vendor.qti.hardware.servicetracker@1.2-service: total connections for service : com.google.android.gms/.chimera.PersistentApiServiceare :9
07-22 18:09:13.143   974  2754 I vendor.qti.hardware.servicetracker@1.2-service: total connections for client : com.google.android.gms.persistentare :6
07-22 18:09:13.167   974  2754 I vendor.qti.hardware.servicetracker@1.2-service: bindService is called for service : com.google.android.gms/.auth.be.appcert.AppCertService and for client com.google.android.gms
07-22 18:09:13.167   974  2754 I vendor.qti.hardware.servicetracker@1.2-service: total connections for service : com.google.android.gms/.auth.be.appcert.AppCertServiceare :1
07-22 18:09:13.167   974  2754 I vendor.qti.hardware.servicetracker@1.2-service: total connections for client : com.google.android.gmsare :10
07-22 18:09:13.167  1817  2211 D CompatibilityInfo: mCompatibilityFlags - 0
07-22 18:09:13.167  1817  2211 D CompatibilityInfo: applicationDensity - 440
07-22 18:09:13.168  1817  2211 D CompatibilityInfo: applicationScale - 1.0
07-22 18:09:13.169   974  2754 I vendor.qti.hardware.servicetracker@1.2-service: startService() is called for servicecom.google.android.gms/.auth.be.appcert.AppCertService
07-22 18:09:13.252  5134  5413 W Conscrypt: Could not set socket write timeout: java.net.SocketException: Socket closed
07-22 18:09:13.253  5134  5413 W Conscrypt: 	at com.google.android.gms.org.conscrypt.Platform.setSocketWriteTimeout(:com.google.android.gms@222615037@22.26.15 (150400-461192076):2)
07-22 18:09:13.253  5134  5413 W Conscrypt: 	at com.google.android.gms.org.conscrypt.ConscryptFileDescriptorSocket.setSoWriteTimeout(:com.google.android.gms@222615037@22.26.15 (150400-461192076):0)
07-22 18:09:13.409  5134  5413 W Conscrypt: Could not set socket write timeout: java.net.SocketException: Socket closed
07-22 18:09:13.410  5134  5413 W Conscrypt: 	at com.google.android.gms.org.conscrypt.Platform.setSocketWriteTimeout(:com.google.android.gms@222615037@22.26.15 (150400-461192076):2)
07-22 18:09:13.410  5134  5413 W Conscrypt: 	at com.google.android.gms.org.conscrypt.ConscryptFileDescriptorSocket.setSoWriteTimeout(:com.google.android.gms@222615037@22.26.15 (150400-461192076):0)
07-22 18:09:14.099  1817  2395 I MiuiNetworkPolicy: updateUidState uid = 10064, uidState = 15
07-22 18:09:14.246  5134  5415 I ContactsLogger: Full upload request complete, uploaded contacts count : 523 [CONTEXT service_id=135 ]
07-22 18:09:14.336   974  2754 I vendor.qti.hardware.servicetracker@1.2-service: unbindService is called for service : com.google.android.gms/.romanesco.ContactsLoggerUploadService and for client com.google.android.gms.persistent
07-22 18:09:14.336   974  2754 I vendor.qti.hardware.servicetracker@1.2-service: size of service connections for service: com.google.android.gms/.romanesco.ContactsLoggerUploadServiceafter removal is 0
07-22 18:09:14.337   974  2754 I vendor.qti.hardware.servicetracker@1.2-service: size of client connections for client: com.google.android.gms.persistentafter removal is 5
07-22 18:09:14.337   974  2754 I vendor.qti.hardware.servicetracker@1.2-service: destroyService is called for service : com.google.android.gms/.romanesco.ContactsLoggerUploadService
07-22 18:09:14.338  3675  4969 I NetworkScheduler.Stats: Task com.google.android.gms/com.google.android.gms.romanesco.ContactsLoggerUploadService finished executing. cause:2 result: 1 elapsed_millis: 6257 uptime_millis: 6257 exec_start_elapsed_seconds: 275923 [CONTEXT service_id=218 ]
07-22 18:09:14.347  1817  2395 I MiuiNetworkPolicy: updateUidState uid = 99167, uidState = 13
07-22 18:09:16.562   948   948 E qdlights: set backlight level :path = /sys/class/backlight/panel0-backlight/brightness, value = 827
07-22 18:09:16.571   948   948 E qdlights: set backlight level :path = /sys/class/backlight/panel0-backlight/brightness, value = 803
07-22 18:09:16.578   948   948 E qdlights: set backlight level :path = /sys/class/backlight/panel0-backlight/brightness, value = 779
07-22 18:09:16.591   948   948 E qdlights: set backlight level :path = /sys/class/backlight/panel0-backlight/brightness, value = 755
07-22 18:09:16.594   948   948 E qdlights: set backlight level :path = /sys/class/backlight/panel0-backlight/brightness, value = 731
07-22 18:09:16.601   948   948 E qdlights: set backlight level :path = /sys/class/backlight/panel0-backlight/brightness, value = 707
07-22 18:09:16.609   948   948 E qdlights: set backlight level :path = /sys/class/backlight/panel0-backlight/brightness, value = 683
07-22 18:09:16.618   948   948 E qdlights: set backlight level :path = /sys/class/backlight/panel0-backlight/brightness, value = 659
07-22 18:09:16.627   948   948 E qdlights: set backlight level :path = /sys/class/backlight/panel0-backlight/brightness, value = 635
07-22 18:09:16.636   948   948 E qdlights: set backlight level :path = /sys/class/backlight/panel0-backlight/brightness, value = 611
07-22 18:09:16.644   948   948 E qdlights: set backlight level :path = /sys/class/backlight/panel0-backlight/brightness, value = 587
07-22 18:09:16.653   948   948 E qdlights: set backlight level :path = /sys/class/backlight/panel0-backlight/brightness, value = 563
07-22 18:09:16.661   948   948 E qdlights: set backlight level :path = /sys/class/backlight/panel0-backlight/brightness, value = 539
07-22 18:09:16.670   948   948 E qdlights: set backlight level :path = /sys/class/backlight/panel0-backlight/brightness, value = 515
07-22 18:09:16.680   948   948 E qdlights: set backlight level :path = /sys/class/backlight/panel0-backlight/brightness, value = 491
07-22 18:09:16.685   948   948 E qdlights: set backlight level :path = /sys/class/backlight/panel0-backlight/brightness, value = 467
07-22 18:09:16.694   948   948 E qdlights: set backlight level :path = /sys/class/backlight/panel0-backlight/brightness, value = 443
07-22 18:09:16.703   948   948 E qdlights: set backlight level :path = /sys/class/backlight/panel0-backlight/brightness, value = 419
07-22 18:09:16.710   948   948 E qdlights: set backlight level :path = /sys/class/backlight/panel0-backlight/brightness, value = 395
07-22 18:09:16.718   948   948 E qdlights: set backlight level :path = /sys/class/backlight/panel0-backlight/brightness, value = 370
07-22 18:09:16.727   948   948 E qdlights: set backlight level :path = /sys/class/backlight/panel0-backlight/brightness, value = 346
07-22 18:09:16.736   948   948 E qdlights: set backlight level :path = /sys/class/backlight/panel0-backlight/brightness, value = 322
07-22 18:09:16.745   948   948 E qdlights: set backlight level :path = /sys/class/backlight/panel0-backlight/brightness, value = 298
07-22 18:09:16.752   948   948 E qdlights: set backlight level :path = /sys/class/backlight/panel0-backlight/brightness, value = 274
07-22 18:09:16.759   948   948 E qdlights: set backlight level :path = /sys/class/backlight/panel0-backlight/brightness, value = 250
07-22 18:09:16.770   948   948 E qdlights: set backlight level :path = /sys/class/backlight/panel0-backlight/brightness, value = 226
07-22 18:09:16.776   948   948 E qdlights: set backlight level :path = /sys/class/backlight/panel0-backlight/brightness, value = 206
07-22 18:09:17.977  2789  2789 D QtiCarrierConfigHelper: WARNING, no carrier configs on phone Id: 0
07-22 18:09:17.979  2659  2659 D KeyguardUpdateMonitor: received broadcast android.intent.action.BATTERY_CHANGED
07-22 18:09:17.979  4996  4996 I BatteryInfoReceiver: ACTION_BATTERY_CHANGED
07-22 18:09:17.979  2659  2659 D BatteryController: onReceive: Intent = Intent { act=android.intent.action.BATTERY_CHANGED flg=0x60000010 (has extras) } action = android.intent.action.BATTERY_CHANGED
07-22 18:09:17.983  5646  5787 D PowerCheckerService: onBatteryChanged, mBatteryLevel = 68, status = 2, level = 68, plug = 1, scale = 100
07-22 18:09:17.986  2852  2852 D DeviceStatisticsService: chargerType=1 batteryLevel=68 totalBatteryCapacity=4743200
07-22 18:09:17.986  2852  2852 D DeviceInfoHidlClient: isPowerInfoNeverSent()=true
07-22 18:09:17.986  2852  2852 D DeviceInfoHidlClient: getPowerInfoSupportStatus()=-1
07-22 18:09:18.038  1817  2395 I MiuiNetworkPolicy: updateUidState uid = 10195, uidState = 5
07-22 18:09:18.111  1817  2326 D MIUIInput: [MotionEvent] publisher action=0x4, 102737540, channel 'c532af NavigationBar0 (server)'
07-22 18:09:18.111  1817  2326 D MIUIInput: [MotionEvent] publisher action=0x4, 102737540, channel '1e1bdda com.mi.android.globallauncher/com.miui.home.launcher.Launcher (server)'
07-22 18:09:18.112  1817  2326 D MIUIInput: [MotionEvent] publisher action=0x0, 102737540, channel '68ec8f7 com.mi.android.globallauncher/com.miui.home.launcher.Launcher (server)'
07-22 18:09:18.112  1817  2326 D MIUIInput: [MotionEvent] publisher action=0x0, 102737540, channel 'fa606f1 com.miui.miwallpaper.wallpaperservice.MiuiKeyguardPictorialWallpaper (server)'
07-22 18:09:18.112  1817  2326 D MIUIInput: [MotionEvent] publisher action=0x0, 102737540, channel '1efad35 com.miui.miwallpaper.wallpaperservice.ImageWallpaper (server)'
07-22 18:09:18.121   948   948 E qdlights: set backlight level :path = /sys/class/backlight/panel0-backlight/brightness, value = 208
07-22 18:09:18.128   948   948 E qdlights: set backlight level :path = /sys/class/backlight/panel0-backlight/brightness, value = 232
07-22 18:09:18.134   948   948 E qdlights: set backlight level :path = /sys/class/backlight/panel0-backlight/brightness, value = 256
07-22 18:09:18.137   974  2754 I vendor.qti.hardware.servicetracker@1.2-service: unbindService is called for service : com.google.android.gms/.gcm.http.GoogleHttpService and for client com.google.android.gms
07-22 18:09:18.137   974  2754 I vendor.qti.hardware.servicetracker@1.2-service: size of service connections for service: com.google.android.gms/.gcm.http.GoogleHttpServiceafter removal is 0
07-22 18:09:18.137   974  2754 I vendor.qti.hardware.servicetracker@1.2-service: size of client connections for client: com.google.android.gmsafter removal is 9
07-22 18:09:18.139   974  2754 I vendor.qti.hardware.servicetracker@1.2-service: destroyService is called for service : com.google.android.gms/.gcm.http.GoogleHttpService
07-22 18:09:18.142   948   948 E qdlights: set backlight level :path = /sys/class/backlight/panel0-backlight/brightness, value = 280
07-22 18:09:18.151   948   948 E qdlights: set backlight level :path = /sys/class/backlight/panel0-backlight/brightness, value = 304
07-22 18:09:18.160   948   948 E qdlights: set backlight level :path = /sys/class/backlight/panel0-backlight/brightness, value = 328
07-22 18:09:18.168   974  2754 I vendor.qti.hardware.servicetracker@1.2-service: unbindService is called for service : com.google.android.gms/.auth.GetToken and for client com.google.android.gms
07-22 18:09:18.168   974  2754 I vendor.qti.hardware.servicetracker@1.2-service: size of service connections for service: com.google.android.gms/.auth.GetTokenafter removal is 0
07-22 18:09:18.168   974  2754 I vendor.qti.hardware.servicetracker@1.2-service: size of client connections for client: com.google.android.gmsafter removal is 8
07-22 18:09:18.169   974  2754 I vendor.qti.hardware.servicetracker@1.2-service: destroyService is called for service : com.google.android.gms/.auth.GetToken
07-22 18:09:18.170   948   948 E qdlights: set backlight level :path = /sys/class/backlight/panel0-backlight/brightness, value = 352
07-22 18:09:18.174   969   969 I ANDR-PERF-LM: LMPerfGlue: perfmodule_submit_request() 132: perfmodule_submit_request()
07-22 18:09:18.174   969   969 I ANDR-PERF-LM: Core: getInstance() 84: LM getInstance
07-22 18:09:18.174   969   969 D ANDR-PERF-LM: Feature: lookup() 101: Feature Name = AppClassifier, total featuers = 3, featureFound = 1
07-22 18:09:18.174   969   969 D ANDR-PERF-LM: Feature: getData() 112: data.data = 1
07-22 18:09:18.174   969   969 I ANDR-PERF-LM: FeedbackAPI: getFeedback() 60: app:com.mi.android.globallauncher feature:AppClassifier feedback = 1
07-22 18:09:18.176   969   969 I ANDR-PERF-LM: LMPerfGlue: perfmodule_submit_request() 132: perfmodule_submit_request()
07-22 18:09:18.176   969   969 I ANDR-PERF-LM: Core: getInstance() 84: LM getInstance
07-22 18:09:18.176   969   969 I ANDR-PERF-LM: WQ: push() 59: LMTriggerQ push() size=0
07-22 18:09:18.176   969   969 I ANDR-PERF-LM: WQ: push() 61: LMTriggerQ push() done size=1
07-22 18:09:18.176   969  1000 I ANDR-PERF-LM: WQ: pop() 42: LMTriggerQ pop() done size=0
07-22 18:09:18.176   969  1000 I ANDR-PERF-LM: Core: lmMain() 373: Waiting on trigger Queue
07-22 18:09:18.176   969  1000 I ANDR-PERF-LM: WQ: pop() 31: LMTriggerQ pop() size=0
07-22 18:09:18.176   969   969 I ANDR-PERF-LM: LMPerfGlue: perfmodule_submit_request() 132: perfmodule_submit_request()
07-22 18:09:18.176   969   969 I ANDR-PERF-LM: Core: getInstance() 84: LM getInstance
07-22 18:09:18.176   969   969 D ANDR-PERF-LM: Feature: lookup() 101: Feature Name = AppClassifier, total featuers = 3, featureFound = 1
07-22 18:09:18.176   969   969 D ANDR-PERF-LM: Feature: getData() 112: data.data = 1
07-22 18:09:18.176   969   969 I ANDR-PERF-LM: FeedbackAPI: getFeedback() 60: app:com.mi.android.globallauncher feature:AppClassifier feedback = 1
07-22 18:09:18.178   948   948 E qdlights: set backlight level :path = /sys/class/backlight/panel0-backlight/brightness, value = 377
07-22 18:09:18.184  2947  3377 I RenderThread: RenderThread resumed
07-22 18:09:18.184  2947  3377 I RenderThread: All controllers paused.
07-22 18:09:18.184  2947  3377 I RenderThread: RenderThread paused, waiting for signal
07-22 18:09:18.185   948   948 E qdlights: set backlight level :path = /sys/class/backlight/panel0-backlight/brightness, value = 401
07-22 18:09:18.193   948   948 E qdlights: set backlight level :path = /sys/class/backlight/panel0-backlight/brightness, value = 425
07-22 18:09:18.197   974  2754 I vendor.qti.hardware.servicetracker@1.2-service: unbindService is called for service : com.google.android.gms/.auth.be.appcert.AppCertService and for client com.google.android.gms
07-22 18:09:18.197   974  2754 I vendor.qti.hardware.servicetracker@1.2-service: size of service connections for service: com.google.android.gms/.auth.be.appcert.AppCertServiceafter removal is 0
07-22 18:09:18.197   974  2754 I vendor.qti.hardware.servicetracker@1.2-service: size of client connections for client: com.google.android.gmsafter removal is 7
07-22 18:09:18.198   974  2754 I vendor.qti.hardware.servicetracker@1.2-service: destroyService is called for service : com.google.android.gms/.auth.be.appcert.AppCertService
07-22 18:09:18.202   948   948 E qdlights: set backlight level :path = /sys/class/backlight/panel0-backlight/brightness, value = 449
07-22 18:09:18.210   948   948 E qdlights: set backlight level :path = /sys/class/backlight/panel0-backlight/brightness, value = 473
07-22 18:09:18.218   948   948 E qdlights: set backlight level :path = /sys/class/backlight/panel0-backlight/brightness, value = 497
07-22 18:09:18.229   948   948 E qdlights: set backlight level :path = /sys/class/backlight/panel0-backlight/brightness, value = 521
07-22 18:09:18.235   948   948 E qdlights: set backlight level :path = /sys/class/backlight/panel0-backlight/brightness, value = 545
07-22 18:09:18.244   948   948 E qdlights: set backlight level :path = /sys/class/backlight/panel0-backlight/brightness, value = 569
07-22 18:09:18.245  2947  3169 W RenderInspector: QueueBuffer time out on com.mi.android.globallauncher/com.miui.home.launcher.Launcher, count=1, avg=9 ms, max=9 ms.
07-22 18:09:18.251   948   948 E qdlights: set backlight level :path = /sys/class/backlight/panel0-backlight/brightness, value = 593
07-22 18:09:18.261   948   948 E qdlights: set backlight level :path = /sys/class/backlight/panel0-backlight/brightness, value = 617
07-22 18:09:18.268   948   948 E qdlights: set backlight level :path = /sys/class/backlight/panel0-backlight/brightness, value = 641
07-22 18:09:18.277   948   948 E qdlights: set backlight level :path = /sys/class/backlight/panel0-backlight/brightness, value = 665
07-22 18:09:18.285   948   948 E qdlights: set backlight level :path = /sys/class/backlight/panel0-backlight/brightness, value = 689
07-22 18:09:18.294   948   948 E qdlights: set backlight level :path = /sys/class/backlight/panel0-backlight/brightness, value = 713
07-22 18:09:18.301   948   948 E qdlights: set backlight level :path = /sys/class/backlight/panel0-backlight/brightness, value = 737
07-22 18:09:18.310   948   948 E qdlights: set backlight level :path = /sys/class/backlight/panel0-backlight/brightness, value = 762
07-22 18:09:18.318   948   948 E qdlights: set backlight level :path = /sys/class/backlight/panel0-backlight/brightness, value = 786
07-22 18:09:18.325   948   948 E qdlights: set backlight level :path = /sys/class/backlight/panel0-backlight/brightness, value = 810
07-22 18:09:18.333   948   948 E qdlights: set backlight level :path = /sys/class/backlight/panel0-backlight/brightness, value = 834
07-22 18:09:18.373  1817  2326 D MIUIInput: [MotionEvent] publisher action=0x1, 102737802, channel '68ec8f7 com.mi.android.globallauncher/com.miui.home.launcher.Launcher (server)'
07-22 18:09:18.373  1817  2326 D MIUIInput: [MotionEvent] publisher action=0x1, 102737802, channel 'fa606f1 com.miui.miwallpaper.wallpaperservice.MiuiKeyguardPictorialWallpaper (server)'
07-22 18:09:18.373  1817  2326 D MIUIInput: [MotionEvent] publisher action=0x1, 102737802, channel '1efad35 com.miui.miwallpaper.wallpaperservice.ImageWallpaper (server)'
07-22 18:09:18.374   969   969 I ANDR-PERF-LM: LMPerfGlue: perfmodule_submit_request() 132: perfmodule_submit_request()
07-22 18:09:18.374   969   969 I ANDR-PERF-LM: Core: getInstance() 84: LM getInstance
07-22 18:09:18.374   969   969 D ANDR-PERF-LM: Feature: lookup() 101: Feature Name = AppClassifier, total featuers = 3, featureFound = 1
07-22 18:09:18.374   969   969 D ANDR-PERF-LM: Feature: getData() 112: data.data = 1
07-22 18:09:18.374   969   969 I ANDR-PERF-LM: FeedbackAPI: getFeedback() 60: app:com.mi.android.globallauncher feature:AppClassifier feedback = 1
07-22 18:09:18.375   969   969 I ANDR-PERF-LM: LMPerfGlue: perfmodule_submit_request() 132: perfmodule_submit_request()
07-22 18:09:18.375   969   969 I ANDR-PERF-LM: Core: getInstance() 84: LM getInstance
07-22 18:09:18.375   969   969 I ANDR-PERF-LM: WQ: push() 59: LMTriggerQ push() size=0
07-22 18:09:18.375   969   969 I ANDR-PERF-LM: WQ: push() 61: LMTriggerQ push() done size=1
07-22 18:09:18.375   969  1000 I ANDR-PERF-LM: WQ: pop() 42: LMTriggerQ pop() done size=0
07-22 18:09:18.375   969  1000 I ANDR-PERF-LM: Core: lmMain() 373: Waiting on trigger Queue
07-22 18:09:18.375   969  1000 I ANDR-PERF-LM: WQ: pop() 31: LMTriggerQ pop() size=0
07-22 18:09:18.375   969   969 I ANDR-PERF-LM: LMPerfGlue: perfmodule_submit_request() 132: perfmodule_submit_request()
07-22 18:09:18.375   969   969 I ANDR-PERF-LM: Core: getInstance() 84: LM getInstance
07-22 18:09:18.375   969   969 D ANDR-PERF-LM: Feature: lookup() 101: Feature Name = AppClassifier, total featuers = 3, featureFound = 1
07-22 18:09:18.376   969   969 D ANDR-PERF-LM: Feature: getData() 112: data.data = 1
07-22 18:09:18.376   969   969 I ANDR-PERF-LM: FeedbackAPI: getFeedback() 60: app:com.mi.android.globallauncher feature:AppClassifier feedback = 1
07-22 18:09:18.376   969   969 I ANDR-PERF-LM: LMPerfGlue: perfmodule_submit_request() 132: perfmodule_submit_request()
07-22 18:09:18.376   969   969 I ANDR-PERF-LM: Core: getInstance() 84: LM getInstance
07-22 18:09:18.376   969   969 I ANDR-PERF-LM: WQ: push() 59: LMTriggerQ push() size=0
07-22 18:09:18.376   969   969 I ANDR-PERF-LM: WQ: push() 61: LMTriggerQ push() done size=1
07-22 18:09:18.376   969  1000 I ANDR-PERF-LM: WQ: pop() 42: LMTriggerQ pop() done size=0
07-22 18:09:18.376   969  1000 I ANDR-PERF-LM: Core: lmMain() 373: Waiting on trigger Queue
07-22 18:09:18.376   969  1000 I ANDR-PERF-LM: WQ: pop() 31: LMTriggerQ pop() size=0
07-22 18:09:18.376   969   969 I ANDR-PERF-LM: LMPerfGlue: perfmodule_submit_request() 132: perfmodule_submit_request()
07-22 18:09:18.376   969   969 I ANDR-PERF-LM: Core: getInstance() 84: LM getInstance
07-22 18:09:18.376   969   969 D ANDR-PERF-LM: Feature: lookup() 101: Feature Name = AppClassifier, total featuers = 3, featureFound = 1
07-22 18:09:18.379   969   969 D ANDR-PERF-LM: Feature: getData() 112: data.data = 1
07-22 18:09:18.379   969   969 I ANDR-PERF-LM: FeedbackAPI: getFeedback() 60: app:com.mi.android.globallauncher feature:AppClassifier feedback = 1
07-22 18:09:23.259   974  2754 I vendor.qti.hardware.servicetracker@1.2-service: unbindService is called for service : com.google.android.gms/.chimera.PersistentBoundBrokerService and for client com.google.android.gms.persistent
07-22 18:09:23.264   974  2754 I vendor.qti.hardware.servicetracker@1.2-service: unbindService is called for service : com.google.android.gms/.chimera.PersistentDirectBootAwareApiService and for client com.google.android.gms.persistent
07-22 18:09:23.376  1817  2518 D SchedBoost: thread tid=2947, priority is set to -10
07-22 18:09:23.377  1817  2518 D SchedBoost: thread tid=3169, priority is set to -10
07-22 18:09:25.675   974  2754 I vendor.qti.hardware.servicetracker@1.2-service: bindService is called for service : com.google.android.gms/.chimera.PersistentDirectBootAwareApiService and for client com.google.android.googlequicksearchbox:search
07-22 18:09:25.675   974  2754 I vendor.qti.hardware.servicetracker@1.2-service: total connections for service : com.google.android.gms/.chimera.PersistentDirectBootAwareApiServiceare :11
07-22 18:09:25.675   974  2754 I vendor.qti.hardware.servicetracker@1.2-service: total connections for client : com.google.android.googlequicksearchbox:searchare :5
07-22 18:09:26.180  2789  2789 D QtiCarrierConfigHelper: WARNING, no carrier configs on phone Id: 0
07-22 18:09:26.181  2659  2659 D KeyguardUpdateMonitor: received broadcast android.intent.action.BATTERY_CHANGED
07-22 18:09:26.181  2659  2659 D BatteryController: onReceive: Intent = Intent { act=android.intent.action.BATTERY_CHANGED flg=0x60000010 (has extras) } action = android.intent.action.BATTERY_CHANGED
07-22 18:09:26.183  4996  4996 I BatteryInfoReceiver: ACTION_BATTERY_CHANGED
07-22 18:09:26.188  5646  5787 D PowerCheckerService: onBatteryChanged, mBatteryLevel = 68, status = 2, level = 68, plug = 1, scale = 100
07-22 18:09:26.193  2852  2852 D DeviceStatisticsService: chargerType=1 batteryLevel=68 totalBatteryCapacity=4743200
07-22 18:09:26.193  2852  2852 D DeviceInfoHidlClient: isPowerInfoNeverSent()=true
07-22 18:09:26.193  2852  2852 D DeviceInfoHidlClient: getPowerInfoSupportStatus()=-1
07-22 18:09:27.350  1817  2395 D MiuiNetworkPolicy: updateLimit mLimitEnabled=true,enabled=false,mNetworkPriorityMode=0
07-22 18:09:27.840   974  2754 I vendor.qti.hardware.servicetracker@1.2-service: unbindService is called for service : com.google.android.gms/.chimera.GmsBoundBrokerService and for client com.google.android.gms
07-22 18:09:28.093   974  2754 I vendor.qti.hardware.servicetracker@1.2-service: unbindService is called for service : com.google.android.gms/.lockbox.service.LockboxBrokerService and for client com.google.android.gms
07-22 18:09:28.093   974  2754 I vendor.qti.hardware.servicetracker@1.2-service: size of service connections for service: com.google.android.gms/.lockbox.service.LockboxBrokerServiceafter removal is 0
07-22 18:09:28.093   974  2754 I vendor.qti.hardware.servicetracker@1.2-service: size of client connections for client: com.google.android.gmsafter removal is 6
07-22 18:09:28.094   974  2754 I vendor.qti.hardware.servicetracker@1.2-service: destroyService is called for service : com.google.android.gms/.lockbox.service.LockboxBrokerService
07-22 18:09:28.165   974  2754 I vendor.qti.hardware.servicetracker@1.2-service: unbindService is called for service : com.google.android.gms/.chimera.PersistentApiService and for client com.google.android.gms.persistent
07-22 18:09:28.451  5091  5143 E TestRunner: failed: clicking_grid_list_button_displays_grid_list(com.example.dogglers.ButtonTests)
07-22 18:09:28.451  5091  5143 E TestRunner: ----- begin exception -----
07-22 18:09:28.456  5091  5143 E TestRunner: java.lang.AssertionError: Activity never becomes requested state "[DESTROYED, CREATED, RESUMED, STARTED]" (last lifecycle transition = "PRE_ON_CREATE")
07-22 18:09:28.456  5091  5143 E TestRunner: 	at androidx.test.core.app.ActivityScenario.waitForActivityToBecomeAnyOf(ActivityScenario.java:338)
07-22 18:09:28.456  5091  5143 E TestRunner: 	at androidx.test.core.app.ActivityScenario.launchInternal(ActivityScenario.java:272)
07-22 18:09:28.456  5091  5143 E TestRunner: 	at androidx.test.core.app.ActivityScenario.launch(ActivityScenario.java:195)
07-22 18:09:28.456  5091  5143 E TestRunner: 	at androidx.test.ext.junit.rules.ActivityScenarioRule.lambda$new$0$ActivityScenarioRule(ActivityScenarioRule.java:70)
07-22 18:09:28.456  5091  5143 E TestRunner: 	at androidx.test.ext.junit.rules.ActivityScenarioRule$$Lambda$0.get(ActivityScenarioRule.java:70)
07-22 18:09:28.456  5091  5143 E TestRunner: 	at androidx.test.ext.junit.rules.ActivityScenarioRule.before(ActivityScenarioRule.java:103)
07-22 18:09:28.456  5091  5143 E TestRunner: 	at org.junit.rules.ExternalResource$1.evaluate(ExternalResource.java:46)
07-22 18:09:28.456  5091  5143 E TestRunner: 	at org.junit.rules.RunRules.evaluate(RunRules.java:20)
07-22 18:09:28.456  5091  5143 E TestRunner: 	at org.junit.runners.ParentRunner.runLeaf(ParentRunner.java:325)
07-22 18:09:28.456  5091  5143 E TestRunner: 	at org.junit.runners.BlockJUnit4ClassRunner.runChild(BlockJUnit4ClassRunner.java:78)
07-22 18:09:28.456  5091  5143 E TestRunner: 	at org.junit.runners.BlockJUnit4ClassRunner.runChild(BlockJUnit4ClassRunner.java:57)
07-22 18:09:28.456  5091  5143 E TestRunner: 	at org.junit.runners.ParentRunner$3.run(ParentRunner.java:290)
07-22 18:09:28.456  5091  5143 E TestRunner: 	at org.junit.runners.ParentRunner$1.schedule(ParentRunner.java:71)
07-22 18:09:28.456  5091  5143 E TestRunner: 	at org.junit.runners.ParentRunner.runChildren(ParentRunner.java:288)
07-22 18:09:28.456  5091  5143 E TestRunner: 	at org.junit.runners.ParentRunner.access$000(ParentRunner.java:58)
07-22 18:09:28.456  5091  5143 E TestRunner: 	at org.junit.runners.ParentRunner$2.evaluate(ParentRunner.java:268)
07-22 18:09:28.456  5091  5143 E TestRunner: 	at org.junit.runners.ParentRunner.run(ParentRunner.java:363)
07-22 18:09:28.456  5091  5143 E TestRunner: 	at androidx.test.ext.junit.runners.AndroidJUnit4.run(AndroidJUnit4.java:162)
07-22 18:09:28.456  5091  5143 E TestRunner: 	at org.junit.runners.Suite.runChild(Suite.java:128)
07-22 18:09:28.456  5091  5143 E TestRunner: 	at org.junit.runners.Suite.runChild(Suite.java:27)
07-22 18:09:28.456  5091  5143 E TestRunner: 	at org.junit.runners.ParentRunner$3.run(ParentRunner.java:290)
07-22 18:09:28.456  5091  5143 E TestRunner: 	at org.junit.runners.ParentRunner$1.schedule(ParentRunner.java:71)
07-22 18:09:28.456  5091  5143 E TestRunner: 	at org.junit.runners.ParentRunner.runChildren(ParentRunner.java:288)
07-22 18:09:28.456  5091  5143 E TestRunner: 	at org.junit.runners.ParentRunner.access$000(ParentRunner.java:58)
07-22 18:09:28.456  5091  5143 E TestRunner: 	at org.junit.runners.ParentRunner$2.evaluate(ParentRunner.java:268)
07-22 18:09:28.456  5091  5143 E TestRunner: 	at org.junit.runners.ParentRunner.run(ParentRunner.java:363)
07-22 18:09:28.456  5091  5143 E TestRunner: 	at org.junit.runner.JUnitCore.run(JUnitCore.java:137)
07-22 18:09:28.456  5091  5143 E TestRunner: 	at org.junit.runner.JUnitCore.run(JUnitCore.java:115)
07-22 18:09:28.456  5091  5143 E TestRunner: 	at androidx.test.internal.runner.TestExecutor.execute(TestExecutor.java:56)
07-22 18:09:28.456  5091  5143 E TestRunner: 	at androidx.test.runner.AndroidJUnitRunner.onStart(AndroidJUnitRunner.java:444)
07-22 18:09:28.456  5091  5143 E TestRunner: 	at android.app.Instrumentation$InstrumentationThread.run(Instrumentation.java:2213)
07-22 18:09:28.456  5091  5143 E TestRunner: ----- end exception -----
07-22 18:09:28.465  5091  5143 I TestRunner: finished: clicking_grid_list_button_displays_grid_list(com.example.dogglers.ButtonTests)
