07-22 18:08:34.743  1817  1964 D CompatibilityInfo: mCompatibilityFlags - 0
07-22 18:08:34.744  1817  1964 D CompatibilityInfo: applicationDensity - 440
07-22 18:08:34.744  1817  1964 D CompatibilityInfo: applicationScale - 1.0
07-22 18:08:34.748  4767  4767 I SearchWidgetFlow: (REDACTED) GsaWidgetProvider:onReceive(%s) started
07-22 18:08:34.749  4767  5371 I SearchWidgetFlow: GsaWidgetSessionController:handleGenericClientEvent
07-22 18:08:34.750  4767  5371 I SearchWidgetFlow: (REDACTED) SearchWidgetWorker:handleIntent(%s) started
07-22 18:08:34.751  4767  4767 I SearchWidgetFlow: (REDACTED) SearchWidget:handleIntent(%s)
07-22 18:08:34.752  4767  5540 I SearchWidgetFlow: (REDACTED) SearchWidgetWorker:handleIntent(%s) done
07-22 18:08:34.752  4767  5540 I SearchWidgetFlow: (REDACTED) GsaWidgetProvider:onReceive(%s) done
07-22 18:08:34.802  4767  6062 V ClearcutMetricXmitter: Transmission is done.
07-22 18:08:34.845   938  5957 D vendor.qti.bluetooth@1.0-wake_lock: Release wakelock is released
07-22 18:08:35.166  2659  2659 V KeyguardStatusView: Enable transport text marquee
07-22 18:08:36.099  2659  2659 W KeyguardUpdateMonitor: Cancel not received, transitioning to STOPPED
07-22 18:08:36.769   935 11768 D audio_hw_primary: out_standby: enter: stream (0xf1ff9000) usecase(1: low-latency-playback)
07-22 18:08:36.898   935 11768 D audio_hw_primary: disable_audio_route: reset and update mixer path: low-latency-playback speaker
07-22 18:08:36.891   935   935 W HwBinder:935_6: type=1400 audit(0.0:490361): avc: denied { read } for name="u:object_r:default_prop:s0" dev="tmpfs" ino=9947 scontext=u:r:hal_audio_default:s0 tcontext=u:object_r:default_prop:s0 tclass=file permissive=0
07-22 18:08:36.901   935 11768 E soundtrigger: audio_extn_sound_trigger_update_stream_status: invalid input device 0x0, for event 2
07-22 18:08:36.901   935 11768 D soundtrigger: audio_extn_sound_trigger_update_stream_status: uc_info->id 1 of type 0 for Event 2, with Raise=0
07-22 18:08:36.901   935 11768 D msm8974_platform: platform_split_snd_device: snd_device(2) num devices(0) new_snd_devices(0)
07-22 18:08:36.901   935 11768 I msm8974_platform: platform_get_custom_mtmx_params: no matching param with id 0 ip_ch 2 op_ch 2 uc_id 1 snd_dev 2
07-22 18:08:36.901   935 11768 D hardware_info: hw_info_append_hw_type : device_name = speaker
07-22 18:08:36.901   935 11768 D audio_hw_primary: disable_snd_device: snd_device(2: speaker)
07-22 18:08:36.901   935 11768 D msm8974_platform: platform_set_parameters: Set speaker clean status: off
07-22 18:08:36.901   935 11768 D audio_hw_hfp: hfp_set_parameters: enter
07-22 18:08:36.902   935 11768 E libc    : Access denied finding property "tas.smartpa.debug.disable"
07-22 18:08:36.902   935 11768 I TI-SmartPA: tas_spk_prot_process: Feedback Disabled
07-22 18:08:36.920   935 11768 V TI-SmartPA: TAS25XX_SMARTPA_ENABLE:  0
07-22 18:08:36.920   935 11768 I TI-SmartPA: Disabling USECASE_AUDIO_TAS_SPK_PROT_TX
07-22 18:08:36.920   935 11768 D audio_hw_primary: disable_audio_route: reset and update mixer path: tas-iv-capture
07-22 18:08:36.920   935 11768 D soundtrigger: audio HAL using same device 245 as ST
07-22 18:08:36.920   935 11768 D soundtrigger: audio_extn_sound_trigger_update_stream_status: uc_info->id 78 of type 1 for Event 2, with Raise=0
07-22 18:08:36.920   935 11768 D msm8974_platform: platform_split_snd_device: snd_device(2) num devices(0) new_snd_devices(0)
07-22 18:08:36.936   935 11768 I soundtrigger: audio_extn_sound_trigger_update_device_status: device 0x2 of type 0 for Event 0, with Raise=0
07-22 18:08:36.936   935 11768 D audio_hw_primary: out_standby: exit
07-22 18:08:36.937   935  2001 V EffectMiSound: MiSound_command() start, cmdCode=23
07-22 18:08:36.937   935  2001 V EffectMiSound: MiSound_Command EFFECT_CMD_SET_AUDIO_STANDBY, current mode = 0
07-22 18:08:36.938  1817  2211 I system_server: oneway function results will be dropped but finished with status OK and parcel size 4
07-22 18:08:37.016  2659  2659 D KeyguardUpdateMonitor: received broadcast android.intent.action.BATTERY_CHANGED
07-22 18:08:37.017  2659  2659 D BatteryController: onReceive: Intent = Intent { act=android.intent.action.BATTERY_CHANGED flg=0x60000010 (has extras) } action = android.intent.action.BATTERY_CHANGED
07-22 18:08:37.020  2789  2789 D QtiCarrierConfigHelper: WARNING, no carrier configs on phone Id: 0
07-22 18:08:37.022  4996  4996 I BatteryInfoReceiver: ACTION_BATTERY_CHANGED
07-22 18:08:37.027  5646  5787 D PowerCheckerService: onBatteryChanged, mBatteryLevel = 68, status = 2, level = 68, plug = 1, scale = 100
07-22 18:08:37.028  2852  2852 D DeviceStatisticsService: chargerType=1 batteryLevel=68 totalBatteryCapacity=4743200
07-22 18:08:37.028  2852  2852 D DeviceInfoHidlClient: isPowerInfoNeverSent()=true
07-22 18:08:37.028  2852  2852 D DeviceInfoHidlClient: getPowerInfoSupportStatus()=-1
07-22 18:08:38.548  2947  3169 W RenderInspector: QueueBuffer time out on com.mi.android.globallauncher/com.miui.home.launcher.Launcher, count=1, avg=10 ms, max=10 ms.
07-22 18:08:39.381  3675  3862 I NearbyDiscovery: FastPairScanner: isScreenOn=true, scanWithScreenOff=false, isLocationEnabled=true, disableLocationRequirement=false, isDiscoveryScanningEnabled=true, during24GhzWifiWarmingUpPeriod=false [CONTEXT service_id=49 ]
07-22 18:08:39.385  3675  3862 D BluetoothAdapter: isLeEnabled(): BLE_ON
07-22 18:08:39.386  3675  3862 I NearbyDiscovery: FastPairScanner: eventType=INTERNAL_DOWNGRADE_SCAN, intReq=true, scanning=true, scanAllowed=true, bleEnabled=true, bleScanAvailable=true, lockScanRate=false [CONTEXT service_id=49 ]
07-22 18:08:39.386  3675  3862 I NearbyDiscovery: FastPairScanner: Stopping scan [CONTEXT service_id=49 ]
07-22 18:08:39.386  3675  3862 D BluetoothAdapter: isLeEnabled(): BLE_ON
07-22 18:08:39.387  5832  6731 D BtGatt.GattService: stopScan() - queue size =3
07-22 18:08:39.390  5832  5950 I BtGatt.ScanManager: msg.what = 1
07-22 18:08:39.391  5832  6731 D BtGatt.GattService: unregisterScanner() - scannerId=5
07-22 18:08:39.391  5832  6219 V bt_stack: [VERBOSE1:gatt_api.cc(999)] GATT_Deregister gatt_if=5
07-22 18:08:39.391   938   938 D vendor.qti.bluetooth@1.0-ibs_handler: SerialClockVote: vote for UART CLK ON
07-22 18:08:39.391  5832  6219 V bt_stack: [VERBOSE1:connection_manager.cc(161)] on_app_deregistered : app_id 0x05
07-22 18:08:39.392   938   938 D vendor.qti.bluetooth@1.0-wake_lock: Acquire wakelock is acquired
07-22 18:08:39.392   938   938 I vendor.qti.bluetooth@1.0-ibs_handler: DeviceWakeUp: Writing IBS_WAKE_IND
07-22 18:08:39.392   938  6215 I vendor.qti.bluetooth@1.0-ibs_handler: ProcessIbsCmd: Received IBS_WAKE_ACK: 0xFC
07-22 18:08:39.393   938  6215 I vendor.qti.bluetooth@1.0-ibs_handler: ProcessIbsCmd: Received IBS_WAKE_IND: 0xFD
07-22 18:08:39.393   938  6215 I vendor.qti.bluetooth@1.0-ibs_handler: ProcessIbsCmd: Writing IBS_WAKE_ACK
07-22 18:08:39.394  5832  5894 D BtGatt.GattService: onScanFilterParamsConfigured() - clientIf=5, status=0, action=1, availableSpace=11
07-22 18:08:39.394  5832  5894 D BtGatt.ScanManager: callback done for scannerId - 5 status - 0
07-22 18:08:39.394  5832  5950 D BtGatt.ScanManager: configureRegularScanParams() - queue=2
07-22 18:08:39.394  5832  5950 D BtGatt.ScanManager: configureRegularScanParams() - ScanSetting LE 1M Scan mode=2ScanSetting LE Coded Scan mode=2 mLastConfiguredScanSettingLE1M=2 mLastConfiguredScanSettingLECoded=2scanPhy=255
07-22 18:08:39.395  5832  5950 D BtGatt.ScanManager: configureRegularScanParams - scanInterval LE 1M = 4096configureRegularScanParams - scanWindow LE 1M= 4096configureRegularScanParams - scanInterval LE Coded= 4096configureRegularScanParams - scanWindow LE Coded= 4096
07-22 18:08:39.395  5832  5894 D BtGatt.GattService: onScanParamSetupCompleted : 0
07-22 18:08:39.397  3675  3862 I NearbyDiscovery: FastPairScanner: isScreenOn=true, scanWithScreenOff=false, isLocationEnabled=true, disableLocationRequirement=false, isDiscoveryScanningEnabled=true, during24GhzWifiWarmingUpPeriod=false [CONTEXT service_id=49 ]
07-22 18:08:39.401  3675  3862 D BluetoothAdapter: isLeEnabled(): BLE_ON
07-22 18:08:39.404  5832  6731 D BtGatt.GattService: registerScanner() - UUID=c7fe368d-fcfb-45b5-80ae-2b646e2f501a
07-22 18:08:39.405  5832  6219 V bt_stack: [VERBOSE1:bta_gattc_act.cc(200)] bta_gattc_register: state:2
07-22 18:08:39.405  5832  6219 I bt_stack: [INFO:gatt_api.cc(956)] GATT_Register 66bdd31b-9c57-2852-8793-708d394c9b8a
07-22 18:08:39.405  5832  6219 I bt_stack: [INFO:gatt_api.cc(976)] allocated gatt_if=5
07-22 18:08:39.405  5832  6219 V bt_stack: [VERBOSE1:gatt_api.cc(1086)] GATT_StartIf gatt_if=5
07-22 18:08:39.405  5832  6219 V bt_stack: [VERBOSE1:gatt_utils.cc(254)] gatt_find_the_connected_bda start_idx=0
07-22 18:08:39.405  5832  5894 D BtGatt.GattService: onScannerRegistered() - UUID=c7fe368d-fcfb-45b5-80ae-2b646e2f501a, scannerId=5, status=0
07-22 18:08:39.405  5832  6219 V bt_stack: [VERBOSE1:gatt_utils.cc(266)]  found=0 found_idx=10
07-22 18:08:39.406  3675  3693 D BluetoothLeScanner: onScannerRegistered() - status=0 scannerId=5 mScannerId=0
07-22 18:08:39.409  5832  6731 D BtGatt.GattService: start scan with filters. callingPackage: com.google.android.gms
07-22 18:08:39.412  5832  6731 E BtGatt.GattService:  [Landroid.content.pm.ServiceInfo;@6acbdc7
07-22 18:08:39.414  5832  5950 I BtGatt.ScanManager: msg.what = 0
07-22 18:08:39.415  5832  5950 D BtGatt.ScanManager: handling starting scan
07-22 18:08:39.415  5832  5950 D BtGatt.ScanManager: isAptXLowLatencyModeEnabled: false
07-22 18:08:39.419  5832  5894 D BtGatt.GattService: onScanFilterEnableDisabled() - clientIf=5, status=0, action=1
07-22 18:08:39.419  5832  5894 D BtGatt.ScanManager: callback done for scannerId - 5 status - 0
07-22 18:08:39.420  3675  3862 I NearbyDiscovery: FastPairScanner: Starting LOW_POWER_SCANNING scanning [CONTEXT service_id=49 ]
07-22 18:08:39.420  5832  5950 D BtGatt.ScanManager: Available Filter size: 8
07-22 18:08:39.421  5832  5894 D BtGatt.GattService: onScanFilterConfig() - clientIf=5, action = 0 status = 0, filterType=0, availableSpace=0
07-22 18:08:39.421  5832  5894 D BtGatt.ScanManager: callback done for scannerId - 5 status - 0
07-22 18:08:39.421  5832  5950 D BtGatt.ScanManager: configureFilterParamter 500 10000 1 0, deliveryMode=0
07-22 18:08:39.423  5832  5894 D BtGatt.GattService: onScanFilterParamsConfigured() - clientIf=5, status=0, action=0, availableSpace=10
07-22 18:08:39.423  5832  5894 D BtGatt.ScanManager: callback done for scannerId - 5 status - 0
07-22 18:08:39.423  5832  5950 D BtGatt.ScanManager: configureRegularScanParams() - queue=3
07-22 18:08:39.423  5832  5950 D BtGatt.ScanManager: configureRegularScanParams() - ScanSetting LE 1M Scan mode=2ScanSetting LE Coded Scan mode=2 mLastConfiguredScanSettingLE1M=2 mLastConfiguredScanSettingLECoded=2scanPhy=255
07-22 18:08:39.423  5832  5950 D BtGatt.ScanManager: configureRegularScanParams - scanInterval LE 1M = 4096configureRegularScanParams - scanWindow LE 1M= 4096configureRegularScanParams - scanInterval LE Coded= 4096configureRegularScanParams - scanWindow LE Coded= 4096
07-22 18:08:39.423  5832  5894 D BtGatt.GattService: onScanParamSetupCompleted : 0
07-22 18:08:39.477  3675 29667 I NearbySharing: FastInitiation warming period has ended [CONTEXT service_id=194 ]
07-22 18:08:39.498   938  6215 I vendor.qti.bluetooth@1.0-ibs_handler: ProcessIbsCmd: Received IBS_SLEEP_IND: 0xFE
07-22 18:08:39.654  3675  3814 I Nearby  : [MBleClient] Start ble scanning from NearbyDirect:BluetoothAdapterWrapper, context tag = nearby_messages [CONTEXT service_id=49 ]
07-22 18:08:39.655  3675  3814 D BluetoothAdapter: isLeEnabled(): BLE_ON
07-22 18:08:39.656  5832  6731 D BtGatt.GattService: stopScan() - queue size =3
07-22 18:08:39.658  5832  5950 I BtGatt.ScanManager: msg.what = 1
07-22 18:08:39.659  5832  6731 D BtGatt.GattService: unregisterScanner() - scannerId=4
07-22 18:08:39.659  5832  6219 V bt_stack: [VERBOSE1:gatt_api.cc(999)] GATT_Deregister gatt_if=4
07-22 18:08:39.660  5832  6219 V bt_stack: [VERBOSE1:connection_manager.cc(161)] on_app_deregistered : app_id 0x04
07-22 18:08:39.661   938  6215 I vendor.qti.bluetooth@1.0-ibs_handler: ProcessIbsCmd: Received IBS_WAKE_IND: 0xFD
07-22 18:08:39.661   938  6215 I vendor.qti.bluetooth@1.0-ibs_handler: ProcessIbsCmd: Writing IBS_WAKE_ACK
07-22 18:08:39.662  5832  5894 D BtGatt.GattService: onScanFilterParamsConfigured() - clientIf=4, status=0, action=1, availableSpace=11
07-22 18:08:39.663  5832  5894 D BtGatt.ScanManager: callback done for scannerId - 4 status - 0
07-22 18:08:39.665  5832  5894 D BtGatt.GattService: onScanFilterParamsConfigured() - clientIf=4, status=0, action=1, availableSpace=12
07-22 18:08:39.666  5832  5894 D BtGatt.ScanManager: callback done for scannerId - 4 status - 0
07-22 18:08:39.667  3675  3814 I Nearby  : [MBleClient] M hardware scan: 1 clients, scanMode= OPPORTUNISTIC, callback type= ALL_MATCHES [CONTEXT service_id=49 ]
07-22 18:08:39.668  5832  5894 D BtGatt.GattService: onScanFilterParamsConfigured() - clientIf=4, status=0, action=1, availableSpace=13
07-22 18:08:39.668  5832  5894 D BtGatt.ScanManager: callback done for scannerId - 4 status - 0
07-22 18:08:39.668  3675  3814 D BluetoothAdapter: isLeEnabled(): BLE_ON
07-22 18:08:39.671  5832  5894 D BtGatt.GattService: onScanFilterParamsConfigured() - clientIf=4, status=0, action=1, availableSpace=14
07-22 18:08:39.671  5832  5894 D BtGatt.ScanManager: callback done for scannerId - 4 status - 0
07-22 18:08:39.671  5832  6731 D BtGatt.GattService: registerScanner() - UUID=ccf1480e-56c6-4cf6-bdbc-c943f00f1a45
07-22 18:08:39.674  5832  6219 V bt_stack: [VERBOSE1:bta_gattc_act.cc(200)] bta_gattc_register: state:2
07-22 18:08:39.674  5832  6219 I bt_stack: [INFO:gatt_api.cc(956)] GATT_Register 1c6848b6-d747-524a-1d77-c9a2ae490a47
07-22 18:08:39.674  5832  6219 I bt_stack: [INFO:gatt_api.cc(976)] allocated gatt_if=4
07-22 18:08:39.674  5832  6219 V bt_stack: [VERBOSE1:gatt_api.cc(1086)] GATT_StartIf gatt_if=4
07-22 18:08:39.674  5832  6219 V bt_stack: [VERBOSE1:gatt_utils.cc(254)] gatt_find_the_connected_bda start_idx=0
07-22 18:08:39.674  5832  6219 V bt_stack: [VERBOSE1:gatt_utils.cc(266)]  found=0 found_idx=10
07-22 18:08:39.674  5832  5894 D BtGatt.GattService: onScannerRegistered() - UUID=ccf1480e-56c6-4cf6-bdbc-c943f00f1a45, scannerId=4, status=0
07-22 18:08:39.675  3675  3693 D BluetoothLeScanner: onScannerRegistered() - status=0 scannerId=4 mScannerId=0
07-22 18:08:39.676  5832  5894 D BtGatt.GattService: onScanFilterParamsConfigured() - clientIf=4, status=0, action=1, availableSpace=15
07-22 18:08:39.677  5832  5894 D BtGatt.ScanManager: callback done for scannerId - 4 status - 0
07-22 18:08:39.677  5832  5950 D BtGatt.ScanManager: configureRegularScanParams() - queue=2
07-22 18:08:39.677  5832  5950 D BtGatt.ScanManager: configureRegularScanParams() - ScanSetting LE 1M Scan mode=1ScanSetting LE Coded Scan mode=1 mLastConfiguredScanSettingLE1M=2 mLastConfiguredScanSettingLECoded=2scanPhy=255
07-22 18:08:39.677  5832  5950 D BtGatt.ScanManager: configureRegularScanParams - scanInterval LE 1M = 730configureRegularScanParams - scanWindow LE 1M= 183configureRegularScanParams - scanInterval LE Coded= 730configureRegularScanParams - scanWindow LE Coded= 183
07-22 18:08:39.678  5832  5894 D BtGatt.GattService: onScanParamSetupCompleted : 0
07-22 18:08:39.679  5832  6731 D BtGatt.GattService: start scan with filters. callingPackage: com.google.android.gms
07-22 18:08:39.682  5832  6731 E BtGatt.GattService:  [Landroid.content.pm.ServiceInfo;@6acbdc7
07-22 18:08:39.685  5832  5950 I BtGatt.ScanManager: msg.what = 0
07-22 18:08:39.685  5832  5950 D BtGatt.ScanManager: handling starting scan
07-22 18:08:39.685  5832  5950 D BtGatt.ScanManager: isAptXLowLatencyModeEnabled: false
07-22 18:08:39.685  5832  6219 E bt_btm  : BTM_BleObserve Observe Already Active
07-22 18:08:39.685  5832  6219 W bt_btif :  bta_dm_ble_observe BTM_BleObserve  failed. status 6
07-22 18:08:39.713   938  6215 I vendor.qti.bluetooth@1.0-ibs_handler: ProcessIbsCmd: Received IBS_SLEEP_IND: 0xFE
07-22 18:08:39.714   938  6215 I vendor.qti.bluetooth@1.0-ibs_handler: ProcessIbsCmd: Received IBS_WAKE_IND: 0xFD
07-22 18:08:39.714   938  6215 I vendor.qti.bluetooth@1.0-ibs_handler: ProcessIbsCmd: Writing IBS_WAKE_ACK
07-22 18:08:39.760   938  6215 I vendor.qti.bluetooth@1.0-ibs_handler: ProcessIbsCmd: Received IBS_SLEEP_IND: 0xFE
07-22 18:08:40.525   974  2754 I vendor.qti.hardware.servicetracker@1.2-service: destroyService is called for service : com.google.android.gms/.chimera.PersistentIntentOperationService
07-22 18:08:40.530   974  2754 I vendor.qti.hardware.servicetracker@1.2-service: destroyService is called for service : com.google.android.gms/.chimera.GmsIntentOperationService
07-22 18:08:40.719   938  6222 I vendor.qti.bluetooth@1.0-ibs_handler: DeviceSleep: TX Awake, Sending SLEEP_IND
07-22 18:08:40.719   938  6222 D vendor.qti.bluetooth@1.0-ibs_handler: SerialClockVote: vote for UART CLK OFF
07-22 18:08:40.870   938  5957 D vendor.qti.bluetooth@1.0-wake_lock: Release wakelock is released
07-22 18:08:42.905  2789  2789 D QtiCarrierConfigHelper: WARNING, no carrier configs on phone Id: 0
07-22 18:08:42.905  2659  2659 D KeyguardUpdateMonitor: received broadcast android.intent.action.BATTERY_CHANGED
07-22 18:08:42.906  2659  2659 D BatteryController: onReceive: Intent = Intent { act=android.intent.action.BATTERY_CHANGED flg=0x60000010 (has extras) } action = android.intent.action.BATTERY_CHANGED
07-22 18:08:42.909  5646  5787 D PowerCheckerService: onBatteryChanged, mBatteryLevel = 68, status = 2, level = 68, plug = 1, scale = 100
07-22 18:08:42.912  4996  4996 I BatteryInfoReceiver: ACTION_BATTERY_CHANGED
07-22 18:08:42.913  2852  2852 D DeviceStatisticsService: chargerType=1 batteryLevel=68 totalBatteryCapacity=4743200
07-22 18:08:42.913  2852  2852 D DeviceInfoHidlClient: isPowerInfoNeverSent()=true
07-22 18:08:42.913  2852  2852 D DeviceInfoHidlClient: getPowerInfoSupportStatus()=-1
07-22 18:08:43.239   974  2754 I vendor.qti.hardware.servicetracker@1.2-service: unbindService is called for service : com.google.android.gms/.measurement.service.MeasurementBrokerService and for client com.mi.android.globallauncher
07-22 18:08:43.239   974  2754 I vendor.qti.hardware.servicetracker@1.2-service: size of service connections for service: com.google.android.gms/.measurement.service.MeasurementBrokerServiceafter removal is 0
07-22 18:08:43.240   974  2754 I vendor.qti.hardware.servicetracker@1.2-service: size of client connections for client: com.mi.android.globallauncherafter removal is 1
07-22 18:08:43.247   974  2754 I vendor.qti.hardware.servicetracker@1.2-service: destroyService is called for service : com.google.android.gms/.measurement.service.MeasurementBrokerService
07-22 18:08:43.247  5134  5134 D BoundBrokerSvc: onUnbind: Intent { act=com.google.android.gms.measurement.START pkg=com.google.android.gms }
07-22 18:08:43.252  1817  2395 I MiuiNetworkPolicy: updateUidState uid = 99167, uidState = 10
07-22 18:08:43.253  1817  2395 I MiuiNetworkPolicy: updateUidState uid = 10195, uidState = 5
07-22 18:08:43.254  5832  5950 I BtGatt.ScanManager: msg.what = 6
07-22 18:08:43.254  1817  2395 I MiuiNetworkPolicy: updateUidState uid = 99167, uidState = 13
07-22 18:08:43.388  5091  5143 E TestRunner: failed: clicking_horizontal_list_button_displays_horizontal_list(com.example.dogglers.ButtonTests)
07-22 18:08:43.388  5091  5143 E TestRunner: ----- begin exception -----
07-22 18:08:43.395  5091  5143 E TestRunner: java.lang.AssertionError: Activity never becomes requested state "[DESTROYED, CREATED, RESUMED, STARTED]" (last lifecycle transition = "PRE_ON_CREATE")
07-22 18:08:43.395  5091  5143 E TestRunner: 	at androidx.test.core.app.ActivityScenario.waitForActivityToBecomeAnyOf(ActivityScenario.java:338)
07-22 18:08:43.395  5091  5143 E TestRunner: 	at androidx.test.core.app.ActivityScenario.launchInternal(ActivityScenario.java:272)
07-22 18:08:43.395  5091  5143 E TestRunner: 	at androidx.test.core.app.ActivityScenario.launch(ActivityScenario.java:195)
07-22 18:08:43.395  5091  5143 E TestRunner: 	at androidx.test.ext.junit.rules.ActivityScenarioRule.lambda$new$0$ActivityScenarioRule(ActivityScenarioRule.java:70)
07-22 18:08:43.395  5091  5143 E TestRunner: 	at androidx.test.ext.junit.rules.ActivityScenarioRule$$Lambda$0.get(ActivityScenarioRule.java:70)
07-22 18:08:43.395  5091  5143 E TestRunner: 	at androidx.test.ext.junit.rules.ActivityScenarioRule.before(ActivityScenarioRule.java:103)
07-22 18:08:43.395  5091  5143 E TestRunner: 	at org.junit.rules.ExternalResource$1.evaluate(ExternalResource.java:46)
07-22 18:08:43.395  5091  5143 E TestRunner: 	at org.junit.rules.RunRules.evaluate(RunRules.java:20)
07-22 18:08:43.395  5091  5143 E TestRunner: 	at org.junit.runners.ParentRunner.runLeaf(ParentRunner.java:325)
07-22 18:08:43.395  5091  5143 E TestRunner: 	at org.junit.runners.BlockJUnit4ClassRunner.runChild(BlockJUnit4ClassRunner.java:78)
07-22 18:08:43.395  5091  5143 E TestRunner: 	at org.junit.runners.BlockJUnit4ClassRunner.runChild(BlockJUnit4ClassRunner.java:57)
07-22 18:08:43.395  5091  5143 E TestRunner: 	at org.junit.runners.ParentRunner$3.run(ParentRunner.java:290)
07-22 18:08:43.395  5091  5143 E TestRunner: 	at org.junit.runners.ParentRunner$1.schedule(ParentRunner.java:71)
07-22 18:08:43.395  5091  5143 E TestRunner: 	at org.junit.runners.ParentRunner.runChildren(ParentRunner.java:288)
07-22 18:08:43.395  5091  5143 E TestRunner: 	at org.junit.runners.ParentRunner.access$000(ParentRunner.java:58)
07-22 18:08:43.395  5091  5143 E TestRunner: 	at org.junit.runners.ParentRunner$2.evaluate(ParentRunner.java:268)
07-22 18:08:43.395  5091  5143 E TestRunner: 	at org.junit.runners.ParentRunner.run(ParentRunner.java:363)
07-22 18:08:43.395  5091  5143 E TestRunner: 	at androidx.test.ext.junit.runners.AndroidJUnit4.run(AndroidJUnit4.java:162)
07-22 18:08:43.395  5091  5143 E TestRunner: 	at org.junit.runners.Suite.runChild(Suite.java:128)
07-22 18:08:43.395  5091  5143 E TestRunner: 	at org.junit.runners.Suite.runChild(Suite.java:27)
07-22 18:08:43.395  5091  5143 E TestRunner: 	at org.junit.runners.ParentRunner$3.run(ParentRunner.java:290)
07-22 18:08:43.395  5091  5143 E TestRunner: 	at org.junit.runners.ParentRunner$1.schedule(ParentRunner.java:71)
07-22 18:08:43.395  5091  5143 E TestRunner: 	at org.junit.runners.ParentRunner.runChildren(ParentRunner.java:288)
07-22 18:08:43.395  5091  5143 E TestRunner: 	at org.junit.runners.ParentRunner.access$000(ParentRunner.java:58)
07-22 18:08:43.395  5091  5143 E TestRunner: 	at org.junit.runners.ParentRunner$2.evaluate(ParentRunner.java:268)
07-22 18:08:43.395  5091  5143 E TestRunner: 	at org.junit.runners.ParentRunner.run(ParentRunner.java:363)
07-22 18:08:43.395  5091  5143 E TestRunner: 	at org.junit.runner.JUnitCore.run(JUnitCore.java:137)
07-22 18:08:43.395  5091  5143 E TestRunner: 	at org.junit.runner.JUnitCore.run(JUnitCore.java:115)
07-22 18:08:43.395  5091  5143 E TestRunner: 	at androidx.test.internal.runner.TestExecutor.execute(TestExecutor.java:56)
07-22 18:08:43.395  5091  5143 E TestRunner: 	at androidx.test.runner.AndroidJUnitRunner.onStart(AndroidJUnitRunner.java:444)
07-22 18:08:43.395  5091  5143 E TestRunner: 	at android.app.Instrumentation$InstrumentationThread.run(Instrumentation.java:2213)
07-22 18:08:43.395  5091  5143 E TestRunner: ----- end exception -----
07-22 18:08:43.405  5091  5143 I TestRunner: finished: clicking_horizontal_list_button_displays_horizontal_list(com.example.dogglers.ButtonTests)
