07-22 18:07:13.280  5091  5143 I TestRunner: started: grid_list_button_is_displayed(com.example.dogglers.ButtonTests)
07-22 18:07:13.281  4256  4377 I Finsky  : [22603] yqj.a(29): Skipping Gramophone warning due to shell install
07-22 18:07:13.288  5091  5143 W Settings: Setting always_finish_activities has moved from android.provider.Settings.System to android.provider.Settings.Global, returning read-only value.
07-22 18:07:13.290   974  2754 I vendor.qti.hardware.servicetracker@1.2-service: destroyService is called for service : com.android.vending/com.google.android.finsky.verifier.impl.PackageVerificationService
07-22 18:07:13.295   969   969 I ANDR-PERF-LM: LMPerfGlue: perfmodule_submit_request() 132: perfmodule_submit_request()
07-22 18:07:13.295   969   969 I ANDR-PERF-LM: Core: getInstance() 84: LM getInstance
07-22 18:07:13.295   969   969 I ANDR-PERF-LM: WQ: push() 59: LMTriggerQ push() size=0
07-22 18:07:13.295   969   969 I ANDR-PERF-LM: WQ: push() 61: LMTriggerQ push() done size=1
07-22 18:07:13.295   969  1000 I ANDR-PERF-LM: WQ: pop() 42: LMTriggerQ pop() done size=0
07-22 18:07:13.295   969  1000 I ANDR-PERF-LM: Core: lmMain() 373: Waiting on trigger Queue
07-22 18:07:13.295   969  1000 I ANDR-PERF-LM: WQ: pop() 31: LMTriggerQ pop() size=0
07-22 18:07:13.296   969   969 I ANDR-PERF-LM: LMPerfGlue: perfmodule_submit_request() 132: perfmodule_submit_request()
07-22 18:07:13.296   969   969 I ANDR-PERF-LM: Core: getInstance() 84: LM getInstance
07-22 18:07:13.296   969   969 I ANDR-PERF-LM: WQ: push() 59: LMTriggerQ push() size=0
07-22 18:07:13.296   969   969 I ANDR-PERF-LM: WQ: push() 61: LMTriggerQ push() done size=1
07-22 18:07:13.296   969  1000 I ANDR-PERF-LM: WQ: pop() 42: LMTriggerQ pop() done size=0
07-22 18:07:13.296   969  1000 I ANDR-PERF-LM: Core: lmMain() 373: Waiting on trigger Queue
07-22 18:07:13.296   969  1000 I ANDR-PERF-LM: WQ: pop() 31: LMTriggerQ pop() size=0
07-22 18:07:13.297  1817  2395 I MiuiNetworkPolicy: updateUidState uid = 10184, uidState = 19
07-22 18:07:13.326  1817  1883 D EventSequenceValidator: Transition from ACTIVITY_CANCELLED to INTENT_STARTED
07-22 18:07:13.327   969   969 I ANDR-PERF-LM: LMPerfGlue: perfmodule_submit_request() 132: perfmodule_submit_request()
07-22 18:07:13.327   969   969 I ANDR-PERF-LM: Core: getInstance() 84: LM getInstance
07-22 18:07:13.327   969   969 I ANDR-PERF-LM: WQ: push() 59: LMTriggerQ push() size=0
07-22 18:07:13.327   969   969 I ANDR-PERF-LM: WQ: push() 61: LMTriggerQ push() done size=1
07-22 18:07:13.327   969  1000 I ANDR-PERF-LM: WQ: pop() 42: LMTriggerQ pop() done size=0
07-22 18:07:13.327   969  1000 I ANDR-PERF-LM: Core: lmMain() 373: Waiting on trigger Queue
07-22 18:07:13.327   969  1000 I ANDR-PERF-LM: WQ: pop() 31: LMTriggerQ pop() size=0
07-22 18:07:13.327   830   830 I Zygote  : Process 1320 exited due to signal 9 (Killed)
07-22 18:07:13.327  1817  4583 D MiuiMultiWindowAdapter: MiuiMultiWindowAdapter::getFreeformBlackList::sSmallWindowBlackList = [com.miui.securitycenter, com.miui.miservice, com.xiaomi.calendar, com.miui.mishare.connectivity, com.android.settings, com.android.printspooler, com.miui.backup, com.miui.huanji, com.android.thememanager, com.mfashiongallery.emag, com.miui.virtualsim, com.miui.smarttravel, com.mi.health, com.android.camera, com.lbe.security.miui, com.miui.cleanmaster, com.miui.newhome, com.miui.voiceassist, com.android.phone, com.miui.yellowpage, com.android.updater, com.miui.tsmclient, com.miui.securitycore, com.xiaomi.account, com.xiaomi.hm.health, com.miui.bugreport, com.xiaomi.mibrain.speech, com.xiaomi.mimoji, com.xiaomi.scanner, com.duokan.phone.remotecontroller, com.miui.hybrid, com.miui.video, com.miui.videoplayer, com.miui.fm, com.miui.packageinstaller, com.mi.android.globallauncher, com.mi.android.globallauncher-poco, com.google.android.dialer, com.google.android.apps.magazines, com.miui.compass, com.miui.greenguard, com.kiteguard, com.google.android.apps.prodcasts, com.google.ar.lens, com.xiangkan.android, com.android.bankabc, com.sohu.inputmethod.sogou, com.tencent.mtt, com.shyz.toutiao, com.netease.mc.mi, com.outfit7.talkingtomgoldrun.mi, com.doudz.mi, com.wepie.snake.new.mi, cn.jj, com.standddz002.mi, com.miHoYo.bh3.mi, com.qqgame.hlddz, com.happyelements.AndroidAnimal, com.minitech.miniworld.TMobile.mi, com.mfp.jelly.xiaomi, com.lilithgames.afk.mi, com.tencent.peng, com.teenpatti.hd.gold, blockpuzzle.jewelgames.jewelslegend, com.playgendary.tanks, com.chillingo.robberybobfree.android.row, com.episodeinteractive.android.catalog, com.playrix.township, com.ansangha.drdriving, com.google.android.youtube, com.gbits.atm.mi, com.tencent.tetris, com.sukhavati.gotoplaying.bubble.BubbleShooter.mint, com.block.puzzle.game.hippo.mi, com.youzu.bs.mi, com.baidu.BaiduMap, com.google.android.googlequicksearchbox, com.appsomniacs.da2, com.android.stk, com.feiyu.carrot3.mi, com.popcap.pvz2cthdxm, com.mxtech.videoplayer.ad, cn.cisc, com.kiloo.subwaysurf, com.cncyj.mostbrain, pdf.tap.scanner, com.og.ttddz.mi, com.ximalaya.ting.lite, com.google.android.apps.podcasts, com.google.android.apps.googleassistant, com.netease.onmyoji.mi, com.netease.onmyoji.bili, com.netease.mrzh.mi, com.netease.mrzh.bili, com.tencent.tmgp.yys.zqb, com.google.android.gm, com.google.android.calendar, com.android.chrome, com.google.android.apps.youtube.music, com.netease.pes.huawei, com.netease.pes.mi, com.netease.pes.bili, com.flyfish.supermario, com.picsart.studio, com.netease.dwrg.mi, com.netease.dwrg.bili, com.netease.dwrg.nearme.gamecenter, com.netease.dwrg, com.netease.dwrg.huawei, com.tencent.tmgp.dwrg, com.netease.dwrg.m4399, com.netease.dwrg.mz, com.netease.dwrg.aligames, com.netease.dwrg.baidu, com.netease.dwrg.qihoo, com.moji.mjweather, com.tencent.tmgp.kof98, com.netease.onmyoji, com.taobao.idlefish, com.ledou.mhhy.mi, com.hzfy.ddzbs.mi, com.qsmy.walkmonkey, com.fy.bzzbc.mi, com.dw.xprqj.mi, com.miui.accessibility, com.ymt.nbaftx.mi, com.amazon.kindlefc, com.sinyee.babybus.recommendapp, com.mcdonalds.gma.cn, com.midea.ai.appliances, com.eco.global.app, com.inspur.icity.tianjin, com.zy.game.thief.mi, com.alimama.moon, com.xinhu.steward, com.rytong.ceair, com.nxy.mobilebank.gx, com.xplaygame.mfbwz.mi, cn.gov.lottery, com.zy.game.bubbletea.mi, com.zy.game.psdc.mi, com.microsoft.office.powerpoint]
07-22 18:07:13.328  1817  1883 D EventSequenceValidator: Transition from INTENT_STARTED to INTENT_FAILED
07-22 18:07:13.329   974  2754 I vendor.qti.hardware.servicetracker@1.2-service: killProcess is called for pid : 1320
07-22 18:07:13.329   974  2754 I vendor.qti.hardware.servicetracker@1.2-service: process with pid 1320 is client
07-22 18:07:13.329   974  2754 I vendor.qti.hardware.servicetracker@1.2-service: removing client with pid 1320process namecom.google.android.apps.turbo
07-22 18:07:13.331   830   830 I Zygote  : Process 446 exited due to signal 9 (Killed)
07-22 18:07:13.331  1817  1984 I libprocessgroup: Successfully killed process cgroup uid 10189 pid 1320 in 37ms
07-22 18:07:13.332  1817  1984 I libprocessgroup: Successfully killed process cgroup uid 10083 pid 446 in 0ms
07-22 18:07:13.334   969   969 I ANDR-PERF-LM: LMPerfGlue: perfmodule_submit_request() 132: perfmodule_submit_request()
07-22 18:07:13.334   969   969 I ANDR-PERF-LM: Core: getInstance() 84: LM getInstance
07-22 18:07:13.334   969   969 I ANDR-PERF-LM: WQ: push() 59: LMTriggerQ push() size=0
07-22 18:07:13.334   969   969 I ANDR-PERF-LM: WQ: push() 61: LMTriggerQ push() done size=1
07-22 18:07:13.334   969  1000 I ANDR-PERF-LM: WQ: pop() 42: LMTriggerQ pop() done size=0
07-22 18:07:13.334   969  1000 I ANDR-PERF-LM: Core: lmMain() 373: Waiting on trigger Queue
07-22 18:07:13.334   969  1000 I ANDR-PERF-LM: WQ: pop() 31: LMTriggerQ pop() size=0
07-22 18:07:13.335   974  2754 I vendor.qti.hardware.servicetracker@1.2-service: killProcess is called for pid : 446
07-22 18:07:13.338  1817  2395 I MiuiNetworkPolicy: removeUidState uid = 10189
07-22 18:07:13.338  1817  2395 I MiuiNetworkPolicy: removeUidState uid = 10083
07-22 18:07:14.103  1817  2326 D MIUIInput: [MotionEvent] publisher action=0x4, 102613532, channel 'c532af NavigationBar0 (server)'
07-22 18:07:14.103  1817  2326 D MIUIInput: [MotionEvent] publisher action=0x4, 102613532, channel '1e1bdda com.mi.android.globallauncher/com.miui.home.launcher.Launcher (server)'
07-22 18:07:14.103  1817  2326 D MIUIInput: [MotionEvent] publisher action=0x0, 102613532, channel '68ec8f7 com.mi.android.globallauncher/com.miui.home.launcher.Launcher (server)'
07-22 18:07:14.103  1817  2326 D MIUIInput: [MotionEvent] publisher action=0x0, 102613532, channel 'fa606f1 com.miui.miwallpaper.wallpaperservice.MiuiKeyguardPictorialWallpaper (server)'
07-22 18:07:14.103  1817  2326 D MIUIInput: [MotionEvent] publisher action=0x0, 102613532, channel '1efad35 com.miui.miwallpaper.wallpaperservice.ImageWallpaper (server)'
07-22 18:07:14.215  1817  2326 D MIUIInput: [MotionEvent] publisher action=0x1, 102613645, channel '68ec8f7 com.mi.android.globallauncher/com.miui.home.launcher.Launcher (server)'
07-22 18:07:14.215  1817  2326 D MIUIInput: [MotionEvent] publisher action=0x1, 102613645, channel 'fa606f1 com.miui.miwallpaper.wallpaperservice.MiuiKeyguardPictorialWallpaper (server)'
07-22 18:07:14.215  1817  2326 D MIUIInput: [MotionEvent] publisher action=0x1, 102613645, channel '1efad35 com.miui.miwallpaper.wallpaperservice.ImageWallpaper (server)'
07-22 18:07:14.216  2947  3377 I RenderThread: RenderThread resumed
07-22 18:07:14.216  2947  3377 I RenderThread: All controllers paused.
07-22 18:07:14.216  2947  3377 I RenderThread: RenderThread paused, waiting for signal
07-22 18:07:14.442  2659  2802 D NetworkController.MobileSignalController(1): onSignalStrengthsChanged signalStrength=SignalStrength:{mCdma=CellSignalStrengthCdma: cdmaDbm=2147483647 cdmaEcio=2147483647 evdoDbm=2147483647 evdoEcio=2147483647 evdoSnr=2147483647 miuiLevel=0 level=0,mGsm=CellSignalStrengthGsm: rssi=2147483647 ber=2147483647 mTa=2147483647 miuiLevel=0 mLevel=0,mWcdma=CellSignalStrengthWcdma: ss=2147483647 ber=2147483647 rscp=2147483647 ecno=2147483647 miuiLevel=0 level=0,mTdscdma=CellSignalStrengthTdscdma: rssi=2147483647 ber=2147483647 rscp=2147483647 miuiLevel=0 level=0,mLte=CellSignalStrengthLte: rssi=-77 rsrp=-106 rsrq=-9 rssnr=11 cqi=2147483647 ta=2147483647 miuiLevel=3 level=3 parametersUseForLevel=0,mNr=CellSignalStrengthNr:{ csiRsrp = 2147483647 csiRsrq = 2147483647 csiSinr = 2147483647 ssRsrp = 2147483647 ssRsrq = 2147483647 ssSinr = 2147483647 miuiLevel = 0 level = 0 parametersUseForLevel = 0 },primary=CellSignalStrengthLte} level=3
07-22 18:07:14.443  2659  2802 D NetworkController.MobileSignalController(1): updateTelephonySignalStrength: hasService=true ss=SignalStrength:{mCdma=CellSignalStrengthCdma: cdmaDbm=2147483647 cdmaEcio=2147483647 evdoDbm=2147483647 evdoEcio=2147483647 evdoSnr=2147483647 miuiLevel=0 level=0,mGsm=CellSignalStrengthGsm: rssi=2147483647 ber=2147483647 mTa=2147483647 miuiLevel=0 mLevel=0,mWcdma=CellSignalStrengthWcdma: ss=2147483647 ber=2147483647 rscp=2147483647 ecno=2147483647 miuiLevel=0 level=0,mTdscdma=CellSignalStrengthTdscdma: rssi=2147483647 ber=2147483647 rscp=2147483647 miuiLevel=0 level=0,mLte=CellSignalStrengthLte: rssi=-77 rsrp=-106 rsrq=-9 rssnr=11 cqi=2147483647 ta=2147483647 miuiLevel=3 level=3 parametersUseForLevel=0,mNr=CellSignalStrengthNr:{ csiRsrp = 2147483647 csiRsrq = 2147483647 csiSinr = 2147483647 ssRsrp = 2147483647 ssRsrq = 2147483647 ssSinr = 2147483647 miuiLevel = 0 level = 0 parametersUseForLevel = 0 },primary=CellSignalStrengthLte} displayInfo=TelephonyDisplayInfo {network=LTE, override=NONE}
07-22 18:07:14.443  2659  2802 D NetworkController.MobileSignalController(1): NotQcom5G, signal level = 3
07-22 18:07:15.096  4996  4996 I BatteryInfoReceiver: ACTION_BATTERY_CHANGED
07-22 18:07:15.099  2789  2789 D QtiCarrierConfigHelper: WARNING, no carrier configs on phone Id: 0
07-22 18:07:15.102  5646  5787 D PowerCheckerService: onBatteryChanged, mBatteryLevel = 68, status = 2, level = 68, plug = 1, scale = 100
07-22 18:07:15.103  2659  2659 D KeyguardUpdateMonitor: received broadcast android.intent.action.BATTERY_CHANGED
07-22 18:07:15.103  2659  2659 D BatteryController: onReceive: Intent = Intent { act=android.intent.action.BATTERY_CHANGED flg=0x60000010 (has extras) } action = android.intent.action.BATTERY_CHANGED
07-22 18:07:15.106  2852  2852 D DeviceStatisticsService: chargerType=1 batteryLevel=68 totalBatteryCapacity=4743200
07-22 18:07:15.106  2852  2852 D DeviceInfoHidlClient: isPowerInfoNeverSent()=true
07-22 18:07:15.106  2852  2852 D DeviceInfoHidlClient: getPowerInfoSupportStatus()=-1
07-22 18:07:15.797   974  2754 I vendor.qti.hardware.servicetracker@1.2-service: unbindService is called for service : com.google.android.gms/.measurement.service.MeasurementBrokerService and for client com.miui.securitycenter
07-22 18:07:15.798   974  2754 I vendor.qti.hardware.servicetracker@1.2-service: size of service connections for service: com.google.android.gms/.measurement.service.MeasurementBrokerServiceafter removal is 2
07-22 18:07:15.798   974  2754 I vendor.qti.hardware.servicetracker@1.2-service: size of client connections for client: com.miui.securitycenterafter removal is 1
07-22 18:07:15.959  1817  2003 E system_server: No implementation found for boolean com.android.internal.os.KernelCpuUidBpfMapReader.startTrackingBpfTimes() (tried Java_com_android_internal_os_KernelCpuUidBpfMapReader_startTrackingBpfTimes and Java_com_android_internal_os_KernelCpuUidBpfMapReader_startTrackingBpfTimes__)
07-22 18:07:16.107  1817  2518 D SchedBoost: thread tid=2947, priority is set to -10
07-22 18:07:16.108  1817  2518 D SchedBoost: thread tid=3169, priority is set to -10
07-22 18:07:16.192   974  2754 I vendor.qti.hardware.servicetracker@1.2-service: destroyService is called for service : com.google.android.gms/.games.chimera.GamesAsyncServiceProxy
07-22 18:07:16.270  4256  4376 I Finsky  : [22602] prv.h(1): Triggered update for experiment package com.google.android.finsky.stable.
07-22 18:07:16.322  4256  5156 E PhenotypeCombinedFlags: Config package com.google.android.gms.phenotype cannot use PROCESS_STABLE backing without declarative registration. See go/phenotype-android-integration#phenotype for more information. This will lead to stale flags.
07-22 18:07:16.322  4256  4299 I SnapshotHandler: Unable to retrieve flag snapshot for com.google.android.gms.phenotype, using defaults.
07-22 18:07:16.351  4256  5156 E PhenotypeCombinedFlags: Config package com.google.android.gms.phenotype cannot use PROCESS_STABLE backing without declarative registration. See go/phenotype-android-integration#phenotype for more information. This will lead to stale flags.
07-22 18:07:16.498  4256  5156 I chatty  : uid=10184(com.android.vending) ProcessStablePh identical 8 lines
07-22 18:07:16.505  4256  5156 E PhenotypeCombinedFlags: Config package com.google.android.gms.phenotype cannot use PROCESS_STABLE backing without declarative registration. See go/phenotype-android-integration#phenotype for more information. This will lead to stale flags.
07-22 18:07:16.505  4256  4376 I Finsky  : [22602] prv.h(7): Already at the latest configurations for experiment package com.google.android.finsky.stable.
07-22 18:07:16.505  4256  4377 I Finsky  : [22603] prv.h(1): Triggered update for experiment package com.google.android.finsky.regular.
07-22 18:07:16.514  4256  5156 E PhenotypeCombinedFlags: Config package com.google.android.gms.phenotype cannot use PROCESS_STABLE backing without declarative registration. See go/phenotype-android-integration#phenotype for more information. This will lead to stale flags.
07-22 18:07:16.722  4256  4377 I Finsky  : [22603] prv.h(7): Already at the latest configurations for experiment package com.google.android.finsky.regular.
07-22 18:07:16.723  4256  4377 I Finsky  : [22603] prv.h(1): Triggered update for experiment package com.google.android.finsky.regular.
07-22 18:07:16.857  4256  4918 I android.vendin: oneway function results will be dropped but finished with status UNKNOWN_TRANSACTION and parcel size 0
07-22 18:07:16.858   974  2754 I vendor.qti.hardware.servicetracker@1.2-service: unbindService is called for service : com.android.vending/com.google.android.finsky.ipcservers.background.BackgroundGrpcServerAndroidService and for client com.android.vending
07-22 18:07:16.858   974  2754 I vendor.qti.hardware.servicetracker@1.2-service: size of service connections for service: com.android.vending/com.google.android.finsky.ipcservers.background.BackgroundGrpcServerAndroidServiceafter removal is 0
07-22 18:07:16.858   974  2754 I vendor.qti.hardware.servicetracker@1.2-service: size of client connections for client: com.android.vendingafter removal is 3
07-22 18:07:16.864   974  2754 I vendor.qti.hardware.servicetracker@1.2-service: destroyService is called for service : com.android.vending/com.google.android.finsky.ipcservers.background.BackgroundGrpcServerAndroidService
07-22 18:07:16.865  4485  4485 I Finsky:background: [2] lzz.onDestroy(8): IPC-SERVER: Stopping gRPC host service...
07-22 18:07:16.878  1817  2395 I MiuiNetworkPolicy: updateUidState uid = 10184, uidState = 10
07-22 18:07:16.881  1817  2395 I MiuiNetworkPolicy: updateUidState uid = 10184, uidState = 19
07-22 18:07:16.939  4256  4377 I Finsky  : [22603] prv.h(7): Already at the latest configurations for experiment package com.google.android.finsky.regular.
07-22 18:07:16.939  4256  4377 I Finsky  : [22603] prv.h(1): Triggered update for experiment package com.google.android.finsky.regular.
07-22 18:07:17.087  2659  2802 D NetworkController.MobileSignalController(1): onSignalStrengthsChanged signalStrength=SignalStrength:{mCdma=CellSignalStrengthCdma: cdmaDbm=2147483647 cdmaEcio=2147483647 evdoDbm=2147483647 evdoEcio=2147483647 evdoSnr=2147483647 miuiLevel=0 level=0,mGsm=CellSignalStrengthGsm: rssi=2147483647 ber=2147483647 mTa=2147483647 miuiLevel=0 mLevel=0,mWcdma=CellSignalStrengthWcdma: ss=2147483647 ber=2147483647 rscp=2147483647 ecno=2147483647 miuiLevel=0 level=0,mTdscdma=CellSignalStrengthTdscdma: rssi=2147483647 ber=2147483647 rscp=2147483647 miuiLevel=0 level=0,mLte=CellSignalStrengthLte: rssi=-73 rsrp=-101 rsrq=-10 rssnr=6 cqi=2147483647 ta=2147483647 miuiLevel=4 level=3 parametersUseForLevel=0,mNr=CellSignalStrengthNr:{ csiRsrp = 2147483647 csiRsrq = 2147483647 csiSinr = 2147483647 ssRsrp = 2147483647 ssRsrq = 2147483647 ssSinr = 2147483647 miuiLevel = 0 level = 0 parametersUseForLevel = 0 },primary=CellSignalStrengthLte} level=3
07-22 18:07:17.087  2659  2802 D NetworkController.MobileSignalController(1): updateTelephonySignalStrength: hasService=true ss=SignalStrength:{mCdma=CellSignalStrengthCdma: cdmaDbm=2147483647 cdmaEcio=2147483647 evdoDbm=2147483647 evdoEcio=2147483647 evdoSnr=2147483647 miuiLevel=0 level=0,mGsm=CellSignalStrengthGsm: rssi=2147483647 ber=2147483647 mTa=2147483647 miuiLevel=0 mLevel=0,mWcdma=CellSignalStrengthWcdma: ss=2147483647 ber=2147483647 rscp=2147483647 ecno=2147483647 miuiLevel=0 level=0,mTdscdma=CellSignalStrengthTdscdma: rssi=2147483647 ber=2147483647 rscp=2147483647 miuiLevel=0 level=0,mLte=CellSignalStrengthLte: rssi=-73 rsrp=-101 rsrq=-10 rssnr=6 cqi=2147483647 ta=2147483647 miuiLevel=4 level=3 parametersUseForLevel=0,mNr=CellSignalStrengthNr:{ csiRsrp = 2147483647 csiRsrq = 2147483647 csiSinr = 2147483647 ssRsrp = 2147483647 ssRsrq = 2147483647 ssSinr = 2147483647 miuiLevel = 0 level = 0 parametersUseForLevel = 0 },primary=CellSignalStrengthLte} displayInfo=TelephonyDisplayInfo {network=LTE, override=NONE}
07-22 18:07:17.087  2659  2802 D NetworkController.MobileSignalController(1): NotQcom5G, signal level = 4
07-22 18:07:17.095  2659  2802 D NetworkController.MobileSignalController(1): notifyListeners mConfig.alwaysShowNetworkTypeIcon=false  getNetworkType:13/LTE voiceNetType=13/LTE showDataIcon=false mConfig.alwaysShowDataRatIcon=false icons.mDataType=2131232019 mConfig.showVolteIcon=false isVolteSwitchOn=false volteIcon=0 mConfig.showVowifiIcon=false
07-22 18:07:17.150  4256  4299 W ProxyAndroidLoggerBackend: Too many Flogger logs received before configuration. Dropping old logs.
07-22 18:07:17.155  4256  4377 I Finsky  : [22603] prv.h(7): Already at the latest configurations for experiment package com.google.android.finsky.regular.
07-22 18:07:17.155  4256  4376 W android.vendin: Long monitor contention with owner bgExecutor #3 (4377) at int prv.h()(PG:8) waiters=2 in int prv.h() for 650ms
07-22 18:07:17.156  4256  4376 I Finsky  : [22602] prv.h(1): Triggered update for experiment package com.google.android.finsky.regular.
07-22 18:07:17.165  4683  4766 I om.miui.cleane: ProcessProfilingInfo new_methods=0 is saved saved_to_disk=0 resolve_classes_delay=8000
07-22 18:07:17.165  4256  4377 I Finsky  : [22603] flr.run(16): Initializing the instant apps module.
07-22 18:07:17.190  4256  4377 I Finsky  : [22603] ypw.b(1): Restoring notifications
07-22 18:07:17.197  4256  4299 W ProxyAndroidLoggerBackend: Too many Flogger logs received before configuration. Dropping old logs.
07-22 18:07:17.197  4256  4299 I chatty  : uid=10184(com.android.vending) BlockingExecuto identical 1 line
07-22 18:07:17.206  4256  4299 W ProxyAndroidLoggerBackend: Too many Flogger logs received before configuration. Dropping old logs.
07-22 18:07:17.213  4256  4377 I Finsky  : [22603] ypw.b(4): Done restoring notifications
07-22 18:07:17.217  4256  4377 I Finsky  : [22603] pjc.n(8): Invalidating cached PackageState for com.android.vending
07-22 18:07:17.223  4256  4636 I Finsky  : [22645] jso.run(33): Wrote row to frosting DB: 3017
07-22 18:07:17.252  4256  4377 W Finsky  : [22603] qup.a(5): PreloadClasses: Unable to load [androidx.compose.ui.node.LayoutNode$layoutChildren$1, androidx.compose.foundation.lazy.LazyListScopeImpl$items$1, androidx.compose.foundation.lazy.LazyListScopeImpl$items$1$1, androidx.compose.foundation.gestures.TapGestureDetectorKt$awaitFirstDown$1, androidx.compose.material.DefaultButtonElevation$elevation$1$invokeSuspend$$inlined$collect$1]
07-22 18:07:17.259  4256  4377 I Finsky  : [22603] flr.run(36): Component class com.google.android.finsky.wearsupport.WearSupportService disabled via PackageManager.
07-22 18:07:17.260  4256  4377 I Finsky  : [22603] flr.run(36): Component class com.google.android.finsky.wearsupport.WearChangeListenerService disabled via PackageManager.
07-22 18:07:17.280  4256  4703 I Finsky  : [22652] advb.c(2): registerListener
07-22 18:07:17.280  4256  4703 I Finsky  : [22652] iqd.g(1): getDownloads()
07-22 18:07:17.290  4256  4256 I Finsky  : [2] sjp.run(22): Detected restoreservicev2://recovery not needed, will not run
07-22 18:07:17.293   974  2754 I vendor.qti.hardware.servicetracker@1.2-service: bindService is called for service : com.android.vending/com.google.android.finsky.ipcservers.background.BackgroundGrpcServerAndroidService and for client com.android.vending
07-22 18:07:17.293   974  2754 I vendor.qti.hardware.servicetracker@1.2-service: total connections for service : com.android.vending/com.google.android.finsky.ipcservers.background.BackgroundGrpcServerAndroidServiceare :1
07-22 18:07:17.293   974  2754 I vendor.qti.hardware.servicetracker@1.2-service: total connections for client : com.android.vendingare :4
07-22 18:07:17.294  1817  4835 D CompatibilityInfo: mCompatibilityFlags - 0
07-22 18:07:17.294  1817  4835 D CompatibilityInfo: applicationDensity - 440
07-22 18:07:17.294  1817  4835 D CompatibilityInfo: applicationScale - 1.0
07-22 18:07:17.295   974  2754 I vendor.qti.hardware.servicetracker@1.2-service: startService() is called for servicecom.android.vending/com.google.android.finsky.ipcservers.background.BackgroundGrpcServerAndroidService
07-22 18:07:17.296  1817  2395 I MiuiNetworkPolicy: updateUidState uid = 10184, uidState = 10
07-22 18:07:17.297  4485  4485 I Finsky:background: [2] lzz.onCreate(2): IPC-SERVER: Starting gRPC host service...
07-22 18:07:17.300  4256  4703 I Finsky  : [22652] rg.run(15): Initialized AssetModuleDownloader.
07-22 18:07:17.303  1817  2395 I MiuiNetworkPolicy: updateUidState uid = 10184, uidState = 19
07-22 18:07:17.306  4485  4557 I Finsky:background: [22586] inr.f(1): getDownloads()
07-22 18:07:17.371   974  2754 I vendor.qti.hardware.servicetracker@1.2-service: unbindService is called for service : com.miui.msa.global/com.xiaomi.ad.internal.splash.uiprocess.SplashUIService and for client com.miui.msa.global
07-22 18:07:17.371   974  2754 I vendor.qti.hardware.servicetracker@1.2-service: size of service connections for service: com.miui.msa.global/com.xiaomi.ad.internal.splash.uiprocess.SplashUIServiceafter removal is 0
07-22 18:07:17.371   974  2754 I vendor.qti.hardware.servicetracker@1.2-service: size of client connections for client: com.miui.msa.globalafter removal is 1
07-22 18:07:17.373   974  2754 I vendor.qti.hardware.servicetracker@1.2-service: destroyService is called for service : com.miui.msa.global/com.xiaomi.ad.internal.splash.uiprocess.SplashUIService
07-22 18:07:17.374  3203  3203 E AD-PLUGIN-SplashUIService: onDestroy
07-22 18:07:17.378  3203  3203 I Process : Sending signal. PID: 3203 SIG: 9
07-22 18:07:17.391  4256  4299 W ProxyAndroidLoggerBackend: Too many Flogger logs received before configuration. Dropping old logs.
07-22 18:07:17.392  4256  4299 W ProxyAndroidLoggerBackend: Too many Flogger logs received before configuration. Dropping old logs.
07-22 18:07:17.403  4256  4376 I Finsky  : [22602] prv.h(7): Already at the latest configurations for experiment package com.google.android.finsky.regular.
07-22 18:07:17.406  4256  4353 I Finsky  : [22597] prv.h(1): Triggered update for experiment package com.google.android.finsky.regular.
07-22 18:07:17.409  3307  3362 W AD-PLUGIN-RemoteMethodInvoker: Service[interface com.xiaomi.ad.internal.splash.uiprocess.api.ISplashUIInterface, com.xiaomi.ad.internal.splash.uiprocess.api.ISplashUIInterface$Stub$a@38685e2] died, remove from reusing-map!
07-22 18:07:17.411   830   830 I Zygote  : Process 3203 exited due to signal 9 (Killed)
07-22 18:07:17.411   969   969 I ANDR-PERF-LM: LMPerfGlue: perfmodule_submit_request() 132: perfmodule_submit_request()
07-22 18:07:17.411   969   969 I ANDR-PERF-LM: Core: getInstance() 84: LM getInstance
07-22 18:07:17.411   969   969 I ANDR-PERF-LM: WQ: push() 59: LMTriggerQ push() size=0
07-22 18:07:17.411   969   969 I ANDR-PERF-LM: WQ: push() 61: LMTriggerQ push() done size=1
07-22 18:07:17.411   969  1000 I ANDR-PERF-LM: WQ: pop() 42: LMTriggerQ pop() done size=0
07-22 18:07:17.411   969  1000 I ANDR-PERF-LM: Core: lmMain() 373: Waiting on trigger Queue
07-22 18:07:17.411   969  1000 I ANDR-PERF-LM: WQ: pop() 31: LMTriggerQ pop() size=0
07-22 18:07:17.411  1817  1984 I libprocessgroup: Successfully killed process cgroup uid 10125 pid 3203 in 0ms
07-22 18:07:17.413   974  2754 I vendor.qti.hardware.servicetracker@1.2-service: killProcess is called for pid : 3203
07-22 18:07:17.463  4256  4299 W ProxyAndroidLoggerBackend: Too many Flogger logs received before configuration. Dropping old logs.
07-22 18:07:17.463  4256  4299 I chatty  : uid=10184(com.android.vending) BlockingExecuto identical 1 line
07-22 18:07:17.474  4256  4299 W ProxyAndroidLoggerBackend: Too many Flogger logs received before configuration. Dropping old logs.
07-22 18:07:17.605  5039  5127 I TetheringManager: registerTetheringEventCallback:com.android.camera
07-22 18:07:17.650  4256  4299 W ProxyAndroidLoggerBackend: Too many Flogger logs received before configuration. Dropping old logs.
07-22 18:07:17.650  4256  4299 W ProxyAndroidLoggerBackend: Too many Flogger logs received before configuration. Dropping old logs.
07-22 18:07:17.654  4256  4353 I Finsky  : [22597] prv.h(7): Already at the latest configurations for experiment package com.google.android.finsky.regular.
07-22 18:07:17.655  4256  4310 I Finsky  : [22590] prv.h(1): Triggered update for experiment package com.google.android.finsky.regular.
07-22 18:07:17.665  4824  4889 I ctivate.servic: ProcessProfilingInfo new_methods=0 is saved saved_to_disk=0 resolve_classes_delay=8000
07-22 18:07:17.683  4256  4299 W ProxyAndroidLoggerBackend: Too many Flogger logs received before configuration. Dropping old logs.
07-22 18:07:17.873  4256  4299 I chatty  : uid=10184(com.android.vending) BlockingExecuto identical 3 lines
07-22 18:07:17.873  4256  4299 W ProxyAndroidLoggerBackend: Too many Flogger logs received before configuration. Dropping old logs.
07-22 18:07:17.877  4256  4310 I Finsky  : [22590] prv.h(7): Already at the latest configurations for experiment package com.google.android.finsky.regular.
07-22 18:07:18.039   974  2754 I vendor.qti.hardware.servicetracker@1.2-service: destroyService is called for service : com.google.android.gms/.chimera.PersistentIntentOperationService
07-22 18:07:18.095   974  2754 I vendor.qti.hardware.servicetracker@1.2-service: destroyService is called for service : com.google.android.gms/.chimera.GmsIntentOperationService
07-22 18:07:18.813  1817  2395 I MiuiNetworkPolicy: updateUidState uid = 10330, uidState = 19
07-22 18:07:18.936  4931  4959 I ndroid.keychai: ProcessProfilingInfo new_methods=0 is saved saved_to_disk=0 resolve_classes_delay=8000
07-22 18:07:19.220  1817  2395 I MiuiNetworkPolicy: updateUidState uid = 10116, uidState = 19
07-22 18:07:19.334  2659  2802 D NetworkController.MobileSignalController(1): onSignalStrengthsChanged signalStrength=SignalStrength:{mCdma=CellSignalStrengthCdma: cdmaDbm=2147483647 cdmaEcio=2147483647 evdoDbm=2147483647 evdoEcio=2147483647 evdoSnr=2147483647 miuiLevel=0 level=0,mGsm=CellSignalStrengthGsm: rssi=2147483647 ber=2147483647 mTa=2147483647 miuiLevel=0 mLevel=0,mWcdma=CellSignalStrengthWcdma: ss=2147483647 ber=2147483647 rscp=2147483647 ecno=2147483647 miuiLevel=0 level=0,mTdscdma=CellSignalStrengthTdscdma: rssi=2147483647 ber=2147483647 rscp=2147483647 miuiLevel=0 level=0,mLte=CellSignalStrengthLte: rssi=-75 rsrp=-103 rsrq=-10 rssnr=16 cqi=2147483647 ta=2147483647 miuiLevel=4 level=3 parametersUseForLevel=0,mNr=CellSignalStrengthNr:{ csiRsrp = 2147483647 csiRsrq = 2147483647 csiSinr = 2147483647 ssRsrp = 2147483647 ssRsrq = 2147483647 ssSinr = 2147483647 miuiLevel = 0 level = 0 parametersUseForLevel = 0 },primary=CellSignalStrengthLte} level=3
07-22 18:07:19.334  2659  2802 D NetworkController.MobileSignalController(1): updateTelephonySignalStrength: hasService=true ss=SignalStrength:{mCdma=CellSignalStrengthCdma: cdmaDbm=2147483647 cdmaEcio=2147483647 evdoDbm=2147483647 evdoEcio=2147483647 evdoSnr=2147483647 miuiLevel=0 level=0,mGsm=CellSignalStrengthGsm: rssi=2147483647 ber=2147483647 mTa=2147483647 miuiLevel=0 mLevel=0,mWcdma=CellSignalStrengthWcdma: ss=2147483647 ber=2147483647 rscp=2147483647 ecno=2147483647 miuiLevel=0 level=0,mTdscdma=CellSignalStrengthTdscdma: rssi=2147483647 ber=2147483647 rscp=2147483647 miuiLevel=0 level=0,mLte=CellSignalStrengthLte: rssi=-75 rsrp=-103 rsrq=-10 rssnr=16 cqi=2147483647 ta=2147483647 miuiLevel=4 level=3 parametersUseForLevel=0,mNr=CellSignalStrengthNr:{ csiRsrp = 2147483647 csiRsrq = 2147483647 csiSinr = 2147483647 ssRsrp = 2147483647 ssRsrq = 2147483647 ssSinr = 2147483647 miuiLevel = 0 level = 0 parametersUseForLevel = 0 },primary=CellSignalStrengthLte} displayInfo=TelephonyDisplayInfo {network=LTE, override=NONE}
07-22 18:07:19.334  2659  2802 D NetworkController.MobileSignalController(1): NotQcom5G, signal level = 4
07-22 18:07:19.439   974  2754 I vendor.qti.hardware.servicetracker@1.2-service: unbindService is called for service : com.google.android.gms/.measurement.service.MeasurementBrokerService and for client com.mi.android.globallauncher
07-22 18:07:19.439   974  2754 I vendor.qti.hardware.servicetracker@1.2-service: size of service connections for service: com.google.android.gms/.measurement.service.MeasurementBrokerServiceafter removal is 1
07-22 18:07:19.440   974  2754 I vendor.qti.hardware.servicetracker@1.2-service: size of client connections for client: com.mi.android.globallauncherafter removal is 1
07-22 18:07:19.444  5832  5950 I BtGatt.ScanManager: msg.what = 6
07-22 18:07:19.445  1817  2395 I MiuiNetworkPolicy: updateUidState uid = 99167, uidState = 5
07-22 18:07:19.445  1817  2395 I MiuiNetworkPolicy: updateUidState uid = 10195, uidState = 5
07-22 18:07:19.901   974  2754 I vendor.qti.hardware.servicetracker@1.2-service: unbindService is called for service : com.google.android.permissioncontroller/com.android.permissioncontroller.permission.service.PermissionControllerServiceImpl and for client system
07-22 18:07:20.113  5039  5065 I .android.camer: ProcessProfilingInfo new_methods=0 is saved saved_to_disk=0 resolve_classes_delay=8000
07-22 18:07:20.121   974  2754 I vendor.qti.hardware.servicetracker@1.2-service: unbindService is called for service : com.google.android.gms/.measurement.service.MeasurementBrokerService and for client com.miui.cleaner
07-22 18:07:20.121   974  2754 I vendor.qti.hardware.servicetracker@1.2-service: size of service connections for service: com.google.android.gms/.measurement.service.MeasurementBrokerServiceafter removal is 0
07-22 18:07:20.121   974  2754 I vendor.qti.hardware.servicetracker@1.2-service: size of client connections for client: com.miui.cleanerafter removal is 0
07-22 18:07:20.121   974  2754 I vendor.qti.hardware.servicetracker@1.2-service: destroyService is called for service : com.google.android.gms/.measurement.service.MeasurementBrokerService
07-22 18:07:20.122  5134  5134 D BoundBrokerSvc: onUnbind: Intent { act=com.google.android.gms.measurement.START pkg=com.google.android.gms }
07-22 18:07:20.754  5091  5111 I xample.doggler: WaitForGcToComplete blocked RunEmptyCheckpoint on ProfileSaver for 10.150ms
07-22 18:07:20.760  5091  5142 I xample.doggler: ProcessProfilingInfo new_methods=224 is saved saved_to_disk=1 resolve_classes_delay=8000
07-22 18:07:20.880   974  2754 I vendor.qti.hardware.servicetracker@1.2-service: unbindService is called for service : com.google.android.permissioncontroller/com.android.permissioncontroller.permission.service.PermissionControllerServiceImpl and for client system
07-22 18:07:20.880   974  2754 I vendor.qti.hardware.servicetracker@1.2-service: size of service connections for service: com.google.android.permissioncontroller/com.android.permissioncontroller.permission.service.PermissionControllerServiceImplafter removal is 0
07-22 18:07:20.880   974  2754 I vendor.qti.hardware.servicetracker@1.2-service: size of client connections for client: systemafter removal is 19
07-22 18:07:20.884   974  2754 I vendor.qti.hardware.servicetracker@1.2-service: destroyService is called for service : com.google.android.permissioncontroller/com.android.permissioncontroller.permission.service.PermissionControllerServiceImpl
07-22 18:07:21.475   974  2754 I vendor.qti.hardware.servicetracker@1.2-service: unbindService is called for service : com.google.android.gms/.chimera.PersistentBoundBrokerService and for client com.android.vending
07-22 18:07:21.475   974  2754 I vendor.qti.hardware.servicetracker@1.2-service: size of service connections for service: com.google.android.gms/.chimera.PersistentBoundBrokerServiceafter removal is 3
07-22 18:07:21.475   974  2754 I vendor.qti.hardware.servicetracker@1.2-service: size of client connections for client: com.android.vendingafter removal is 3
07-22 18:07:21.539   974  2754 I vendor.qti.hardware.servicetracker@1.2-service: unbindService is called for service : com.google.android.gms/.chimera.PersistentDirectBootAwareApiService and for client com.android.vending
07-22 18:07:21.540   974  2754 I vendor.qti.hardware.servicetracker@1.2-service: size of service connections for service: com.google.android.gms/.chimera.PersistentDirectBootAwareApiServiceafter removal is 10
07-22 18:07:21.545   974  2754 I vendor.qti.hardware.servicetracker@1.2-service: unbindService is called for service : com.google.android.gms/.chimera.GmsBoundBrokerService and for client com.android.vending
07-22 18:07:21.546   974  2754 I vendor.qti.hardware.servicetracker@1.2-service: size of service connections for service: com.google.android.gms/.chimera.GmsBoundBrokerServiceafter removal is 7
07-22 18:07:21.546   974  2754 I vendor.qti.hardware.servicetracker@1.2-service: size of client connections for client: com.android.vendingafter removal is 2
07-22 18:07:23.104   974  2754 I vendor.qti.hardware.servicetracker@1.2-service: unbindService is called for service : com.google.android.gms/.chimera.PersistentApiService and for client com.google.android.gms.persistent
07-22 18:07:23.288  2659  2659 D KeyguardUpdateMonitor: received broadcast android.intent.action.BATTERY_CHANGED
07-22 18:07:23.289  2659  2659 D BatteryController: onReceive: Intent = Intent { act=android.intent.action.BATTERY_CHANGED flg=0x60000010 (has extras) } action = android.intent.action.BATTERY_CHANGED
07-22 18:07:23.290  2789  2789 D QtiCarrierConfigHelper: WARNING, no carrier configs on phone Id: 0
07-22 18:07:23.293  4996  4996 I BatteryInfoReceiver: ACTION_BATTERY_CHANGED
07-22 18:07:23.294  5646  5787 D PowerCheckerService: onBatteryChanged, mBatteryLevel = 68, status = 2, level = 68, plug = 1, scale = 100
07-22 18:07:23.296  2852  2852 D DeviceStatisticsService: chargerType=1 batteryLevel=68 totalBatteryCapacity=4743200
07-22 18:07:23.297  2852  2852 D DeviceInfoHidlClient: isPowerInfoNeverSent()=true
07-22 18:07:23.297  2852  2852 D DeviceInfoHidlClient: getPowerInfoSupportStatus()=-1
07-22 18:07:23.670  2659  2802 D NetworkController.MobileSignalController(1): onSignalStrengthsChanged signalStrength=SignalStrength:{mCdma=CellSignalStrengthCdma: cdmaDbm=2147483647 cdmaEcio=2147483647 evdoDbm=2147483647 evdoEcio=2147483647 evdoSnr=2147483647 miuiLevel=0 level=0,mGsm=CellSignalStrengthGsm: rssi=2147483647 ber=2147483647 mTa=2147483647 miuiLevel=0 mLevel=0,mWcdma=CellSignalStrengthWcdma: ss=2147483647 ber=2147483647 rscp=2147483647 ecno=2147483647 miuiLevel=0 level=0,mTdscdma=CellSignalStrengthTdscdma: rssi=2147483647 ber=2147483647 rscp=2147483647 miuiLevel=0 level=0,mLte=CellSignalStrengthLte: rssi=-75 rsrp=-104 rsrq=-10 rssnr=8 cqi=2147483647 ta=2147483647 miuiLevel=4 level=3 parametersUseForLevel=0,mNr=CellSignalStrengthNr:{ csiRsrp = 2147483647 csiRsrq = 2147483647 csiSinr = 2147483647 ssRsrp = 2147483647 ssRsrq = 2147483647 ssSinr = 2147483647 miuiLevel = 0 level = 0 parametersUseForLevel = 0 },primary=CellSignalStrengthLte} level=3
07-22 18:07:23.671  2659  2802 D NetworkController.MobileSignalController(1): updateTelephonySignalStrength: hasService=true ss=SignalStrength:{mCdma=CellSignalStrengthCdma: cdmaDbm=2147483647 cdmaEcio=2147483647 evdoDbm=2147483647 evdoEcio=2147483647 evdoSnr=2147483647 miuiLevel=0 level=0,mGsm=CellSignalStrengthGsm: rssi=2147483647 ber=2147483647 mTa=2147483647 miuiLevel=0 mLevel=0,mWcdma=CellSignalStrengthWcdma: ss=2147483647 ber=2147483647 rscp=2147483647 ecno=2147483647 miuiLevel=0 level=0,mTdscdma=CellSignalStrengthTdscdma: rssi=2147483647 ber=2147483647 rscp=2147483647 miuiLevel=0 level=0,mLte=CellSignalStrengthLte: rssi=-75 rsrp=-104 rsrq=-10 rssnr=8 cqi=2147483647 ta=2147483647 miuiLevel=4 level=3 parametersUseForLevel=0,mNr=CellSignalStrengthNr:{ csiRsrp = 2147483647 csiRsrq = 2147483647 csiSinr = 2147483647 ssRsrp = 2147483647 ssRsrq = 2147483647 ssSinr = 2147483647 miuiLevel = 0 level = 0 parametersUseForLevel = 0 },primary=CellSignalStrengthLte} displayInfo=TelephonyDisplayInfo {network=LTE, override=NONE}
07-22 18:07:23.671  2659  2802 D NetworkController.MobileSignalController(1): NotQcom5G, signal level = 4
07-22 18:07:24.159   974  2754 I vendor.qti.hardware.servicetracker@1.2-service: unbindService is called for service : com.google.android.gms/.chimera.PersistentBoundBrokerService and for client com.google.android.gms
07-22 18:07:24.159   974  2754 I vendor.qti.hardware.servicetracker@1.2-service: size of client connections for client: com.google.android.gmsafter removal is 10
07-22 18:07:24.169   974  2754 I vendor.qti.hardware.servicetracker@1.2-service: unbindService is called for service : com.google.android.gms/.chimera.PersistentApiService and for client com.google.android.gms
07-22 18:07:24.178   974  2754 I vendor.qti.hardware.servicetracker@1.2-service: unbindService is called for service : com.google.android.gms/.chimera.PersistentBoundBrokerService and for client com.google.android.gms.persistent
07-22 18:07:24.184   974  2754 I vendor.qti.hardware.servicetracker@1.2-service: unbindService is called for service : com.google.android.gms/.chimera.PersistentDirectBootAwareApiService and for client com.google.android.gms.persistent
07-22 18:07:24.292   974  2754 I vendor.qti.hardware.servicetracker@1.2-service: unbindService is called for service : com.google.android.gms/.chimera.GmsBoundBrokerService and for client com.google.android.gms.persistent
07-22 18:07:24.293   974  2754 I vendor.qti.hardware.servicetracker@1.2-service: size of service connections for service: com.google.android.gms/.chimera.GmsBoundBrokerServiceafter removal is 6
07-22 18:07:24.293   974  2754 I vendor.qti.hardware.servicetracker@1.2-service: size of client connections for client: com.google.android.gms.persistentafter removal is 8
07-22 18:07:24.306   969   969 I ANDR-PERF-LM: LMPerfGlue: perfmodule_submit_request() 132: perfmodule_submit_request()
07-22 18:07:24.307   969   969 I ANDR-PERF-LM: Core: getInstance() 84: LM getInstance
07-22 18:07:24.307   969   969 I ANDR-PERF-LM: WQ: push() 59: LMTriggerQ push() size=0
07-22 18:07:24.307   969   969 I ANDR-PERF-LM: WQ: push() 61: LMTriggerQ push() done size=1
07-22 18:07:24.307   969  1000 I ANDR-PERF-LM: WQ: pop() 42: LMTriggerQ pop() done size=0
07-22 18:07:24.307   969  1000 I ANDR-PERF-LM: Core: lmMain() 373: Waiting on trigger Queue
07-22 18:07:24.307   969  1000 I ANDR-PERF-LM: WQ: pop() 31: LMTriggerQ pop() size=0
07-22 18:07:24.312  1817  2395 I MiuiNetworkPolicy: updateUidState uid = 10117, uidState = 19
07-22 18:07:24.318   974  2754 I vendor.qti.hardware.servicetracker@1.2-service: unbindService is called for service : com.google.android.gms/.lockbox.service.LockboxBrokerService and for client com.google.android.gms.persistent
07-22 18:07:24.318   974  2754 I vendor.qti.hardware.servicetracker@1.2-service: size of service connections for service: com.google.android.gms/.lockbox.service.LockboxBrokerServiceafter removal is 1
07-22 18:07:24.318   974  2754 I vendor.qti.hardware.servicetracker@1.2-service: size of client connections for client: com.google.android.gms.persistentafter removal is 7
07-22 18:07:24.323   974  2754 I vendor.qti.hardware.servicetracker@1.2-service: unbindService is called for service : com.google.android.gms/.icing.service.AppIndexingService and for client com.google.android.gms.persistent
07-22 18:07:24.323   974  2754 I vendor.qti.hardware.servicetracker@1.2-service: size of service connections for service: com.google.android.gms/.icing.service.AppIndexingServiceafter removal is 1
07-22 18:07:24.323   974  2754 I vendor.qti.hardware.servicetracker@1.2-service: size of client connections for client: com.google.android.gms.persistentafter removal is 6
07-22 18:07:24.326   974  2754 I vendor.qti.hardware.servicetracker@1.2-service: unbindService is called for service : com.google.android.gms/.icing.service.IndexService and for client com.google.android.gms.persistent
07-22 18:07:24.326   974  2754 I vendor.qti.hardware.servicetracker@1.2-service: size of service connections for service: com.google.android.gms/.icing.service.IndexServiceafter removal is 1
07-22 18:07:24.326   974  2754 I vendor.qti.hardware.servicetracker@1.2-service: size of client connections for client: com.google.android.gms.persistentafter removal is 5
07-22 18:07:24.330  1817  2395 I MiuiNetworkPolicy: updateUidState uid = 99167, uidState = 13
07-22 18:07:24.341   974  2754 I vendor.qti.hardware.servicetracker@1.2-service: unbindService is called for service : com.google.android.gms/.chimera.GmsBoundBrokerService and for client com.google.android.gms
07-22 18:07:24.359   969   969 I ANDR-PERF-LM: LMPerfGlue: perfmodule_submit_request() 132: perfmodule_submit_request()
07-22 18:07:24.359   969   969 I ANDR-PERF-LM: Core: getInstance() 84: LM getInstance
07-22 18:07:24.359   969   969 I ANDR-PERF-LM: WQ: push() 59: LMTriggerQ push() size=0
07-22 18:07:24.359   969   969 I ANDR-PERF-LM: WQ: push() 61: LMTriggerQ push() done size=1
07-22 18:07:24.359   969  1000 I ANDR-PERF-LM: WQ: pop() 42: LMTriggerQ pop() done size=0
07-22 18:07:24.360   969  1000 I ANDR-PERF-LM: Core: lmMain() 373: Waiting on trigger Queue
07-22 18:07:24.360   969  1000 I ANDR-PERF-LM: WQ: pop() 31: LMTriggerQ pop() size=0
07-22 18:07:24.360   830   830 I Zygote  : Process 3507 exited due to signal 9 (Killed)
07-22 18:07:24.361   974  2754 I vendor.qti.hardware.servicetracker@1.2-service: killProcess is called for pid : 3507
07-22 18:07:24.363  1817  1984 I libprocessgroup: Successfully killed process cgroup uid 10233 pid 3507 in 57ms
07-22 18:07:24.366  1817  2395 I MiuiNetworkPolicy: removeUidState uid = 10233
07-22 18:07:24.402   974  2754 I vendor.qti.hardware.servicetracker@1.2-service: unbindService is called for service : com.google.android.gms/.lockbox.service.LockboxBrokerService and for client com.google.android.gms
07-22 18:07:24.402   974  2754 I vendor.qti.hardware.servicetracker@1.2-service: size of service connections for service: com.google.android.gms/.lockbox.service.LockboxBrokerServiceafter removal is 0
07-22 18:07:24.402   974  2754 I vendor.qti.hardware.servicetracker@1.2-service: size of client connections for client: com.google.android.gmsafter removal is 9
07-22 18:07:24.404   974  2754 I vendor.qti.hardware.servicetracker@1.2-service: destroyService is called for service : com.google.android.gms/.lockbox.service.LockboxBrokerService
07-22 18:07:24.406   974  2754 I vendor.qti.hardware.servicetracker@1.2-service: unbindService is called for service : com.google.android.gms/.chimera.PersistentApiService and for client com.google.android.gms
07-22 18:07:24.406   974  2754 I vendor.qti.hardware.servicetracker@1.2-service: size of client connections for client: com.google.android.gmsafter removal is 8
07-22 18:07:24.936   974  2754 I vendor.qti.hardware.servicetracker@1.2-service: unbindService is called for service : com.google.android.permissioncontroller/com.android.permissioncontroller.role.service.RoleControllerServiceImpl and for client system
07-22 18:07:24.936   974  2754 I vendor.qti.hardware.servicetracker@1.2-service: size of service connections for service: com.google.android.permissioncontroller/com.android.permissioncontroller.role.service.RoleControllerServiceImplafter removal is 0
07-22 18:07:24.936   974  2754 I vendor.qti.hardware.servicetracker@1.2-service: size of client connections for client: systemafter removal is 18
07-22 18:07:24.945   974  2754 I vendor.qti.hardware.servicetracker@1.2-service: destroyService is called for service : com.google.android.permissioncontroller/com.android.permissioncontroller.role.service.RoleControllerServiceImpl
07-22 18:07:24.951  1817  2395 I MiuiNetworkPolicy: updateUidState uid = 10100, uidState = 10
07-22 18:07:24.954  1817  2395 I MiuiNetworkPolicy: updateUidState uid = 10100, uidState = 19
07-22 18:07:25.832 31813 31813 D SecurityCenter: ImageLoader clear memory info
07-22 18:07:25.908  4767  4767 W Choreographer: Frame time is 0.01094 ms in the future!  Check that graphics HAL is generating vsync timestamps using the correct timebase.
07-22 18:07:25.980   974  2754 I vendor.qti.hardware.servicetracker@1.2-service: unbindService is called for service : com.google.android.gms/.chimera.PersistentDirectBootAwareApiService and for client com.google.android.gms
07-22 18:07:25.988   969   969 I ANDR-PERF-LM: LMPerfGlue: perfmodule_submit_request() 132: perfmodule_submit_request()
07-22 18:07:25.988   969   969 I ANDR-PERF-LM: Core: getInstance() 84: LM getInstance
07-22 18:07:25.988   969   969 I ANDR-PERF-LM: WQ: push() 59: LMTriggerQ push() size=0
07-22 18:07:25.988   969   969 I ANDR-PERF-LM: WQ: push() 61: LMTriggerQ push() done size=1
07-22 18:07:25.993   969  1000 I ANDR-PERF-LM: WQ: pop() 42: LMTriggerQ pop() done size=0
07-22 18:07:25.993   969  1000 I ANDR-PERF-LM: Core: lmMain() 373: Waiting on trigger Queue
07-22 18:07:25.993   969  1000 I ANDR-PERF-LM: WQ: pop() 31: LMTriggerQ pop() size=0
07-22 18:07:26.042   830   830 I Zygote  : Process 3440 exited due to signal 9 (Killed)
07-22 18:07:26.042   969   969 I ANDR-PERF-LM: LMPerfGlue: perfmodule_submit_request() 132: perfmodule_submit_request()
07-22 18:07:26.043   969   969 I ANDR-PERF-LM: Core: getInstance() 84: LM getInstance
07-22 18:07:26.043   969   969 I ANDR-PERF-LM: WQ: push() 59: LMTriggerQ push() size=0
07-22 18:07:26.043   969   969 I ANDR-PERF-LM: WQ: push() 61: LMTriggerQ push() done size=1
07-22 18:07:26.043   969  1000 I ANDR-PERF-LM: WQ: pop() 42: LMTriggerQ pop() done size=0
07-22 18:07:26.043   969  1000 I ANDR-PERF-LM: Core: lmMain() 373: Waiting on trigger Queue
07-22 18:07:26.043   969  1000 I ANDR-PERF-LM: WQ: pop() 31: LMTriggerQ pop() size=0
07-22 18:07:26.044  1817  1984 I libprocessgroup: Successfully killed process cgroup uid 10069 pid 3440 in 50ms
07-22 18:07:26.045   974  2754 I vendor.qti.hardware.servicetracker@1.2-service: killProcess is called for pid : 3440
07-22 18:07:26.052  1817  2395 I MiuiNetworkPolicy: removeUidState uid = 10069
07-22 18:07:26.140   974  2754 I vendor.qti.hardware.servicetracker@1.2-service: unbindService is called for service : com.google.android.gms/.icing.service.IndexService and for client com.google.android.gms
07-22 18:07:26.140   974  2754 I vendor.qti.hardware.servicetracker@1.2-service: size of service connections for service: com.google.android.gms/.icing.service.IndexServiceafter removal is 0
