07-22 18:08:33.359  5832 14949 D BtGatt.GattService: registerScanner() - UUID=5a93068f-e11f-41b6-85f5-188398b8d186
07-22 18:08:33.360  5832  6219 V bt_stack: [VERBOSE1:bta_gattc_act.cc(200)] bta_gattc_register: state:2
07-22 18:08:33.360  5832  6219 I bt_stack: [INFO:gatt_api.cc(956)] GATT_Register 78794907-acec-fd15-6d19-b1cbf11b3f04
07-22 18:08:33.360  5832  6219 I bt_stack: [INFO:gatt_api.cc(976)] allocated gatt_if=6
07-22 18:08:33.360  5832  6219 V bt_stack: [VERBOSE1:gatt_api.cc(1086)] GATT_StartIf gatt_if=6
07-22 18:08:33.360  5832  6219 V bt_stack: [VERBOSE1:gatt_utils.cc(254)] gatt_find_the_connected_bda start_idx=0
07-22 18:08:33.360  5832  6219 V bt_stack: [VERBOSE1:gatt_utils.cc(266)]  found=0 found_idx=10
07-22 18:08:33.360  5832  5894 D BtGatt.GattService: onScannerRegistered() - UUID=5a93068f-e11f-41b6-85f5-188398b8d186, scannerId=6, status=0
07-22 18:08:33.360  3675  3693 D BluetoothLeScanner: onScannerRegistered() - status=0 scannerId=6 mScannerId=0
07-22 18:08:33.363  2659  2802 D NetworkController.MobileSignalController(1): onSignalStrengthsChanged signalStrength=SignalStrength:{mCdma=CellSignalStrengthCdma: cdmaDbm=2147483647 cdmaEcio=2147483647 evdoDbm=2147483647 evdoEcio=2147483647 evdoSnr=2147483647 miuiLevel=0 level=0,mGsm=CellSignalStrengthGsm: rssi=2147483647 ber=2147483647 mTa=2147483647 miuiLevel=0 mLevel=0,mWcdma=CellSignalStrengthWcdma: ss=2147483647 ber=2147483647 rscp=2147483647 ecno=2147483647 miuiLevel=0 level=0,mTdscdma=CellSignalStrengthTdscdma: rssi=2147483647 ber=2147483647 rscp=2147483647 miuiLevel=0 level=0,mLte=CellSignalStrengthLte: rssi=-75 rsrp=-102 rsrq=-11 rssnr=11 cqi=2147483647 ta=2147483647 miuiLevel=4 level=3 parametersUseForLevel=0,mNr=CellSignalStrengthNr:{ csiRsrp = 2147483647 csiRsrq = 2147483647 csiSinr = 2147483647 ssRsrp = 2147483647 ssRsrq = 2147483647 ssSinr = 2147483647 miuiLevel = 0 level = 0 parametersUseForLevel = 0 },primary=CellSignalStrengthLte} level=3
07-22 18:08:33.363  2659  2802 D NetworkController.MobileSignalController(1): updateTelephonySignalStrength: hasService=true ss=SignalStrength:{mCdma=CellSignalStrengthCdma: cdmaDbm=2147483647 cdmaEcio=2147483647 evdoDbm=2147483647 evdoEcio=2147483647 evdoSnr=2147483647 miuiLevel=0 level=0,mGsm=CellSignalStrengthGsm: rssi=2147483647 ber=2147483647 mTa=2147483647 miuiLevel=0 mLevel=0,mWcdma=CellSignalStrengthWcdma: ss=2147483647 ber=2147483647 rscp=2147483647 ecno=2147483647 miuiLevel=0 level=0,mTdscdma=CellSignalStrengthTdscdma: rssi=2147483647 ber=2147483647 rscp=2147483647 miuiLevel=0 level=0,mLte=CellSignalStrengthLte: rssi=-75 rsrp=-102 rsrq=-11 rssnr=11 cqi=2147483647 ta=2147483647 miuiLevel=4 level=3 parametersUseForLevel=0,mNr=CellSignalStrengthNr:{ csiRsrp = 2147483647 csiRsrq = 2147483647 csiSinr = 2147483647 ssRsrp = 2147483647 ssRsrq = 2147483647 ssSinr = 2147483647 miuiLevel = 0 level = 0 parametersUseForLevel = 0 },primary=CellSignalStrengthLte} displayInfo=TelephonyDisplayInfo {network=LTE, override=NONE}
07-22 18:08:33.363  2659  2802 D NetworkController.MobileSignalController(1): NotQcom5G, signal level = 4
07-22 18:08:33.369  5832 14949 D BtGatt.GattService: start scan with filters. callingPackage: com.google.android.gms
07-22 18:08:33.370  2659  2659 D KeyguardUpdateMonitor: handleTimeUpdate
07-22 18:08:33.371  2659  2659 D StatusBar: disable<e i a s b h r C!s > disable2<q i n >
07-22 18:08:33.371  2659  2659 I MiuiChargeController: dismissChargeAnimation: USER_PRESENT
07-22 18:08:33.371  2659  2659 D KeyguardViewMediator: handleNotifyScreenTurnedOn
07-22 18:08:33.379  5832 14949 E BtGatt.GattService:  [Landroid.content.pm.ServiceInfo;@6acbdc7
07-22 18:08:33.382  5832  5950 I BtGatt.ScanManager: msg.what = 0
07-22 18:08:33.382  5832  5950 D BtGatt.ScanManager: handling starting scan
07-22 18:08:33.383  5832  5950 D BtGatt.ScanManager: isAptXLowLatencyModeEnabled: false
07-22 18:08:33.383  5832  6219 E bt_btm  : BTM_BleObserve Observe Already Active
07-22 18:08:33.383  5832  6219 W bt_btif :  bta_dm_ble_observe BTM_BleObserve  failed. status 6
07-22 18:08:33.385  3675 29667 I NearbySharing: Started scanning for FastInitiation with mode: SCAN_MODE_OPPORTUNISTIC [CONTEXT service_id=194 ]
07-22 18:08:33.386   974  2755 I vendor.qti.hardware.servicetracker@1.2-service: unbindService is called for service : com.google.android.googlequicksearchbox/com.google.android.apps.gsa.search.core.service.SearchService and for client com.google.android.googlequicksearchbox:interactor
07-22 18:08:33.387   974  2755 I vendor.qti.hardware.servicetracker@1.2-service: size of service connections for service: com.google.android.googlequicksearchbox/com.google.android.apps.gsa.search.core.service.SearchServiceafter removal is 0
07-22 18:08:33.387   974  2755 I vendor.qti.hardware.servicetracker@1.2-service: size of client connections for client: com.google.android.googlequicksearchbox:interactorafter removal is 2
07-22 18:08:33.389  1817  2395 I MiuiNetworkPolicy: updateUidState uid = 99180, uidState = 10
07-22 18:08:33.398  2839  2839 I ##XLogger##: #&^jtq2FoU4UfHpQl94tS1TafD8U/jLdnjlSaqIx1YgBFnN7NNG7MOmXBBpbeB4ZGNo83mbtG1rhx8Zrt2q3/65iMUYaP81GJnA54XfA2/Ixw+xqIjkglUq+FQd1wH5KseEKu6ye5qPMlBK874IxKB3pDILWCJ2D2bToA5+3YNua9M=!!ixVnUlJGmLi4+DlIMij2kXlGK/4rq9HBza+814OcHLc95wFz6dtVdeMHKk2PLFtHFmVnnz9eGxKLWYamA1heMYXxlt/hjaBlrr1BfgldH3Pp9ygAglxss4pFxD8gXsAHFITuj5nlZneiRwhj/n9Ss5Mv+Ftyf8AlkLBRyRUaInWc2YLuFlkDYbqIoS3qSWnrC5zNvfcWiQ+J3RZnlWTgng==^&#
07-22 18:08:33.400  2659  2802 D NetworkController: onReceive: intent=Intent { act=android.intent.action.SERVICE_STATE flg=0x1000010 (has extras) }
07-22 18:08:33.401  2947  2947 E RotationHelper: setCurrentTransitionRequest: request=0
07-22 18:08:33.401  2947  2947 E RotationHelper: setCurrentTransitionRequest: request=0
07-22 18:08:33.403  2659  2659 D KeyguardUpdateMonitor: received broadcast android.intent.action.SERVICE_STATE
07-22 18:08:33.404  2659  2659 V KeyguardUpdateMonitor: action android.intent.action.SERVICE_STATE serviceState={mVoiceRegState=0(IN_SERVICE), mDataRegState=0(IN_SERVICE), mChannelNumber=3200, duplexMode()=1, mCellBandwidths=[2147483647], mOperatorAlphaLong=Oi, mOperatorAlphaShort=Oi, isManualNetworkSelection=false(automatic), getRilVoiceRadioTechnology=14(LTE), getRilDataRadioTechnology=14(LTE), mCssIndicator=unsupported, mNetworkId=-1, mSystemId=-1, mCdmaRoamingIndicator=-1, mCdmaDefaultRoamingIndicator=-1, mIsEmergencyOnly=false, isUsingCarrierAggregation=false, mLteEarfcnRsrpBoost=0, mNetworkRegistrationInfos=[NetworkRegistrationInfo{ domain=CS transportType=WWAN registrationState=HOME roamingType=NOT_ROAMING accessNetworkTechnology=LTE rejectCause=0 emergencyEnabled=false availableServices=[VOICE,SMS,VIDEO] cellIdentity=CellIdentityLte:{ mBandwidth=2147483647 mMcc=724 mMnc=31 mAlphaLong=Oi mAlphaShort=Oi mAdditionalPlmns={} mCsgInfo=null} voiceSpecificInfo=VoiceSpecificRegistrationInfo { mCssSupported=false mRoamingIndicator=1 mSystemIsInPrl=-1 mDefaultRoamingIndicator=-1} dataSpecificInfo=null nrState=NONE rRplmn=72431}, NetworkRegistrationInfo{ domain=PS transportType=WWAN registrationState=HOME roamingType=NOT_ROAMING accessNetworkTechnology=LTE rejectCause=0 emergencyEnabled=false availableServices=[DATA] cellIdentity=CellIdentityLte:{ mBandwidth=2147483647 mMcc=724 mMnc=31 mAlphaLong=Oi mAlphaShort=Oi mAdditionalPlmns={} mCsgInfo=null} voiceSpecificInfo=null dataSpecificInfo=android.telephony.DataSpecificRegistrationInfo :{ maxDataCalls = 20 isDcNrRestricted = false isNrAvailable = false isEnDcAvailable = false LteVopsSupportInfo :  mVopsSupport = 2 mEmcBearerSupport = 3 mIsUsingCarrierAggregation = false } nrState=NONE rRplmn=72431}], mNrFrequencyRange=0, mOperatorAlphaLongRaw=Oi, mOperatorAlphaShortRaw=Oi, mIsDataRoamingFromRegistration=false, mIsIwlanPreferred=false} subId=1
07-22 18:08:33.404  2947  2947 D RecentsImpl: mActivityStateObserver com.miui.home.launcher.Launcher
07-22 18:08:33.406   938  6215 I vendor.qti.bluetooth@1.0-ibs_handler: ProcessIbsCmd: Received IBS_SLEEP_IND: 0xFE
07-22 18:08:33.412  2910  2910 I Telephony: isRttCurrentlySupported -- regular acct, hasVoiceAvailability: false
07-22 18:08:33.412  2910  2910 I Telephony:  isRttSupported: false
07-22 18:08:33.412  2910  2910 I Telephony:  isRoaming: false
07-22 18:08:33.412  2910  2910 I Telephony:  isOnWfc: false
07-22 18:08:33.417  2659  2659 D KeyguardUpdateMonitor: handleServiceStateChange(subId=1, serviceState={mVoiceRegState=0(IN_SERVICE), mDataRegState=0(IN_SERVICE), mChannelNumber=3200, duplexMode()=1, mCellBandwidths=[2147483647], mOperatorAlphaLong=Oi, mOperatorAlphaShort=Oi, isManualNetworkSelection=false(automatic), getRilVoiceRadioTechnology=14(LTE), getRilDataRadioTechnology=14(LTE), mCssIndicator=unsupported, mNetworkId=-1, mSystemId=-1, mCdmaRoamingIndicator=-1, mCdmaDefaultRoamingIndicator=-1, mIsEmergencyOnly=false, isUsingCarrierAggregation=false, mLteEarfcnRsrpBoost=0, mNetworkRegistrationInfos=[NetworkRegistrationInfo{ domain=CS transportType=WWAN registrationState=HOME roamingType=NOT_ROAMING accessNetworkTechnology=LTE rejectCause=0 emergencyEnabled=false availableServices=[VOICE,SMS,VIDEO] cellIdentity=CellIdentityLte:{ mBandwidth=2147483647 mMcc=724 mMnc=31 mAlphaLong=Oi mAlphaShort=Oi mAdditionalPlmns={} mCsgInfo=null} voiceSpecificInfo=VoiceSpecificRegistrationInfo { mCssSupported=false mRoamingIndicator=1 mSystemIsInPrl=-1 mDefaultRoamingIndicator=-1} dataSpecificInfo=null nrState=NONE rRplmn=72431}, NetworkRegistrationInfo{ domain=PS transportType=WWAN registrationState=HOME roamingType=NOT_ROAMING accessNetworkTechnology=LTE rejectCause=0 emergencyEnabled=false availableServices=[DATA] cellIdentity=CellIdentityLte:{ mBandwidth=2147483647 mMcc=724 mMnc=31 mAlphaLong=Oi mAlphaShort=Oi mAdditionalPlmns={} mCsgInfo=null} voiceSpecificInfo=null dataSpecificInfo=android.telephony.DataSpecificRegistrationInfo :{ maxDataCalls = 20 isDcNrRestricted = false isNrAvailable = false isEnDcAvailable = false LteVopsSupportInfo :  mVopsSupport = 2 mEmcBearerSupport = 3 mIsUsingCarrierAggregation = false } nrState=NONE rRplmn=72431}], mNrFrequencyRange=0, mOperatorAlphaLongRaw=Oi, mOperatorAlphaShortRaw=Oi, mIsDataRoamingFromRegistration=false, mIsIwlanPreferred=false}
07-22 18:08:33.424  1817  1817 D MiuiWifiService: receive BroadcastReceiver action = : android.intent.action.USER_PRESENT, mIsWifiEnabled = : true, mIsWifiAutoDisabled = : false, mIsWifiWakeupEnabled = : false
07-22 18:08:33.425  2659  2659 D MiuiCarrierTextController: updateCarrierText: Oi
07-22 18:08:33.427  1582  1735 D [GF_HAL][gf_hal_device]: [gf_hal_netlink_recv] send message value=1
07-22 18:08:33.428  1582  1734 D [gf_ca_entry]: [gf_ca_invoke_command] enter
07-22 18:08:33.428  1582  1734 D [gf_ca_entry]: [gf_ta_send_modified_cmd_req] enter
07-22 18:08:33.428  1582  1734 D [gf_ca_entry]: [gf_ta_send_modified_cmd_req] begin token 3106, cmd_id=1016
07-22 18:08:33.428  1582  1734 D [gf_sec_ion]: [gf_sec_ion_malloc] enter
07-22 18:08:33.428  1582  1734 D [gf_sec_ion]: [gf_sec_ion_malloc] gf_sec_ion_malloc data_size = 327680
07-22 18:08:33.428  1582  1734 D [gf_sec_ion]: [gf_sec_ion_malloc] exit
07-22 18:08:33.428  1582  1734 D [gf_ca_entry]: [gf_ta_send_modified_cmd_req] whitebox is disabled.
07-22 18:08:33.434  2910  2910 D Telephony: Ss changed, mIsEmergencyOnly=false,slotId=1
07-22 18:08:33.443  1817  5487 D CompatibilityInfo: mCompatibilityFlags - 0
07-22 18:08:33.444  1817  5487 D CompatibilityInfo: applicationDensity - 440
07-22 18:08:33.444  1817  5487 D CompatibilityInfo: applicationScale - 1.0
07-22 18:08:33.443   830   830 D Zygote  : Forked child process 5347
07-22 18:08:33.444   974  2755 I vendor.qti.hardware.servicetracker@1.2-service: startService() is called for servicecom.google.android.gms/.chimera.GmsIntentOperationService
07-22 18:08:33.447  5347  5347 W Zygote  : Unable to open libbeluga.so: dlopen failed: library "libbeluga.so" not found.
07-22 18:08:33.449   974  2755 I vendor.qti.hardware.servicetracker@1.2-service: unbindService is called for service : com.xiaomi.discover/com.xiaomi.market.data.AppDownloadService and for client com.mi.android.globallauncher
07-22 18:08:33.451  2573  3504 D KeyguardWallpaperRenderer: OFFSET  x: 0.0  y: 0.0
07-22 18:08:33.458  2573  2650 D HomeWallpaperRenderer: OFFSET  x: 0.0  y: 0.0
07-22 18:08:33.467  2573  2573 D KeyguradWallpaperSourceController: set_lock_wallpaper_result:false
07-22 18:08:33.467  1582  1734 D [gf_sec_ion]: [gf_sec_ion_free] enter
07-22 18:08:33.467  1582  1734 D [gf_sec_ion]: [gf_sec_ion_free] gf_sec_ion_free ion_local_flag is not true
07-22 18:08:33.467  1582  1734 D [gf_sec_ion]: [gf_sec_ion_free] exit
07-22 18:08:33.467  1582  1734 D [gf_ca_entry]: [gf_ta_send_modified_cmd_req] exit
07-22 18:08:33.467  1582  1734 D [gf_ca_entry]: [gf_ca_invoke_command] gx_ta_send_modified_cmd_req success
07-22 18:08:33.467  1582  1734 D [gf_ca_entry]: [gf_ca_invoke_command] ta execution succeed
07-22 18:08:33.467  1582  1734 D [gf_ca_entry]: [gf_ca_invoke_command] exit
07-22 18:08:33.467  1582  1734 D [GF_HAL][gf_hal_milan]: [hal_milan_invoke_command] cmd_id=GF_CMD_IRQ, cmd_id=1016
07-22 18:08:33.467  1582  1734 D [GF_HAL][gf_hal_milan]: [hal_milan_invoke_command] g_mode=MODE_KEY, g_mode=1
07-22 18:08:33.467  1582  1734 D [GF_HAL][gf_hal_milan]: [hal_milan_invoke_command] g_operation=OPERATION_HOME_KEY, g_operation=9
07-22 18:08:33.467  1582  1734 I [GF_HAL][gf_hal_milan]: [irq_pre_process] irq_type=[GF_IRQ_FINGER_UP_MASK], irq_type=0x0004
07-22 18:08:33.467  1582  1734 D [GF_HAL][gf_hal_milan]: [irq_pre_process] g_is_down_detected=1
07-22 18:08:33.467  1582  1734 D [GF_HAL][gf_hal_milan]: [irq_pre_process] GF_IRQ_FINGER_UP_MASK
07-22 18:08:33.467  1582  1734 D [GF_HAL][gf_hal_milan]: [irq_pre_process] set g_is_down_detected=0
07-22 18:08:33.467  1582  1734 D android.hardware.biometrics.fingerprint@2.1-service: onAcquired(6)(23)
07-22 18:08:33.468  1582  1734 D [GF_HAL][gf_hal_milan]: dump the authenticate and enroll data
07-22 18:08:33.468  1582  1734 D [GF_HAL][gf_hal_dump]: [gf_hal_dump_data_by_operation] dump operation<1> for err_code<0> not allowed
07-22 18:08:33.472  3675 29667 I NearbySharing: Fast Initiation Scanning has started [CONTEXT service_id=194 ]
07-22 18:08:33.473  3675 29667 I NearbySharing: Dismissing HUN as there's no device nearby. [CONTEXT service_id=194 ]
07-22 18:08:33.473  3675 29667 I NearbySharing: Cancelling in use notification [CONTEXT service_id=194 ]
07-22 18:08:33.480   974  2755 I vendor.qti.hardware.servicetracker@1.2-service: unbindService is called for service : com.xiaomi.discover/com.xiaomi.market.data.AppDownloadService and for client com.mi.android.globallauncher
07-22 18:08:33.480   974  2755 I vendor.qti.hardware.servicetracker@1.2-service: size of service connections for service: com.xiaomi.discover/com.xiaomi.market.data.AppDownloadServiceafter removal is 0
07-22 18:08:33.480   974  2755 I vendor.qti.hardware.servicetracker@1.2-service: size of client connections for client: com.mi.android.globallauncherafter removal is 2
07-22 18:08:33.480   974  2755 I vendor.qti.hardware.servicetracker@1.2-service: destroyService is called for service : com.xiaomi.discover/com.xiaomi.market.data.AppDownloadService
07-22 18:08:33.483  1817  2395 I MiuiNetworkPolicy: updateUidState uid = 10351, uidState = 19
07-22 18:08:33.483  1817  2395 I MiuiNetworkPolicy: updateUidState uid = 10116, uidState = 10
07-22 18:08:33.485  5347  5347 E oadcastreceive: Not starting debugger since process cannot load the jdwp agent.
07-22 18:08:33.492  1817  2395 I MiuiNetworkPolicy: updateUidState uid = 10116, uidState = 19
07-22 18:08:33.501  3675 29667 I NearbyMediums: BluetoothAdapter's name was not set by Nearby Connections, ignoring call to restore default scan mode. [CONTEXT service_id=54 ]
07-22 18:08:33.502   974  2754 I vendor.qti.hardware.servicetracker@1.2-service: bindService is called for service : com.google.android.gms/.chimera.CastPersistentBoundBrokerService and for client com.google.android.gms.persistent
07-22 18:08:33.502   974  2754 I vendor.qti.hardware.servicetracker@1.2-service: total connections for service : com.google.android.gms/.chimera.CastPersistentBoundBrokerServiceare :1
07-22 18:08:33.502  1817  5487 D CompatibilityInfo: mCompatibilityFlags - 0
07-22 18:08:33.502   974  2754 I vendor.qti.hardware.servicetracker@1.2-service: total connections for client : com.google.android.gms.persistentare :6
07-22 18:08:33.502  1817  5487 D CompatibilityInfo: applicationDensity - 440
07-22 18:08:33.502  1817  5487 D CompatibilityInfo: applicationScale - 1.0
07-22 18:08:33.502  3675 29667 I NearbyMediums: BluetoothAdapter's name was not set by Nearby Connections, ignoring call to restore device name [CONTEXT service_id=54 ]
07-22 18:08:33.502   974  2754 I vendor.qti.hardware.servicetracker@1.2-service: startService() is called for servicecom.google.android.gms/.chimera.CastPersistentBoundBrokerService
07-22 18:08:33.504  3675  3675 D BoundBrokerSvc: onBind: Intent { act=com.google.android.gms.cast.firstparty.START dat=chimera-action:com.google.android.gms.cast.firstparty.START cmp=com.google.android.gms/.chimera.CastPersistentBoundBrokerService }
07-22 18:08:33.504  3675  3675 D BoundBrokerSvc: Loading bound service for intent: Intent { act=com.google.android.gms.cast.firstparty.START dat=chimera-action:com.google.android.gms.cast.firstparty.START cmp=com.google.android.gms/.chimera.CastPersistentBoundBrokerService }
07-22 18:08:33.504   974  2754 I vendor.qti.hardware.servicetracker@1.2-service: bindService is called for service : com.google.android.gms/.chimera.GmsBoundBrokerService and for client com.google.android.gms
07-22 18:08:33.504   974  2754 I vendor.qti.hardware.servicetracker@1.2-service: total connections for service : com.google.android.gms/.chimera.GmsBoundBrokerServiceare :6
07-22 18:08:33.504   974  2754 I vendor.qti.hardware.servicetracker@1.2-service: total connections for client : com.google.android.gmsare :7
07-22 18:08:33.514   974  2754 I vendor.qti.hardware.servicetracker@1.2-service: bindService is called for service : com.google.android.gms/.chimera.PersistentDirectBootAwareApiService and for client com.google.android.gms
07-22 18:08:33.514   974  2754 I vendor.qti.hardware.servicetracker@1.2-service: total connections for service : com.google.android.gms/.chimera.PersistentDirectBootAwareApiServiceare :10
07-22 18:08:33.514   974  2754 I vendor.qti.hardware.servicetracker@1.2-service: total connections for client : com.google.android.gmsare :7
07-22 18:08:33.519  1817  5487 D CompatibilityInfo: mCompatibilityFlags - 0
07-22 18:08:33.519  1817  5487 D CompatibilityInfo: applicationDensity - 440
07-22 18:08:33.519  1817  5487 D CompatibilityInfo: applicationScale - 1.0
07-22 18:08:33.522  1817  5487 D CompatibilityInfo: mCompatibilityFlags - 0
07-22 18:08:33.522  1817  5487 D CompatibilityInfo: applicationDensity - 440
07-22 18:08:33.522  1817  5487 D CompatibilityInfo: applicationScale - 1.0
07-22 18:08:33.523  4767  5299 W A       : (REDACTED) Queue length for executor %s is now %d. Perhaps some tasks are too long, or the pool is too small.
07-22 18:08:33.523   974  2754 I vendor.qti.hardware.servicetracker@1.2-service: bindService is called for service : com.google.android.gms/.chimera.PersistentBoundBrokerService and for client com.google.android.gms.persistent
07-22 18:08:33.523   974  2754 I vendor.qti.hardware.servicetracker@1.2-service: total connections for service : com.google.android.gms/.chimera.PersistentBoundBrokerServiceare :3
07-22 18:08:33.523   974  2754 I vendor.qti.hardware.servicetracker@1.2-service: total connections for client : com.google.android.gms.persistentare :6
07-22 18:08:33.524  1817  2395 I MiuiNetworkPolicy: updateUidState uid = 10351, uidState = 11
07-22 18:08:33.527  1817  1817 D MiuiWifiService: receive BroadcastReceiver action = : android.intent.action.SCREEN_ON, mIsWifiEnabled = : true, mIsWifiAutoDisabled = : false, mIsWifiWakeupEnabled = : false
07-22 18:08:33.528  1817  2483 D SlaveWifiManager: getWifiSlaveConnectionInfo
07-22 18:08:33.528  1817  2483 D SlaveWifiManager: getWifiSlaveConnectionInfo
07-22 18:08:33.530  1817  2410 E WifiClientModeImpl-S: getWifiLinkLayerStats called without an interface
07-22 18:08:33.530  2866  3945 D QCNEJ/WlanStaInfoRelay: Received action: android.net.wifi.RSSI_CHANGED
07-22 18:08:33.531  1817  2410 E WifiClientModeImpl-S: getWifiLinkLayerStats called without an interface
07-22 18:08:33.532  2659  2802 D NetworkController: onReceive: intent=Intent { act=android.net.wifi.RSSI_CHANGED flg=0x4000010 (has extras) }
07-22 18:08:33.535   935 11768 D audio_hw_primary: adev_set_parameters: enter: screen_state=on
07-22 18:08:33.535   935 11768 D audio_hw_hfp: hfp_set_parameters: enter
07-22 18:08:33.535   935 11768 W sound_trigger_hw: sound_trigger_hw_call_back: Unknown event 17
07-22 18:08:33.535   935 11768 D audio_hw_hfp: hfp_set_parameters: enter
07-22 18:08:33.535   935 11768 D audio_hw_extn: audio_extn_fm_set_parameters: Enter
07-22 18:08:33.535   935 11768 D audio_hw_hfp: hfp_set_parameters: enter
07-22 18:08:33.536  1043  1043 I AudioFlinger: setGameParameters keyvalue: screen_state=on
07-22 18:08:33.544  3675  3714 I DiscoveryManager: WifiGuestModeDeviceScanner enabled.
07-22 18:08:33.545  3675  5286 I CastDatabase: Opening the database
07-22 18:08:33.545  4767  5371 I A       : getLocaleToModelSpecsMap
07-22 18:08:33.545  4767  5371 I A       : Using proto config with mendel
07-22 18:08:33.546  1817  2483 D SlaveWifiManager: getWifiSlaveConnectionInfo
07-22 18:08:33.547  1817  2483 I chatty  : uid=1000(system) ConnectivitySer identical 35 lines
07-22 18:08:33.547  1817  2483 D SlaveWifiManager: getWifiSlaveConnectionInfo
07-22 18:08:33.547  3675  3714 I DatabaseProcessor: CastAuthContentServiceClient usage flagged OFF
07-22 18:08:33.547  1817  2483 D SlaveWifiManager: getWifiSlaveConnectionInfo
07-22 18:08:33.547  1817  2483 I chatty  : uid=1000(system) ConnectivitySer identical 5 lines
07-22 18:08:33.547  1817  2483 D SlaveWifiManager: getWifiSlaveConnectionInfo
07-22 18:08:33.549  3675  5286 I SQLiteCastStore: 0 CastNetworkInfo instances loaded, 0 CastDeviceInfo instances loaded, 0 paired guest mode devices loaded.
07-22 18:08:33.564   974  2754 I vendor.qti.hardware.servicetracker@1.2-service: bindService is called for service : com.google.android.gms/.chimera.PersistentApiService and for client com.google.android.googlequicksearchbox:search
07-22 18:08:33.564   974  2754 I vendor.qti.hardware.servicetracker@1.2-service: total connections for service : com.google.android.gms/.chimera.PersistentApiServiceare :10
07-22 18:08:33.564   974  2754 I vendor.qti.hardware.servicetracker@1.2-service: total connections for client : com.google.android.googlequicksearchbox:searchare :5
07-22 18:08:33.566   952   952 I sensors-hal: batch:242, android.sensor.light/51, period=200000000, max_latency=0
07-22 18:08:33.566   952   952 I sensors-hal: set_config:63, sample_period_ns is adjusted to 0 based on min/max delay_ns
07-22 18:08:33.566   952   952 I sensors-hal: batch:251, android.sensor.light/51, period=200000000, max_latency=0 request completed
07-22 18:08:33.570  4767  5371 I A       : getLocaleToModelSpecsMap
07-22 18:08:33.571  4767  5371 I A       : Using proto config with mendel
07-22 18:08:33.575  2659  2802 D NetworkController.MobileSignalController(1): onDataActivity: direction=0
07-22 18:08:33.578  2659  2802 D NetworkController.MobileSignalController(1): onDataActivity: direction=0
07-22 18:08:33.578   974  2754 I vendor.qti.hardware.servicetracker@1.2-service: bindService is called for service : com.google.android.gms/.chimera.PersistentDirectBootAwareApiService and for client com.google.android.googlequicksearchbox:search
07-22 18:08:33.578   974  2754 I vendor.qti.hardware.servicetracker@1.2-service: total connections for service : com.google.android.gms/.chimera.PersistentDirectBootAwareApiServiceare :11
07-22 18:08:33.578   974  2754 I vendor.qti.hardware.servicetracker@1.2-service: total connections for client : com.google.android.googlequicksearchbox:searchare :6
07-22 18:08:33.580  4350  4350 D NfcService: nfc >> screen on
07-22 18:08:33.581  4350  4350 D NfcService: MSG_APPLY_SCREEN_STATE 8
07-22 18:08:33.581  4350  4350 D NfcService: applyRouting enter
07-22 18:08:33.582  4350  5004 D NfcService: applyRouting enter
07-22 18:08:33.582  4767  5371 I A       : (REDACTED) registerScope: %s
07-22 18:08:33.585  4268  4268 E HwDetectorWithState: (REDACTED) a: %d
07-22 18:08:33.585  4268  4268 E A       : (REDACTED) FASE: %b, SHwR: %b, ACR: %b, HR: %b, ACbSS: %b, ACbHE: %b, SO:%b, ARS: %b
07-22 18:08:33.587  4996  4996 D PowerNoticeUI: ScreenOnEvent
07-22 18:08:33.590   952   952 I sensors-hal: batch:242, android.sensor.proximity/82, period=200000000, max_latency=0
07-22 18:08:33.590   952   952 I sensors-hal: set_config:63, sample_period_ns is adjusted to 0 based on min/max delay_ns
07-22 18:08:33.590   952   952 I sensors-hal: batch:251, android.sensor.proximity/82, period=200000000, max_latency=0 request completed
07-22 18:08:33.594  4380  4380 D SYS_EVENT: send event 16 notification to client
07-22 18:08:33.595  5646  5787 D PowerCheckerService: foreground, uid = 10077, app = com.mi.android.globallauncher
07-22 18:08:33.596  4531  4531 E SUI_svcsock: svc_sock_send_message(suisvc): invalid remote socket suilst
07-22 18:08:33.597  5347  5347 I Perf    : Connecting to perf service.
07-22 18:08:33.599  1817  4780 D MIUIInput: [FoucsChange]: Display  0 FocusedWindow From Window{153c916 mode=1 rootTaskId=1 u0 ScreenOnProximitySensorGuide}(1,1)  to null(0,0)
07-22 18:08:33.601  1817  1881 D WindowManager: trim threaded renderer complete
07-22 18:08:33.611  1817  4780 D MIUIInput: [FoucsChange]: Display  0 FocusedWindow From null(0,0)  to Window{68ec8f7 mode=1 rootTaskId=1 u0 com.mi.android.globallauncher/com.miui.home.launcher.Launcher}(1,1)
07-22 18:08:33.621  9564  9564 D MiShare:MiShareService: onReceive action=android.intent.action.SCREEN_ON
07-22 18:08:33.622  2852  2852 D DeviceStatisticsService: Send device is interactive
07-22 18:08:33.622  2852  2852 D DeviceInfoHidlClient: getDeviceInfoSupportStatus()=-1
07-22 18:08:33.632  2659  2659 D QS      : setListening false
07-22 18:08:33.636  3675 29667 I NearbySharing: Screen is unlocked [CONTEXT service_id=194 ]
07-22 18:08:33.636  3675 29667 I NearbyMediums: FEATURE_UWB exists: false [CONTEXT service_id=54 ]
07-22 18:08:33.636  3675 29667 I NearbyMediums: FEATURE_SAMSUNG_UWB  exists: false [CONTEXT service_id=54 ]
07-22 18:08:33.636  3675 29667 I NearbyMediums: FEATURE_UWB exists: false [CONTEXT service_id=54 ]
07-22 18:08:33.636  3675 29667 I NearbyMediums: FEATURE_SAMSUNG_UWB  exists: false [CONTEXT service_id=54 ]
07-22 18:08:33.636  3675 29667 I NearbyMediums: FEATURE_UWB exists: false [CONTEXT service_id=54 ]
07-22 18:08:33.636  3675 29667 I NearbyMediums: FEATURE_SAMSUNG_UWB  exists: false [CONTEXT service_id=54 ]
07-22 18:08:33.636  3675 29667 I NearbyMediums: FEATURE_UWB exists: false [CONTEXT service_id=54 ]
07-22 18:08:33.636  3675 29667 I NearbyMediums: FEATURE_SAMSUNG_UWB  exists: false [CONTEXT service_id=54 ]
07-22 18:08:33.636  3675 29667 I NearbySharing: Failed to stop scanning because weren't scanning. [CONTEXT service_id=194 ]
07-22 18:08:33.636  3675 29667 I NearbySharing: Stopping discovery because Bluetooth is disabled. [CONTEXT service_id=194 ]
07-22 18:08:33.636  3675 29667 I NearbySharing: Can't stop advertising FastInitiation. Not advertising. [CONTEXT service_id=194 ]
07-22 18:08:33.636  3675 29667 I NearbySharing: Stopping Fast Init advertisement because Bluetooth is off. [CONTEXT service_id=194 ]
07-22 18:08:33.637  3675 29667 I NearbySharing: Stopping advertising because Bluetooth is disabled. [CONTEXT service_id=194 ]
07-22 18:08:33.638  3675 29667 D BluetoothAdapter: isLeEnabled(): BLE_ON
07-22 18:08:33.639  3675 29667 I NearbySharing: Failed to scan for fast initiation because we're already scanning with isHighPowerAllowed=false. [CONTEXT service_id=194 ]
07-22 18:08:33.639  3675 29667 I NearbySharing: Dismissing HUN as there's no device nearby. [CONTEXT service_id=194 ]
07-22 18:08:33.639  3675 29667 I NearbySharing: Cancelling in use notification [CONTEXT service_id=194 ]
07-22 18:08:33.639  3675  3862 I NearbyDiscovery: FastPairHandler: Received action android.intent.action.SCREEN_ON [CONTEXT service_id=49 ]
07-22 18:08:33.642  4767  5371 W A       : Server did not send DisplayProperties
07-22 18:08:33.643  3675  3814 I Nearby  : [MBleClient] Start ble scanning from NearbyDirect:BluetoothAdapterWrapper, context tag = nearby_messages [CONTEXT service_id=49 ]
07-22 18:08:33.643  3675  3814 D BluetoothAdapter: isLeEnabled(): BLE_ON
07-22 18:08:33.644  5832  6731 D BtGatt.GattService: stopScan() - queue size =3
07-22 18:08:33.645  5832  5950 I BtGatt.ScanManager: msg.what = 1
07-22 18:08:33.645  3675  3862 I NearbyDiscovery: FastPairScanner: isScreenOn=true, scanWithScreenOff=false, isLocationEnabled=true, disableLocationRequirement=false, isDiscoveryScanningEnabled=true, during24GhzWifiWarmingUpPeriod=false [CONTEXT service_id=49 ]
07-22 18:08:33.645  5832  6731 D BtGatt.GattService: unregisterScanner() - scannerId=4
07-22 18:08:33.645  5832  6219 V bt_stack: [VERBOSE1:gatt_api.cc(999)] GATT_Deregister gatt_if=4
07-22 18:08:33.645  5832  6219 V bt_stack: [VERBOSE1:connection_manager.cc(161)] on_app_deregistered : app_id 0x04
07-22 18:08:33.647  3675  3814 I Nearby  : [MBleClient] M hardware scan: 1 clients, scanMode= LOW_LATENCY, callback type= ALL_MATCHES [CONTEXT service_id=49 ]
07-22 18:08:33.647  3675  3862 D BluetoothAdapter: isLeEnabled(): BLE_ON
07-22 18:08:33.647  3675  3862 I NearbyDiscovery: FastPairScanner: eventType=SCREEN_ON, intReq=false, scanning=true, scanAllowed=true, bleEnabled=true, bleScanAvailable=true, lockScanRate=false [CONTEXT service_id=49 ]
07-22 18:08:33.647  3675  3814 D BluetoothAdapter: isLeEnabled(): BLE_ON
07-22 18:08:33.650  4120 10347 E libc    : Access denied finding property "ro.ril.oem.psno"
07-22 18:08:33.651  5832  6731 D BtGatt.GattService: registerScanner() - UUID=e71a1b79-b08d-482a-a238-8266df98fa6a
07-22 18:08:33.652  5832  6219 V bt_stack: [VERBOSE1:bta_gattc_act.cc(200)] bta_gattc_register: state:2
07-22 18:08:33.652  5832  6219 I bt_stack: [INFO:gatt_api.cc(956)] GATT_Register f7c2b803-2ec4-903d-a80e-bd07e6a3ab08
07-22 18:08:33.652  5832  6219 I bt_stack: [INFO:gatt_api.cc(976)] allocated gatt_if=4
07-22 18:08:33.652  5832  6219 V bt_stack: [VERBOSE1:gatt_api.cc(1086)] GATT_StartIf gatt_if=4
07-22 18:08:33.652  5832  6219 V bt_stack: [VERBOSE1:gatt_utils.cc(254)] gatt_find_the_connected_bda start_idx=0
07-22 18:08:33.652  5832  5894 D BtGatt.GattService: onScannerRegistered() - UUID=e71a1b79-b08d-482a-a238-8266df98fa6a, scannerId=4, status=0
07-22 18:08:33.652  5832  6219 V bt_stack: [VERBOSE1:gatt_utils.cc(266)]  found=0 found_idx=10
07-22 18:08:33.653  3675  3693 D BluetoothLeScanner: onScannerRegistered() - status=0 scannerId=4 mScannerId=0
07-22 18:08:33.641  4120  4120 W pool-4-thread-1: type=1400 audit(0.0:490360): avc: denied { read } for name="u:object_r:sno_prop:s0" dev="tmpfs" ino=10037 scontext=u:r:platform_app:s0:c512,c768 tcontext=u:object_r:sno_prop:s0 tclass=file permissive=0 app=com.miui.analytics
07-22 18:08:33.659  5832  6731 D BtGatt.GattService: start scan with filters. callingPackage: com.google.android.gms
07-22 18:08:33.660  5832  6731 E BtGatt.GattService:  [Landroid.content.pm.ServiceInfo;@6acbdc7
07-22 18:08:33.661  5347  5347 D NetworkSecurityConfig: No Network Security Config specified, using platform default
07-22 18:08:33.661  5347  5347 D NetworkSecurityConfig: No Network Security Config specified, using platform default
07-22 18:08:33.662  5832  5950 I BtGatt.ScanManager: msg.what = 0
07-22 18:08:33.662  5832  5950 D BtGatt.ScanManager: handling starting scan
07-22 18:08:33.663  5832  5950 D BtGatt.ScanManager: isAptXLowLatencyModeEnabled: false
07-22 18:08:33.663  1817  2395 I MiuiNetworkPolicy: updateUidState uid = 10116, uidState = 19
07-22 18:08:33.664   938  6215 I vendor.qti.bluetooth@1.0-ibs_handler: ProcessIbsCmd: Received IBS_WAKE_IND: 0xFD
07-22 18:08:33.664   938  6215 I vendor.qti.bluetooth@1.0-ibs_handler: ProcessIbsCmd: Writing IBS_WAKE_ACK
07-22 18:08:33.665  5832  5894 D BtGatt.GattService: onScanFilterEnableDisabled() - clientIf=4, status=0, action=1
07-22 18:08:33.665  5832  5894 D BtGatt.ScanManager: callback done for scannerId - 4 status - 0
07-22 18:08:33.665  5832  5950 D BtGatt.ScanManager: Available Filter size: 12
07-22 18:08:33.667  7758 10383 W NsdServiceInfo: Key lengths > 9 are discouraged: commonData
07-22 18:08:33.667  5832  5894 D BtGatt.GattService: onScanFilterConfig() - clientIf=4, action = 0 status = 0, filterType=0, availableSpace=0
07-22 18:08:33.667  5832  5894 D BtGatt.ScanManager: callback done for scannerId - 4 status - 0
07-22 18:08:33.667  5832  5950 D BtGatt.ScanManager: configureFilterParamter 500 10000 1 0, deliveryMode=0
07-22 18:08:33.671  5832  5894 D BtGatt.GattService: onScanFilterParamsConfigured() - clientIf=4, status=0, action=0, availableSpace=14
07-22 18:08:33.671  5832  5894 D BtGatt.ScanManager: callback done for scannerId - 4 status - 0
07-22 18:08:33.671  5832  6219 I bt_stack: [INFO:btm_ble_adv_filter.cc(693)] BTM_LE_PF_set UUID MASK is empty
07-22 18:08:33.671  5832  5894 D BtGatt.GattService: onScanFilterConfig() - clientIf=4, action = 0 status = 0, filterType=0, availableSpace=0
07-22 18:08:33.671  5832  5894 D BtGatt.ScanManager: callback done for scannerId - 4 status - 0
07-22 18:08:33.672  5832  5950 D BtGatt.ScanManager: configureFilterParamter 500 10000 1 0, deliveryMode=0
07-22 18:08:33.673  5832  5894 D BtGatt.GattService: onScanFilterParamsConfigured() - clientIf=4, status=0, action=0, availableSpace=13
07-22 18:08:33.673  5832  5894 D BtGatt.ScanManager: callback done for scannerId - 4 status - 0
07-22 18:08:33.674  5832  6219 I bt_stack: [INFO:btm_ble_adv_filter.cc(693)] BTM_LE_PF_set UUID MASK is empty
07-22 18:08:33.674  5832  5894 D BtGatt.GattService: onScanFilterConfig() - clientIf=4, action = 0 status = 0, filterType=0, availableSpace=0
07-22 18:08:33.674  5832  5894 D BtGatt.ScanManager: callback done for scannerId - 4 status - 0
07-22 18:08:33.674  5832  5950 D BtGatt.ScanManager: configureFilterParamter 500 10000 1 0, deliveryMode=0
07-22 18:08:33.675   969   969 I ANDR-PERF-LM: LMPerfGlue: perfmodule_submit_request() 132: perfmodule_submit_request()
07-22 18:08:33.675   969   969 I ANDR-PERF-LM: Core: getInstance() 84: LM getInstance
07-22 18:08:33.675   969   969 D ANDR-PERF-LM: Feature: lookup() 101: Feature Name = AppClassifier, total featuers = 3, featureFound = 1
07-22 18:08:33.675   969   969 D ANDR-PERF-LM: Feature: getData() 112: data.data = 0
07-22 18:08:33.675   969   969 I ANDR-PERF-LM: FeedbackAPI: getFeedback() 60: app:com.google.android.cellbroadcastreceiver feature:AppClassifier feedback = 0
07-22 18:08:33.676  5832  5894 D BtGatt.GattService: onScanFilterParamsConfigured() - clientIf=4, status=0, action=0, availableSpace=12
07-22 18:08:33.676  5832  5894 D BtGatt.ScanManager: callback done for scannerId - 4 status - 0
07-22 18:08:33.676  5832  6219 I bt_stack: [INFO:btm_ble_adv_filter.cc(693)] BTM_LE_PF_set UUID MASK is empty
07-22 18:08:33.676  5832  5894 D BtGatt.GattService: onScanFilterConfig() - clientIf=4, action = 0 status = 0, filterType=0, availableSpace=0
07-22 18:08:33.676  5832  5894 D BtGatt.ScanManager: callback done for scannerId - 4 status - 0
07-22 18:08:33.677  5832  5950 D BtGatt.ScanManager: configureFilterParamter 500 10000 1 0, deliveryMode=0
07-22 18:08:33.679  5832  5894 D BtGatt.GattService: onScanFilterParamsConfigured() - clientIf=4, status=0, action=0, availableSpace=11
07-22 18:08:33.679  5832  5894 D BtGatt.ScanManager: callback done for scannerId - 4 status - 0
07-22 18:08:33.680  5832  5894 D BtGatt.GattService: onScanFilterConfig() - clientIf=4, action = 0 status = 0, filterType=0, availableSpace=0
07-22 18:08:33.680  5832  5894 D BtGatt.ScanManager: callback done for scannerId - 4 status - 0
07-22 18:08:33.680  5832  5950 D BtGatt.ScanManager: configureFilterParamter 500 10000 1 0, deliveryMode=0
07-22 18:08:33.681  5347  5347 D CellBroadcastReceiver: onReceive Intent { act=android.intent.action.SERVICE_STATE flg=0x1000010 cmp=com.google.android.cellbroadcastreceiver/com.android.cellbroadcastreceiver.CellBroadcastReceiver (has extras) }
07-22 18:08:33.682  5832  5894 D BtGatt.GattService: onScanFilterParamsConfigured() - clientIf=4, status=0, action=0, availableSpace=10
07-22 18:08:33.682  5832  5894 D BtGatt.ScanManager: callback done for scannerId - 4 status - 0
07-22 18:08:33.683  5832  5950 D BtGatt.ScanManager: configureRegularScanParams() - queue=3
07-22 18:08:33.683  5832  5950 D BtGatt.ScanManager: configureRegularScanParams() - ScanSetting LE 1M Scan mode=2ScanSetting LE Coded Scan mode=2 mLastConfiguredScanSettingLE1M=2 mLastConfiguredScanSettingLECoded=2scanPhy=255
07-22 18:08:33.683  5832  5950 D BtGatt.ScanManager: configureRegularScanParams - scanInterval LE 1M = 4096configureRegularScanParams - scanWindow LE 1M= 4096configureRegularScanParams - scanInterval LE Coded= 4096configureRegularScanParams - scanWindow LE Coded= 4096
07-22 18:08:33.685  5832  5894 D BtGatt.GattService: onScanParamSetupCompleted : 0
07-22 18:08:33.687  4767  5371 I A       : getLocaleToModelSpecsMap
07-22 18:08:33.687  4767  5371 I A       : Using proto config with mendel
07-22 18:08:33.687  4767  5371 I A       : getLocaleToModelSpecsMap
07-22 18:08:33.687  4767  5371 I A       : Using proto config with mendel
07-22 18:08:33.687  4767  5371 I A       : (REDACTED) Skipping. Expected model: %s Found: %s
07-22 18:08:33.687  4767  5371 I chatty  : uid=10191(com.google.android.googlequicksearchbox) EventBus0 identical 1 line
07-22 18:08:33.687  4767  5371 I A       : (REDACTED) Skipping. Expected model: %s Found: %s
07-22 18:08:33.688  4767  5371 I A       : (REDACTED) Adding from config to map. Locale: %s modelPrefix: %s Location:%s isSpeakerIdSupported: %b
07-22 18:08:33.688  4767  5371 I A       : (REDACTED) Skipping. Expected model: %s Found: %s
07-22 18:08:33.688  4767  5371 I A       : getLocaleToModelSpecsMap
07-22 18:08:33.688  4767  5371 I A       : Using proto config with mendel
07-22 18:08:33.689  4767  5371 I A       : getLocaleToModelSpecsMap
07-22 18:08:33.689  4767  5371 I A       : Using proto config with mendel
07-22 18:08:33.689  4767  5371 I A       : (REDACTED) Skipping. Expected model: %s Found: %s
07-22 18:08:33.689  4767  5371 I chatty  : uid=10191(com.google.android.googlequicksearchbox) EventBus0 identical 1 line
07-22 18:08:33.689  4767  5371 I A       : (REDACTED) Skipping. Expected model: %s Found: %s
07-22 18:08:33.689  4767  5371 I A       : (REDACTED) Adding from config to map. Locale: %s modelPrefix: %s Location:%s isSpeakerIdSupported: %b
07-22 18:08:33.689  4767  5371 I A       : (REDACTED) Skipping. Expected model: %s Found: %s
07-22 18:08:33.691  4767  5371 I A       : getLocaleToModelSpecsMap
07-22 18:08:33.691  4767  5371 I A       : Using proto config with mendel
07-22 18:08:33.691  4767  5371 I A       : getLocaleToModelSpecsMap
07-22 18:08:33.691  4767  5371 I A       : Using proto config with mendel
07-22 18:08:33.691  4767  5371 I A       : (REDACTED) Skipping. Expected model: %s Found: %s
07-22 18:08:33.691  4767  5371 I chatty  : uid=10191(com.google.android.googlequicksearchbox) EventBus0 identical 1 line
07-22 18:08:33.691  4767  5371 I A       : (REDACTED) Skipping. Expected model: %s Found: %s
07-22 18:08:33.691  4767  5371 I A       : (REDACTED) Adding from config to map. Locale: %s modelPrefix: %s Location:%s isSpeakerIdSupported: %b
07-22 18:08:33.691  4767  5371 I A       : (REDACTED) Skipping. Expected model: %s Found: %s
07-22 18:08:33.692  4767  5371 I A       : getLocaleToModelSpecsMap
07-22 18:08:33.692  4767  5371 I A       : Using proto config with mendel
07-22 18:08:33.692  4767  5371 I A       : getLocaleToModelSpecsMap
07-22 18:08:33.692  4767  5371 I A       : Using proto config with mendel
07-22 18:08:33.692  4767  5371 I A       : (REDACTED) Skipping. Expected model: %s Found: %s
07-22 18:08:33.692  4767  5371 I chatty  : uid=10191(com.google.android.googlequicksearchbox) EventBus0 identical 1 line
07-22 18:08:33.692  4767  5371 I A       : (REDACTED) Skipping. Expected model: %s Found: %s
07-22 18:08:33.692  4767  5371 I A       : (REDACTED) Adding from config to map. Locale: %s modelPrefix: %s Location:%s isSpeakerIdSupported: %b
07-22 18:08:33.692  4767  5371 I A       : (REDACTED) Skipping. Expected model: %s Found: %s
07-22 18:08:33.694  4767  5371 I A       : getLocaleToModelSpecsMap
07-22 18:08:33.694  4767  5371 I A       : Using proto config with mendel
07-22 18:08:33.694  4767  5371 I A       : getLocaleToModelSpecsMap
07-22 18:08:33.694  4767  5371 I A       : Using proto config with mendel
07-22 18:08:33.694  4767  5371 I A       : (REDACTED) Skipping. Expected model: %s Found: %s
07-22 18:08:33.694  4767  5371 I chatty  : uid=10191(com.google.android.googlequicksearchbox) EventBus0 identical 1 line
07-22 18:08:33.694  4767  5371 I A       : (REDACTED) Skipping. Expected model: %s Found: %s
07-22 18:08:33.695  4767  5371 I A       : (REDACTED) Adding from config to map. Locale: %s modelPrefix: %s Location:%s isSpeakerIdSupported: %b
07-22 18:08:33.695  4767  5371 I A       : (REDACTED) Skipping. Expected model: %s Found: %s
07-22 18:08:33.695  4767  5371 I A       : getLocaleToModelSpecsMap
07-22 18:08:33.695  4767  5371 I A       : Using proto config with mendel
07-22 18:08:33.695  4767  5371 I A       : getLocaleToModelSpecsMap
07-22 18:08:33.695  4767  5371 I A       : Using proto config with mendel
07-22 18:08:33.696  4767  5371 I A       : (REDACTED) Skipping. Expected model: %s Found: %s
07-22 18:08:33.696  4767  5371 I chatty  : uid=10191(com.google.android.googlequicksearchbox) EventBus0 identical 1 line
07-22 18:08:33.696  4767  5371 I A       : (REDACTED) Skipping. Expected model: %s Found: %s
07-22 18:08:33.697  4767  5371 I A       : (REDACTED) Adding from config to map. Locale: %s modelPrefix: %s Location:%s isSpeakerIdSupported: %b
07-22 18:08:33.697  4767  5371 I A       : (REDACTED) Skipping. Expected model: %s Found: %s
07-22 18:08:33.700  4767  5371 I MicroDetectionState: (REDACTED) Should stop hotword detection immediately - %b
07-22 18:08:33.701  4767  5371 I A       : getLocaleToModelSpecsMap
07-22 18:08:33.701  4767  5371 I A       : Using proto config with mendel
07-22 18:08:33.701  4767  5371 I A       : getLocaleToModelSpecsMap
07-22 18:08:33.701  4767  5371 I A       : Using proto config with mendel
07-22 18:08:33.701  4767  5371 I A       : (REDACTED) Skipping. Expected model: %s Found: %s
07-22 18:08:33.701  4767  5371 I chatty  : uid=10191(com.google.android.googlequicksearchbox) EventBus0 identical 1 line
07-22 18:08:33.701  4767  5371 I A       : (REDACTED) Skipping. Expected model: %s Found: %s
07-22 18:08:33.701  4767  5371 I A       : (REDACTED) Adding from config to map. Locale: %s modelPrefix: %s Location:%s isSpeakerIdSupported: %b
07-22 18:08:33.701  4767  5371 I A       : (REDACTED) Skipping. Expected model: %s Found: %s
07-22 18:08:33.702  4767  5371 I A       : getLocaleToModelSpecsMap
07-22 18:08:33.702  4767  5371 I A       : Using proto config with mendel
07-22 18:08:33.702  4767  5371 I A       : getLocaleToModelSpecsMap
07-22 18:08:33.702  4767  5371 I A       : Using proto config with mendel
07-22 18:08:33.703  4767  5371 I A       : (REDACTED) Skipping. Expected model: %s Found: %s
07-22 18:08:33.703  5347  5347 D CellBroadcastReceiver: onServiceStateChanged, ss: 0
07-22 18:08:33.703  4767  5371 I A       : (REDACTED) Skipping. Expected model: %s Found: %s
07-22 18:08:33.703  4767  5371 I A       : (REDACTED) Skipping. Expected model: %s Found: %s
07-22 18:08:33.703  4767  5371 I A       : (REDACTED) Adding from config to map. Locale: %s modelPrefix: %s Location:%s isSpeakerIdSupported: %b
07-22 18:08:33.703  4767  5371 I A       : (REDACTED) Skipping. Expected model: %s Found: %s
07-22 18:08:33.703  5347  5347 D CellBroadcastReceiver: networkOperator: 72431
07-22 18:08:33.705  4767  5371 I A       : getLocaleToModelSpecsMap
07-22 18:08:33.705  4767  5371 I A       : Using proto config with mendel
07-22 18:08:33.705  4767  5371 I A       : getLocaleToModelSpecsMap
07-22 18:08:33.705  4767  5371 I A       : Using proto config with mendel
07-22 18:08:33.705  4767  5371 I A       : (REDACTED) Skipping. Expected model: %s Found: %s
07-22 18:08:33.706  4767  5371 I chatty  : uid=10191(com.google.android.googlequicksearchbox) EventBus0 identical 1 line
07-22 18:08:33.706  4767  5371 I A       : (REDACTED) Skipping. Expected model: %s Found: %s
07-22 18:08:33.706  4767  5371 I A       : (REDACTED) Adding from config to map. Locale: %s modelPrefix: %s Location:%s isSpeakerIdSupported: %b
07-22 18:08:33.706  4767  5371 I A       : (REDACTED) Skipping. Expected model: %s Found: %s
07-22 18:08:33.707  4767  5371 I MicroDetectionState: Keep running hotword in interactor process
07-22 18:08:33.708  4767  5371 I A       : getLocaleToModelSpecsMap
07-22 18:08:33.708  4767  5371 I A       : Using proto config with mendel
07-22 18:08:33.709  4767  5371 I A       : getLocaleToModelSpecsMap
07-22 18:08:33.709  4767  5371 I A       : Using proto config with mendel
07-22 18:08:33.709  5347  5347 D CellBroadcastReceiver: update supported roaming operator as
07-22 18:08:33.710  4767  5371 I A       : getLocaleToModelSpecsMap
07-22 18:08:33.710  4767  5371 I A       : Using proto config with mendel
07-22 18:08:33.713   969   969 I ANDR-PERF-LM: LMPerfGlue: perfmodule_submit_request() 132: perfmodule_submit_request()
07-22 18:08:33.714   969   969 I ANDR-PERF-LM: Core: getInstance() 84: LM getInstance
07-22 18:08:33.714   969   969 I ANDR-PERF-LM: WQ: push() 59: LMTriggerQ push() size=0
07-22 18:08:33.714   969   969 I ANDR-PERF-LM: WQ: push() 61: LMTriggerQ push() done size=1
07-22 18:08:33.714   969  1000 I ANDR-PERF-LM: WQ: pop() 42: LMTriggerQ pop() done size=0
07-22 18:08:33.714   969  1000 I ANDR-PERF-LM: Core: lmMain() 373: Waiting on trigger Queue
07-22 18:08:33.714   969  1000 I ANDR-PERF-LM: WQ: pop() 31: LMTriggerQ pop() size=0
07-22 18:08:33.716  1817  2395 I MiuiNetworkPolicy: updateUidState uid = 10351, uidState = 19
07-22 18:08:33.731   938  6215 I vendor.qti.bluetooth@1.0-ibs_handler: ProcessIbsCmd: Received IBS_SLEEP_IND: 0xFE
07-22 18:08:33.748   830   830 I Zygote  : Process 4683 exited due to signal 9 (Killed)
07-22 18:08:33.749   969   969 I ANDR-PERF-LM: LMPerfGlue: perfmodule_submit_request() 132: perfmodule_submit_request()
07-22 18:08:33.749   969   969 I ANDR-PERF-LM: Core: getInstance() 84: LM getInstance
07-22 18:08:33.749   969   969 I ANDR-PERF-LM: WQ: push() 59: LMTriggerQ push() size=0
07-22 18:08:33.749   969   969 I ANDR-PERF-LM: WQ: push() 61: LMTriggerQ push() done size=1
07-22 18:08:33.749   969  1000 I ANDR-PERF-LM: WQ: pop() 42: LMTriggerQ pop() done size=0
07-22 18:08:33.749   969  1000 I ANDR-PERF-LM: Core: lmMain() 373: Waiting on trigger Queue
07-22 18:08:33.749   969  1000 I ANDR-PERF-LM: WQ: pop() 31: LMTriggerQ pop() size=0
07-22 18:08:33.750  1817  1984 I libprocessgroup: Successfully killed process cgroup uid 10330 pid 4683 in 37ms
07-22 18:08:33.750   974  2754 I vendor.qti.hardware.servicetracker@1.2-service: killProcess is called for pid : 4683
07-22 18:08:33.751   974  2754 I vendor.qti.hardware.servicetracker@1.2-service: process with pid 4683 is client
07-22 18:08:33.751   974  2754 I vendor.qti.hardware.servicetracker@1.2-service: removing client with pid 4683process namecom.miui.cleaner
07-22 18:08:33.754  1817  2395 I MiuiNetworkPolicy: removeUidState uid = 10330
07-22 18:08:33.769  1043  1043 E AudioFlinger: open /proc/2659/cmdline error
07-22 18:08:33.769  1043  1043 I AudioFlinger: setAppName(), name=[], active=[0]
07-22 18:08:33.769   935 11768 V EffectMiSound: MiSound_command() start, cmdCode=24
07-22 18:08:33.769   935 11768 V EffectMiSound: MiSound_Command EFFECT_CMD_SET_APP_NAME: stream=1, name=-
07-22 18:08:33.836  1043  1453 D APM_AudioPolicyManager: stopOutput portId 966
07-22 18:08:33.837  1043  1453 D APM_AudioPolicyManager: stopOutput() output 13, stream 1, session 4377
07-22 18:08:33.837  1043  1453 D APM_AudioPolicyManager: getNewOutputDevices selected devices AUDIO_DEVICE_NONE
07-22 18:08:33.837  1043  1453 D APM_AudioPolicyManager: setOutputDevices device AUDIO_DEVICE_NONE delayMs 96
07-22 18:08:33.837  1043  1453 D APM_AudioPolicyManager: setOutputDevices() prevDevice {type:0x2,@:}
07-22 18:08:33.838  1043  1453 D APM::AudioPolicyEngine: XXX -4: getDeviceForStrategyInt() STRATEGY_SONIFICATION_RESPECTFUL :Use STRATEGY_SONIFICATION to getDevice
07-22 18:08:33.838  1817  2211 I system_server: oneway function results will be dropped but finished with status OK and parcel size 4
07-22 18:08:33.839  1043  1453 D APM_AudioPolicyManager: setOutputDevices setting same device AUDIO_DEVICE_NONE or null device, force=0, patch handle=1642
07-22 18:08:33.848   935 11768 D audio_hw_primary: out_set_parameters: enter: usecase(1: low-latency-playback) kvpairs: appname=-android
07-22 18:08:33.848   935 11768 D audio_hw_extn: audio_extn_fm_set_parameters: Enter
07-22 18:08:33.848   935 11768 D audio_hw_hfp: hfp_set_parameters: enter
07-22 18:08:33.919  7758 10383 W Settings: Setting device_provisioned has moved from android.provider.Settings.Secure to android.provider.Settings.Global.
07-22 18:08:34.691   938  6222 I vendor.qti.bluetooth@1.0-ibs_handler: DeviceSleep: TX Awake, Sending SLEEP_IND
07-22 18:08:34.694   938  6222 D vendor.qti.bluetooth@1.0-ibs_handler: SerialClockVote: vote for UART CLK OFF
